<30>Jan 23 10:39:26 infoblox.nios.test.com named[1365]: client 156.72.107.11#57762: updating zone 'covhs.org/IN': adding an RR at 'Android_354699048366018.covhs.org' A
<30>Jan 23 10:39:26 infoblox.nios.test.com named[1365]: client 156.72.107.11#57762: updating zone 'covhs.org/IN': deleting rrset at 'Android_354699048366018.covhs.org' A
<30>Jan 23 10:39:26 infoblox.nios.test.com named[1365]: client 156.72.107.11#57762: signer "dhcp_updater_default" approved
<30>Jan 23 10:39:24 infoblox.nios.test.com named[1374]: zone stjoe.org/IN: sending notifies (serial 30897665)
<30>Jan 23 10:39:23 infoblox.nios.test.com named[20439]: transfer of '200.10.in-addr.arpa/IN' from 156.72.152.19#53: Transfer completed: 1 messages, 5 records, 266 bytes, 0.058 secs (4586 bytes/sec)
<30>Jan 23 10:39:23 infoblox.nios.test.com named[20440]: transfer of '200.10.in-addr.arpa/IN' from 156.72.152.19#53: connected using 156.72.107.11#35779
<30>Jan 23 10:39:23 infoblox.nios.test.com named[20439]: zone 200.10.in-addr.arpa/IN: transferred serial 4575973
<30>Jan 23 10:39:23 infoblox.nios.test.com named[20440]: zone 200.10.in-addr.arpa/IN: Transfer started.
<30>Jan 23 10:39:23 infoblox.nios.test.com named[20440]: client 156.72.152.19#1386: received notify for zone '200.10.in-addr.arpa'
<30>Jan 23 10:39:23 infoblox.nios.test.com named[1374]: transfer of '200.10.in-addr.arpa/IN' from 156.72.152.19#53: Transfer completed: 1 messages, 5 records, 266 bytes, 0.060 secs (4433 bytes/sec)
<30>Jan 23 10:39:23 infoblox.nios.test.com named[1374]: zone 200.10.in-addr.arpa/IN: transferred serial 4575973
<30>Jan 23 10:39:23 infoblox.nios.test.com named[1365]: transfer of '200.10.in-addr.arpa/IN' from 156.72.152.19#53: connected using 156.72.80.18#56250
<30>Jan 23 10:39:23 infoblox.nios.test.com named[1365]: zone 200.10.in-addr.arpa/IN: Transfer started.
<30>Jan 23 10:39:23 infoblox.nios.test.com named[1365]: client 156.72.152.19#31140: received notify for zone '200.10.in-addr.arpa'
<30>Jan 23 10:39:23 infoblox.nios.test.com named[1365]: client 156.72.107.11#57716: updating zone 'covhs.org/IN': adding an RR at 'Jamies-iPhone.covhs.org' TXT
<30>Jan 23 10:39:23 infoblox.nios.test.com named[1365]: client 156.72.107.11#57716: updating zone 'covhs.org/IN': deleting rrset at 'Jamies-iPhone.covhs.org' TXT
<30>Jan 23 10:39:23 infoblox.nios.test.com named[1365]: client 156.72.107.11#57716: updating zone 'covhs.org/IN': adding an RR at 'Jamies-iPhone.covhs.org' A
<30>Jan 23 10:39:23 infoblox.nios.test.com named[1365]: client 156.72.107.11#57716: updating zone 'covhs.org/IN': deleting rrset at 'Jamies-iPhone.covhs.org' A
<30>Jan 23 10:39:23 infoblox.nios.test.com named[1365]: client 156.72.107.11#57716: signer "dhcp_updater_default" approved
<30>Jan 23 10:39:21 infoblox.nios.test.com named[20439]: zone stjoe.org/IN: sending notifies (serial 30897665)
<30>Jan 23 10:39:21 infoblox.nios.test.com named[20440]: transfer of 'stjoe.org/IN' from 156.72.152.19#53: Transfer completed: 1 messages, 6 records, 294 bytes, 0.061 secs (4819 bytes/sec)
<30>Jan 23 10:39:21 infoblox.nios.test.com named[20439]: zone stjoe.org/IN: Transfer started.
<30>Jan 23 10:39:21 infoblox.nios.test.com named[20440]: zone stjoe.org/IN: transferred serial 30897665
<30>Jan 23 10:39:21 infoblox.nios.test.com named[20439]: transfer of 'stjoe.org/IN' from 156.72.152.19#53: connected using 156.72.107.11#40053
<30>Jan 23 10:39:21 infoblox.nios.test.com named[20439]: client 156.72.152.19#30234: received notify for zone 'stjoe.org'
<30>Jan 23 10:39:21 infoblox.nios.test.com named[1365]: transfer of 'stjoe.org/IN' from 156.72.152.19#53: Transfer completed: 1 messages, 12 records, 501 bytes, 0.068 secs (7367 bytes/sec)
<30>Jan 23 10:39:21 infoblox.nios.test.com named[1365]: zone stjoe.org/IN: transferred serial 30897665
<30>Jan 23 10:39:21 infoblox.nios.test.com named[1365]: transfer of 'stjoe.org/IN' from 156.72.152.19#53: connected using 156.72.80.18#60235
<30>Jan 23 10:39:21 infoblox.nios.test.com named[1365]: zone stjoe.org/IN: Transfer started.
<30>Jan 23 10:39:21 infoblox.nios.test.com named[1365]: client 156.72.152.19#5082: received notify for zone 'stjoe.org'
<30>Jan 23 10:39:20 infoblox.nios.test.com named[1374]: client 156.72.107.11#57693: updating zone 'covhs.org/IN': deleting rrset at 'QS1SERVER.covhs.org' TXT
<30>Jan 23 10:39:20 infoblox.nios.test.com named[1374]: client 156.72.107.11#57693: updating zone 'covhs.org/IN': adding an RR at 'QS1SERVER.covhs.org' TXT
<30>Jan 23 10:39:20 infoblox.nios.test.com named[1374]: client 156.72.107.11#57693: signer "dhcp_updater_default" approved
<30>Jan 23 10:39:20 infoblox.nios.test.com named[1374]: client 156.72.107.11#57693: updating zone 'covhs.org/IN': deleting rrset at 'QS1SERVER.covhs.org' A
<30>Jan 23 10:39:20 infoblox.nios.test.com named[1374]: client 156.72.107.11#57693: updating zone 'covhs.org/IN': adding an RR at 'QS1SERVER.covhs.org' A
<30>Jan 23 10:39:19 infoblox.nios.test.com named[1365]: zone stjoe.org/IN: sending notifies (serial 30897662)
<30>Jan 23 10:39:18 infoblox.nios.test.com named[1374]: client 156.72.107.11#57690: updating zone 'covhs.org/IN': adding an RR at 'pas-iPhone.covhs.org' TXT
<30>Jan 23 10:39:18 infoblox.nios.test.com named[1374]: client 156.72.107.11#57690: updating zone 'covhs.org/IN': deleting rrset at 'pas-iPhone.covhs.org' TXT
<30>Jan 23 10:39:18 infoblox.nios.test.com named[1374]: client 156.72.107.11#57690: updating zone 'covhs.org/IN': adding an RR at 'pas-iPhone.covhs.org' A
<30>Jan 23 10:39:18 infoblox.nios.test.com named[1374]: client 156.72.107.11#57690: updating zone 'covhs.org/IN': deleting rrset at 'pas-iPhone.covhs.org' A
<30>Jan 23 10:39:18 infoblox.nios.test.com named[1374]: client 156.72.107.11#57690: signer "dhcp_updater_default" approved
<30>Jan 23 10:39:17 infoblox.nios.test.com named[1365]: transfer of '209.10.in-addr.arpa/IN' from 156.72.152.19#53: Transfer completed: 1 messages, 5 records, 272 bytes, 0.064 secs (4250 bytes/sec)
<30>Jan 23 10:39:17 infoblox.nios.test.com named[20440]: transfer of 'stjoe.org/IN' from 156.72.152.19#53: Transfer completed: 1 messages, 12 records, 526 bytes, 0.062 secs (8483 bytes/sec)
<30>Jan 23 10:39:17 infoblox.nios.test.com named[1365]: zone 209.10.in-addr.arpa/IN: transferred serial 25752
<30>Jan 23 10:39:17 infoblox.nios.test.com named[1374]: transfer of '209.10.in-addr.arpa/IN' from 156.72.152.19#53: connected using 156.72.80.18#59810
<30>Jan 23 10:39:17 infoblox.nios.test.com named[1365]: zone 209.10.in-addr.arpa/IN: Transfer started.
<30>Jan 23 10:39:17 infoblox.nios.test.com named[1365]: client 156.72.152.19#43313: received notify for zone '209.10.in-addr.arpa'
<30>Jan 23 10:39:17 infoblox.nios.test.com named[20440]: zone stjoe.org/IN: transferred serial 30897664
<30>Jan 23 10:39:17 infoblox.nios.test.com named[20439]: transfer of 'stjoe.org/IN' from 156.72.152.19#53: connected using 156.72.107.11#39513
<30>Jan 23 10:39:17 infoblox.nios.test.com named[20439]: zone stjoe.org/IN: Transfer started.
<30>Jan 23 10:39:17 infoblox.nios.test.com named[20440]: zone covhs.org/IN: sending notifies (serial 237001167)
<30>Jan 23 10:39:16 infoblox.nios.test.com named[1374]: transfer of '200.10.in-addr.arpa/IN' from 156.72.152.19#53: Transfer completed: 1 messages, 5 records, 281 bytes, 0.071 secs (3957 bytes/sec)
<30>Jan 23 10:39:16 infoblox.nios.test.com named[1374]: zone 200.10.in-addr.arpa/IN: Transfer started.
<30>Jan 23 10:39:16 infoblox.nios.test.com named[1365]: transfer of '200.10.in-addr.arpa/IN' from 156.72.152.19#53: connected using 156.72.80.18#47449
<30>Jan 23 10:39:16 infoblox.nios.test.com named[1374]: zone 200.10.in-addr.arpa/IN: transferred serial 4575972
<30>Jan 23 10:39:16 infoblox.nios.test.com named[1365]: client 156.72.152.19#17464: received notify for zone '200.10.in-addr.arpa'
<30>Jan 23 10:39:16 infoblox.nios.test.com named[20439]: zone stjoe.org/IN: sending notifies (serial 30897661)
<30>Jan 23 10:39:16 infoblox.nios.test.com named[20440]: zone 200.10.in-addr.arpa/IN: transferred serial 4575972
<30>Jan 23 10:39:16 infoblox.nios.test.com named[20440]: transfer of '200.10.in-addr.arpa/IN' from 156.72.152.19#53: Transfer completed: 1 messages, 5 records, 281 bytes, 0.092 secs (3054 bytes/sec)
<30>Jan 23 10:39:16 infoblox.nios.test.com named[20439]: client 156.72.152.19#17464: received notify for zone '200.10.in-addr.arpa'
<30>Jan 23 10:39:16 infoblox.nios.test.com named[20439]: transfer of '200.10.in-addr.arpa/IN' from 156.72.152.19#53: connected using 156.72.107.11#33234
<30>Jan 23 10:39:16 infoblox.nios.test.com named[20439]: client 156.72.152.19#17464: received notify for zone 'stjoe.org'
<30>Jan 23 10:39:16 infoblox.nios.test.com named[20439]: zone 200.10.in-addr.arpa/IN: Transfer started.
<30>Jan 23 10:39:16 infoblox.nios.test.com named[1365]: transfer of 'stjoe.org/IN' from 156.72.152.19#53: Transfer completed: 1 messages, 6 records, 303 bytes, 0.066 secs (4590 bytes/sec)
<30>Jan 23 10:39:16 infoblox.nios.test.com named[1365]: zone stjoe.org/IN: transferred serial 30897662
<30>Jan 23 10:39:16 infoblox.nios.test.com named[1374]: transfer of 'stjoe.org/IN' from 156.72.152.19#53: connected using 156.72.80.18#58209
<30>Jan 23 10:39:16 infoblox.nios.test.com named[1374]: client 156.72.107.11#57688: updating zone 'covhs.org/IN': adding an RR at 'android_605ac29ddde28b1a.covhs.org' TXT
<30>Jan 23 10:39:16 infoblox.nios.test.com named[1374]: client 156.72.107.11#57688: updating zone 'covhs.org/IN': deleting rrset at 'android_605ac29ddde28b1a.covhs.org' TXT
<30>Jan 23 10:39:16 infoblox.nios.test.com named[1374]: client 156.72.107.11#57688: updating zone 'covhs.org/IN': adding an RR at 'android_605ac29ddde28b1a.covhs.org' A
<30>Jan 23 10:39:16 infoblox.nios.test.com named[1374]: client 156.72.107.11#57688: updating zone 'covhs.org/IN': deleting rrset at 'android_605ac29ddde28b1a.covhs.org' A
<30>Jan 23 10:39:16 infoblox.nios.test.com named[1374]: zone stjoe.org/IN: Transfer started.
<30>Jan 23 10:39:16 infoblox.nios.test.com named[1374]: client 156.72.107.11#57688: signer "dhcp_updater_default" approved
<30>Jan 23 10:39:16 infoblox.nios.test.com named[1365]: client 156.72.152.19#47949: received notify for zone 'stjoe.org'
<30>Jan 23 10:39:14 infoblox.nios.test.com named[1365]: zone stjoe.org/IN: sending notifies (serial 30897661)
<30>Jan 23 10:39:14 infoblox.nios.test.com named[1374]: client 156.72.152.26#34198: transfer of 'covhs.org/IN': IXFR ended
<30>Jan 23 10:39:14 infoblox.nios.test.com named[1374]: client 156.72.152.26#34198: transfer of 'covhs.org/IN': IXFR started
<30>Jan 23 10:39:14 infoblox.nios.test.com named[20440]: client 156.72.80.18#56824: received notify for zone 'covhs.org'
<30>Jan 23 10:39:14 infoblox.nios.test.com named[1365]: client 156.72.152.19#42556: transfer of 'covhs.org/IN': IXFR ended
<30>Jan 23 10:39:14 infoblox.nios.test.com named[1365]: client 156.72.152.19#42556: transfer of 'covhs.org/IN': IXFR started
<30>Jan 23 10:39:14 infoblox.nios.test.com named[1365]: zone covhs.org/IN: sending notifies (serial 237001167)
<30>Jan 23 10:39:13 infoblox.nios.test.com named[1374]: client 156.72.107.11#57688: updating zone 'covhs.org/IN': adding an RR at 'Cec.covhs.org' TXT
<30>Jan 23 10:39:13 infoblox.nios.test.com named[1374]: client 156.72.107.11#57688: updating zone 'covhs.org/IN': deleting rrset at 'Cec.covhs.org' TXT
<30>Jan 23 10:39:13 infoblox.nios.test.com named[1374]: client 156.72.107.11#57688: signer "dhcp_updater_default" approved
<30>Jan 23 10:39:13 infoblox.nios.test.com named[1374]: client 156.72.107.11#57688: updating zone 'covhs.org/IN': adding an RR at 'Cec.covhs.org' A
<30>Jan 23 10:39:13 infoblox.nios.test.com named[1374]: client 156.72.107.11#57688: updating zone 'covhs.org/IN': deleting rrset at 'Cec.covhs.org' A
<30>Jan 23 10:39:13 infoblox.nios.test.com named[1365]: client 156.72.107.11#57688: updating zone 'covhs.org/IN': adding an RR at 'iPhone.covhs.org' TXT
<30>Jan 23 10:39:13 infoblox.nios.test.com named[1365]: client 156.72.107.11#57688: updating zone 'covhs.org/IN': adding an RR at 'iPhone.covhs.org' A
<30>Jan 23 10:39:13 infoblox.nios.test.com named[1365]: client 156.72.107.11#57688: updating zone 'covhs.org/IN': deleting rrset at 'iPhone.covhs.org' A
<30>Jan 23 10:39:13 infoblox.nios.test.com named[1365]: client 156.72.107.11#57688: updating zone 'covhs.org/IN': deleting rrset at 'iPhone.covhs.org' TXT
<30>Jan 23 10:39:13 infoblox.nios.test.com named[1365]: client 156.72.107.11#57688: signer "dhcp_updater_default" approved
<30>Jan 23 10:39:12 infoblox.nios.test.com named[20439]: transfer of 'stjoe.org/IN' from 156.72.152.19#53: Transfer completed: 1 messages, 18 records, 734 bytes, 0.063 secs (11650 bytes/sec)
<30>Jan 23 10:39:12 infoblox.nios.test.com named[20439]: zone stjoe.org/IN: transferred serial 30897661
<30>Jan 23 10:39:12 infoblox.nios.test.com named[20440]: transfer of 'stjoe.org/IN' from 156.72.152.19#53: connected using 156.72.107.11#51095
<30>Jan 23 10:39:12 infoblox.nios.test.com named[20440]: zone stjoe.org/IN: Transfer started.
<30>Jan 23 10:39:12 infoblox.nios.test.com named[20440]: zone covhs.org/IN: sending notifies (serial 237001166)
<30>Jan 23 10:39:11 infoblox.nios.test.com named[1374]: transfer of '200.10.in-addr.arpa/IN' from 156.72.152.19#53: Transfer completed: 1 messages, 5 records, 266 bytes, 0.059 secs (4508 bytes/sec)
<30>Jan 23 10:39:11 infoblox.nios.test.com named[1374]: transfer of '200.10.in-addr.arpa/IN' from 156.72.152.19#53: connected using 156.72.80.18#33105
<30>Jan 23 10:39:11 infoblox.nios.test.com named[1374]: zone 200.10.in-addr.arpa/IN: transferred serial 4575971
<30>Jan 23 10:39:11 infoblox.nios.test.com named[1374]: client 156.72.152.19#5568: received notify for zone '200.10.in-addr.arpa'
<30>Jan 23 10:39:11 infoblox.nios.test.com named[1374]: zone 200.10.in-addr.arpa/IN: Transfer started.
<30>Jan 23 10:39:11 infoblox.nios.test.com named[20439]: zone stjoe.org/IN: sending notifies (serial 30897656)
<30>Jan 23 10:39:11 infoblox.nios.test.com named[20439]: client 156.72.152.19#5568: received notify for zone '200.10.in-addr.arpa'
<30>Jan 23 10:39:11 infoblox.nios.test.com named[20440]: zone 200.10.in-addr.arpa/IN: Transfer started.
<30>Jan 23 10:39:11 infoblox.nios.test.com named[20439]: zone 200.10.in-addr.arpa/IN: transferred serial 4575971
<30>Jan 23 10:39:11 infoblox.nios.test.com named[20439]: transfer of '200.10.in-addr.arpa/IN' from 156.72.152.19#53: Transfer completed: 1 messages, 5 records, 266 bytes, 0.059 secs (4508 bytes/sec)
<30>Jan 23 10:39:11 infoblox.nios.test.com named[20439]: client 156.72.152.19#5568: received notify for zone 'stjoe.org'
<30>Jan 23 10:39:11 infoblox.nios.test.com named[20440]: transfer of '200.10.in-addr.arpa/IN' from 156.72.152.19#53: connected using 156.72.107.11#45967
<30>Jan 23 10:39:11 infoblox.nios.test.com named[1365]: transfer of 'stjoe.org/IN' from 156.72.152.19#53: Transfer completed: 1 messages, 18 records, 734 bytes, 0.062 secs (11838 bytes/sec)
<30>Jan 23 10:39:11 infoblox.nios.test.com named[1365]: zone stjoe.org/IN: transferred serial 30897661
<30>Jan 23 10:39:11 infoblox.nios.test.com named[1365]: transfer of 'stjoe.org/IN' from 156.72.152.19#53: connected using 156.72.80.18#38725
<30>Jan 23 10:39:11 infoblox.nios.test.com named[1365]: zone stjoe.org/IN: Transfer started.
<30>Jan 23 10:39:11 infoblox.nios.test.com named[1374]: client 156.72.152.19#37203: received notify for zone 'stjoe.org'
<30>Jan 23 10:39:09 infoblox.nios.test.com named[20440]: client 156.72.80.18#56824: received notify for zone 'covhs.org'
<30>Jan 23 10:39:09 infoblox.nios.test.com named[1374]: zone stjoe.org/IN: sending notifies (serial 30897656)
<30>Jan 23 10:39:09 infoblox.nios.test.com named[1374]: client 156.72.107.11#57610: updating zone 'covhs.org/IN': adding an RR at 'CP-TOUCH.covhs.org' TXT
<30>Jan 23 10:39:09 infoblox.nios.test.com named[1374]: client 156.72.107.11#57610: updating zone 'covhs.org/IN': deleting rrset at 'CP-TOUCH.covhs.org' TXT
<30>Jan 23 10:39:09 infoblox.nios.test.com named[1374]: client 156.72.107.11#57610: updating zone 'covhs.org/IN': adding an RR at 'CP-TOUCH.covhs.org' A
<30>Jan 23 10:39:09 infoblox.nios.test.com named[1374]: client 156.72.107.11#57610: updating zone 'covhs.org/IN': deleting rrset at 'CP-TOUCH.covhs.org' A
<30>Jan 23 10:39:09 infoblox.nios.test.com named[1374]: client 156.72.107.11#57610: signer "dhcp_updater_default" approved
<30>Jan 23 10:39:09 infoblox.nios.test.com named[1365]: zone covhs.org/IN: sending notifies (serial 237001166)
<26>Jan 23 10:39:07 infoblox.nios.test.com named[20439]: Recursion cache view "1": size = 305696, hits = 306484, misses = 572313
<30>Jan 23 10:39:07 infoblox.nios.test.com named[20440]: zone covhs.org/IN: sending notifies (serial 237001166)
<30>Jan 23 10:39:06 infoblox.nios.test.com named[20440]: transfer of 'stjoe.org/IN' from 156.72.152.19#53: Transfer completed: 1 messages, 14 records, 586 bytes, 0.061 secs (9606 bytes/sec)
<30>Jan 23 10:39:06 infoblox.nios.test.com named[20439]: zone stjoe.org/IN: sending notifies (serial 30897656)
<30>Jan 23 10:39:06 infoblox.nios.test.com named[20440]: zone stjoe.org/IN: transferred serial 30897656
<30>Jan 23 10:39:06 infoblox.nios.test.com named[20439]: client 156.72.152.19#31956: received notify for zone 'stjoe.org'
<30>Jan 23 10:39:06 infoblox.nios.test.com named[20439]: transfer of 'stjoe.org/IN' from 156.72.152.19#53: connected using 156.72.107.11#40327
<30>Jan 23 10:39:06 infoblox.nios.test.com named[20439]: zone stjoe.org/IN: Transfer started.
<30>Jan 23 10:39:06 infoblox.nios.test.com named[1365]: client 156.72.107.11#57587: updating zone 'covhs.org/IN': deleting rrset at 'Pams-iPad.covhs.org' TXT
<30>Jan 23 10:39:06 infoblox.nios.test.com named[1365]: client 156.72.107.11#57587: updating zone 'covhs.org/IN': adding an RR at 'Pams-iPad.covhs.org' TXT
<30>Jan 23 10:39:06 infoblox.nios.test.com named[1365]: client 156.72.107.11#57587: signer "dhcp_updater_default" approved
<30>Jan 23 10:39:06 infoblox.nios.test.com named[1365]: client 156.72.107.11#57587: updating zone 'covhs.org/IN': adding an RR at 'Pams-iPad.covhs.org' A
<30>Jan 23 10:39:06 infoblox.nios.test.com named[1365]: client 156.72.107.11#57587: updating zone 'covhs.org/IN': deleting rrset at 'Pams-iPad.covhs.org' A
<30>Jan 23 10:39:06 infoblox.nios.test.com named[1374]: transfer of 'stjoe.org/IN' from 156.72.152.19#53: Transfer completed: 1 messages, 18 records, 715 bytes, 0.064 secs (11171 bytes/sec)
<30>Jan 23 10:39:06 infoblox.nios.test.com named[1374]: zone stjoe.org/IN: transferred serial 30897656
<30>Jan 23 10:39:06 infoblox.nios.test.com named[1365]: transfer of 'stjoe.org/IN' from 156.72.152.19#53: connected using 156.72.80.18#36027
<30>Jan 23 10:39:06 infoblox.nios.test.com named[1374]: zone stjoe.org/IN: Transfer started.
<30>Jan 23 10:39:06 infoblox.nios.test.com named[1374]: client 156.72.152.19#9567: received notify for zone 'stjoe.org'
<30>Jan 23 10:39:04 infoblox.nios.test.com named[20439]: client 156.72.152.19#27229: received notify for zone '200.10.in-addr.arpa'
<30>Jan 23 10:39:04 infoblox.nios.test.com named[20439]: transfer of '200.10.in-addr.arpa/IN' from 156.72.152.19#53: Transfer completed: 1 messages, 5 records, 270 bytes, 0.062 secs (4354 bytes/sec)
<30>Jan 23 10:39:04 infoblox.nios.test.com named[20440]: transfer of '200.10.in-addr.arpa/IN' from 156.72.152.19#53: connected using 156.72.107.11#51874
<30>Jan 23 10:39:04 infoblox.nios.test.com named[20439]: zone 200.10.in-addr.arpa/IN: transferred serial 4575970
<30>Jan 23 10:39:04 infoblox.nios.test.com named[20440]: zone 200.10.in-addr.arpa/IN: Transfer started.
<30>Jan 23 10:39:04 infoblox.nios.test.com named[20440]: client 156.72.80.18#56824: received notify for zone 'covhs.org'
<30>Jan 23 10:39:04 infoblox.nios.test.com named[1374]: zone stjoe.org/IN: sending notifies (serial 30897652)
<30>Jan 23 10:39:04 infoblox.nios.test.com named[1374]: zone 200.10.in-addr.arpa/IN: transferred serial 4575970
<30>Jan 23 10:39:04 infoblox.nios.test.com named[1374]: transfer of '200.10.in-addr.arpa/IN' from 156.72.152.19#53: Transfer completed: 1 messages, 5 records, 270 bytes, 0.059 secs (4576 bytes/sec)
<30>Jan 23 10:39:04 infoblox.nios.test.com named[1365]: zone 200.10.in-addr.arpa/IN: Transfer started.
<30>Jan 23 10:39:04 infoblox.nios.test.com named[1365]: transfer of '200.10.in-addr.arpa/IN' from 156.72.152.19#53: connected using 156.72.80.18#49863
<30>Jan 23 10:39:04 infoblox.nios.test.com named[1365]: client 156.72.152.26#40432: transfer of 'covhs.org/IN': IXFR started
<30>Jan 23 10:39:04 infoblox.nios.test.com named[1365]: client 156.72.152.26#40432: transfer of 'covhs.org/IN': IXFR ended
<30>Jan 23 10:39:04 infoblox.nios.test.com named[1374]: client 156.72.152.19#27229: received notify for zone '200.10.in-addr.arpa'
<30>Jan 23 10:39:04 infoblox.nios.test.com named[1365]: client 156.72.152.19#53064: transfer of 'covhs.org/IN': IXFR ended
<30>Jan 23 10:39:04 infoblox.nios.test.com named[1365]: client 156.72.152.19#53064: transfer of 'covhs.org/IN': IXFR started
<30>Jan 23 10:39:04 infoblox.nios.test.com named[1374]: client 156.72.107.11#57582: updating zone 'covhs.org/IN': adding an RR at 'iPhone.covhs.org' TXT
<30>Jan 23 10:39:04 infoblox.nios.test.com named[1374]: client 156.72.107.11#57582: updating zone 'covhs.org/IN': deleting rrset at 'iPhone.covhs.org' TXT
<30>Jan 23 10:39:04 infoblox.nios.test.com named[1374]: client 156.72.107.11#57582: updating zone 'covhs.org/IN': adding an RR at 'iPhone.covhs.org' A
<30>Jan 23 10:39:04 infoblox.nios.test.com named[1374]: client 156.72.107.11#57582: updating zone 'covhs.org/IN': deleting rrset at 'iPhone.covhs.org' A
<30>Jan 23 10:39:04 infoblox.nios.test.com named[1374]: client 156.72.107.11#57582: signer "dhcp_updater_default" approved
<30>Jan 23 10:39:04 infoblox.nios.test.com named[1365]: client 156.72.107.11#57582: updating zone 'covhs.org/IN': deleting an RR
<30>Jan 23 10:39:04 infoblox.nios.test.com named[1365]: client 156.72.107.11#57582: signer "dhcp_updater_default" approved
<30>Jan 23 10:39:04 infoblox.nios.test.com named[1365]: zone covhs.org/IN: sending notifies (serial 237001164)
<30>Jan 23 10:39:04 infoblox.nios.test.com named[1374]: client 156.72.107.11#57582: updating zone 'covhs.org/IN': deleting an RR
<30>Jan 23 10:39:04 infoblox.nios.test.com named[1374]: client 156.72.107.11#57582: signer "dhcp_updater_default" approved
<30>Jan 23 10:39:02 infoblox.nios.test.com named[1365]: client 156.72.107.11#57582: updating zone 'covhs.org/IN': adding an RR at 'Android_358920041625192.covhs.org' TXT
<30>Jan 23 10:39:02 infoblox.nios.test.com named[20440]: zone covhs.org/IN: sending notifies (serial 237001163)
<30>Jan 23 10:39:02 infoblox.nios.test.com named[20439]: received control channel command 'reload covhs.org'
<30>Jan 23 10:39:02 infoblox.nios.test.com named[1365]: client 156.72.107.11#57582: updating zone 'covhs.org/IN': deleting rrset at 'Android_358920041625192.covhs.org' TXT
<30>Jan 23 10:39:02 infoblox.nios.test.com named[1365]: client 156.72.107.11#57582: updating zone 'covhs.org/IN': adding an RR at 'Android_358920041625192.covhs.org' A
<30>Jan 23 10:39:02 infoblox.nios.test.com named[1365]: client 156.72.107.11#57582: updating zone 'covhs.org/IN': deleting rrset at 'Android_358920041625192.covhs.org' A
<30>Jan 23 10:39:02 infoblox.nios.test.com named[1365]: client 156.72.107.11#57582: signer "dhcp_updater_default" approved
<30>Jan 23 10:39:01 infoblox.nios.test.com named[1374]: client 156.72.107.11#57582: updating zone 'covhs.org/IN': adding an RR at 'android_9be0b0c3.covhs.org' A
<30>Jan 23 10:39:01 infoblox.nios.test.com named[1374]: client 156.72.107.11#57582: updating zone 'covhs.org/IN': adding an RR at 'android_9be0b0c3.covhs.org' TXT
<30>Jan 23 10:39:01 infoblox.nios.test.com named[1374]: client 156.72.107.11#57582: updating zone 'covhs.org/IN': deleting rrset at 'android_9be0b0c3.covhs.org' TXT
<30>Jan 23 10:39:01 infoblox.nios.test.com named[1374]: client 156.72.107.11#57582: updating zone 'covhs.org/IN': deleting rrset at 'android_9be0b0c3.covhs.org' A
<30>Jan 23 10:39:01 infoblox.nios.test.com named[1365]: transfer of '244.10.in-addr.arpa/IN' from 156.72.152.19#53: Transfer completed: 1 messages, 5 records, 281 bytes, 0.060 secs (4683 bytes/sec)
<30>Jan 23 10:39:01 infoblox.nios.test.com named[1374]: client 156.72.107.11#57582: signer "dhcp_updater_default" approved
<30>Jan 23 10:39:01 infoblox.nios.test.com named[1365]: transfer of '244.10.in-addr.arpa/IN' from 156.72.152.19#53: connected using 156.72.80.18#50152
<30>Jan 23 10:39:01 infoblox.nios.test.com named[1374]: zone 244.10.in-addr.arpa/IN: Transfer started.
<30>Jan 23 10:39:01 infoblox.nios.test.com named[1365]: zone 244.10.in-addr.arpa/IN: transferred serial 694362
<30>Jan 23 10:39:01 infoblox.nios.test.com named[1374]: client 156.72.152.19#9606: received notify for zone '244.10.in-addr.arpa'
<30>Jan 23 10:39:01 infoblox.nios.test.com named[20440]: transfer of 'stjoe.org/IN' from 156.72.152.19#53: Transfer completed: 1 messages, 16 records, 635 bytes, 0.065 secs (9769 bytes/sec)
<30>Jan 23 10:39:01 infoblox.nios.test.com named[20439]: zone stjoe.org/IN: sending notifies (serial 30897653)
<30>Jan 23 10:39:01 infoblox.nios.test.com named[20440]: client 156.72.152.19#9606: received notify for zone 'stjoe.org'
<30>Jan 23 10:39:01 infoblox.nios.test.com named[20440]: zone stjoe.org/IN: transferred serial 30897653
<30>Jan 23 10:39:01 infoblox.nios.test.com named[20440]: transfer of 'stjoe.org/IN' from 156.72.152.19#53: connected using 156.72.107.11#33441
<30>Jan 23 10:39:01 infoblox.nios.test.com named[20440]: zone stjoe.org/IN: Transfer started.
<30>Jan 23 10:39:01 infoblox.nios.test.com named[1374]: transfer of 'stjoe.org/IN' from 156.72.152.19#53: Transfer completed: 1 messages, 16 records, 656 bytes, 0.065 secs (10092 bytes/sec)
<30>Jan 23 10:39:01 infoblox.nios.test.com named[1374]: zone stjoe.org/IN: transferred serial 30897652
<30>Jan 23 10:39:01 infoblox.nios.test.com named[1365]: transfer of 'stjoe.org/IN' from 156.72.152.19#53: connected using 156.72.80.18#41564
<30>Jan 23 10:39:01 infoblox.nios.test.com named[1365]: zone stjoe.org/IN: Transfer started.
<30>Jan 23 10:39:01 infoblox.nios.test.com named[1365]: client 156.72.152.19#60213: received notify for zone 'stjoe.org'
<30>Jan 23 10:39:00 infoblox.nios.test.com named[1365]: client 156.72.107.11#57582: updating zone 'covhs.org/IN': adding an RR at 'Normas-iPhone.covhs.org' TXT
<30>Jan 23 10:39:00 infoblox.nios.test.com named[1365]: client 156.72.107.11#57582: updating zone 'covhs.org/IN': deleting rrset at 'Normas-iPhone.covhs.org' TXT
<30>Jan 23 10:39:00 infoblox.nios.test.com named[1365]: client 156.72.107.11#57582: updating zone 'covhs.org/IN': adding an RR at 'Normas-iPhone.covhs.org' A
<30>Jan 23 10:39:00 infoblox.nios.test.com named[1365]: client 156.72.107.11#57582: updating zone 'covhs.org/IN': deleting rrset at 'Normas-iPhone.covhs.org' A
<30>Jan 23 10:39:00 infoblox.nios.test.com named[1365]: client 156.72.107.11#57582: signer "dhcp_updater_default" approved
<30>Jan 23 10:39:00 infoblox.nios.test.com named[1374]: client 156.72.107.11#57575: updating zone 'covhs.org/IN': adding an RR at 'Android_A100001B788D56.covhs.org' TXT
<30>Jan 23 10:39:00 infoblox.nios.test.com named[1374]: client 156.72.107.11#57575: updating zone 'covhs.org/IN': deleting rrset at 'Android_A100001B788D56.covhs.org' TXT
<30>Jan 23 10:39:00 infoblox.nios.test.com named[1374]: client 156.72.107.11#57575: updating zone 'covhs.org/IN': adding an RR at 'Android_A100001B788D56.covhs.org' A
<30>Jan 23 10:39:00 infoblox.nios.test.com named[1374]: client 156.72.107.11#57575: updating zone 'covhs.org/IN': deleting rrset at 'Android_A100001B788D56.covhs.org' A
<30>Jan 23 10:39:00 infoblox.nios.test.com named[1374]: client 156.72.107.11#57575: signer "dhcp_updater_default" approved
<30>Jan 23 10:38:59 infoblox.nios.test.com named[1374]: zone stjoe.org/IN: sending notifies (serial 30897648)
<30>Jan 23 10:38:58 infoblox.nios.test.com named[1365]: client 156.72.107.11#57562: updating zone 'covhs.org/IN': adding an RR at 'Android_A1000017E5621A.covhs.org' TXT
<30>Jan 23 10:38:58 infoblox.nios.test.com named[1365]: client 156.72.107.11#57562: updating zone 'covhs.org/IN': deleting rrset at 'Android_A1000017E5621A.covhs.org' TXT
<30>Jan 23 10:38:58 infoblox.nios.test.com named[1365]: client 156.72.107.11#57562: updating zone 'covhs.org/IN': adding an RR at 'Android_A1000017E5621A.covhs.org' A
<30>Jan 23 10:38:58 infoblox.nios.test.com named[1365]: client 156.72.107.11#57562: updating zone 'covhs.org/IN': deleting rrset at 'Android_A1000017E5621A.covhs.org' A
<30>Jan 23 10:38:58 infoblox.nios.test.com named[1365]: client 156.72.107.11#57562: signer "dhcp_updater_default" approved
<30>Jan 23 10:38:57 infoblox.nios.test.com named[1374]: client 156.72.107.11#57557: updating zone 'covhs.org/IN': adding an RR at 'Chars-iPhone.covhs.org' TXT
<30>Jan 23 10:38:57 infoblox.nios.test.com named[1374]: client 156.72.107.11#57557: updating zone 'covhs.org/IN': deleting rrset at 'Chars-iPhone.covhs.org' TXT
<30>Jan 23 10:38:57 infoblox.nios.test.com named[1374]: client 156.72.107.11#57557: updating zone 'covhs.org/IN': adding an RR at 'Chars-iPhone.covhs.org' A
<30>Jan 23 10:38:57 infoblox.nios.test.com named[1374]: client 156.72.107.11#57557: updating zone 'covhs.org/IN': deleting rrset at 'Chars-iPhone.covhs.org' A
<30>Jan 23 10:38:57 infoblox.nios.test.com named[1374]: client 156.72.107.11#57557: signer "dhcp_updater_default" approved
<30>Jan 23 10:38:56 infoblox.nios.test.com named[20439]: client 156.72.152.19#57651: received notify for zone 'stjoe.org'
<30>Jan 23 10:38:56 infoblox.nios.test.com named[20440]: zone stjoe.org/IN: transferred serial 30897649
<30>Jan 23 10:38:56 infoblox.nios.test.com named[20440]: zone stjoe.org/IN: sending notifies (serial 30897649)
<30>Jan 23 10:38:56 infoblox.nios.test.com named[20440]: transfer of 'stjoe.org/IN' from 156.72.152.19#53: Transfer completed: 1 messages, 6 records, 293 bytes, 0.061 secs (4803 bytes/sec)
<30>Jan 23 10:38:56 infoblox.nios.test.com named[20439]: transfer of 'stjoe.org/IN' from 156.72.152.19#53: connected using 156.72.107.11#34664
<30>Jan 23 10:38:56 infoblox.nios.test.com named[20439]: zone stjoe.org/IN: Transfer started.
<30>Jan 23 10:38:56 infoblox.nios.test.com named[1374]: transfer of 'stjoe.org/IN' from 156.72.152.19#53: Transfer completed: 1 messages, 6 records, 294 bytes, 0.063 secs (4666 bytes/sec)
<30>Jan 23 10:38:56 infoblox.nios.test.com named[1374]: zone stjoe.org/IN: transferred serial 30897648
<30>Jan 23 10:38:56 infoblox.nios.test.com named[1365]: transfer of 'stjoe.org/IN' from 156.72.152.19#53: connected using 156.72.80.18#39311
<30>Jan 23 10:38:56 infoblox.nios.test.com named[1374]: zone stjoe.org/IN: Transfer started.
<30>Jan 23 10:38:56 infoblox.nios.test.com named[1365]: client 156.72.152.19#40167: received notify for zone 'stjoe.org'
<30>Jan 23 10:38:55 infoblox.nios.test.com named[20440]: success resolving 'ANT-D118380.ameripath.local/SOA' (in '.'?) after reducing the advertised EDNS UDP packet size to 512 octets
<30>Jan 23 10:38:55 infoblox.nios.test.com named[1374]: client 156.72.107.11#57536: updating zone 'covhs.org/IN': adding an RR at 'SUSANs-iPhone-2.covhs.org' TXT
<30>Jan 23 10:38:55 infoblox.nios.test.com named[1374]: client 156.72.107.11#57536: updating zone 'covhs.org/IN': deleting rrset at 'SUSANs-iPhone-2.covhs.org' TXT
<30>Jan 23 10:38:55 infoblox.nios.test.com named[1374]: client 156.72.107.11#57536: updating zone 'covhs.org/IN': adding an RR at 'SUSANs-iPhone-2.covhs.org' A
<30>Jan 23 10:38:55 infoblox.nios.test.com named[1374]: client 156.72.107.11#57536: updating zone 'covhs.org/IN': deleting rrset at 'SUSANs-iPhone-2.covhs.org' A
<30>Jan 23 10:38:55 infoblox.nios.test.com named[1374]: client 156.72.107.11#57536: signer "dhcp_updater_default" approved
<30>Jan 23 10:38:54 infoblox.nios.test.com named[1374]: success resolving 'ANT-D118380.ameripath.local/SOA' (in '.'?) after reducing the advertised EDNS UDP packet size to 512 octets
<30>Jan 23 10:38:54 infoblox.nios.test.com named[1365]: zone stjoe.org/IN: sending notifies (serial 30897647)
<30>Jan 23 10:38:53 infoblox.nios.test.com named[1365]: client 156.72.107.11#57536: updating zone 'covhs.org/IN': adding an RR at 'Teresas-iPhone.covhs.org' TXT
<30>Jan 23 10:38:53 infoblox.nios.test.com named[1365]: client 156.72.107.11#57536: updating zone 'covhs.org/IN': deleting rrset at 'Teresas-iPhone.covhs.org' TXT
<30>Jan 23 10:38:53 infoblox.nios.test.com named[1365]: client 156.72.107.11#57536: signer "dhcp_updater_default" approved
<30>Jan 23 10:38:53 infoblox.nios.test.com named[1365]: client 156.72.107.11#57536: updating zone 'covhs.org/IN': adding an RR at 'Teresas-iPhone.covhs.org' A
<30>Jan 23 10:38:53 infoblox.nios.test.com named[1365]: client 156.72.107.11#57536: updating zone 'covhs.org/IN': deleting rrset at 'Teresas-iPhone.covhs.org' A
<30>Jan 23 10:38:53 infoblox.nios.test.com named[20439]: transfer of '200.10.in-addr.arpa/IN' from 156.72.152.19#53: Transfer completed: 1 messages, 8 records, 369 bytes, 0.064 secs (5765 bytes/sec)
<30>Jan 23 10:38:53 infoblox.nios.test.com named[20439]: zone 200.10.in-addr.arpa/IN: transferred serial 4575969
<30>Jan 23 10:38:53 infoblox.nios.test.com named[20440]: transfer of '200.10.in-addr.arpa/IN' from 156.72.152.19#53: connected using 156.72.107.11#58837
<30>Jan 23 10:38:53 infoblox.nios.test.com named[20440]: zone 200.10.in-addr.arpa/IN: Transfer started.
<30>Jan 23 10:38:53 infoblox.nios.test.com named[20440]: client 156.72.152.19#62114: received notify for zone '200.10.in-addr.arpa'
<30>Jan 23 10:38:53 infoblox.nios.test.com named[1365]: transfer of '200.10.in-addr.arpa/IN' from 156.72.152.19#53: Transfer completed: 1 messages, 8 records, 369 bytes, 0.062 secs (5951 bytes/sec)
<30>Jan 23 10:38:53 infoblox.nios.test.com named[1365]: zone 200.10.in-addr.arpa/IN: transferred serial 4575969
<30>Jan 23 10:38:52 infoblox.nios.test.com named[1374]: transfer of '200.10.in-addr.arpa/IN' from 156.72.152.19#53: connected using 156.72.80.18#57580
<30>Jan 23 10:38:52 infoblox.nios.test.com named[1365]: client 156.72.152.19#42628: received notify for zone '200.10.in-addr.arpa'
<30>Jan 23 10:38:52 infoblox.nios.test.com named[1365]: zone 200.10.in-addr.arpa/IN: Transfer started.
<30>Jan 23 10:38:52 infoblox.nios.test.com named[1374]: client 156.72.107.11#57528: updating zone 'covhs.org/IN': adding an RR at 'Bevers-iPhone.covhs.org' TXT
<30>Jan 23 10:38:52 infoblox.nios.test.com named[1374]: client 156.72.107.11#57528: updating zone 'covhs.org/IN': deleting rrset at 'Bevers-iPhone.covhs.org' TXT
<30>Jan 23 10:38:52 infoblox.nios.test.com named[1374]: client 156.72.107.11#57528: updating zone 'covhs.org/IN': adding an RR at 'Bevers-iPhone.covhs.org' A
<30>Jan 23 10:38:52 infoblox.nios.test.com named[1374]: client 156.72.107.11#57528: updating zone 'covhs.org/IN': deleting rrset at 'Bevers-iPhone.covhs.org' A
<30>Jan 23 10:38:52 infoblox.nios.test.com named[1374]: client 156.72.107.11#57528: signer "dhcp_updater_default" approved
<30>Jan 23 10:38:52 infoblox.nios.test.com named[1374]: client 156.72.107.11#57528: updating zone 'covhs.org/IN': adding an RR at 'charlies-iPhone.covhs.org' TXT
<30>Jan 23 10:38:52 infoblox.nios.test.com named[1374]: client 156.72.107.11#57528: updating zone 'covhs.org/IN': deleting rrset at 'charlies-iPhone.covhs.org' TXT
<30>Jan 23 10:38:52 infoblox.nios.test.com named[1374]: client 156.72.107.11#57528: updating zone 'covhs.org/IN': adding an RR at 'charlies-iPhone.covhs.org' A
<30>Jan 23 10:38:52 infoblox.nios.test.com named[1374]: client 156.72.107.11#57528: updating zone 'covhs.org/IN': deleting rrset at 'charlies-iPhone.covhs.org' A
<30>Jan 23 10:38:52 infoblox.nios.test.com named[1374]: client 156.72.107.11#57528: signer "dhcp_updater_default" approved
<30>Jan 23 10:38:51 infoblox.nios.test.com named[20439]: zone stjoe.org/IN: sending notifies (serial 30897648)
<30>Jan 23 10:38:51 infoblox.nios.test.com named[20440]: transfer of 'stjoe.org/IN' from 156.72.152.19#53: Transfer completed: 1 messages, 26 records, 1010 bytes, 0.088 secs (11477 bytes/sec)
<30>Jan 23 10:38:51 infoblox.nios.test.com named[20439]: transfer of 'stjoe.org/IN' from 156.72.152.19#53: connected using 156.72.107.11#50745
<30>Jan 23 10:38:51 infoblox.nios.test.com named[20440]: zone stjoe.org/IN: transferred serial 30897648
<30>Jan 23 10:38:51 infoblox.nios.test.com named[20439]: zone stjoe.org/IN: Transfer started.
<30>Jan 23 10:38:51 infoblox.nios.test.com named[20439]: client 156.72.152.19#20752: received notify for zone 'stjoe.org'
<30>Jan 23 10:38:51 infoblox.nios.test.com named[1365]: transfer of 'stjoe.org/IN' from 156.72.152.19#53: Transfer completed: 1 messages, 22 records, 859 bytes, 0.067 secs (12820 bytes/sec)
<30>Jan 23 10:38:51 infoblox.nios.test.com named[1365]: zone stjoe.org/IN: transferred serial 30897647
<30>Jan 23 10:38:51 infoblox.nios.test.com named[1374]: transfer of 'stjoe.org/IN' from 156.72.152.19#53: connected using 156.72.80.18#52691
<30>Jan 23 10:38:51 infoblox.nios.test.com named[1365]: zone stjoe.org/IN: Transfer started.
<30>Jan 23 10:38:51 infoblox.nios.test.com named[1365]: client 156.72.152.19#20372: received notify for zone 'stjoe.org'
<30>Jan 23 10:38:50 infoblox.nios.test.com named[1374]: client 156.72.107.11#57523: updating zone 'covhs.org/IN': adding an RR at 'Isabel-Bonilla.covhs.org' TXT
<30>Jan 23 10:38:50 infoblox.nios.test.com named[1374]: client 156.72.107.11#57523: updating zone 'covhs.org/IN': deleting rrset at 'Isabel-Bonilla.covhs.org' TXT
<30>Jan 23 10:38:50 infoblox.nios.test.com named[1374]: client 156.72.107.11#57523: updating zone 'covhs.org/IN': adding an RR at 'Isabel-Bonilla.covhs.org' A
<30>Jan 23 10:38:50 infoblox.nios.test.com named[1374]: client 156.72.107.11#57523: updating zone 'covhs.org/IN': deleting rrset at 'Isabel-Bonilla.covhs.org' A
<30>Jan 23 10:38:50 infoblox.nios.test.com named[1374]: client 156.72.107.11#57523: signer "dhcp_updater_default" approved
<30>Jan 23 10:38:49 infoblox.nios.test.com named[1374]: zone stjoe.org/IN: sending notifies (serial 30897641)
<30>Jan 23 10:38:48 infoblox.nios.test.com named[20440]: transfer of '200.10.in-addr.arpa/IN' from 156.72.152.19#53: Transfer completed: 1 messages, 5 records, 265 bytes, 0.060 secs (4416 bytes/sec)
<30>Jan 23 10:38:48 infoblox.nios.test.com named[20440]: zone 200.10.in-addr.arpa/IN: transferred serial 4575967
<30>Jan 23 10:38:48 infoblox.nios.test.com named[1374]: client 156.72.152.19#58312: transfer of 'covhs.org/IN': IXFR started
<30>Jan 23 10:38:48 infoblox.nios.test.com named[1374]: client 156.72.152.19#58312: transfer of 'covhs.org/IN': IXFR ended
<30>Jan 23 10:38:48 infoblox.nios.test.com named[1365]: client 156.72.152.26#49689: transfer of 'covhs.org/IN': IXFR started
<30>Jan 23 10:38:48 infoblox.nios.test.com named[1365]: client 156.72.152.26#49689: transfer of 'covhs.org/IN': IXFR ended
<30>Jan 23 10:38:48 infoblox.nios.test.com named[20439]: transfer of '200.10.in-addr.arpa/IN' from 156.72.152.19#53: connected using 156.72.107.11#34859
<30>Jan 23 10:38:48 infoblox.nios.test.com named[20440]: zone 200.10.in-addr.arpa/IN: Transfer started.
<30>Jan 23 10:38:48 infoblox.nios.test.com named[20439]: zone covhs.org/IN: sending notifies (serial 237001162)
<30>Jan 23 10:38:48 infoblox.nios.test.com named[20440]: client 156.72.80.18#56824: received notify for zone 'covhs.org'
<30>Jan 23 10:38:48 infoblox.nios.test.com named[20439]: client 156.72.152.19#22593: received notify for zone '200.10.in-addr.arpa'
<30>Jan 23 10:38:48 infoblox.nios.test.com named[1374]: zone covhs.org/IN: sending notifies (serial 237001163)
<30>Jan 23 10:38:48 infoblox.nios.test.com named[1374]: client 156.72.107.11#57522: updating zone 'covhs.org/IN': adding an RR at 'iPhone.covhs.org' TXT
<30>Jan 23 10:38:48 infoblox.nios.test.com named[1374]: client 156.72.107.11#57522: updating zone 'covhs.org/IN': deleting rrset at 'iPhone.covhs.org' TXT
<30>Jan 23 10:38:48 infoblox.nios.test.com named[1374]: client 156.72.107.11#57522: updating zone 'covhs.org/IN': adding an RR at 'iPhone.covhs.org' A
<30>Jan 23 10:38:48 infoblox.nios.test.com named[1374]: client 156.72.107.11#57522: updating zone 'covhs.org/IN': deleting rrset at 'iPhone.covhs.org' A
<30>Jan 23 10:38:48 infoblox.nios.test.com named[1374]: client 156.72.107.11#57522: signer "dhcp_updater_default" approved
<30>Jan 23 10:38:48 infoblox.nios.test.com named[1374]: transfer of '200.10.in-addr.arpa/IN' from 156.72.152.19#53: Transfer completed: 1 messages, 5 records, 265 bytes, 0.064 secs (4140 bytes/sec)
<30>Jan 23 10:38:48 infoblox.nios.test.com named[1374]: zone 200.10.in-addr.arpa/IN: transferred serial 4575967
<30>Jan 23 10:38:47 infoblox.nios.test.com named[1365]: transfer of '200.10.in-addr.arpa/IN' from 156.72.152.19#53: connected using 156.72.80.18#46239
<30>Jan 23 10:38:47 infoblox.nios.test.com named[1365]: zone 200.10.in-addr.arpa/IN: Transfer started.
<30>Jan 23 10:38:47 infoblox.nios.test.com named[1365]: client 156.72.152.19#43933: received notify for zone '200.10.in-addr.arpa'
<30>Jan 23 10:38:47 infoblox.nios.test.com named[1374]: success resolving '2.0.0.0.1.0.0.0.0.0.0.0.0.0.0.0.0.0.0.0.0.0.0.0.0.0.0.0.2.0.f.f.ip6.arpa/PTR' (in 'ip6.arpa'?) after reducing the advertised EDNS UDP packet size to 512 octets
<30>Jan 23 10:38:46 infoblox.nios.test.com named[20439]: transfer of 'stjoe.org/IN' from 156.72.152.19#53: Transfer completed: 1 messages, 12 records, 516 bytes, 0.065 secs (7938 bytes/sec)
<30>Jan 23 10:38:46 infoblox.nios.test.com named[20440]: transfer of 'stjoe.org/IN' from 156.72.152.19#53: connected using 156.72.107.11#52181
<30>Jan 23 10:38:46 infoblox.nios.test.com named[20440]: zone stjoe.org/IN: sending notifies (serial 30897641)
<30>Jan 23 10:38:46 infoblox.nios.test.com named[20439]: zone stjoe.org/IN: transferred serial 30897641
<30>Jan 23 10:38:46 infoblox.nios.test.com named[20440]: client 156.72.152.19#58238: received notify for zone 'stjoe.org'
<30>Jan 23 10:38:46 infoblox.nios.test.com named[20440]: zone stjoe.org/IN: Transfer started.
<30>Jan 23 10:38:46 infoblox.nios.test.com named[1365]: transfer of 'stjoe.org/IN' from 156.72.152.19#53: Transfer completed: 1 messages, 16 records, 667 bytes, 0.064 secs (10421 bytes/sec)
<30>Jan 23 10:38:46 infoblox.nios.test.com named[1365]: zone stjoe.org/IN: transferred serial 30897641
<30>Jan 23 10:38:46 infoblox.nios.test.com named[1374]: transfer of 'stjoe.org/IN' from 156.72.152.19#53: connected using 156.72.80.18#43792
<30>Jan 23 10:38:46 infoblox.nios.test.com named[1374]: zone stjoe.org/IN: Transfer started.
<30>Jan 23 10:38:46 infoblox.nios.test.com named[1374]: client 156.72.152.19#44965: received notify for zone 'stjoe.org'
<30>Jan 23 10:38:44 infoblox.nios.test.com named[1374]: zone stjoe.org/IN: sending notifies (serial 30897637)
<30>Jan 23 10:38:43 infoblox.nios.test.com named[20440]: success resolving 'druginfo.nlm.nih.gov/A' (in 'nih.gov'?) after reducing the advertised EDNS UDP packet size to 512 octets
<30>Jan 23 10:38:42 infoblox.nios.test.com named[1374]: zone 244.10.in-addr.arpa/IN: transferred serial 694361
<30>Jan 23 10:38:42 infoblox.nios.test.com named[1365]: transfer of '244.10.in-addr.arpa/IN' from 156.72.152.19#53: connected using 156.72.80.18#47996
<30>Jan 23 10:38:42 infoblox.nios.test.com named[1374]: transfer of '244.10.in-addr.arpa/IN' from 156.72.152.19#53: Transfer completed: 1 messages, 5 records, 269 bytes, 0.064 secs (4203 bytes/sec)
<30>Jan 23 10:38:42 infoblox.nios.test.com named[1374]: client 156.72.152.19#13508: received notify for zone '244.10.in-addr.arpa'
<30>Jan 23 10:38:42 infoblox.nios.test.com named[1365]: zone 244.10.in-addr.arpa/IN: Transfer started.
<30>Jan 23 10:38:42 infoblox.nios.test.com named[1374]: success resolving 'druginfo.nlm.nih.gov/A' (in 'nih.gov'?) after reducing the advertised EDNS UDP packet size to 512 octets
<30>Jan 23 10:38:42 infoblox.nios.test.com named[1365]: client 156.72.107.11#57455: updating zone 'covhs.org/IN': adding an RR at 'Mauros-iPhone.covhs.org' TXT
<30>Jan 23 10:38:42 infoblox.nios.test.com named[1365]: client 156.72.107.11#57455: updating zone 'covhs.org/IN': deleting rrset at 'Mauros-iPhone.covhs.org' TXT
<30>Jan 23 10:38:42 infoblox.nios.test.com named[1365]: client 156.72.107.11#57455: updating zone 'covhs.org/IN': adding an RR at 'Mauros-iPhone.covhs.org' A
<30>Jan 23 10:38:42 infoblox.nios.test.com named[1365]: client 156.72.107.11#57455: updating zone 'covhs.org/IN': deleting rrset at 'Mauros-iPhone.covhs.org' A
<30>Jan 23 10:38:42 infoblox.nios.test.com named[1365]: client 156.72.107.11#57455: signer "dhcp_updater_default" approved
<30>Jan 23 10:38:42 infoblox.nios.test.com named[1374]: client 156.72.107.11#57455: updating zone 'covhs.org/IN': adding an RR at '806-559-5689.covhs.org' TXT
<30>Jan 23 10:38:42 infoblox.nios.test.com named[1374]: client 156.72.107.11#57455: updating zone 'covhs.org/IN': deleting rrset at '806-559-5689.covhs.org' TXT
<30>Jan 23 10:38:42 infoblox.nios.test.com named[1374]: client 156.72.107.11#57455: updating zone 'covhs.org/IN': adding an RR at '806-559-5689.covhs.org' A
<30>Jan 23 10:38:42 infoblox.nios.test.com named[1374]: client 156.72.107.11#57455: updating zone 'covhs.org/IN': deleting rrset at '806-559-5689.covhs.org' A
<30>Jan 23 10:38:42 infoblox.nios.test.com named[1374]: client 156.72.107.11#57455: signer "dhcp_updater_default" approved
<30>Jan 23 10:38:42 infoblox.nios.test.com named[1365]: transfer of '208.10.in-addr.arpa/IN' from 156.72.152.19#53: Transfer completed: 1 messages, 5 records, 272 bytes, 0.066 secs (4121 bytes/sec)
<30>Jan 23 10:38:42 infoblox.nios.test.com named[1365]: zone 208.10.in-addr.arpa/IN: transferred serial 130825
<30>Jan 23 10:38:42 infoblox.nios.test.com named[1374]: client 156.72.107.11#57455: updating zone 'covhs.org/IN': adding an RR at 'Android_358920040110006.covhs.org' TXT
<30>Jan 23 10:38:42 infoblox.nios.test.com named[20440]: transfer of 'stjoe.org/IN' from 156.72.152.19#53: Transfer completed: 1 messages, 28 records, 1111 bytes, 0.079 secs (14063 bytes/sec)
<30>Jan 23 10:38:42 infoblox.nios.test.com named[20440]: zone stjoe.org/IN: transferred serial 30897638
<30>Jan 23 10:38:42 infoblox.nios.test.com named[1374]: client 156.72.107.11#57455: updating zone 'covhs.org/IN': deleting rrset at 'Android_358920040110006.covhs.org' TXT
<30>Jan 23 10:38:42 infoblox.nios.test.com named[1374]: client 156.72.107.11#57455: updating zone 'covhs.org/IN': adding an RR at 'Android_358920040110006.covhs.org' A
<30>Jan 23 10:38:42 infoblox.nios.test.com named[1374]: client 156.72.107.11#57455: updating zone 'covhs.org/IN': deleting rrset at 'Android_358920040110006.covhs.org' A
<30>Jan 23 10:38:42 infoblox.nios.test.com named[1374]: client 156.72.107.11#57455: signer "dhcp_updater_default" approved
<30>Jan 23 10:38:41 infoblox.nios.test.com named[1365]: transfer of '208.10.in-addr.arpa/IN' from 156.72.152.19#53: connected using 156.72.80.18#53692
<30>Jan 23 10:38:41 infoblox.nios.test.com named[1374]: zone 208.10.in-addr.arpa/IN: Transfer started.
<30>Jan 23 10:38:41 infoblox.nios.test.com named[1374]: client 156.72.107.11#57453: signer "dhcp_updater_default" approved
<30>Jan 23 10:38:41 infoblox.nios.test.com named[1365]: client 156.72.152.19#4821: received notify for zone '208.10.in-addr.arpa'
<30>Jan 23 10:38:41 infoblox.nios.test.com named[1374]: client 156.72.107.11#57453: updating zone 'covhs.org/IN': adding an RR at 'kbrodbecks-iPad.covhs.org' TXT
<30>Jan 23 10:38:41 infoblox.nios.test.com named[1374]: client 156.72.107.11#57453: updating zone 'covhs.org/IN': deleting rrset at 'kbrodbecks-iPad.covhs.org' A
<30>Jan 23 10:38:41 infoblox.nios.test.com named[1374]: client 156.72.107.11#57453: updating zone 'covhs.org/IN': deleting rrset at 'kbrodbecks-iPad.covhs.org' TXT
<30>Jan 23 10:38:41 infoblox.nios.test.com named[1374]: client 156.72.107.11#57453: updating zone 'covhs.org/IN': adding an RR at 'kbrodbecks-iPad.covhs.org' A
<30>Jan 23 10:38:41 infoblox.nios.test.com named[1365]: transfer of 'stjoe.org/IN' from 156.72.152.19#53: Transfer completed: 1 messages, 24 records, 960 bytes, 0.071 secs (13521 bytes/sec)
<30>Jan 23 10:38:41 infoblox.nios.test.com named[1365]: zone stjoe.org/IN: transferred serial 30897637
<30>Jan 23 10:38:41 infoblox.nios.test.com named[1374]: transfer of 'stjoe.org/IN' from 156.72.152.19#53: connected using 156.72.80.18#42839
<30>Jan 23 10:38:41 infoblox.nios.test.com named[20439]: transfer of 'stjoe.org/IN' from 156.72.152.19#53: connected using 156.72.107.11#54585
<30>Jan 23 10:38:41 infoblox.nios.test.com named[20439]: zone stjoe.org/IN: Transfer started.
<30>Jan 23 10:38:41 infoblox.nios.test.com named[20440]: zone stjoe.org/IN: sending notifies (serial 30897630)
<30>Jan 23 10:38:41 infoblox.nios.test.com named[20440]: client 156.72.152.19#50262: received notify for zone 'stjoe.org'
<30>Jan 23 10:38:41 infoblox.nios.test.com named[1365]: client 156.72.152.26#40054: transfer of 'covhs.org/IN': IXFR ended
<30>Jan 23 10:38:41 infoblox.nios.test.com named[1365]: client 156.72.152.26#40054: transfer of 'covhs.org/IN': IXFR started
<30>Jan 23 10:38:41 infoblox.nios.test.com named[1365]: zone stjoe.org/IN: Transfer started.
<30>Jan 23 10:38:41 infoblox.nios.test.com named[1374]: client 156.72.152.19#50262: received notify for zone 'stjoe.org'
<30>Jan 23 10:38:41 infoblox.nios.test.com named[20439]: zone covhs.org/IN: sending notifies (serial 237001162)
<30>Jan 23 10:38:41 infoblox.nios.test.com named[20440]: client 156.72.80.18#56824: received notify for zone 'covhs.org'
<30>Jan 23 10:38:40 infoblox.nios.test.com named[1374]: client 156.72.152.19#35741: transfer of 'covhs.org/IN': IXFR ended
<30>Jan 23 10:38:40 infoblox.nios.test.com named[1374]: client 156.72.152.19#35741: transfer of 'covhs.org/IN': IXFR started
<30>Jan 23 10:38:40 infoblox.nios.test.com named[1374]: zone covhs.org/IN: sending notifies (serial 237001162)
