<30>Sep 15 10:24:49 gnu.linuxserver.test.com snmpd[4926]: Connection from - 127.0.0.1
<30>Sep 15 10:24:49 gnu.linuxserver.test.com snmpd[4926]: Connection from - 127.0.0.1
<30>Sep 15 10:24:49 gnu.linuxserver.test.com snmpd[4926]: Connection from - 127.0.0.1
<30>Sep 15 10:24:59 gnu.linuxserver.test.com snmpd[9001]: Connection from UDP: [192.168.20.15]:47574
<86>Sep 15 10:25:01 gnu.linuxserver.test.com crond[16592]: pam_unix(system-auth-generic:session): session opened for user root by (uid=0)
<30>Sep 15 10:25:15 gnu.linuxserver.test.com snmpd[9001]: Connection from UDP: [192.168.20.15]:42522
<30>Sep 15 10:25:25 gnu.linuxserver.test.com snmpd[9001]: Connection from UDP: [192.168.20.15]:54518
<12>Sep 15 10:25:24 gnu.linuxserver.test.com sshd: refused connect from audit1-admin.service.emory.net (::ffff:10.230.1.128)
<30>Sep 15 10:25:37 gnu.linuxserver.test.com snmpd[9001]: Connection from UDP: [192.168.20.15]:33696
<12>Sep 15 10:25:31 gnu.linuxserver.test.com sshd: refused connect from audit1-admin.service.emory.net (::ffff:10.230.1.128)
<30>Sep 15 10:25:49 gnu.linuxserver.test.com snmpd[9001]: Connection from UDP: [192.168.20.15]:56138
<12>Sep 15 10:25:42 gnu.linuxserver.test.com sshd: refused connect from localhost.localdomain (::ffff:127.0.0.1)
<30>Sep 15 10:25:58 gnu.linuxserver.test.com snmpd[9001]: Connection from UDP: [192.168.20.15]:49795
<30>Sep 15 10:26:15 gnu.linuxserver.test.com snmpd[9001]: Connection from UDP: [192.168.20.15]:42712
<36>Sep 15 10:26:14 gnu.linuxserver.test.com portmap[32339]: connect from 170.140.30.149 to getport(portmapper): request from unauthorized host
<36>Sep 15 10:26:14 gnu.linuxserver.test.com portmap[32340]: connect from 170.140.30.149 to getport(200100001): request from unauthorized host
<30>Sep 15 10:26:25 gnu.linuxserver.test.com snmpd[9001]: Connection from UDP: [192.168.20.15]:35197
<30>Sep 15 10:26:37 gnu.linuxserver.test.com snmpd[9001]: Connection from UDP: [192.168.20.15]:36311
<30>Sep 15 10:26:48 gnu.linuxserver.test.com snmpd[9001]: Connection from UDP: [192.168.20.15]:52295
<30>Sep 15 10:26:58 gnu.linuxserver.test.com snmpd[9001]: Connection from UDP: [192.168.20.15]:39014
<12>Sep 15 10:26:59 gnu.linuxserver.test.com sshd: refused connect from localhost.localdomain (::ffff:127.0.0.1)
<86>Sep 15 10:27:00 gnu.linuxserver.test.com sshd[331]: Failed password for invalid user root from ::ffff:170.140.30.149 port 34138 ssh2
<86>Sep 15 10:27:00 gnu.linuxserver.test.com sshd[333]: Failed password for invalid user root from ::ffff:170.140.30.149 port 34139 ssh2
<86>Sep 15 10:27:01 gnu.linuxserver.test.com sshd[347]: Failed password for invalid user root from ::ffff:170.140.30.149 port 34144 ssh2
<86>Sep 15 10:27:03 gnu.linuxserver.test.com sshd[385]: Failed password for invalid user root from ::ffff:170.140.30.149 port 34196 ssh2
<86>Sep 15 10:27:07 gnu.linuxserver.test.com sshd[416]: Failed password for invalid user __user from ::ffff:170.140.30.149 port 34341 ssh2
<30>Sep 15 10:27:16 gnu.linuxserver.test.com snmpd[9001]: Connection from UDP: [192.168.20.15]:55420
<86>Sep 15 10:27:09 gnu.linuxserver.test.com sshd[442]: Failed password for invalid user __super from ::ffff:170.140.30.149 port 34389 ssh2
<86>Sep 15 10:27:14 gnu.linuxserver.test.com sshd[530]: Failed password for invalid user root from ::ffff:170.140.30.149 port 34755 ssh2
<36>Sep 15 10:27:14 gnu.linuxserver.test.com portmap[606]: connect from 170.140.30.149 to getport(ypupdated): request from unauthorized host
<36>Sep 15 10:27:14 gnu.linuxserver.test.com portmap[607]: connect from 170.140.30.149 to getport(ypupdated): request from unauthorized host
<30>Sep 15 10:27:25 gnu.linuxserver.test.com snmpd[9001]: Connection from UDP: [192.168.20.15]:38070
<30>Sep 15 10:27:37 gnu.linuxserver.test.com snmpd[9001]: Connection from UDP: [192.168.20.15]:48529
<38>Sep 15 10:27:28 gnu.linuxserver.test.com sshd(pam_unix)[738]: session opened for user oracle by (uid=0)
<38>Sep 15 10:27:28 gnu.linuxserver.test.com sshd(pam_unix)[748]: session opened for user oracle by (uid=0)
<38>Sep 15 10:27:28 gnu.linuxserver.test.com sshd(pam_unix)[753]: session opened for user oracle by (uid=0)
<38>Sep 15 10:27:29 gnu.linuxserver.test.com sshd(pam_unix)[816]: session opened for user oracle by (uid=0)
<30>Sep 15 10:27:48 gnu.linuxserver.test.com snmpd[9001]: Connection from UDP: [192.168.20.15]:40692
<30>Sep 15 10:27:41 gnu.linuxserver.test.com snmpd[2999]: Connection from UDP: [172.19.2.134]:47602
<30>Sep 15 10:27:49 gnu.linuxserver.test.com snmpd[2999]: Connection from UDP: [172.19.2.134]:36695
<30>Sep 15 10:27:49 gnu.linuxserver.test.com snmpd[2999]: Connection from UDP: [172.19.2.134]:50940
<30>Sep 15 10:27:50 gnu.linuxserver.test.com snmpd[2999]: Connection from UDP: [172.19.2.134]:54131
<30>Sep 15 10:27:58 gnu.linuxserver.test.com snmpd[9001]: Connection from UDP: [192.168.20.15]:36925
<12>Sep 15 10:28:04 gnu.linuxserver.test.com sshd: refused connect from localhost.localdomain (::ffff:127.0.0.1)
<30>Sep 15 10:28:16 gnu.linuxserver.test.com snmpd[9001]: Connection from UDP: [192.168.20.15]:53463
<30>Sep 15 10:28:25 gnu.linuxserver.test.com snmpd[9001]: Connection from UDP: [192.168.20.15]:55672
<30>Sep 15 10:28:38 gnu.linuxserver.test.com snmpd[9001]: Connection from UDP: [192.168.20.15]:37467
<30>Sep 15 10:28:48 gnu.linuxserver.test.com snmpd[9001]: Connection from UDP: [192.168.20.15]:52303
<30>Sep 15 10:28:58 gnu.linuxserver.test.com snmpd[9001]: Connection from UDP: [192.168.20.15]:43721
<38>Sep 15 10:29:04 gnu.linuxserver.test.com sshd(pam_unix)[364]: session opened for user oracle by (uid=0)
<38>Sep 15 10:29:04 gnu.linuxserver.test.com sshd(pam_unix)[369]: session opened for user oracle by (uid=0)
<38>Sep 15 10:29:04 gnu.linuxserver.test.com sshd(pam_unix)[374]: session opened for user oracle by (uid=0)
<38>Sep 15 10:29:07 gnu.linuxserver.test.com sshd(pam_unix)[438]: session opened for user oracle by (uid=0)
<30>Sep 15 10:29:15 gnu.linuxserver.test.com snmpd[9001]: Connection from UDP: [192.168.20.15]:54791
<12>Sep 15 10:29:09 gnu.linuxserver.test.com sshd: refused connect from localhost.localdomain (::ffff:127.0.0.1)
<22>Sep 15 10:29:14 gnu.linuxserver.test.com postfix/smtpd[28064]: connect from localhost.localdomain[127.0.0.1]
<22>Sep 15 10:29:14 gnu.linuxserver.test.com postfix/smtpd[28064]: disconnect from localhost.localdomain[127.0.0.1]
<30>Sep 15 10:29:25 gnu.linuxserver.test.com snmpd[9001]: Connection from UDP: [192.168.20.15]:49687
<30>Sep 15 10:29:24 gnu.linuxserver.test.com snmpd[4926]: Connection from - 127.0.0.1
<30>Sep 15 10:29:24 gnu.linuxserver.test.com snmpd[4926]: Connection from - 127.0.0.1
<30>Sep 15 10:29:24 gnu.linuxserver.test.com snmpd[4926]: Connection from - 127.0.0.1
<30>Sep 15 10:29:24 gnu.linuxserver.test.com snmpd[4926]: Connection from - 127.0.0.1
<30>Sep 15 10:29:37 gnu.linuxserver.test.com snmpd[9001]: Connection from UDP: [192.168.20.15]:58256
<30>Sep 15 10:29:48 gnu.linuxserver.test.com snmpd[9001]: Connection from UDP: [192.168.20.15]:42298
<30>Sep 15 10:29:58 gnu.linuxserver.test.com snmpd[9001]: Connection from UDP: [192.168.20.15]:42850
<86>Sep 15 10:30:01 gnu.linuxserver.test.com crond[17658]: pam_unix(system-auth-generic:session): session opened for user root by (uid=0)
<12>Sep 15 10:30:01 gnu.linuxserver.test.com sshd: refused connect from audit1-admin.service.emory.net (::ffff:10.230.1.128)
<30>Sep 15 10:30:15 gnu.linuxserver.test.com snmpd[9001]: Connection from UDP: [192.168.20.15]:56257
<12>Sep 15 10:30:14 gnu.linuxserver.test.com sshd: refused connect from localhost.localdomain (::ffff:127.0.0.1)
<30>Sep 15 10:30:25 gnu.linuxserver.test.com snmpd[9001]: Connection from UDP: [192.168.20.15]:34013
<30>Sep 15 10:30:37 gnu.linuxserver.test.com snmpd[9001]: Connection from UDP: [192.168.20.15]:55594
<12>Sep 15 10:30:30 gnu.linuxserver.test.com sshd: refused connect from audit1-admin.service.emory.net (::ffff:10.230.1.128)
<30>Sep 15 10:30:48 gnu.linuxserver.test.com snmpd[9001]: Connection from UDP: [192.168.20.15]:37718
<22>Sep 15 10:30:44 gnu.linuxserver.test.com postfix/smtpd[28064]: connect from localhost.localdomain[127.0.0.1]
<22>Sep 15 10:30:44 gnu.linuxserver.test.com postfix/smtpd[28064]: disconnect from localhost.localdomain[127.0.0.1]
<30>Sep 15 10:30:58 gnu.linuxserver.test.com snmpd[9001]: Connection from UDP: [192.168.20.15]:42289
<30>Sep 15 10:31:16 gnu.linuxserver.test.com snmpd[9001]: Connection from UDP: [192.168.20.15]:33280
<30>Sep 15 10:31:25 gnu.linuxserver.test.com snmpd[9001]: Connection from UDP: [192.168.20.15]:55105
<12>Sep 15 10:31:19 gnu.linuxserver.test.com sshd: refused connect from localhost.localdomain (::ffff:127.0.0.1)
<30>Sep 15 10:31:37 gnu.linuxserver.test.com snmpd[9001]: Connection from UDP: [192.168.20.15]:41794
<30>Sep 15 10:31:48 gnu.linuxserver.test.com snmpd[9001]: Connection from UDP: [192.168.20.15]:49069
<30>Sep 15 10:31:59 gnu.linuxserver.test.com snmpd[9001]: Connection from UDP: [192.168.20.15]:55981
<30>Sep 15 10:32:16 gnu.linuxserver.test.com snmpd[9001]: Connection from UDP: [192.168.20.15]:53352
<38>Sep 15 10:32:07 gnu.linuxserver.test.com sshd(pam_unix)[371]: session opened for user oracle by (uid=0)
<38>Sep 15 10:32:07 gnu.linuxserver.test.com sshd(pam_unix)[381]: session opened for user oracle by (uid=0)
<38>Sep 15 10:32:07 gnu.linuxserver.test.com sshd(pam_unix)[386]: session opened for user oracle by (uid=0)
<38>Sep 15 10:32:08 gnu.linuxserver.test.com sshd(pam_unix)[439]: session opened for user oracle by (uid=0)
<30>Sep 15 10:32:25 gnu.linuxserver.test.com snmpd[9001]: Connection from UDP: [192.168.20.15]:49795
<12>Sep 15 10:32:24 gnu.linuxserver.test.com sshd: refused connect from localhost.localdomain (::ffff:127.0.0.1)
<30>Sep 15 10:32:38 gnu.linuxserver.test.com snmpd[9001]: Connection from UDP: [192.168.20.15]:56285
<30>Sep 15 10:32:48 gnu.linuxserver.test.com snmpd[9001]: Connection from UDP: [192.168.20.15]:46441
<30>Sep 15 10:32:41 gnu.linuxserver.test.com snmpd[2999]: Connection from UDP: [172.19.2.134]:59015
<30>Sep 15 10:32:43 gnu.linuxserver.test.com snmpd[2999]: Connection from UDP: [172.19.2.134]:34179
<30>Sep 15 10:32:43 gnu.linuxserver.test.com snmpd[2999]: Connection from UDP: [172.19.2.134]:50264
<30>Sep 15 10:32:44 gnu.linuxserver.test.com snmpd[2999]: Connection from UDP: [172.19.2.134]:52991
<30>Sep 15 10:32:58 gnu.linuxserver.test.com snmpd[9001]: Connection from UDP: [192.168.20.15]:42760
<38>Sep 15 10:32:55 gnu.linuxserver.test.com sshd(pam_unix)[951]: session opened for user oracle by (uid=0)
<38>Sep 15 10:32:55 gnu.linuxserver.test.com sshd(pam_unix)[956]: session opened for user oracle by (uid=0)
<38>Sep 15 10:32:55 gnu.linuxserver.test.com sshd(pam_unix)[961]: session opened for user oracle by (uid=0)
<38>Sep 15 10:32:56 gnu.linuxserver.test.com sshd(pam_unix)[997]: session opened for user oracle by (uid=0)
<30>Sep 15 10:33:16 gnu.linuxserver.test.com snmpd[9001]: Connection from UDP: [192.168.20.15]:51553
<30>Sep 15 10:33:25 gnu.linuxserver.test.com snmpd[9001]: Connection from UDP: [192.168.20.15]:38898
<30>Sep 15 10:33:38 gnu.linuxserver.test.com snmpd[9001]: Connection from UDP: [192.168.20.15]:44265
<12>Sep 15 10:33:29 gnu.linuxserver.test.com sshd: refused connect from localhost.localdomain (::ffff:127.0.0.1)
<30>Sep 15 10:33:48 gnu.linuxserver.test.com snmpd[9001]: Connection from UDP: [192.168.20.15]:47247
<30>Sep 15 10:33:58 gnu.linuxserver.test.com snmpd[9001]: Connection from UDP: [192.168.20.15]:60453
<30>Sep 15 10:34:16 gnu.linuxserver.test.com snmpd[9001]: Connection from UDP: [192.168.20.15]:32956
<38>Sep 15 10:34:13 gnu.linuxserver.test.com sshd(pam_unix)[585]: session opened for user oracle by (uid=0)
<38>Sep 15 10:34:13 gnu.linuxserver.test.com sshd(pam_unix)[661]: session opened for user oracle by (uid=0)
<38>Sep 15 10:34:13 gnu.linuxserver.test.com sshd(pam_unix)[673]: session opened for user oracle by (uid=0)
<38>Sep 15 10:34:15 gnu.linuxserver.test.com sshd(pam_unix)[835]: session opened for user oracle by (uid=0)
<30>Sep 15 10:34:25 gnu.linuxserver.test.com snmpd[9001]: Connection from UDP: [192.168.20.15]:44916
<30>Sep 15 10:34:25 gnu.linuxserver.test.com snmpd[4926]: Connection from - 127.0.0.1
<30>Sep 15 10:34:25 gnu.linuxserver.test.com snmpd[4926]: Connection from - 127.0.0.1
<30>Sep 15 10:34:25 gnu.linuxserver.test.com snmpd[4926]: Connection from - 127.0.0.1
<30>Sep 15 10:34:25 gnu.linuxserver.test.com snmpd[4926]: Connection from - 127.0.0.1
<30>Sep 15 10:34:37 gnu.linuxserver.test.com snmpd[9001]: Connection from UDP: [192.168.20.15]:58638
<12>Sep 15 10:34:34 gnu.linuxserver.test.com sshd: refused connect from localhost.localdomain (::ffff:127.0.0.1)
<30>Sep 15 10:34:48 gnu.linuxserver.test.com snmpd[9001]: Connection from UDP: [192.168.20.15]:42674
<30>Sep 15 10:34:58 gnu.linuxserver.test.com snmpd[9001]: Connection from UDP: [192.168.20.15]:56502
<86>Sep 15 10:35:01 gnu.linuxserver.test.com crond[18698]: pam_unix(system-auth-generic:session): session opened for user root by (uid=0)
<30>Sep 15 10:35:15 gnu.linuxserver.test.com snmpd[9001]: Connection from UDP: [192.168.20.15]:46956
<38>Sep 15 10:35:13 gnu.linuxserver.test.com sshd(pam_unix)[526]: session opened for user oracle by (uid=0)
<38>Sep 15 10:35:13 gnu.linuxserver.test.com sshd(pam_unix)[541]: session opened for user oracle by (uid=0)
<38>Sep 15 10:35:14 gnu.linuxserver.test.com sshd(pam_unix)[559]: session opened for user oracle by (uid=0)
<38>Sep 15 10:35:15 gnu.linuxserver.test.com sshd(pam_unix)[686]: session opened for user oracle by (uid=0)
<30>Sep 15 10:35:25 gnu.linuxserver.test.com snmpd[9001]: Connection from UDP: [192.168.20.15]:55599
<12>Sep 15 10:35:24 gnu.linuxserver.test.com sshd: refused connect from audit1-admin.service.emory.net (::ffff:10.230.1.128)
<30>Sep 15 10:35:37 gnu.linuxserver.test.com snmpd[9001]: Connection from UDP: [192.168.20.15]:52953
<12>Sep 15 10:35:39 gnu.linuxserver.test.com sshd: refused connect from localhost.localdomain (::ffff:127.0.0.1)
<30>Sep 15 10:35:48 gnu.linuxserver.test.com snmpd[9001]: Connection from UDP: [192.168.20.15]:42849
<12>Sep 15 10:35:40 gnu.linuxserver.test.com sshd: refused connect from audit1-admin.service.emory.net (::ffff:10.230.1.128)
<30>Sep 15 10:35:58 gnu.linuxserver.test.com snmpd[9001]: Connection from UDP: [192.168.20.15]:44796
<30>Sep 15 10:36:14 gnu.linuxserver.test.com snmpd[9001]: Connection from UDP: [192.168.20.15]:56346
<22>Sep 15 10:36:14 gnu.linuxserver.test.com postfix/smtpd[28212]: connect from localhost.localdomain[127.0.0.1]
<22>Sep 15 10:36:14 gnu.linuxserver.test.com postfix/smtpd[28212]: disconnect from localhost.localdomain[127.0.0.1]
<22>Sep 15 10:36:14 gnu.linuxserver.test.com postfix/smtpd[28212]: connect from localhost.localdomain[127.0.0.1]
<22>Sep 15 10:36:15 gnu.linuxserver.test.com postfix/smtpd[28212]: disconnect from localhost.localdomain[127.0.0.1]
<30>Sep 15 10:36:25 gnu.linuxserver.test.com snmpd[9001]: Connection from UDP: [192.168.20.15]:50497
<30>Sep 15 10:36:38 gnu.linuxserver.test.com snmpd[9001]: Connection from UDP: [192.168.20.15]:34723
<30>Sep 15 10:36:48 gnu.linuxserver.test.com snmpd[9001]: Connection from UDP: [192.168.20.15]:45702
<12>Sep 15 10:36:44 gnu.linuxserver.test.com sshd: refused connect from localhost.localdomain (::ffff:127.0.0.1)
<22>Sep 15 10:36:45 gnu.linuxserver.test.com postfix/smtpd[28212]: disconnect from localhost.localdomain[127.0.0.1]
<30>Sep 15 10:36:58 gnu.linuxserver.test.com snmpd[9001]: Connection from UDP: [192.168.20.15]:53982
<30>Sep 15 10:37:15 gnu.linuxserver.test.com snmpd[9001]: Connection from UDP: [192.168.20.15]:45663
<22>Sep 15 10:37:15 gnu.linuxserver.test.com postfix/smtpd[28212]: disconnect from localhost.localdomain[127.0.0.1]
<30>Sep 15 10:37:25 gnu.linuxserver.test.com snmpd[9001]: Connection from UDP: [192.168.20.15]:53899
<30>Sep 15 10:37:37 gnu.linuxserver.test.com snmpd[9001]: Connection from UDP: [192.168.20.15]:38220
<30>Sep 15 10:37:48 gnu.linuxserver.test.com snmpd[9001]: Connection from UDP: [192.168.20.15]:55441
<30>Sep 15 10:37:41 gnu.linuxserver.test.com snmpd[2999]: Connection from UDP: [172.19.2.134]:44052
<30>Sep 15 10:37:44 gnu.linuxserver.test.com snmpd[2999]: Connection from UDP: [172.19.2.134]:52472
<30>Sep 15 10:37:44 gnu.linuxserver.test.com snmpd[2999]: Connection from UDP: [172.19.2.134]:53974
<30>Sep 15 10:37:45 gnu.linuxserver.test.com snmpd[2999]: Connection from UDP: [172.19.2.134]:53974
<12>Sep 15 10:37:49 gnu.linuxserver.test.com sshd: refused connect from localhost.localdomain (::ffff:127.0.0.1)
<30>Sep 15 10:37:58 gnu.linuxserver.test.com snmpd[9001]: Connection from UDP: [192.168.20.15]:43438
<30>Sep 15 10:38:16 gnu.linuxserver.test.com snmpd[9001]: Connection from UDP: [192.168.20.15]:51689
<30>Sep 15 10:38:25 gnu.linuxserver.test.com snmpd[9001]: Connection from UDP: [192.168.20.15]:52947
<30>Sep 15 10:38:37 gnu.linuxserver.test.com snmpd[9001]: Connection from UDP: [192.168.20.15]:50121
<30>Sep 15 10:38:48 gnu.linuxserver.test.com snmpd[9001]: Connection from UDP: [192.168.20.15]:41570
<30>Sep 15 10:38:58 gnu.linuxserver.test.com snmpd[9001]: Connection from UDP: [192.168.20.15]:59238
<12>Sep 15 10:38:54 gnu.linuxserver.test.com sshd: refused connect from localhost.localdomain (::ffff:127.0.0.1)
<30>Sep 15 10:39:16 gnu.linuxserver.test.com snmpd[9001]: Connection from UDP: [192.168.20.15]:48508
<30>Sep 15 10:39:25 gnu.linuxserver.test.com snmpd[9001]: Connection from UDP: [192.168.20.15]:34184
<30>Sep 15 10:39:27 gnu.linuxserver.test.com snmpd[4926]: Connection from - 127.0.0.1
<30>Sep 15 10:39:27 gnu.linuxserver.test.com snmpd[4926]: Connection from - 127.0.0.1
<30>Sep 15 10:39:27 gnu.linuxserver.test.com snmpd[4926]: Connection from - 127.0.0.1
<30>Sep 15 10:39:27 gnu.linuxserver.test.com snmpd[4926]: Connection from - 127.0.0.1
<30>Sep 15 10:39:38 gnu.linuxserver.test.com snmpd[9001]: Connection from UDP: [192.168.20.15]:51038
<30>Sep 15 10:39:48 gnu.linuxserver.test.com snmpd[9001]: Connection from UDP: [192.168.20.15]:59148
<30>Sep 15 10:39:58 gnu.linuxserver.test.com snmpd[9001]: Connection from UDP: [192.168.20.15]:37449
<12>Sep 15 10:39:59 gnu.linuxserver.test.com sshd: refused connect from localhost.localdomain (::ffff:127.0.0.1)
<86>Sep 15 10:40:01 gnu.linuxserver.test.com crond[19832]: pam_unix(system-auth-generic:session): session opened for user root by (uid=0)
<30>Sep 15 10:40:15 gnu.linuxserver.test.com snmpd[9001]: Connection from UDP: [192.168.20.15]:38403
<30>Sep 15 10:40:25 gnu.linuxserver.test.com snmpd[9001]: Connection from UDP: [192.168.20.15]:56224
<30>Sep 15 10:40:37 gnu.linuxserver.test.com snmpd[9001]: Connection from UDP: [192.168.20.15]:41535
<12>Sep 15 10:40:30 gnu.linuxserver.test.com sshd: refused connect from audit1-admin.service.emory.net (::ffff:10.230.1.128)
<30>Sep 15 10:40:49 gnu.linuxserver.test.com snmpd[9001]: Connection from UDP: [192.168.20.15]:39965
<30>Sep 15 10:40:58 gnu.linuxserver.test.com snmpd[9001]: Connection from UDP: [192.168.20.15]:51442
<12>Sep 15 10:41:04 gnu.linuxserver.test.com sshd: refused connect from localhost.localdomain (::ffff:127.0.0.1)
<30>Sep 15 10:41:15 gnu.linuxserver.test.com snmpd[9001]: Connection from UDP: [192.168.20.15]:59706
<30>Sep 15 10:41:25 gnu.linuxserver.test.com snmpd[9001]: Connection from UDP: [192.168.20.15]:55806
<30>Sep 15 10:41:37 gnu.linuxserver.test.com snmpd[9001]: Connection from UDP: [192.168.20.15]:50290
<30>Sep 15 10:41:48 gnu.linuxserver.test.com snmpd[9001]: Connection from UDP: [192.168.20.15]:40173
<30>Sep 15 10:41:58 gnu.linuxserver.test.com snmpd[9001]: Connection from UDP: [192.168.20.15]:41607
<30>Sep 15 10:42:15 gnu.linuxserver.test.com snmpd[9001]: Connection from UDP: [192.168.20.15]:54141
<12>Sep 15 10:42:09 gnu.linuxserver.test.com sshd: refused connect from localhost.localdomain (::ffff:127.0.0.1)
<30>Sep 15 10:42:25 gnu.linuxserver.test.com snmpd[9001]: Connection from UDP: [192.168.20.15]:50093
<30>Sep 15 10:42:37 gnu.linuxserver.test.com snmpd[9001]: Connection from UDP: [192.168.20.15]:57133
<30>Sep 15 10:42:48 gnu.linuxserver.test.com snmpd[9001]: Connection from UDP: [192.168.20.15]:42237
<30>Sep 15 10:42:41 gnu.linuxserver.test.com snmpd[2999]: Connection from UDP: [172.19.2.134]:54016
<30>Sep 15 10:42:44 gnu.linuxserver.test.com snmpd[2999]: Connection from UDP: [172.19.2.134]:46547
<30>Sep 15 10:42:44 gnu.linuxserver.test.com snmpd[2999]: Connection from UDP: [172.19.2.134]:58755
<30>Sep 15 10:42:45 gnu.linuxserver.test.com snmpd[2999]: Connection from UDP: [172.19.2.134]:58755
<22>Sep 15 10:42:45 gnu.linuxserver.test.com postfix/smtpd[28363]: connect from localhost.localdomain[127.0.0.1]
<22>Sep 15 10:42:45 gnu.linuxserver.test.com postfix/smtpd[28363]: disconnect from localhost.localdomain[127.0.0.1]
<30>Sep 15 10:42:58 gnu.linuxserver.test.com snmpd[9001]: Connection from UDP: [192.168.20.15]:35980
<38>Sep 15 10:43:05 gnu.linuxserver.test.com sshd(pam_unix)[314]: session opened for user oracle by (uid=0)
<38>Sep 15 10:43:05 gnu.linuxserver.test.com sshd(pam_unix)[325]: session opened for user oracle by (uid=0)
<38>Sep 15 10:43:05 gnu.linuxserver.test.com sshd(pam_unix)[336]: session opened for user oracle by (uid=0)
<38>Sep 15 10:43:06 gnu.linuxserver.test.com sshd(pam_unix)[411]: session opened for user oracle by (uid=0)
<30>Sep 15 10:43:15 gnu.linuxserver.test.com snmpd[9001]: Connection from UDP: [192.168.20.15]:38354
<12>Sep 15 10:43:14 gnu.linuxserver.test.com sshd: refused connect from localhost.localdomain (::ffff:127.0.0.1)
<30>Sep 15 10:43:25 gnu.linuxserver.test.com snmpd[9001]: Connection from UDP: [192.168.20.15]:47357
<30>Sep 15 10:43:38 gnu.linuxserver.test.com snmpd[9001]: Connection from UDP: [192.168.20.15]:47420
<30>Sep 15 10:43:48 gnu.linuxserver.test.com snmpd[9001]: Connection from UDP: [192.168.20.15]:49371
<30>Sep 15 10:43:58 gnu.linuxserver.test.com snmpd[9001]: Connection from UDP: [192.168.20.15]:54361
<30>Sep 15 10:44:17 gnu.linuxserver.test.com snmpd[9001]: Connection from UDP: [192.168.20.15]:53581
<30>Sep 15 10:44:25 gnu.linuxserver.test.com snmpd[9001]: Connection from UDP: [192.168.20.15]:58219
<12>Sep 15 10:44:19 gnu.linuxserver.test.com sshd: refused connect from localhost.localdomain (::ffff:127.0.0.1)
<30>Sep 15 10:44:37 gnu.linuxserver.test.com snmpd[9001]: Connection from UDP: [192.168.20.15]:57650
<30>Sep 15 10:44:29 gnu.linuxserver.test.com snmpd[4926]: Connection from - 127.0.0.1
<30>Sep 15 10:44:29 gnu.linuxserver.test.com snmpd[4926]: Connection from - 127.0.0.1
<30>Sep 15 10:44:29 gnu.linuxserver.test.com snmpd[4926]: Connection from - 127.0.0.1
<30>Sep 15 10:44:29 gnu.linuxserver.test.com snmpd[4926]: Connection from - 127.0.0.1
<30>Sep 15 10:44:48 gnu.linuxserver.test.com snmpd[9001]: Connection from UDP: [192.168.20.15]:32856
<30>Sep 15 10:44:58 gnu.linuxserver.test.com snmpd[9001]: Connection from UDP: [192.168.20.15]:47922
<12>Sep 15 10:45:01 gnu.linuxserver.test.com sshd: refused connect from audit1-admin.service.emory.net (::ffff:10.230.1.128)
<86>Sep 15 10:45:01 gnu.linuxserver.test.com crond[20867]: pam_unix(system-auth-generic:session): session opened for user root by (uid=0)
<30>Sep 15 10:45:15 gnu.linuxserver.test.com snmpd[9001]: Connection from UDP: [192.168.20.15]:43844
<22>Sep 15 10:45:16 gnu.linuxserver.test.com postfix/smtpd[28419]: connect from localhost.localdomain[127.0.0.1]
<22>Sep 15 10:45:16 gnu.linuxserver.test.com postfix/smtpd[28419]: disconnect from localhost.localdomain[127.0.0.1]
<30>Sep 15 10:45:25 gnu.linuxserver.test.com snmpd[9001]: Connection from UDP: [192.168.20.15]:34601
<12>Sep 15 10:45:24 gnu.linuxserver.test.com sshd: refused connect from localhost.localdomain (::ffff:127.0.0.1)
<30>Sep 15 10:45:37 gnu.linuxserver.test.com snmpd[9001]: Connection from UDP: [192.168.20.15]:50033
<12>Sep 15 10:45:30 gnu.linuxserver.test.com sshd: refused connect from audit1-admin.service.emory.net (::ffff:10.230.1.128)
<30>Sep 15 10:45:40 gnu.linuxserver.test.com snmpd[9001]: Connection from UDP: [192.168.20.15]:39744
<30>Sep 15 10:45:58 gnu.linuxserver.test.com snmpd[9001]: Connection from UDP: [192.168.20.15]:34241
<30>Sep 15 10:46:16 gnu.linuxserver.test.com snmpd[9001]: Connection from UDP: [192.168.20.15]:36960
<12>Sep 15 10:46:08 gnu.linuxserver.test.com sshd: refused connect from audit1-admin.service.emory.net (::ffff:10.230.1.128)
<22>Sep 15 10:46:16 gnu.linuxserver.test.com postfix/smtpd[28419]: connect from localhost.localdomain[127.0.0.1]
<22>Sep 15 10:46:16 gnu.linuxserver.test.com postfix/smtpd[28419]: disconnect from localhost.localdomain[127.0.0.1]
<30>Sep 15 10:46:28 gnu.linuxserver.test.com snmpd[9001]: Connection from UDP: [192.168.20.15]:50310
<12>Sep 15 10:46:29 gnu.linuxserver.test.com sshd: refused connect from localhost.localdomain (::ffff:127.0.0.1)
<30>Sep 15 10:46:41 gnu.linuxserver.test.com snmpd[9001]: Connection from UDP: [192.168.20.15]:34308
<30>Sep 15 10:46:56 gnu.linuxserver.test.com snmpd[9001]: Connection from UDP: [192.168.20.15]:46159
<30>Sep 15 10:47:07 gnu.linuxserver.test.com snmpd[9001]: Connection from UDP: [192.168.20.15]:40470
<30>Sep 15 10:47:18 gnu.linuxserver.test.com snmpd[9001]: Connection from UDP: [192.168.20.15]:38972
<22>Sep 15 10:47:16 gnu.linuxserver.test.com postfix/smtpd[28419]: connect from localhost.localdomain[127.0.0.1]
<22>Sep 15 10:47:16 gnu.linuxserver.test.com postfix/smtpd[28419]: disconnect from localhost.localdomain[127.0.0.1]
<22>Sep 15 10:47:16 gnu.linuxserver.test.com postfix/smtpd[28419]: connect from localhost.localdomain[127.0.0.1]
<22>Sep 15 10:47:16 gnu.linuxserver.test.com postfix/smtpd[28419]: disconnect from localhost.localdomain[127.0.0.1]
<30>Sep 15 10:47:28 gnu.linuxserver.test.com snmpd[9001]: Connection from UDP: [192.168.20.15]:57235
<30>Sep 15 10:47:40 gnu.linuxserver.test.com snmpd[9001]: Connection from UDP: [192.168.20.15]:45606
<12>Sep 15 10:47:40 gnu.linuxserver.test.com sshd: refused connect from localhost.localdomain (::ffff:127.0.0.1)
<30>Sep 15 10:47:44 gnu.linuxserver.test.com snmpd[2999]: Connection from UDP: [172.19.2.134]:47949
<30>Sep 15 10:47:48 gnu.linuxserver.test.com snmpd[2999]: Connection from UDP: [172.19.2.134]:47497
<30>Sep 15 10:47:48 gnu.linuxserver.test.com snmpd[2999]: Connection from UDP: [172.19.2.134]:41565
<30>Sep 15 10:47:55 gnu.linuxserver.test.com snmpd[9001]: Connection from UDP: [192.168.20.15]:40413
<30>Sep 15 10:47:49 gnu.linuxserver.test.com snmpd[2999]: Connection from UDP: [172.19.2.134]:44840
<30>Sep 15 10:48:07 gnu.linuxserver.test.com snmpd[9001]: Connection from UDP: [192.168.20.15]:49788
<30>Sep 15 10:48:18 gnu.linuxserver.test.com snmpd[9001]: Connection from UDP: [192.168.20.15]:39218
<22>Sep 15 10:48:16 gnu.linuxserver.test.com postfix/smtpd[28419]: connect from localhost.localdomain[127.0.0.1]
<22>Sep 15 10:48:16 gnu.linuxserver.test.com postfix/smtpd[28419]: disconnect from localhost.localdomain[127.0.0.1]
<30>Sep 15 10:48:28 gnu.linuxserver.test.com snmpd[9001]: Connection from UDP: [192.168.20.15]:35569
<30>Sep 15 10:48:40 gnu.linuxserver.test.com snmpd[9001]: Connection from UDP: [192.168.20.15]:60914
<12>Sep 15 10:48:47 gnu.linuxserver.test.com sshd: refused connect from localhost.localdomain (::ffff:127.0.0.1)
<30>Sep 15 10:48:55 gnu.linuxserver.test.com snmpd[9001]: Connection from UDP: [192.168.20.15]:56566
<30>Sep 15 10:49:07 gnu.linuxserver.test.com snmpd[9001]: Connection from UDP: [192.168.20.15]:39166
<38>Sep 15 10:49:04 gnu.linuxserver.test.com sshd(pam_unix)[965]: session opened for user oracle by (uid=0)
<38>Sep 15 10:49:04 gnu.linuxserver.test.com sshd(pam_unix)[978]: session opened for user oracle by (uid=0)
<38>Sep 15 10:49:04 gnu.linuxserver.test.com sshd(pam_unix)[993]: session opened for user oracle by (uid=0)
<30>Sep 15 10:49:18 gnu.linuxserver.test.com snmpd[9001]: Connection from UDP: [192.168.20.15]:54035
<30>Sep 15 10:49:28 gnu.linuxserver.test.com snmpd[9001]: Connection from UDP: [192.168.20.15]:53988
<30>Sep 15 10:49:31 gnu.linuxserver.test.com snmpd[4926]: Connection from - 127.0.0.1
<30>Sep 15 10:49:31 gnu.linuxserver.test.com snmpd[4926]: Connection from - 127.0.0.1
<30>Sep 15 10:49:31 gnu.linuxserver.test.com snmpd[4926]: Connection from - 127.0.0.1
<30>Sep 15 10:49:31 gnu.linuxserver.test.com snmpd[4926]: Connection from - 127.0.0.1
<30>Sep 15 10:49:40 gnu.linuxserver.test.com snmpd[9001]: Connection from UDP: [192.168.20.15]:49882
<30>Sep 15 10:49:58 gnu.linuxserver.test.com snmpd[9001]: Connection from UDP: [192.168.20.15]:54014
<12>Sep 15 10:49:52 gnu.linuxserver.test.com sshd: refused connect from localhost.localdomain (::ffff:127.0.0.1)
<86>Sep 15 10:50:01 gnu.linuxserver.test.com crond[21943]: pam_unix(system-auth-generic:session): session opened for user root by (uid=0)
<30>Sep 15 10:50:15 gnu.linuxserver.test.com snmpd[9001]: Connection from UDP: [192.168.20.15]:36534
<30>Sep 15 10:50:25 gnu.linuxserver.test.com snmpd[9001]: Connection from UDP: [192.168.20.15]:60540
<30>Sep 15 10:50:37 gnu.linuxserver.test.com snmpd[9001]: Connection from UDP: [192.168.20.15]:51893
<12>Sep 15 10:50:30 gnu.linuxserver.test.com sshd: refused connect from audit1-admin.service.emory.net (::ffff:10.230.1.128)
<30>Sep 15 10:50:48 gnu.linuxserver.test.com snmpd[9001]: Connection from UDP: [192.168.20.15]:56523
<22>Sep 15 10:50:46 gnu.linuxserver.test.com postfix/smtpd[28546]: connect from localhost.localdomain[127.0.0.1]
<22>Sep 15 10:50:47 gnu.linuxserver.test.com postfix/smtpd[28546]: disconnect from localhost.localdomain[127.0.0.1]
<30>Sep 15 10:50:58 gnu.linuxserver.test.com snmpd[9001]: Connection from UDP: [192.168.20.15]:40219
<12>Sep 15 10:50:57 gnu.linuxserver.test.com sshd: refused connect from localhost.localdomain (::ffff:127.0.0.1)
<30>Sep 15 10:51:16 gnu.linuxserver.test.com snmpd[9001]: Connection from UDP: [192.168.20.15]:43184
<30>Sep 15 10:51:26 gnu.linuxserver.test.com snmpd[9001]: Connection from UDP: [192.168.20.15]:40208
<30>Sep 15 10:51:37 gnu.linuxserver.test.com snmpd[9001]: Connection from UDP: [192.168.20.15]:35187
<30>Sep 15 10:51:49 gnu.linuxserver.test.com snmpd[9001]: Connection from UDP: [192.168.20.15]:40917
<22>Sep 15 10:51:47 gnu.linuxserver.test.com postfix/smtpd[28546]: connect from localhost.localdomain[127.0.0.1]
<22>Sep 15 10:51:47 gnu.linuxserver.test.com postfix/smtpd[28546]: disconnect from localhost.localdomain[127.0.0.1]
<22>Sep 15 10:51:47 gnu.linuxserver.test.com postfix/smtpd[28546]: connect from localhost.localdomain[127.0.0.1]
<22>Sep 15 10:51:47 gnu.linuxserver.test.com postfix/smtpd[28546]: disconnect from localhost.localdomain[127.0.0.1]
<30>Sep 15 10:51:58 gnu.linuxserver.test.com snmpd[9001]: Connection from UDP: [192.168.20.15]:43883
<12>Sep 15 10:52:02 gnu.linuxserver.test.com sshd: refused connect from localhost.localdomain (::ffff:127.0.0.1)
<30>Sep 15 10:52:15 gnu.linuxserver.test.com snmpd[9001]: Connection from UDP: [192.168.20.15]:33434
<30>Sep 15 10:52:25 gnu.linuxserver.test.com snmpd[9001]: Connection from UDP: [192.168.20.15]:51511
<30>Sep 15 10:52:37 gnu.linuxserver.test.com snmpd[9001]: Connection from UDP: [192.168.20.15]:55432
<30>Sep 15 10:52:48 gnu.linuxserver.test.com snmpd[9001]: Connection from UDP: [192.168.20.15]:48333
<30>Sep 15 10:52:41 gnu.linuxserver.test.com snmpd[2999]: Connection from UDP: [172.19.2.134]:54117
<30>Sep 15 10:52:45 gnu.linuxserver.test.com snmpd[2999]: Connection from UDP: [172.19.2.134]:50393
<30>Sep 15 10:52:45 gnu.linuxserver.test.com snmpd[2999]: Connection from UDP: [172.19.2.134]:45478
<30>Sep 15 10:52:46 gnu.linuxserver.test.com snmpd[2999]: Connection from UDP: [172.19.2.134]:38613
<30>Sep 15 10:52:58 gnu.linuxserver.test.com snmpd[9001]: Connection from UDP: [192.168.20.15]:59573
<30>Sep 15 10:53:16 gnu.linuxserver.test.com snmpd[9001]: Connection from UDP: [192.168.20.15]:48015
<12>Sep 15 10:53:07 gnu.linuxserver.test.com sshd: refused connect from localhost.localdomain (::ffff:127.0.0.1)
<30>Sep 15 10:53:25 gnu.linuxserver.test.com snmpd[9001]: Connection from UDP: [192.168.20.15]:41057
<22>Sep 15 10:53:17 gnu.linuxserver.test.com postfix/smtpd[28546]: connect from localhost.localdomain[127.0.0.1]
<22>Sep 15 10:53:17 gnu.linuxserver.test.com postfix/smtpd[28546]: disconnect from localhost.localdomain[127.0.0.1]
<30>Sep 15 10:53:37 gnu.linuxserver.test.com snmpd[9001]: Connection from UDP: [192.168.20.15]:33360
<30>Sep 15 10:53:48 gnu.linuxserver.test.com snmpd[9001]: Connection from UDP: [192.168.20.15]:52972
<30>Sep 15 10:53:58 gnu.linuxserver.test.com snmpd[9001]: Connection from UDP: [192.168.20.15]:44805
<30>Sep 15 10:54:16 gnu.linuxserver.test.com snmpd[9001]: Connection from UDP: [192.168.20.15]:42127
<12>Sep 15 10:54:12 gnu.linuxserver.test.com sshd: refused connect from localhost.localdomain (::ffff:127.0.0.1)
<22>Sep 15 10:54:17 gnu.linuxserver.test.com postfix/smtpd[28546]: connect from localhost.localdomain[127.0.0.1]
<22>Sep 15 10:54:17 gnu.linuxserver.test.com postfix/smtpd[28546]: disconnect from localhost.localdomain[127.0.0.1]
<30>Sep 15 10:54:25 gnu.linuxserver.test.com snmpd[9001]: Connection from UDP: [192.168.20.15]:44868
<30>Sep 15 10:54:37 gnu.linuxserver.test.com snmpd[9001]: Connection from UDP: [192.168.20.15]:47303
<30>Sep 15 10:54:33 gnu.linuxserver.test.com snmpd[4926]: Connection from - 127.0.0.1
<30>Sep 15 10:54:33 gnu.linuxserver.test.com snmpd[4926]: Connection from - 127.0.0.1
<30>Sep 15 10:54:33 gnu.linuxserver.test.com snmpd[4926]: Connection from - 127.0.0.1
<30>Sep 15 10:54:33 gnu.linuxserver.test.com snmpd[4926]: Connection from - 127.0.0.1
<30>Sep 15 10:54:49 gnu.linuxserver.test.com snmpd[9001]: Connection from UDP: [192.168.20.15]:58530
<30>Sep 15 10:54:58 gnu.linuxserver.test.com snmpd[9001]: Connection from UDP: [192.168.20.15]:51535
<86>Sep 15 10:55:02 gnu.linuxserver.test.com crond[23034]: pam_unix(system-auth-generic:session): session opened for user root by (uid=0)
<30>Sep 15 10:55:15 gnu.linuxserver.test.com snmpd[9001]: Connection from UDP: [192.168.20.15]:41605
<30>Sep 15 10:55:25 gnu.linuxserver.test.com snmpd[9001]: Connection from UDP: [192.168.20.15]:44425
<12>Sep 15 10:55:17 gnu.linuxserver.test.com sshd: refused connect from localhost.localdomain (::ffff:127.0.0.1)
<12>Sep 15 10:55:24 gnu.linuxserver.test.com sshd: refused connect from audit1-admin.service.emory.net (::ffff:10.230.1.128)
<30>Sep 15 10:55:37 gnu.linuxserver.test.com snmpd[9001]: Connection from UDP: [192.168.20.15]:53721
<12>Sep 15 10:55:30 gnu.linuxserver.test.com sshd: refused connect from audit1-admin.service.emory.net (::ffff:10.230.1.128)
<30>Sep 15 10:55:48 gnu.linuxserver.test.com snmpd[9001]: Connection from UDP: [192.168.20.15]:56232
<30>Sep 15 10:55:58 gnu.linuxserver.test.com snmpd[9001]: Connection from UDP: [192.168.20.15]:49869
<30>Sep 15 10:56:16 gnu.linuxserver.test.com snmpd[9001]: Connection from UDP: [192.168.20.15]:55885
<30>Sep 15 10:56:25 gnu.linuxserver.test.com snmpd[9001]: Connection from UDP: [192.168.20.15]:41989
<12>Sep 15 10:56:22 gnu.linuxserver.test.com sshd: refused connect from localhost.localdomain (::ffff:127.0.0.1)
<30>Sep 15 10:56:37 gnu.linuxserver.test.com snmpd[9001]: Connection from UDP: [192.168.20.15]:54599
<30>Sep 15 10:56:48 gnu.linuxserver.test.com snmpd[9001]: Connection from UDP: [192.168.20.15]:35836
<30>Sep 15 10:56:58 gnu.linuxserver.test.com snmpd[9001]: Connection from UDP: [192.168.20.15]:41443
<30>Sep 15 10:57:15 gnu.linuxserver.test.com snmpd[9001]: Connection from UDP: [192.168.20.15]:58789
<38>Sep 15 10:57:15 gnu.linuxserver.test.com sshd(pam_unix)[402]: session opened for user oracle by (uid=0)
<38>Sep 15 10:57:16 gnu.linuxserver.test.com sshd(pam_unix)[407]: session opened for user oracle by (uid=0)
<38>Sep 15 10:57:16 gnu.linuxserver.test.com sshd(pam_unix)[412]: session opened for user oracle by (uid=0)
<38>Sep 15 10:57:17 gnu.linuxserver.test.com sshd(pam_unix)[542]: session opened for user oracle by (uid=0)
<30>Sep 15 10:57:25 gnu.linuxserver.test.com snmpd[9001]: Connection from UDP: [192.168.20.15]:60208
<30>Sep 15 10:57:37 gnu.linuxserver.test.com snmpd[9001]: Connection from UDP: [192.168.20.15]:41925
<30>Sep 15 10:57:48 gnu.linuxserver.test.com snmpd[9001]: Connection from UDP: [192.168.20.15]:35751
<30>Sep 15 10:57:41 gnu.linuxserver.test.com snmpd[2999]: Connection from UDP: [172.19.2.134]:44590
<30>Sep 15 10:57:45 gnu.linuxserver.test.com snmpd[2999]: Connection from UDP: [172.19.2.134]:42638
<30>Sep 15 10:57:45 gnu.linuxserver.test.com snmpd[2999]: Connection from UDP: [172.19.2.134]:46481
<30>Sep 15 10:57:46 gnu.linuxserver.test.com snmpd[2999]: Connection from UDP: [172.19.2.134]:46481
<30>Sep 15 10:57:58 gnu.linuxserver.test.com snmpd[9001]: Connection from UDP: [192.168.20.15]:37624
<30>Sep 15 10:58:16 gnu.linuxserver.test.com snmpd[9001]: Connection from UDP: [192.168.20.15]:35332
<30>Sep 15 10:58:25 gnu.linuxserver.test.com snmpd[9001]: Connection from UDP: [192.168.20.15]:60272
<30>Sep 15 10:58:37 gnu.linuxserver.test.com snmpd[9001]: Connection from UDP: [192.168.20.15]:34211
<12>Sep 15 10:58:32 gnu.linuxserver.test.com sshd: refused connect from localhost.localdomain (::ffff:127.0.0.1)
<30>Sep 15 10:58:48 gnu.linuxserver.test.com snmpd[9001]: Connection from UDP: [192.168.20.15]:42251
<30>Sep 15 10:58:58 gnu.linuxserver.test.com snmpd[9001]: Connection from UDP: [192.168.20.15]:54600
<30>Sep 15 10:59:16 gnu.linuxserver.test.com snmpd[9001]: Connection from UDP: [192.168.20.15]:60007
<30>Sep 15 10:59:25 gnu.linuxserver.test.com snmpd[9001]: Connection from UDP: [192.168.20.15]:60564
<22>Sep 15 10:59:17 gnu.linuxserver.test.com postfix/smtpd[28722]: connect from localhost.localdomain[127.0.0.1]
<22>Sep 15 10:59:17 gnu.linuxserver.test.com postfix/smtpd[28722]: disconnect from localhost.localdomain[127.0.0.1]
<30>Sep 15 10:59:37 gnu.linuxserver.test.com snmpd[9001]: Connection from UDP: [192.168.20.15]:59267
<12>Sep 15 10:59:37 gnu.linuxserver.test.com sshd: refused connect from localhost.localdomain (::ffff:127.0.0.1)
<30>Sep 15 10:59:49 gnu.linuxserver.test.com snmpd[9001]: Connection from UDP: [192.168.20.15]:55122
<30>Sep 15 10:59:40 gnu.linuxserver.test.com snmpd[4926]: Connection from - 127.0.0.1
<30>Sep 15 10:59:40 gnu.linuxserver.test.com snmpd[4926]: Connection from - 127.0.0.1
<30>Sep 15 10:59:40 gnu.linuxserver.test.com snmpd[4926]: Connection from - 127.0.0.1
<30>Sep 15 10:59:41 gnu.linuxserver.test.com snmpd[4926]: Connection from - 127.0.0.1
<30>Sep 15 10:59:58 gnu.linuxserver.test.com snmpd[9001]: Connection from UDP: [192.168.20.15]:45088
<12>Sep 15 11:00:02 gnu.linuxserver.test.com sshd: refused connect from audit1-admin.service.emory.net (::ffff:10.230.1.128)
<86>Sep 15 11:00:02 gnu.linuxserver.test.com crond[24110]: pam_unix(system-auth-generic:session): session opened for user root by (uid=0)
<30>Sep 15 11:00:16 gnu.linuxserver.test.com snmpd[9001]: Connection from UDP: [192.168.20.15]:51023
<30>Sep 15 11:00:25 gnu.linuxserver.test.com snmpd[9001]: Connection from UDP: [192.168.20.15]:37955
<30>Sep 15 11:00:37 gnu.linuxserver.test.com snmpd[9001]: Connection from UDP: [192.168.20.15]:51122
<12>Sep 15 11:00:31 gnu.linuxserver.test.com sshd: refused connect from audit1-admin.service.emory.net (::ffff:10.230.1.128)
<30>Sep 15 11:00:48 gnu.linuxserver.test.com snmpd[9001]: Connection from UDP: [192.168.20.15]:40948
<12>Sep 15 11:00:42 gnu.linuxserver.test.com sshd: refused connect from localhost.localdomain (::ffff:127.0.0.1)
<22>Sep 15 11:00:48 gnu.linuxserver.test.com postfix/smtpd[28722]: connect from localhost.localdomain[127.0.0.1]
<22>Sep 15 11:00:48 gnu.linuxserver.test.com postfix/smtpd[28722]: disconnect from localhost.localdomain[127.0.0.1]
<22>Sep 15 11:00:48 gnu.linuxserver.test.com postfix/smtpd[28722]: connect from localhost.localdomain[127.0.0.1]
<22>Sep 15 11:00:48 gnu.linuxserver.test.com postfix/smtpd[28722]: disconnect from localhost.localdomain[127.0.0.1]
<30>Sep 15 11:00:58 gnu.linuxserver.test.com snmpd[9001]: Connection from UDP: [192.168.20.15]:45861
<86>Sep 15 11:01:01 gnu.linuxserver.test.com crond[24323]: pam_unix(system-auth-generic:session): session opened for user root by (uid=0)
<12>Sep 15 11:01:01 gnu.linuxserver.test.com sshd: refused connect from audit1-admin.service.emory.net (::ffff:10.230.1.128)
<30>Sep 15 11:01:15 gnu.linuxserver.test.com snmpd[9001]: Connection from UDP: [192.168.20.15]:60889
<30>Sep 15 11:01:25 gnu.linuxserver.test.com snmpd[9001]: Connection from UDP: [192.168.20.15]:36011
<30>Sep 15 11:01:38 gnu.linuxserver.test.com snmpd[9001]: Connection from UDP: [192.168.20.15]:42674
<12>Sep 15 11:01:30 gnu.linuxserver.test.com sshd: refused connect from audit1-admin.service.emory.net (::ffff:10.230.1.128)
<30>Sep 15 11:01:48 gnu.linuxserver.test.com snmpd[9001]: Connection from UDP: [192.168.20.15]:33171
<12>Sep 15 11:01:47 gnu.linuxserver.test.com sshd: refused connect from localhost.localdomain (::ffff:127.0.0.1)
<30>Sep 15 11:01:58 gnu.linuxserver.test.com snmpd[9001]: Connection from UDP: [192.168.20.15]:49369
<30>Sep 15 11:02:15 gnu.linuxserver.test.com snmpd[9001]: Connection from UDP: [192.168.20.15]:48547
<30>Sep 15 11:02:25 gnu.linuxserver.test.com snmpd[9001]: Connection from UDP: [192.168.20.15]:58589
<30>Sep 15 11:02:37 gnu.linuxserver.test.com snmpd[9001]: Connection from UDP: [192.168.20.15]:50805
<30>Sep 15 11:02:48 gnu.linuxserver.test.com snmpd[9001]: Connection from UDP: [192.168.20.15]:37373
<30>Sep 15 11:02:41 gnu.linuxserver.test.com snmpd[2999]: Connection from UDP: [172.19.2.134]:60388
<30>Sep 15 11:02:47 gnu.linuxserver.test.com snmpd[2999]: Connection from UDP: [172.19.2.134]:54605
<30>Sep 15 11:02:47 gnu.linuxserver.test.com snmpd[2999]: Connection from UDP: [172.19.2.134]:60818
<30>Sep 15 11:02:47 gnu.linuxserver.test.com snmpd[2999]: Connection from UDP: [172.19.2.134]:60818
<30>Sep 15 11:02:58 gnu.linuxserver.test.com snmpd[9001]: Connection from UDP: [192.168.20.15]:56791
<12>Sep 15 11:02:52 gnu.linuxserver.test.com sshd: refused connect from localhost.localdomain (::ffff:127.0.0.1)
<30>Sep 15 11:03:16 gnu.linuxserver.test.com snmpd[9001]: Connection from UDP: [192.168.20.15]:35405
<30>Sep 15 11:03:25 gnu.linuxserver.test.com snmpd[9001]: Connection from UDP: [192.168.20.15]:37277
<30>Sep 15 11:03:37 gnu.linuxserver.test.com snmpd[9001]: Connection from UDP: [192.168.20.15]:52328
<30>Sep 15 11:03:48 gnu.linuxserver.test.com snmpd[9001]: Connection from UDP: [192.168.20.15]:49279
<30>Sep 15 11:03:59 gnu.linuxserver.test.com snmpd[9001]: Connection from UDP: [192.168.20.15]:42802
<12>Sep 15 11:03:57 gnu.linuxserver.test.com sshd: refused connect from localhost.localdomain (::ffff:127.0.0.1)
<30>Sep 15 11:04:15 gnu.linuxserver.test.com snmpd[9001]: Connection from UDP: [192.168.20.15]:59293
<86>Sep 15 11:04:12 gnu.linuxserver.test.com sshd[32590]: Failed password for bander7 from 10.110.1.28 port 49416 ssh2
<30>Sep 15 11:04:25 gnu.linuxserver.test.com snmpd[9001]: Connection from UDP: [192.168.20.15]:33144
<22>Sep 15 11:04:18 gnu.linuxserver.test.com postfix/smtpd[28841]: connect from localhost.localdomain[127.0.0.1]
<22>Sep 15 11:04:18 gnu.linuxserver.test.com postfix/smtpd[28841]: disconnect from localhost.localdomain[127.0.0.1]
<30>Sep 15 11:04:37 gnu.linuxserver.test.com snmpd[9001]: Connection from UDP: [192.168.20.15]:49674
<30>Sep 15 11:04:48 gnu.linuxserver.test.com snmpd[9001]: Connection from UDP: [192.168.20.15]:54227
<30>Sep 15 11:04:43 gnu.linuxserver.test.com snmpd[4926]: Connection from - 127.0.0.1
<30>Sep 15 11:04:43 gnu.linuxserver.test.com snmpd[4926]: Connection from - 127.0.0.1
<30>Sep 15 11:04:43 gnu.linuxserver.test.com snmpd[4926]: Connection from - 127.0.0.1
<30>Sep 15 11:04:44 gnu.linuxserver.test.com snmpd[4926]: Connection from - 127.0.0.1
<30>Sep 15 11:04:58 gnu.linuxserver.test.com snmpd[9001]: Connection from UDP: [192.168.20.15]:45534
<86>Sep 15 11:05:01 gnu.linuxserver.test.com crond[28786]: pam_unix(system-auth-generic:session): session opened for user root by (uid=0)
<12>Sep 15 11:05:02 gnu.linuxserver.test.com sshd: refused connect from localhost.localdomain (::ffff:127.0.0.1)
<30>Sep 15 11:05:16 gnu.linuxserver.test.com snmpd[9001]: Connection from UDP: [192.168.20.15]:52785
<30>Sep 15 11:05:25 gnu.linuxserver.test.com snmpd[9001]: Connection from UDP: [192.168.20.15]:59439
<22>Sep 15 11:05:19 gnu.linuxserver.test.com postfix/smtpd[28841]: connect from localhost.localdomain[127.0.0.1]
<22>Sep 15 11:05:19 gnu.linuxserver.test.com postfix/smtpd[28841]: disconnect from localhost.localdomain[127.0.0.1]
<30>Sep 15 11:05:37 gnu.linuxserver.test.com snmpd[9001]: Connection from UDP: [192.168.20.15]:34143
<12>Sep 15 11:05:31 gnu.linuxserver.test.com sshd: refused connect from audit1-admin.service.emory.net (::ffff:10.230.1.128)
<30>Sep 15 11:05:48 gnu.linuxserver.test.com snmpd[9001]: Connection from UDP: [192.168.20.15]:52479
<22>Sep 15 11:05:49 gnu.linuxserver.test.com postfix/smtpd[28841]: disconnect from localhost.localdomain[127.0.0.1]
<30>Sep 15 11:05:58 gnu.linuxserver.test.com snmpd[9001]: Connection from UDP: [192.168.20.15]:45957
<30>Sep 15 11:06:15 gnu.linuxserver.test.com snmpd[9001]: Connection from UDP: [192.168.20.15]:35560
<12>Sep 15 11:06:07 gnu.linuxserver.test.com sshd: refused connect from localhost.localdomain (::ffff:127.0.0.1)
<30>Sep 15 11:06:25 gnu.linuxserver.test.com snmpd[9001]: Connection from UDP: [192.168.20.15]:33352
<30>Sep 15 11:06:37 gnu.linuxserver.test.com snmpd[9001]: Connection from UDP: [192.168.20.15]:38061
<30>Sep 15 11:06:48 gnu.linuxserver.test.com snmpd[9001]: Connection from UDP: [192.168.20.15]:53171
<22>Sep 15 11:06:49 gnu.linuxserver.test.com postfix/smtpd[28841]: connect from localhost.localdomain[127.0.0.1]
<22>Sep 15 11:06:49 gnu.linuxserver.test.com postfix/smtpd[28841]: disconnect from localhost.localdomain[127.0.0.1]
<30>Sep 15 11:06:58 gnu.linuxserver.test.com snmpd[9001]: Connection from UDP: [192.168.20.15]:51824
<30>Sep 15 11:07:16 gnu.linuxserver.test.com snmpd[9001]: Connection from UDP: [192.168.20.15]:45587
<12>Sep 15 11:07:12 gnu.linuxserver.test.com sshd: refused connect from localhost.localdomain (::ffff:127.0.0.1)
<30>Sep 15 11:07:25 gnu.linuxserver.test.com snmpd[9001]: Connection from UDP: [192.168.20.15]:38331
<22>Sep 15 11:07:19 gnu.linuxserver.test.com postfix/smtpd[28841]: connect from localhost.localdomain[127.0.0.1]
<22>Sep 15 11:07:19 gnu.linuxserver.test.com postfix/smtpd[28841]: disconnect from localhost.localdomain[127.0.0.1]
<30>Sep 15 11:07:37 gnu.linuxserver.test.com snmpd[9001]: Connection from UDP: [192.168.20.15]:35091
<30>Sep 15 11:07:48 gnu.linuxserver.test.com snmpd[9001]: Connection from UDP: [192.168.20.15]:58908
<30>Sep 15 11:07:41 gnu.linuxserver.test.com snmpd[2999]: Connection from UDP: [172.19.2.134]:44432
<30>Sep 15 11:07:48 gnu.linuxserver.test.com snmpd[2999]: Connection from UDP: [172.19.2.134]:37605
<30>Sep 15 11:07:48 gnu.linuxserver.test.com snmpd[2999]: Connection from UDP: [172.19.2.134]:52539
<30>Sep 15 11:07:48 gnu.linuxserver.test.com snmpd[2999]: Connection from UDP: [172.19.2.134]:52539
<30>Sep 15 11:07:58 gnu.linuxserver.test.com snmpd[9001]: Connection from UDP: [192.168.20.15]:50957
<30>Sep 15 11:08:16 gnu.linuxserver.test.com snmpd[9001]: Connection from UDP: [192.168.20.15]:45918
<30>Sep 15 11:08:25 gnu.linuxserver.test.com snmpd[9001]: Connection from UDP: [192.168.20.15]:49490
<12>Sep 15 11:08:19 gnu.linuxserver.test.com sshd: refused connect from localhost.localdomain (::ffff:127.0.0.1)
<30>Sep 15 11:08:38 gnu.linuxserver.test.com snmpd[9001]: Connection from UDP: [192.168.20.15]:55135
<30>Sep 15 11:08:48 gnu.linuxserver.test.com snmpd[9001]: Connection from UDP: [192.168.20.15]:49088
<30>Sep 15 11:08:58 gnu.linuxserver.test.com snmpd[9001]: Connection from UDP: [192.168.20.15]:58207
<38>Sep 15 11:08:51 gnu.linuxserver.test.com sshd(pam_unix)[949]: session opened for user oracle by (uid=0)
<38>Sep 15 11:08:51 gnu.linuxserver.test.com sshd(pam_unix)[954]: session opened for user oracle by (uid=0)
<38>Sep 15 11:08:51 gnu.linuxserver.test.com sshd(pam_unix)[961]: session opened for user oracle by (uid=0)
<38>Sep 15 11:08:52 gnu.linuxserver.test.com sshd(pam_unix)[983]: session opened for user oracle by (uid=0)
<30>Sep 15 11:09:15 gnu.linuxserver.test.com snmpd[9001]: Connection from UDP: [192.168.20.15]:44894
<30>Sep 15 11:09:25 gnu.linuxserver.test.com snmpd[9001]: Connection from UDP: [192.168.20.15]:34678
<12>Sep 15 11:09:27 gnu.linuxserver.test.com sshd: refused connect from localhost.localdomain (::ffff:127.0.0.1)
<30>Sep 15 11:09:37 gnu.linuxserver.test.com snmpd[9001]: Connection from UDP: [192.168.20.15]:55300
<30>Sep 15 11:09:48 gnu.linuxserver.test.com snmpd[9001]: Connection from UDP: [192.168.20.15]:58353
<30>Sep 15 11:09:44 gnu.linuxserver.test.com snmpd[4926]: Connection from - 127.0.0.1
<30>Sep 15 11:09:44 gnu.linuxserver.test.com snmpd[4926]: Connection from - 127.0.0.1
<30>Sep 15 11:09:44 gnu.linuxserver.test.com snmpd[4926]: Connection from - 127.0.0.1
<30>Sep 15 11:09:45 gnu.linuxserver.test.com snmpd[4926]: Connection from - 127.0.0.1
<30>Sep 15 11:09:58 gnu.linuxserver.test.com snmpd[9001]: Connection from UDP: [192.168.20.15]:43702
<12>Sep 15 11:10:01 gnu.linuxserver.test.com sshd: refused connect from audit1-admin.service.emory.net (::ffff:10.230.1.128)
<86>Sep 15 11:10:02 gnu.linuxserver.test.com crond[29919]: pam_unix(system-auth-generic:session): session opened for user root by (uid=0)
<30>Sep 15 11:10:16 gnu.linuxserver.test.com snmpd[9001]: Connection from UDP: [192.168.20.15]:57829
<30>Sep 15 11:10:25 gnu.linuxserver.test.com snmpd[9001]: Connection from UDP: [192.168.20.15]:52685
<30>Sep 15 11:10:37 gnu.linuxserver.test.com snmpd[9001]: Connection from UDP: [192.168.20.15]:40008
<12>Sep 15 11:10:30 gnu.linuxserver.test.com sshd: refused connect from audit1-admin.service.emory.net (::ffff:10.230.1.128)
<12>Sep 15 11:10:32 gnu.linuxserver.test.com sshd: refused connect from localhost.localdomain (::ffff:127.0.0.1)
<30>Sep 15 11:10:48 gnu.linuxserver.test.com snmpd[9001]: Connection from UDP: [192.168.20.15]:43990
