Sep 26 07:49:14 gnu.linuxserver.test.com sftp-server[26895]: session opened for local user paul from [10.100.50.66]
Sep 26 10:11:27 gnu.linuxserver.test.com sftp-server[26895]: session closed for local user paul from [10.100.50.66]
Sep 26 12:20:24 gnu.linuxserver.test.com sftp-server[3328]: session opened for local user cooka@saclink.csus.edu from [130.86.81.88]
Sep 26 12:32:42 gnu.linuxserver.test.com sftp-server[3328]: session closed for local user cooka@saclink.csus.edu from [130.86.81.88]
Sep 26 12:40:19 gnu.linuxserver.test.com sftp-server[3893]: session opened for local user dale from [10.100.50.52]
Sep 26 13:03:26 gnu.linuxserver.test.com sftp-server[4722]: session opened for local user tmoser from [148.126.100.200]
Sep 26 13:22:31 gnu.linuxserver.test.com sftp-server[4722]: session closed for local user tmoser from [148.126.100.200]
Sep 26 13:46:46 gnu.linuxserver.test.com sftp-server[6112]: session opened for local user cooka@saclink.csus.edu from [130.86.81.88]
Sep 26 13:59:12 gnu.linuxserver.test.com sftp-server[6112]: session closed for local user cooka@saclink.csus.edu from [130.86.81.88]
Sep 26 15:29:05 gnu.linuxserver.test.com sftp-server[9056]: session opened for local user cooka@saclink.csus.edu from [130.86.81.88]
Sep 26 15:29:08 gnu.linuxserver.test.com sftp-server[9124]: session opened for local user steve from [10.100.50.129]
Sep 26 16:17:20 gnu.linuxserver.test.com sftp-server[20729]: session closed for local user tmoser from [148.126.100.200]
Sep 26 16:29:31 gnu.linuxserver.test.com sftp-server[10936]: session opened for local user cooka@saclink.csus.edu from [130.86.81.88]
Sep 26 16:38:32 gnu.linuxserver.test.com sftp-server[10936]: session closed for local user cooka@saclink.csus.edu from [130.86.81.88]
Sep 26 16:45:46 gnu.linuxserver.test.com sftp-server[11479]: session opened for local user steve from [10.100.50.129]
Sep 26 17:42:52 gnu.linuxserver.test.com sftp-server[9056]: session closed for local user cooka@saclink.csus.edu from [130.86.81.88]
Sep 26 17:45:15 gnu.linuxserver.test.com sftp-server[3893]: session closed for local user dale from [10.100.50.52]
Sep 26 18:02:15 gnu.linuxserver.test.com sftp-server[9124]: session closed for local user steve from [10.100.50.129]
Sep 26 18:02:15 gnu.linuxserver.test.com sftp-server[11479]: session closed for local user steve from [10.100.50.129]
Sep 27 12:22:08 gnu.linuxserver.test.com sftp-server[13603]: session opened for local user roshan from [63.73.199.69]
Sep 27 13:40:40 gnu.linuxserver.test.com sftp-server[15888]: session opened for local user steve from [10.100.50.129]
Sep 27 15:22:26 gnu.linuxserver.test.com sftp-server[13603]: session closed for local user roshan from [63.73.199.69]
Sep 27 18:04:23 gnu.linuxserver.test.com sftp-server[15888]: session closed for local user steve from [10.100.50.129]
Sep 28 11:50:43 gnu.linuxserver.test.com sftp-server[23212]: session opened for local user vivo from [189.106.79.160]
Sep 28 11:52:55 gnu.linuxserver.test.com sftp-server[23290]: session opened for local user vivo from [189.106.79.160]
Sep 28 14:14:20 gnu.linuxserver.test.com sftp-server[23290]: session closed for local user vivo from [189.106.79.160]
Sep 28 14:14:26 gnu.linuxserver.test.com sftp-server[27517]: session opened for local user vivo from [189.106.79.160]
Sep 28 14:37:36 gnu.linuxserver.test.com sftp-server[28404]: session opened for local user cfredericks from [204.152.47.133]
Sep 28 14:52:20 gnu.linuxserver.test.com sftp-server[28404]: session closed for local user cfredericks from [204.152.47.133]
Sep 28 20:12:22 gnu.linuxserver.test.com sftp-server[27517]: session closed for local user vivo from [189.106.79.160]
Sep 28 21:02:15 gnu.linuxserver.test.com sftp-server[23212]: session closed for local user vivo from [189.106.79.160]
Sep 29 11:05:56 gnu.linuxserver.test.com sftp-server[385]: session opened for local user vivo from [189.106.79.160]
Sep 29 12:37:58 gnu.linuxserver.test.com sftp-server[4087]: session opened for local user ehynes from [134.141.2.247]
Sep 29 12:39:04 gnu.linuxserver.test.com sftp-server[4087]: session closed for local user ehynes from [134.141.2.247]
Sep 29 16:05:43 gnu.linuxserver.test.com sftp-server[10282]: session opened for local user alexl from [64.244.160.10]
Sep 29 16:06:36 gnu.linuxserver.test.com sftp-server[10282]: session closed for local user alexl from [64.244.160.10]
Sep 29 16:06:59 gnu.linuxserver.test.com sftp-server[10358]: session opened for local user alexl from [67.93.27.252]
Sep 29 16:27:18 gnu.linuxserver.test.com sftp-server[10358]: session closed for local user alexl from [67.93.27.252]
Sep 29 17:11:24 gnu.linuxserver.test.com sftp-server[12465]: session opened for local user luke from [10.100.50.57]
Sep 29 17:15:55 gnu.linuxserver.test.com sftp-server[12465]: session closed for local user luke from [10.100.50.57]
Sep 29 19:50:58 gnu.linuxserver.test.com sftp-server[17400]: session opened for local user vivo from [189.106.79.160]
Sep 30 07:49:32 gnu.linuxserver.test.com sftp-server[6249]: session opened for local user csamuel@bgcpartners.com from [148.106.128.38]
Sep 30 11:04:43 gnu.linuxserver.test.com sftp-server[12715]: session opened for local user adamr from [10.100.50.74]
Sep 30 11:06:08 gnu.linuxserver.test.com sftp-server[12816]: session opened for local user adamr from [208.15.90.2]
Sep 30 11:27:13 gnu.linuxserver.test.com sftp-server[17400]: session closed for local user vivo from [189.106.79.160]
Sep 30 11:27:19 gnu.linuxserver.test.com sftp-server[13384]: session opened for local user vivo from [189.106.79.160]
Sep 30 11:48:57 gnu.linuxserver.test.com sftp-server[14228]: session opened for local user ehynes from [134.141.2.247]
Sep 30 12:09:57 gnu.linuxserver.test.com sftp-server[14228]: session closed for local user ehynes from [134.141.2.247]
Sep 30 12:21:38 gnu.linuxserver.test.com sftp-server[13384]: session closed for local user vivo from [189.106.79.160]
Sep 30 12:21:44 gnu.linuxserver.test.com sftp-server[15530]: session opened for local user vivo from [189.106.79.160]
Sep 30 13:53:16 gnu.linuxserver.test.com sftp-server[12816]: session closed for local user adamr from [208.15.90.2]
Sep 30 16:14:10 gnu.linuxserver.test.com sftp-server[385]: session closed for local user vivo from [189.106.79.160]
