<30>Sep 15 08:45:25 gnu.linuxserver.test.com snmpd[9001]: Connection from UDP: [192.168.20.15]:42958
<22>Sep 15 08:45:27 gnu.linuxserver.test.com postfix/smtpd[25497]: connect from localhost.localdomain[127.0.0.1]
<22>Sep 15 08:45:27 gnu.linuxserver.test.com postfix/smtpd[25497]: disconnect from localhost.localdomain[127.0.0.1]
<30>Sep 15 08:45:37 gnu.linuxserver.test.com snmpd[9001]: Connection from UDP: [192.168.20.15]:44751
<12>Sep 15 08:45:30 gnu.linuxserver.test.com sshd: refused connect from audit1-admin.service.emory.net (::ffff:10.230.1.128)
<12>Sep 15 08:45:36 gnu.linuxserver.test.com sshd: refused connect from localhost.localdomain (::ffff:127.0.0.1)
<30>Sep 15 08:45:48 gnu.linuxserver.test.com snmpd[9001]: Connection from UDP: [192.168.20.15]:41754
<30>Sep 15 08:45:58 gnu.linuxserver.test.com snmpd[9001]: Connection from UDP: [192.168.20.15]:43437
<12>Sep 15 08:46:01 gnu.linuxserver.test.com sshd: refused connect from audit1-admin.service.emory.net (::ffff:10.230.1.128)
<30>Sep 15 08:46:16 gnu.linuxserver.test.com snmpd[9001]: Connection from UDP: [192.168.20.15]:56251
<30>Sep 15 08:46:25 gnu.linuxserver.test.com snmpd[9001]: Connection from UDP: [192.168.20.15]:34141
<30>Sep 15 08:46:37 gnu.linuxserver.test.com snmpd[9001]: Connection from UDP: [192.168.20.15]:38566
<30>Sep 15 08:46:49 gnu.linuxserver.test.com snmpd[9001]: Connection from UDP: [192.168.20.15]:49717
<12>Sep 15 08:46:41 gnu.linuxserver.test.com sshd: refused connect from localhost.localdomain (::ffff:127.0.0.1)
<30>Sep 15 08:46:58 gnu.linuxserver.test.com snmpd[9001]: Connection from UDP: [192.168.20.15]:53392
<30>Sep 15 08:47:16 gnu.linuxserver.test.com snmpd[9001]: Connection from UDP: [192.168.20.15]:50703
<30>Sep 15 08:47:25 gnu.linuxserver.test.com snmpd[9001]: Connection from UDP: [192.168.20.15]:39407
<22>Sep 15 08:47:28 gnu.linuxserver.test.com postfix/smtpd[25545]: connect from localhost.localdomain[127.0.0.1]
<22>Sep 15 08:47:28 gnu.linuxserver.test.com postfix/smtpd[25545]: disconnect from localhost.localdomain[127.0.0.1]
<22>Sep 15 08:47:28 gnu.linuxserver.test.com postfix/smtpd[25545]: connect from localhost.localdomain[127.0.0.1]
<22>Sep 15 08:47:28 gnu.linuxserver.test.com postfix/smtpd[25545]: disconnect from localhost.localdomain[127.0.0.1]
<30>Sep 15 08:47:37 gnu.linuxserver.test.com snmpd[9001]: Connection from UDP: [192.168.20.15]:59741
<30>Sep 15 08:47:48 gnu.linuxserver.test.com snmpd[9001]: Connection from UDP: [192.168.20.15]:45533
<12>Sep 15 08:47:46 gnu.linuxserver.test.com sshd: refused connect from localhost.localdomain (::ffff:127.0.0.1)
<30>Sep 15 08:47:47 gnu.linuxserver.test.com snmpd[2999]: Connection from UDP: [172.19.2.134]:57342
<30>Sep 15 08:47:50 gnu.linuxserver.test.com snmpd[2999]: Connection from UDP: [172.19.2.134]:46474
<30>Sep 15 08:47:50 gnu.linuxserver.test.com snmpd[2999]: Connection from UDP: [172.19.2.134]:37786
<30>Sep 15 08:47:51 gnu.linuxserver.test.com snmpd[2999]: Connection from UDP: [172.19.2.134]:46474
<30>Sep 15 08:47:58 gnu.linuxserver.test.com snmpd[9001]: Connection from UDP: [192.168.20.15]:57882
<22>Sep 15 08:47:58 gnu.linuxserver.test.com postfix/smtpd[25545]: disconnect from localhost.localdomain[127.0.0.1]
<30>Sep 15 08:48:16 gnu.linuxserver.test.com snmpd[9001]: Connection from UDP: [192.168.20.15]:39741
<30>Sep 15 08:48:25 gnu.linuxserver.test.com snmpd[9001]: Connection from UDP: [192.168.20.15]:46609
<30>Sep 15 08:48:37 gnu.linuxserver.test.com snmpd[9001]: Connection from UDP: [192.168.20.15]:52664
<30>Sep 15 08:48:49 gnu.linuxserver.test.com snmpd[9001]: Connection from UDP: [192.168.20.15]:49434
<30>Sep 15 08:48:58 gnu.linuxserver.test.com snmpd[9001]: Connection from UDP: [192.168.20.15]:51289
<12>Sep 15 08:48:51 gnu.linuxserver.test.com sshd: refused connect from localhost.localdomain (::ffff:127.0.0.1)
<30>Sep 15 08:49:15 gnu.linuxserver.test.com snmpd[9001]: Connection from UDP: [192.168.20.15]:33722
<30>Sep 15 08:49:25 gnu.linuxserver.test.com snmpd[9001]: Connection from UDP: [192.168.20.15]:40581
<30>Sep 15 08:49:37 gnu.linuxserver.test.com snmpd[9001]: Connection from UDP: [192.168.20.15]:51318
<30>Sep 15 08:49:34 gnu.linuxserver.test.com snmpd[4926]: Connection from - 127.0.0.1
<30>Sep 15 08:49:34 gnu.linuxserver.test.com snmpd[4926]: Connection from - 127.0.0.1
<30>Sep 15 08:49:34 gnu.linuxserver.test.com snmpd[4926]: Connection from - 127.0.0.1
<30>Sep 15 08:49:34 gnu.linuxserver.test.com snmpd[4926]: Connection from - 127.0.0.1
<30>Sep 15 08:49:48 gnu.linuxserver.test.com snmpd[9001]: Connection from UDP: [192.168.20.15]:59063
<30>Sep 15 08:49:58 gnu.linuxserver.test.com snmpd[9001]: Connection from UDP: [192.168.20.15]:34781
<12>Sep 15 08:49:56 gnu.linuxserver.test.com sshd: refused connect from localhost.localdomain (::ffff:127.0.0.1)
<86>Sep 15 08:50:02 gnu.linuxserver.test.com crond[21110]: pam_unix(system-auth-generic:session): session opened for user root by (uid=0)
<30>Sep 15 08:50:16 gnu.linuxserver.test.com snmpd[9001]: Connection from UDP: [192.168.20.15]:32775
<30>Sep 15 08:50:25 gnu.linuxserver.test.com snmpd[9001]: Connection from UDP: [192.168.20.15]:39589
<30>Sep 15 08:50:37 gnu.linuxserver.test.com snmpd[9001]: Connection from UDP: [192.168.20.15]:55702
<12>Sep 15 08:50:30 gnu.linuxserver.test.com sshd: refused connect from audit1-admin.service.emory.net (::ffff:10.230.1.128)
<30>Sep 15 08:50:49 gnu.linuxserver.test.com snmpd[9001]: Connection from UDP: [192.168.20.15]:33266
<30>Sep 15 08:50:58 gnu.linuxserver.test.com snmpd[9001]: Connection from UDP: [192.168.20.15]:57069
<22>Sep 15 08:50:58 gnu.linuxserver.test.com postfix/smtpd[25633]: connect from localhost.localdomain[127.0.0.1]
<22>Sep 15 08:50:58 gnu.linuxserver.test.com postfix/smtpd[25633]: disconnect from localhost.localdomain[127.0.0.1]
<30>Sep 15 08:51:15 gnu.linuxserver.test.com snmpd[9001]: Connection from UDP: [192.168.20.15]:39846
<30>Sep 15 08:51:25 gnu.linuxserver.test.com snmpd[9001]: Connection from UDP: [192.168.20.15]:53438
<22>Sep 15 08:51:28 gnu.linuxserver.test.com postfix/smtpd[25633]: connect from localhost.localdomain[127.0.0.1]
<30>Sep 15 08:51:37 gnu.linuxserver.test.com snmpd[9001]: Connection from UDP: [192.168.20.15]:35787
<22>Sep 15 08:51:28 gnu.linuxserver.test.com postfix/smtpd[25633]: disconnect from localhost.localdomain[127.0.0.1]
<30>Sep 15 08:51:48 gnu.linuxserver.test.com snmpd[9001]: Connection from UDP: [192.168.20.15]:46115
<30>Sep 15 08:51:58 gnu.linuxserver.test.com snmpd[9001]: Connection from UDP: [192.168.20.15]:41626
<30>Sep 15 08:52:15 gnu.linuxserver.test.com snmpd[9001]: Connection from UDP: [192.168.20.15]:46876
<12>Sep 15 08:52:06 gnu.linuxserver.test.com sshd: refused connect from localhost.localdomain (::ffff:127.0.0.1)
<30>Sep 15 08:52:25 gnu.linuxserver.test.com snmpd[9001]: Connection from UDP: [192.168.20.15]:33454
<30>Sep 15 08:52:37 gnu.linuxserver.test.com snmpd[9001]: Connection from UDP: [192.168.20.15]:55277
<30>Sep 15 08:52:48 gnu.linuxserver.test.com snmpd[9001]: Connection from UDP: [192.168.20.15]:56246
<30>Sep 15 08:52:41 gnu.linuxserver.test.com snmpd[2999]: Connection from UDP: [172.19.2.134]:55671
<30>Sep 15 08:52:45 gnu.linuxserver.test.com snmpd[2999]: Connection from UDP: [172.19.2.134]:50985
<30>Sep 15 08:52:45 gnu.linuxserver.test.com snmpd[2999]: Connection from UDP: [172.19.2.134]:35472
<30>Sep 15 08:52:46 gnu.linuxserver.test.com snmpd[2999]: Connection from UDP: [172.19.2.134]:35472
<30>Sep 15 08:52:58 gnu.linuxserver.test.com snmpd[9001]: Connection from UDP: [192.168.20.15]:54479
<30>Sep 15 08:53:16 gnu.linuxserver.test.com snmpd[9001]: Connection from UDP: [192.168.20.15]:57908
<12>Sep 15 08:53:11 gnu.linuxserver.test.com sshd: refused connect from localhost.localdomain (::ffff:127.0.0.1)
<30>Sep 15 08:53:25 gnu.linuxserver.test.com snmpd[9001]: Connection from UDP: [192.168.20.15]:53748
<30>Sep 15 08:53:37 gnu.linuxserver.test.com snmpd[9001]: Connection from UDP: [192.168.20.15]:44236
<22>Sep 15 08:53:29 gnu.linuxserver.test.com postfix/smtpd[25677]: connect from localhost.localdomain[127.0.0.1]
<22>Sep 15 08:53:29 gnu.linuxserver.test.com postfix/smtpd[25677]: disconnect from localhost.localdomain[127.0.0.1]
<30>Sep 15 08:53:48 gnu.linuxserver.test.com snmpd[9001]: Connection from UDP: [192.168.20.15]:49679
<30>Sep 15 08:53:59 gnu.linuxserver.test.com snmpd[9001]: Connection from UDP: [192.168.20.15]:58296
<30>Sep 15 08:54:16 gnu.linuxserver.test.com snmpd[9001]: Connection from UDP: [192.168.20.15]:46441
<12>Sep 15 08:54:16 gnu.linuxserver.test.com sshd: refused connect from localhost.localdomain (::ffff:127.0.0.1)
<30>Sep 15 08:54:25 gnu.linuxserver.test.com snmpd[9001]: Connection from UDP: [192.168.20.15]:35348
<30>Sep 15 08:54:37 gnu.linuxserver.test.com snmpd[9001]: Connection from UDP: [192.168.20.15]:45784
<30>Sep 15 08:54:34 gnu.linuxserver.test.com snmpd[4926]: Connection from - 127.0.0.1
<30>Sep 15 08:54:34 gnu.linuxserver.test.com snmpd[4926]: Connection from - 127.0.0.1
<30>Sep 15 08:54:34 gnu.linuxserver.test.com snmpd[4926]: Connection from - 127.0.0.1
<30>Sep 15 08:54:34 gnu.linuxserver.test.com snmpd[4926]: Connection from - 127.0.0.1
<30>Sep 15 08:54:48 gnu.linuxserver.test.com snmpd[9001]: Connection from UDP: [192.168.20.15]:52655
<30>Sep 15 08:54:58 gnu.linuxserver.test.com snmpd[9001]: Connection from UDP: [192.168.20.15]:50386
<86>Sep 15 08:55:01 gnu.linuxserver.test.com crond[22201]: pam_unix(system-auth-generic:session): session opened for user root by (uid=0)
<30>Sep 15 08:55:16 gnu.linuxserver.test.com snmpd[9001]: Connection from UDP: [192.168.20.15]:56210
<30>Sep 15 08:55:25 gnu.linuxserver.test.com snmpd[9001]: Connection from UDP: [192.168.20.15]:54919
<12>Sep 15 08:55:21 gnu.linuxserver.test.com sshd: refused connect from localhost.localdomain (::ffff:127.0.0.1)
<12>Sep 15 08:55:24 gnu.linuxserver.test.com sshd: refused connect from audit1-admin.service.emory.net (::ffff:10.230.1.128)
<30>Sep 15 08:55:38 gnu.linuxserver.test.com snmpd[9001]: Connection from UDP: [192.168.20.15]:36213
<12>Sep 15 08:55:30 gnu.linuxserver.test.com sshd: refused connect from audit1-admin.service.emory.net (::ffff:10.230.1.128)
<30>Sep 15 08:55:48 gnu.linuxserver.test.com snmpd[9001]: Connection from UDP: [192.168.20.15]:51296
<30>Sep 15 08:55:58 gnu.linuxserver.test.com snmpd[9001]: Connection from UDP: [192.168.20.15]:39986
<22>Sep 15 08:55:59 gnu.linuxserver.test.com postfix/smtpd[25740]: connect from localhost.localdomain[127.0.0.1]
<22>Sep 15 08:55:59 gnu.linuxserver.test.com postfix/smtpd[25740]: disconnect from localhost.localdomain[127.0.0.1]
<22>Sep 15 08:55:59 gnu.linuxserver.test.com postfix/smtpd[25740]: connect from localhost.localdomain[127.0.0.1]
<22>Sep 15 08:55:59 gnu.linuxserver.test.com postfix/smtpd[25740]: disconnect from localhost.localdomain[127.0.0.1]
<30>Sep 15 08:56:16 gnu.linuxserver.test.com snmpd[9001]: Connection from UDP: [192.168.20.15]:54628
<30>Sep 15 08:56:25 gnu.linuxserver.test.com snmpd[9001]: Connection from UDP: [192.168.20.15]:40488
<12>Sep 15 08:56:26 gnu.linuxserver.test.com sshd: refused connect from localhost.localdomain (::ffff:127.0.0.1)
<30>Sep 15 08:56:37 gnu.linuxserver.test.com snmpd[9001]: Connection from UDP: [192.168.20.15]:33004
<30>Sep 15 08:56:48 gnu.linuxserver.test.com snmpd[9001]: Connection from UDP: [192.168.20.15]:58362
<30>Sep 15 08:56:58 gnu.linuxserver.test.com snmpd[9001]: Connection from UDP: [192.168.20.15]:41592
<30>Sep 15 08:57:15 gnu.linuxserver.test.com snmpd[9001]: Connection from UDP: [192.168.20.15]:52449
<30>Sep 15 08:57:25 gnu.linuxserver.test.com snmpd[9001]: Connection from UDP: [192.168.20.15]:44373
<30>Sep 15 08:57:37 gnu.linuxserver.test.com snmpd[9001]: Connection from UDP: [192.168.20.15]:58248
<12>Sep 15 08:57:31 gnu.linuxserver.test.com sshd: refused connect from localhost.localdomain (::ffff:127.0.0.1)
<30>Sep 15 08:57:48 gnu.linuxserver.test.com snmpd[9001]: Connection from UDP: [192.168.20.15]:40812
<30>Sep 15 08:57:42 gnu.linuxserver.test.com snmpd[2999]: Connection from UDP: [172.19.2.134]:42444
<30>Sep 15 08:57:47 gnu.linuxserver.test.com snmpd[2999]: Connection from UDP: [172.19.2.134]:37801
<30>Sep 15 08:57:47 gnu.linuxserver.test.com snmpd[2999]: Connection from UDP: [172.19.2.134]:58393
<30>Sep 15 08:57:48 gnu.linuxserver.test.com snmpd[2999]: Connection from UDP: [172.19.2.134]:56234
<30>Sep 15 08:57:58 gnu.linuxserver.test.com snmpd[9001]: Connection from UDP: [192.168.20.15]:38868
<30>Sep 15 08:58:16 gnu.linuxserver.test.com snmpd[9001]: Connection from UDP: [192.168.20.15]:48136
<86>Sep 15 08:58:13 gnu.linuxserver.test.com sshd[2803]: Failed password for bander7 from ::ffff:10.110.1.28 port 44415 ssh2
<30>Sep 15 08:58:25 gnu.linuxserver.test.com snmpd[9001]: Connection from UDP: [192.168.20.15]:51946
<30>Sep 15 08:58:37 gnu.linuxserver.test.com snmpd[9001]: Connection from UDP: [192.168.20.15]:56371
<12>Sep 15 08:58:36 gnu.linuxserver.test.com sshd: refused connect from localhost.localdomain (::ffff:127.0.0.1)
<30>Sep 15 08:58:48 gnu.linuxserver.test.com snmpd[9001]: Connection from UDP: [192.168.20.15]:42367
<30>Sep 15 08:58:58 gnu.linuxserver.test.com snmpd[9001]: Connection from UDP: [192.168.20.15]:48401
<22>Sep 15 08:58:59 gnu.linuxserver.test.com postfix/smtpd[25814]: connect from localhost.localdomain[127.0.0.1]
<22>Sep 15 08:59:00 gnu.linuxserver.test.com postfix/smtpd[25814]: disconnect from localhost.localdomain[127.0.0.1]
<30>Sep 15 08:59:16 gnu.linuxserver.test.com snmpd[9001]: Connection from UDP: [192.168.20.15]:44843
<30>Sep 15 08:59:25 gnu.linuxserver.test.com snmpd[9001]: Connection from UDP: [192.168.20.15]:60231
<30>Sep 15 08:59:37 gnu.linuxserver.test.com snmpd[9001]: Connection from UDP: [192.168.20.15]:39470
<30>Sep 15 08:59:48 gnu.linuxserver.test.com snmpd[9001]: Connection from UDP: [192.168.20.15]:47023
<30>Sep 15 08:59:40 gnu.linuxserver.test.com snmpd[4926]: Connection from - 127.0.0.1
<30>Sep 15 08:59:40 gnu.linuxserver.test.com snmpd[4926]: Connection from - 127.0.0.1
<30>Sep 15 08:59:40 gnu.linuxserver.test.com snmpd[4926]: Connection from - 127.0.0.1
<30>Sep 15 08:59:40 gnu.linuxserver.test.com snmpd[4926]: Connection from - 127.0.0.1
<12>Sep 15 08:59:41 gnu.linuxserver.test.com sshd: refused connect from localhost.localdomain (::ffff:127.0.0.1)
<30>Sep 15 08:59:58 gnu.linuxserver.test.com snmpd[9001]: Connection from UDP: [192.168.20.15]:48935
<86>Sep 15 09:00:01 gnu.linuxserver.test.com crond[23277]: pam_unix(system-auth-generic:session): session opened for user root by (uid=0)
<12>Sep 15 09:00:01 gnu.linuxserver.test.com sshd: refused connect from audit1-admin.service.emory.net (::ffff:10.230.1.128)
<30>Sep 15 09:00:15 gnu.linuxserver.test.com snmpd[9001]: Connection from UDP: [192.168.20.15]:56435
<30>Sep 15 09:00:25 gnu.linuxserver.test.com snmpd[9001]: Connection from UDP: [192.168.20.15]:58021
<30>Sep 15 09:00:37 gnu.linuxserver.test.com snmpd[9001]: Connection from UDP: [192.168.20.15]:41225
<22>Sep 15 09:00:30 gnu.linuxserver.test.com postfix/smtpd[25814]: connect from localhost.localdomain[127.0.0.1]
<22>Sep 15 09:00:30 gnu.linuxserver.test.com postfix/smtpd[25814]: disconnect from localhost.localdomain[127.0.0.1]
<22>Sep 15 09:00:30 gnu.linuxserver.test.com postfix/smtpd[25814]: connect from localhost.localdomain[127.0.0.1]
<22>Sep 15 09:00:30 gnu.linuxserver.test.com postfix/smtpd[25814]: disconnect from localhost.localdomain[127.0.0.1]
<12>Sep 15 09:00:30 gnu.linuxserver.test.com sshd: refused connect from audit1-admin.service.emory.net (::ffff:10.230.1.128)
<30>Sep 15 09:00:48 gnu.linuxserver.test.com snmpd[9001]: Connection from UDP: [192.168.20.15]:37748
<12>Sep 15 09:00:46 gnu.linuxserver.test.com sshd: refused connect from localhost.localdomain (::ffff:127.0.0.1)
<30>Sep 15 09:00:58 gnu.linuxserver.test.com snmpd[9001]: Connection from UDP: [192.168.20.15]:32924
<86>Sep 15 09:01:01 gnu.linuxserver.test.com crond[23490]: pam_unix(system-auth-generic:session): session opened for user root by (uid=0)
<12>Sep 15 09:01:01 gnu.linuxserver.test.com sshd: refused connect from audit1-admin.service.emory.net (::ffff:10.230.1.128)
<30>Sep 15 09:01:15 gnu.linuxserver.test.com snmpd[9001]: Connection from UDP: [192.168.20.15]:51338
<30>Sep 15 09:01:25 gnu.linuxserver.test.com snmpd[9001]: Connection from UDP: [192.168.20.15]:59416
<86>Sep 15 09:01:20 gnu.linuxserver.test.com sshd[3177]: Failed password for parichm from ::ffff:170.140.201.77 port 46180 ssh2
<86>Sep 15 09:01:27 gnu.linuxserver.test.com sshd[3177]: Failed password for parichm from ::ffff:170.140.201.77 port 46180 ssh2
<30>Sep 15 09:01:37 gnu.linuxserver.test.com snmpd[9001]: Connection from UDP: [192.168.20.15]:52504
<12>Sep 15 09:01:30 gnu.linuxserver.test.com sshd: refused connect from audit1-admin.service.emory.net (::ffff:10.230.1.128)
<30>Sep 15 09:01:49 gnu.linuxserver.test.com snmpd[9001]: Connection from UDP: [192.168.20.15]:54251
<30>Sep 15 09:01:58 gnu.linuxserver.test.com snmpd[9001]: Connection from UDP: [192.168.20.15]:50883
<12>Sep 15 09:01:51 gnu.linuxserver.test.com sshd: refused connect from localhost.localdomain (::ffff:127.0.0.1)
<30>Sep 15 09:02:15 gnu.linuxserver.test.com snmpd[9001]: Connection from UDP: [192.168.20.15]:58344
<30>Sep 15 09:02:25 gnu.linuxserver.test.com snmpd[9001]: Connection from UDP: [192.168.20.15]:48020
<30>Sep 15 09:02:37 gnu.linuxserver.test.com snmpd[9001]: Connection from UDP: [192.168.20.15]:37455
<30>Sep 15 09:02:48 gnu.linuxserver.test.com snmpd[9001]: Connection from UDP: [192.168.20.15]:44365
<30>Sep 15 09:02:41 gnu.linuxserver.test.com snmpd[2999]: Connection from UDP: [172.19.2.134]:43415
<30>Sep 15 09:02:46 gnu.linuxserver.test.com snmpd[2999]: Connection from UDP: [172.19.2.134]:51084
<30>Sep 15 09:02:46 gnu.linuxserver.test.com snmpd[2999]: Connection from UDP: [172.19.2.134]:45724
<30>Sep 15 09:02:46 gnu.linuxserver.test.com snmpd[2999]: Connection from UDP: [172.19.2.134]:51180
<30>Sep 15 09:02:59 gnu.linuxserver.test.com snmpd[9001]: Connection from UDP: [192.168.20.15]:33232
<12>Sep 15 09:02:56 gnu.linuxserver.test.com sshd: refused connect from localhost.localdomain (::ffff:127.0.0.1)
<30>Sep 15 09:03:15 gnu.linuxserver.test.com snmpd[9001]: Connection from UDP: [192.168.20.15]:38314
<12>Sep 15 09:03:11 gnu.linuxserver.test.com sshd: refused connect from audit1-admin.service.emory.net (::ffff:10.230.1.128)
<30>Sep 15 09:03:25 gnu.linuxserver.test.com snmpd[9001]: Connection from UDP: [192.168.20.15]:45689
<30>Sep 15 09:03:37 gnu.linuxserver.test.com snmpd[9001]: Connection from UDP: [192.168.20.15]:48854
<12>Sep 15 09:03:30 gnu.linuxserver.test.com sshd: refused connect from audit1-admin.service.emory.net (::ffff:10.230.1.128)
<30>Sep 15 09:03:48 gnu.linuxserver.test.com snmpd[9001]: Connection from UDP: [192.168.20.15]:39063
<30>Sep 15 09:03:58 gnu.linuxserver.test.com snmpd[9001]: Connection from UDP: [192.168.20.15]:50718
<12>Sep 15 09:04:01 gnu.linuxserver.test.com sshd: refused connect from audit1-admin.service.emory.net (::ffff:10.230.1.128)
<12>Sep 15 09:04:05 gnu.linuxserver.test.com sshd: refused connect from localhost.localdomain (::ffff:127.0.0.1)
<30>Sep 15 09:04:16 gnu.linuxserver.test.com snmpd[9001]: Connection from UDP: [192.168.20.15]:56676
<30>Sep 15 09:04:25 gnu.linuxserver.test.com snmpd[9001]: Connection from UDP: [192.168.20.15]:48032
<30>Sep 15 09:04:37 gnu.linuxserver.test.com snmpd[9001]: Connection from UDP: [192.168.20.15]:59442
<30>Sep 15 09:04:48 gnu.linuxserver.test.com snmpd[9001]: Connection from UDP: [192.168.20.15]:58589
<30>Sep 15 09:04:42 gnu.linuxserver.test.com snmpd[4926]: Connection from - 127.0.0.1
<30>Sep 15 09:04:42 gnu.linuxserver.test.com snmpd[4926]: Connection from - 127.0.0.1
<30>Sep 15 09:04:42 gnu.linuxserver.test.com snmpd[4926]: Connection from - 127.0.0.1
<30>Sep 15 09:04:42 gnu.linuxserver.test.com snmpd[4926]: Connection from - 127.0.0.1
<30>Sep 15 09:04:59 gnu.linuxserver.test.com snmpd[9001]: Connection from UDP: [192.168.20.15]:58985
<86>Sep 15 09:05:01 gnu.linuxserver.test.com crond[27953]: pam_unix(system-auth-generic:session): session opened for user root by (uid=0)
<30>Sep 15 09:05:16 gnu.linuxserver.test.com snmpd[9001]: Connection from UDP: [192.168.20.15]:43231
<12>Sep 15 09:05:10 gnu.linuxserver.test.com sshd: refused connect from localhost.localdomain (::ffff:127.0.0.1)
<30>Sep 15 09:05:25 gnu.linuxserver.test.com snmpd[9001]: Connection from UDP: [192.168.20.15]:58436
<30>Sep 15 09:05:37 gnu.linuxserver.test.com snmpd[9001]: Connection from UDP: [192.168.20.15]:44026
<12>Sep 15 09:05:30 gnu.linuxserver.test.com sshd: refused connect from audit1-admin.service.emory.net (::ffff:10.230.1.128)
<22>Sep 15 09:05:30 gnu.linuxserver.test.com postfix/smtpd[25959]: connect from localhost.localdomain[127.0.0.1]
<22>Sep 15 09:05:30 gnu.linuxserver.test.com postfix/smtpd[25959]: disconnect from localhost.localdomain[127.0.0.1]
<30>Sep 15 09:05:48 gnu.linuxserver.test.com snmpd[9001]: Connection from UDP: [192.168.20.15]:44075
<30>Sep 15 09:05:58 gnu.linuxserver.test.com snmpd[9001]: Connection from UDP: [192.168.20.15]:56624
<30>Sep 15 09:06:16 gnu.linuxserver.test.com snmpd[9001]: Connection from UDP: [192.168.20.15]:55737
<12>Sep 15 09:06:15 gnu.linuxserver.test.com sshd: refused connect from localhost.localdomain (::ffff:127.0.0.1)
<30>Sep 15 09:06:25 gnu.linuxserver.test.com snmpd[9001]: Connection from UDP: [192.168.20.15]:51504
<30>Sep 15 09:06:37 gnu.linuxserver.test.com snmpd[9001]: Connection from UDP: [192.168.20.15]:49978
<30>Sep 15 09:06:48 gnu.linuxserver.test.com snmpd[9001]: Connection from UDP: [192.168.20.15]:60478
<30>Sep 15 09:06:58 gnu.linuxserver.test.com snmpd[9001]: Connection from UDP: [192.168.20.15]:51176
<22>Sep 15 09:07:00 gnu.linuxserver.test.com postfix/smtpd[25959]: connect from localhost.localdomain[127.0.0.1]
<22>Sep 15 09:07:00 gnu.linuxserver.test.com postfix/smtpd[25959]: connect from localhost.localdomain[127.0.0.1]
<22>Sep 15 09:07:00 gnu.linuxserver.test.com postfix/smtpd[25959]: disconnect from localhost.localdomain[127.0.0.1]
<22>Sep 15 09:07:00 gnu.linuxserver.test.com postfix/smtpd[25959]: disconnect from localhost.localdomain[127.0.0.1]
<30>Sep 15 09:07:16 gnu.linuxserver.test.com snmpd[9001]: Connection from UDP: [192.168.20.15]:50443
<30>Sep 15 09:07:25 gnu.linuxserver.test.com snmpd[9001]: Connection from UDP: [192.168.20.15]:35779
<12>Sep 15 09:07:20 gnu.linuxserver.test.com sshd: refused connect from localhost.localdomain (::ffff:127.0.0.1)
<30>Sep 15 09:07:37 gnu.linuxserver.test.com snmpd[9001]: Connection from UDP: [192.168.20.15]:37300
<30>Sep 15 09:07:48 gnu.linuxserver.test.com snmpd[9001]: Connection from UDP: [192.168.20.15]:40881
<30>Sep 15 09:07:41 gnu.linuxserver.test.com snmpd[2999]: Connection from UDP: [172.19.2.134]:44322
<30>Sep 15 09:07:47 gnu.linuxserver.test.com snmpd[2999]: Connection from UDP: [172.19.2.134]:45993
<30>Sep 15 09:07:47 gnu.linuxserver.test.com snmpd[2999]: Connection from UDP: [172.19.2.134]:57799
<30>Sep 15 09:07:48 gnu.linuxserver.test.com snmpd[2999]: Connection from UDP: [172.19.2.134]:57799
<30>Sep 15 09:07:59 gnu.linuxserver.test.com snmpd[9001]: Connection from UDP: [192.168.20.15]:50892
<30>Sep 15 09:08:16 gnu.linuxserver.test.com snmpd[9001]: Connection from UDP: [192.168.20.15]:51425
<30>Sep 15 09:08:25 gnu.linuxserver.test.com snmpd[9001]: Connection from UDP: [192.168.20.15]:57686
<12>Sep 15 09:08:25 gnu.linuxserver.test.com sshd: refused connect from localhost.localdomain (::ffff:127.0.0.1)
<30>Sep 15 09:08:37 gnu.linuxserver.test.com snmpd[9001]: Connection from UDP: [192.168.20.15]:54790
<30>Sep 15 09:08:49 gnu.linuxserver.test.com snmpd[9001]: Connection from UDP: [192.168.20.15]:57471
<30>Sep 15 09:08:58 gnu.linuxserver.test.com snmpd[9001]: Connection from UDP: [192.168.20.15]:42726
<30>Sep 15 09:09:15 gnu.linuxserver.test.com snmpd[9001]: Connection from UDP: [192.168.20.15]:58817
<30>Sep 15 09:09:25 gnu.linuxserver.test.com snmpd[9001]: Connection from UDP: [192.168.20.15]:38903
<30>Sep 15 09:09:37 gnu.linuxserver.test.com snmpd[9001]: Connection from UDP: [192.168.20.15]:40719
<12>Sep 15 09:09:30 gnu.linuxserver.test.com sshd: refused connect from localhost.localdomain (::ffff:127.0.0.1)
<22>Sep 15 09:09:31 gnu.linuxserver.test.com postfix/smtpd[26064]: connect from localhost.localdomain[127.0.0.1]
<22>Sep 15 09:09:31 gnu.linuxserver.test.com postfix/smtpd[26064]: disconnect from localhost.localdomain[127.0.0.1]
<30>Sep 15 09:09:48 gnu.linuxserver.test.com snmpd[9001]: Connection from UDP: [192.168.20.15]:43551
<30>Sep 15 09:09:44 gnu.linuxserver.test.com snmpd[4926]: Connection from - 127.0.0.1
<30>Sep 15 09:09:44 gnu.linuxserver.test.com snmpd[4926]: Connection from - 127.0.0.1
<30>Sep 15 09:09:44 gnu.linuxserver.test.com snmpd[4926]: Connection from - 127.0.0.1
<30>Sep 15 09:09:44 gnu.linuxserver.test.com snmpd[4926]: Connection from - 127.0.0.1
<30>Sep 15 09:09:58 gnu.linuxserver.test.com snmpd[9001]: Connection from UDP: [192.168.20.15]:59312
<12>Sep 15 09:10:01 gnu.linuxserver.test.com sshd: refused connect from audit1-admin.service.emory.net (::ffff:10.230.1.128)
<86>Sep 15 09:10:02 gnu.linuxserver.test.com crond[29086]: pam_unix(system-auth-generic:session): session opened for user root by (uid=0)
<30>Sep 15 09:10:16 gnu.linuxserver.test.com snmpd[9001]: Connection from UDP: [192.168.20.15]:49212
<30>Sep 15 09:10:25 gnu.linuxserver.test.com snmpd[9001]: Connection from UDP: [192.168.20.15]:46825
<30>Sep 15 09:10:37 gnu.linuxserver.test.com snmpd[9001]: Connection from UDP: [192.168.20.15]:54303
<12>Sep 15 09:10:35 gnu.linuxserver.test.com sshd: refused connect from localhost.localdomain (::ffff:127.0.0.1)
<30>Sep 15 09:10:48 gnu.linuxserver.test.com snmpd[9001]: Connection from UDP: [192.168.20.15]:43604
<30>Sep 15 09:10:58 gnu.linuxserver.test.com snmpd[9001]: Connection from UDP: [192.168.20.15]:35790
<30>Sep 15 09:11:16 gnu.linuxserver.test.com snmpd[9001]: Connection from UDP: [192.168.20.15]:59363
<30>Sep 15 09:11:25 gnu.linuxserver.test.com snmpd[9001]: Connection from UDP: [192.168.20.15]:33698
<30>Sep 15 09:11:37 gnu.linuxserver.test.com snmpd[9001]: Connection from UDP: [192.168.20.15]:52566
<30>Sep 15 09:11:48 gnu.linuxserver.test.com snmpd[9001]: Connection from UDP: [192.168.20.15]:60302
<12>Sep 15 09:11:40 gnu.linuxserver.test.com sshd: refused connect from localhost.localdomain (::ffff:127.0.0.1)
<30>Sep 15 09:11:59 gnu.linuxserver.test.com snmpd[9001]: Connection from UDP: [192.168.20.15]:33997
<30>Sep 15 09:12:15 gnu.linuxserver.test.com snmpd[9001]: Connection from UDP: [192.168.20.15]:42978
<30>Sep 15 09:12:25 gnu.linuxserver.test.com snmpd[9001]: Connection from UDP: [192.168.20.15]:47594
<30>Sep 15 09:12:37 gnu.linuxserver.test.com snmpd[9001]: Connection from UDP: [192.168.20.15]:39066
<22>Sep 15 09:12:31 gnu.linuxserver.test.com postfix/smtpd[26140]: connect from localhost.localdomain[127.0.0.1]
<22>Sep 15 09:12:31 gnu.linuxserver.test.com postfix/smtpd[26140]: disconnect from localhost.localdomain[127.0.0.1]
<30>Sep 15 09:12:48 gnu.linuxserver.test.com snmpd[9001]: Connection from UDP: [192.168.20.15]:37479
<30>Sep 15 09:12:41 gnu.linuxserver.test.com snmpd[2999]: Connection from UDP: [172.19.2.134]:60687
<12>Sep 15 09:12:45 gnu.linuxserver.test.com sshd: refused connect from localhost.localdomain (::ffff:127.0.0.1)
<30>Sep 15 09:12:48 gnu.linuxserver.test.com snmpd[2999]: Connection from UDP: [172.19.2.134]:57635
<30>Sep 15 09:12:48 gnu.linuxserver.test.com snmpd[2999]: Connection from UDP: [172.19.2.134]:32782
<30>Sep 15 09:12:48 gnu.linuxserver.test.com snmpd[2999]: Connection from UDP: [172.19.2.134]:32782
<30>Sep 15 09:12:58 gnu.linuxserver.test.com snmpd[9001]: Connection from UDP: [192.168.20.15]:34232
<30>Sep 15 09:13:16 gnu.linuxserver.test.com snmpd[9001]: Connection from UDP: [192.168.20.15]:34113
<30>Sep 15 09:13:25 gnu.linuxserver.test.com snmpd[9001]: Connection from UDP: [192.168.20.15]:37109
<30>Sep 15 09:13:37 gnu.linuxserver.test.com snmpd[9001]: Connection from UDP: [192.168.20.15]:48709
<30>Sep 15 09:13:48 gnu.linuxserver.test.com snmpd[9001]: Connection from UDP: [192.168.20.15]:33183
<12>Sep 15 09:13:50 gnu.linuxserver.test.com sshd: refused connect from localhost.localdomain (::ffff:127.0.0.1)
<30>Sep 15 09:13:58 gnu.linuxserver.test.com snmpd[9001]: Connection from UDP: [192.168.20.15]:40753
<30>Sep 15 09:14:16 gnu.linuxserver.test.com snmpd[9001]: Connection from UDP: [192.168.20.15]:35261
<30>Sep 15 09:14:25 gnu.linuxserver.test.com snmpd[9001]: Connection from UDP: [192.168.20.15]:35352
<30>Sep 15 09:14:37 gnu.linuxserver.test.com snmpd[9001]: Connection from UDP: [192.168.20.15]:50580
<30>Sep 15 09:14:48 gnu.linuxserver.test.com snmpd[9001]: Connection from UDP: [192.168.20.15]:50620
<30>Sep 15 09:14:46 gnu.linuxserver.test.com snmpd[4926]: Connection from - 127.0.0.1
<30>Sep 15 09:14:46 gnu.linuxserver.test.com snmpd[4926]: Connection from - 127.0.0.1
<30>Sep 15 09:14:46 gnu.linuxserver.test.com snmpd[4926]: Connection from - 127.0.0.1
<30>Sep 15 09:14:46 gnu.linuxserver.test.com snmpd[4926]: Connection from - 127.0.0.1
<30>Sep 15 09:14:58 gnu.linuxserver.test.com snmpd[9001]: Connection from UDP: [192.168.20.15]:53815
<12>Sep 15 09:14:55 gnu.linuxserver.test.com sshd: refused connect from localhost.localdomain (::ffff:127.0.0.1)
<86>Sep 15 09:15:01 gnu.linuxserver.test.com crond[30122]: pam_unix(system-auth-generic:session): session opened for user root by (uid=0)
<22>Sep 15 09:15:01 gnu.linuxserver.test.com postfix/smtpd[26199]: connect from localhost.localdomain[127.0.0.1]
<22>Sep 15 09:15:01 gnu.linuxserver.test.com postfix/smtpd[26199]: disconnect from localhost.localdomain[127.0.0.1]
<30>Sep 15 09:15:16 gnu.linuxserver.test.com snmpd[9001]: Connection from UDP: [192.168.20.15]:51339
<30>Sep 15 09:15:25 gnu.linuxserver.test.com snmpd[9001]: Connection from UDP: [192.168.20.15]:36826
<30>Sep 15 09:15:37 gnu.linuxserver.test.com snmpd[9001]: Connection from UDP: [192.168.20.15]:34226
<12>Sep 15 09:15:30 gnu.linuxserver.test.com sshd: refused connect from audit1-admin.service.emory.net (::ffff:10.230.1.128)
<22>Sep 15 09:15:32 gnu.linuxserver.test.com postfix/smtpd[26199]: connect from localhost.localdomain[127.0.0.1]
<22>Sep 15 09:15:32 gnu.linuxserver.test.com postfix/smtpd[26199]: disconnect from localhost.localdomain[127.0.0.1]
<30>Sep 15 09:15:48 gnu.linuxserver.test.com snmpd[9001]: Connection from UDP: [192.168.20.15]:50989
<30>Sep 15 09:15:58 gnu.linuxserver.test.com snmpd[9001]: Connection from UDP: [192.168.20.15]:57442
<12>Sep 15 09:16:00 gnu.linuxserver.test.com sshd: refused connect from localhost.localdomain (::ffff:127.0.0.1)
<30>Sep 15 09:16:16 gnu.linuxserver.test.com snmpd[9001]: Connection from UDP: [192.168.20.15]:60265
<30>Sep 15 09:16:26 gnu.linuxserver.test.com snmpd[9001]: Connection from UDP: [192.168.20.15]:46600
<30>Sep 15 09:16:37 gnu.linuxserver.test.com snmpd[9001]: Connection from UDP: [192.168.20.15]:59768
<30>Sep 15 09:16:48 gnu.linuxserver.test.com snmpd[9001]: Connection from UDP: [192.168.20.15]:46829
<30>Sep 15 09:16:58 gnu.linuxserver.test.com snmpd[9001]: Connection from UDP: [192.168.20.15]:48695
<22>Sep 15 09:17:02 gnu.linuxserver.test.com postfix/smtpd[26199]: disconnect from localhost.localdomain[127.0.0.1]
<12>Sep 15 09:17:05 gnu.linuxserver.test.com sshd: refused connect from localhost.localdomain (::ffff:127.0.0.1)
<30>Sep 15 09:17:16 gnu.linuxserver.test.com snmpd[9001]: Connection from UDP: [192.168.20.15]:58064
<30>Sep 15 09:17:25 gnu.linuxserver.test.com snmpd[9001]: Connection from UDP: [192.168.20.15]:35518
<30>Sep 15 09:17:37 gnu.linuxserver.test.com snmpd[9001]: Connection from UDP: [192.168.20.15]:58399
<30>Sep 15 09:17:48 gnu.linuxserver.test.com snmpd[9001]: Connection from UDP: [192.168.20.15]:40213
<30>Sep 15 09:17:42 gnu.linuxserver.test.com snmpd[2999]: Connection from UDP: [172.19.2.134]:33148
<30>Sep 15 09:17:49 gnu.linuxserver.test.com snmpd[2999]: Connection from UDP: [172.19.2.134]:52459
<30>Sep 15 09:17:49 gnu.linuxserver.test.com snmpd[2999]: Connection from UDP: [172.19.2.134]:48925
<30>Sep 15 09:17:50 gnu.linuxserver.test.com snmpd[2999]: Connection from UDP: [172.19.2.134]:36357
<30>Sep 15 09:17:58 gnu.linuxserver.test.com snmpd[9001]: Connection from UDP: [192.168.20.15]:43588
<22>Sep 15 09:18:03 gnu.linuxserver.test.com postfix/smtpd[26199]: disconnect from localhost.localdomain[127.0.0.1]
<30>Sep 15 09:18:15 gnu.linuxserver.test.com snmpd[9001]: Connection from UDP: [192.168.20.15]:43362
<12>Sep 15 09:18:10 gnu.linuxserver.test.com sshd: refused connect from localhost.localdomain (::ffff:127.0.0.1)
<30>Sep 15 09:18:25 gnu.linuxserver.test.com snmpd[9001]: Connection from UDP: [192.168.20.15]:45727
<30>Sep 15 09:18:37 gnu.linuxserver.test.com snmpd[9001]: Connection from UDP: [192.168.20.15]:54098
<30>Sep 15 09:18:49 gnu.linuxserver.test.com snmpd[9001]: Connection from UDP: [192.168.20.15]:49540
<30>Sep 15 09:18:58 gnu.linuxserver.test.com snmpd[9001]: Connection from UDP: [192.168.20.15]:38462
<30>Sep 15 09:19:15 gnu.linuxserver.test.com snmpd[9001]: Connection from UDP: [192.168.20.15]:37778
<12>Sep 15 09:19:15 gnu.linuxserver.test.com sshd: refused connect from localhost.localdomain (::ffff:127.0.0.1)
<30>Sep 15 09:19:25 gnu.linuxserver.test.com snmpd[9001]: Connection from UDP: [192.168.20.15]:41434
<30>Sep 15 09:19:37 gnu.linuxserver.test.com snmpd[9001]: Connection from UDP: [192.168.20.15]:56619
<30>Sep 15 09:19:48 gnu.linuxserver.test.com snmpd[9001]: Connection from UDP: [192.168.20.15]:49289
<30>Sep 15 09:19:47 gnu.linuxserver.test.com snmpd[4926]: Connection from - 127.0.0.1
<30>Sep 15 09:19:47 gnu.linuxserver.test.com snmpd[4926]: Connection from - 127.0.0.1
<30>Sep 15 09:19:47 gnu.linuxserver.test.com snmpd[4926]: Connection from - 127.0.0.1
<30>Sep 15 09:19:47 gnu.linuxserver.test.com snmpd[4926]: Connection from - 127.0.0.1
<30>Sep 15 09:19:58 gnu.linuxserver.test.com snmpd[9001]: Connection from UDP: [192.168.20.15]:55994
<86>Sep 15 09:20:01 gnu.linuxserver.test.com crond[31199]: pam_unix(system-auth-generic:session): session opened for user root by (uid=0)
<12>Sep 15 09:20:01 gnu.linuxserver.test.com sshd: refused connect from audit1-admin.service.emory.net (::ffff:10.230.1.128)
<12>Sep 15 09:20:01 gnu.linuxserver.test.com sshd: refused connect from audit1-admin.service.emory.net (::ffff:10.230.1.128)
<30>Sep 15 09:20:15 gnu.linuxserver.test.com snmpd[9001]: Connection from UDP: [192.168.20.15]:54881
<30>Sep 15 09:20:25 gnu.linuxserver.test.com snmpd[9001]: Connection from UDP: [192.168.20.15]:43873
<12>Sep 15 09:20:20 gnu.linuxserver.test.com sshd: refused connect from localhost.localdomain (::ffff:127.0.0.1)
<30>Sep 15 09:20:28 gnu.linuxserver.test.com snmpd[9001]: Connection from UDP: [192.168.20.15]:45594
<12>Sep 15 09:20:31 gnu.linuxserver.test.com sshd: refused connect from audit1-admin.service.emory.net (::ffff:10.230.1.128)
<30>Sep 15 09:20:40 gnu.linuxserver.test.com snmpd[9001]: Connection from UDP: [192.168.20.15]:42629
<30>Sep 15 09:20:55 gnu.linuxserver.test.com snmpd[9001]: Connection from UDP: [192.168.20.15]:42676
<30>Sep 15 09:21:07 gnu.linuxserver.test.com snmpd[9001]: Connection from UDP: [192.168.20.15]:37770
<22>Sep 15 09:21:03 gnu.linuxserver.test.com postfix/smtpd[26345]: connect from localhost.localdomain[127.0.0.1]
<22>Sep 15 09:21:03 gnu.linuxserver.test.com postfix/smtpd[26345]: disconnect from localhost.localdomain[127.0.0.1]
<30>Sep 15 09:21:18 gnu.linuxserver.test.com snmpd[9001]: Connection from UDP: [192.168.20.15]:60962
<30>Sep 15 09:21:28 gnu.linuxserver.test.com snmpd[9001]: Connection from UDP: [192.168.20.15]:39660
<12>Sep 15 09:21:26 gnu.linuxserver.test.com sshd: refused connect from localhost.localdomain (::ffff:127.0.0.1)
<22>Sep 15 09:21:33 gnu.linuxserver.test.com postfix/smtpd[26345]: connect from localhost.localdomain[127.0.0.1]
<22>Sep 15 09:21:33 gnu.linuxserver.test.com postfix/smtpd[26345]: disconnect from localhost.localdomain[127.0.0.1]
<30>Sep 15 09:21:40 gnu.linuxserver.test.com snmpd[9001]: Connection from UDP: [192.168.20.15]:37459
<30>Sep 15 09:21:55 gnu.linuxserver.test.com snmpd[9001]: Connection from UDP: [192.168.20.15]:58434
<30>Sep 15 09:22:07 gnu.linuxserver.test.com snmpd[9001]: Connection from UDP: [192.168.20.15]:37054
<30>Sep 15 09:22:18 gnu.linuxserver.test.com snmpd[9001]: Connection from UDP: [192.168.20.15]:34860
<30>Sep 15 09:22:28 gnu.linuxserver.test.com snmpd[9001]: Connection from UDP: [192.168.20.15]:48400
<12>Sep 15 09:22:31 gnu.linuxserver.test.com sshd: refused connect from localhost.localdomain (::ffff:127.0.0.1)
<30>Sep 15 09:22:40 gnu.linuxserver.test.com snmpd[9001]: Connection from UDP: [192.168.20.15]:60863
<30>Sep 15 09:22:41 gnu.linuxserver.test.com snmpd[2999]: Connection from UDP: [172.19.2.134]:55613
<30>Sep 15 09:22:48 gnu.linuxserver.test.com snmpd[2999]: Connection from UDP: [172.19.2.134]:47180
<30>Sep 15 09:22:48 gnu.linuxserver.test.com snmpd[2999]: Connection from UDP: [172.19.2.134]:59641
<30>Sep 15 09:22:48 gnu.linuxserver.test.com snmpd[2999]: Connection from UDP: [172.19.2.134]:42587
<30>Sep 15 09:22:55 gnu.linuxserver.test.com snmpd[9001]: Connection from UDP: [192.168.20.15]:49947
<30>Sep 15 09:23:08 gnu.linuxserver.test.com snmpd[9001]: Connection from UDP: [192.168.20.15]:40700
<30>Sep 15 09:23:18 gnu.linuxserver.test.com snmpd[9001]: Connection from UDP: [192.168.20.15]:42662
<30>Sep 15 09:23:28 gnu.linuxserver.test.com snmpd[9001]: Connection from UDP: [192.168.20.15]:59938
<22>Sep 15 09:23:33 gnu.linuxserver.test.com postfix/smtpd[26407]: disconnect from localhost.localdomain[127.0.0.1]
<12>Sep 15 09:23:36 gnu.linuxserver.test.com sshd: refused connect from localhost.localdomain (::ffff:127.0.0.1)
<30>Sep 15 09:23:40 gnu.linuxserver.test.com snmpd[9001]: Connection from UDP: [192.168.20.15]:45406
<30>Sep 15 09:23:55 gnu.linuxserver.test.com snmpd[9001]: Connection from UDP: [192.168.20.15]:59595
<30>Sep 15 09:24:07 gnu.linuxserver.test.com snmpd[9001]: Connection from UDP: [192.168.20.15]:58717
<30>Sep 15 09:24:19 gnu.linuxserver.test.com snmpd[9001]: Connection from UDP: [192.168.20.15]:55784
<30>Sep 15 09:24:28 gnu.linuxserver.test.com snmpd[9001]: Connection from UDP: [192.168.20.15]:48226
<30>Sep 15 09:24:40 gnu.linuxserver.test.com snmpd[9001]: Connection from UDP: [192.168.20.15]:43400
<12>Sep 15 09:24:45 gnu.linuxserver.test.com sshd: refused connect from localhost.localdomain (::ffff:127.0.0.1)
<30>Sep 15 09:24:56 gnu.linuxserver.test.com snmpd[9001]: Connection from UDP: [192.168.20.15]:56268
<30>Sep 15 09:24:49 gnu.linuxserver.test.com snmpd[4926]: Connection from - 127.0.0.1
<30>Sep 15 09:24:49 gnu.linuxserver.test.com snmpd[4926]: Connection from - 127.0.0.1
<30>Sep 15 09:24:49 gnu.linuxserver.test.com snmpd[4926]: Connection from - 127.0.0.1
<30>Sep 15 09:24:49 gnu.linuxserver.test.com snmpd[4926]: Connection from - 127.0.0.1
<30>Sep 15 09:25:07 gnu.linuxserver.test.com snmpd[9001]: Connection from UDP: [192.168.20.15]:41916
<86>Sep 15 09:25:01 gnu.linuxserver.test.com crond[32290]: pam_unix(system-auth-generic:session): session opened for user root by (uid=0)
<30>Sep 15 09:25:18 gnu.linuxserver.test.com snmpd[9001]: Connection from UDP: [192.168.20.15]:39386
<30>Sep 15 09:25:28 gnu.linuxserver.test.com snmpd[9001]: Connection from UDP: [192.168.20.15]:55210
<12>Sep 15 09:25:24 gnu.linuxserver.test.com sshd: refused connect from audit1-admin.service.emory.net (::ffff:10.230.1.128)
<12>Sep 15 09:25:30 gnu.linuxserver.test.com sshd: refused connect from audit1-admin.service.emory.net (::ffff:10.230.1.128)
<30>Sep 15 09:25:40 gnu.linuxserver.test.com snmpd[9001]: Connection from UDP: [192.168.20.15]:54165
<30>Sep 15 09:25:55 gnu.linuxserver.test.com snmpd[9001]: Connection from UDP: [192.168.20.15]:60520
<12>Sep 15 09:25:50 gnu.linuxserver.test.com sshd: refused connect from localhost.localdomain (::ffff:127.0.0.1)
<30>Sep 15 09:26:07 gnu.linuxserver.test.com snmpd[9001]: Connection from UDP: [192.168.20.15]:35662
<30>Sep 15 09:26:18 gnu.linuxserver.test.com snmpd[9001]: Connection from UDP: [192.168.20.15]:44355
<30>Sep 15 09:26:28 gnu.linuxserver.test.com snmpd[9001]: Connection from UDP: [192.168.20.15]:59170
<30>Sep 15 09:26:40 gnu.linuxserver.test.com snmpd[9001]: Connection from UDP: [192.168.20.15]:47837
<30>Sep 15 09:26:55 gnu.linuxserver.test.com snmpd[9001]: Connection from UDP: [192.168.20.15]:37434
<12>Sep 15 09:26:55 gnu.linuxserver.test.com sshd: refused connect from localhost.localdomain (::ffff:127.0.0.1)
<30>Sep 15 09:27:07 gnu.linuxserver.test.com snmpd[9001]: Connection from UDP: [192.168.20.15]:52472
<30>Sep 15 09:27:18 gnu.linuxserver.test.com snmpd[9001]: Connection from UDP: [192.168.20.15]:37469
<30>Sep 15 09:27:28 gnu.linuxserver.test.com snmpd[9001]: Connection from UDP: [192.168.20.15]:53407
<30>Sep 15 09:27:40 gnu.linuxserver.test.com snmpd[9001]: Connection from UDP: [192.168.20.15]:33730
<30>Sep 15 09:27:41 gnu.linuxserver.test.com snmpd[2999]: Connection from UDP: [172.19.2.134]:39575
<30>Sep 15 09:27:58 gnu.linuxserver.test.com snmpd[9001]: Connection from UDP: [192.168.20.15]:35198
<30>Sep 15 09:27:49 gnu.linuxserver.test.com snmpd[2999]: Connection from UDP: [172.19.2.134]:40193
<30>Sep 15 09:27:49 gnu.linuxserver.test.com snmpd[2999]: Connection from UDP: [172.19.2.134]:52760
<30>Sep 15 09:27:50 gnu.linuxserver.test.com snmpd[2999]: Connection from UDP: [172.19.2.134]:52760
<12>Sep 15 09:28:00 gnu.linuxserver.test.com sshd: refused connect from localhost.localdomain (::ffff:127.0.0.1)
<30>Sep 15 09:28:16 gnu.linuxserver.test.com snmpd[9001]: Connection from UDP: [192.168.20.15]:54097
<30>Sep 15 09:28:25 gnu.linuxserver.test.com snmpd[9001]: Connection from UDP: [192.168.20.15]:41982
<30>Sep 15 09:28:37 gnu.linuxserver.test.com snmpd[9001]: Connection from UDP: [192.168.20.15]:40304
<30>Sep 15 09:28:48 gnu.linuxserver.test.com snmpd[9001]: Connection from UDP: [192.168.20.15]:43227
<30>Sep 15 09:28:58 gnu.linuxserver.test.com snmpd[9001]: Connection from UDP: [192.168.20.15]:41673
<22>Sep 15 09:29:04 gnu.linuxserver.test.com postfix/smtpd[26533]: connect from localhost.localdomain[127.0.0.1]
<22>Sep 15 09:29:04 gnu.linuxserver.test.com postfix/smtpd[26533]: disconnect from localhost.localdomain[127.0.0.1]
<12>Sep 15 09:29:05 gnu.linuxserver.test.com sshd: refused connect from localhost.localdomain (::ffff:127.0.0.1)
<30>Sep 15 09:29:15 gnu.linuxserver.test.com snmpd[9001]: Connection from UDP: [192.168.20.15]:45933
<30>Sep 15 09:29:25 gnu.linuxserver.test.com snmpd[9001]: Connection from UDP: [192.168.20.15]:44915
<30>Sep 15 09:29:28 gnu.linuxserver.test.com snmpd[4926]: Connection from - 127.0.0.1
<30>Sep 15 09:29:28 gnu.linuxserver.test.com snmpd[4926]: Connection from - 127.0.0.1
<30>Sep 15 09:29:28 gnu.linuxserver.test.com snmpd[4926]: Connection from - 127.0.0.1
<30>Sep 15 09:29:37 gnu.linuxserver.test.com snmpd[9001]: Connection from UDP: [192.168.20.15]:53202
<30>Sep 15 09:29:28 gnu.linuxserver.test.com snmpd[4926]: Connection from - 127.0.0.1
<30>Sep 15 09:29:48 gnu.linuxserver.test.com snmpd[9001]: Connection from UDP: [192.168.20.15]:37443
<30>Sep 15 09:29:58 gnu.linuxserver.test.com snmpd[9001]: Connection from UDP: [192.168.20.15]:57087
<86>Sep 15 09:30:01 gnu.linuxserver.test.com crond[910]: pam_unix(system-auth-generic:session): session opened for user root by (uid=0)
<12>Sep 15 09:30:01 gnu.linuxserver.test.com sshd: refused connect from audit1-admin.service.emory.net (::ffff:10.230.1.128)
<30>Sep 15 09:30:15 gnu.linuxserver.test.com snmpd[9001]: Connection from UDP: [192.168.20.15]:57416
<12>Sep 15 09:30:10 gnu.linuxserver.test.com sshd: refused connect from localhost.localdomain (::ffff:127.0.0.1)
<30>Sep 15 09:30:25 gnu.linuxserver.test.com snmpd[9001]: Connection from UDP: [192.168.20.15]:39319
<30>Sep 15 09:30:38 gnu.linuxserver.test.com snmpd[9001]: Connection from UDP: [192.168.20.15]:36562
<12>Sep 15 09:30:30 gnu.linuxserver.test.com sshd: refused connect from audit1-admin.service.emory.net (::ffff:10.230.1.128)
<22>Sep 15 09:30:34 gnu.linuxserver.test.com postfix/smtpd[26533]: connect from localhost.localdomain[127.0.0.1]
<22>Sep 15 09:30:34 gnu.linuxserver.test.com postfix/smtpd[26533]: disconnect from localhost.localdomain[127.0.0.1]
<22>Sep 15 09:30:34 gnu.linuxserver.test.com postfix/smtpd[26533]: connect from localhost.localdomain[127.0.0.1]
<22>Sep 15 09:30:34 gnu.linuxserver.test.com postfix/smtpd[26533]: disconnect from localhost.localdomain[127.0.0.1]
<30>Sep 15 09:30:48 gnu.linuxserver.test.com snmpd[9001]: Connection from UDP: [192.168.20.15]:34987
<30>Sep 15 09:30:58 gnu.linuxserver.test.com snmpd[9001]: Connection from UDP: [192.168.20.15]:44872
<30>Sep 15 09:31:15 gnu.linuxserver.test.com snmpd[9001]: Connection from UDP: [192.168.20.15]:39321
<12>Sep 15 09:31:15 gnu.linuxserver.test.com sshd: refused connect from localhost.localdomain (::ffff:127.0.0.1)
<30>Sep 15 09:31:25 gnu.linuxserver.test.com snmpd[9001]: Connection from UDP: [192.168.20.15]:50222
<36>Sep 15 09:31:23 gnu.linuxserver.test.com portmap[23559]: connect from 170.140.30.149 to getport(portmapper): request from unauthorized host
<36>Sep 15 09:31:23 gnu.linuxserver.test.com portmap[23560]: connect from 170.140.30.149 to getport(200100001): request from unauthorized host
<30>Sep 15 09:31:37 gnu.linuxserver.test.com snmpd[9001]: Connection from UDP: [192.168.20.15]:35470
<22>Sep 15 09:31:34 gnu.linuxserver.test.com postfix/smtpd[26533]: disconnect from localhost.localdomain[127.0.0.1]
<30>Sep 15 09:31:48 gnu.linuxserver.test.com snmpd[9001]: Connection from UDP: [192.168.20.15]:53246
<30>Sep 15 09:31:58 gnu.linuxserver.test.com snmpd[9001]: Connection from UDP: [192.168.20.15]:33539
<86>Sep 15 09:32:02 gnu.linuxserver.test.com sshd[23968]: Failed password for invalid user root from ::ffff:170.140.30.149 port 35871 ssh2
<86>Sep 15 09:32:04 gnu.linuxserver.test.com sshd[23997]: Failed password for invalid user root from ::ffff:170.140.30.149 port 35903 ssh2
<86>Sep 15 09:32:04 gnu.linuxserver.test.com sshd[24001]: Failed password for invalid user root from ::ffff:170.140.30.149 port 35906 ssh2
<86>Sep 15 09:32:07 gnu.linuxserver.test.com sshd[24039]: Failed password for invalid user root from ::ffff:170.140.30.149 port 35940 ssh2
<30>Sep 15 09:32:15 gnu.linuxserver.test.com snmpd[9001]: Connection from UDP: [192.168.20.15]:37319
<86>Sep 15 09:32:12 gnu.linuxserver.test.com sshd[24132]: Failed password for invalid user __user from ::ffff:170.140.30.149 port 36306 ssh2
<86>Sep 15 09:32:14 gnu.linuxserver.test.com sshd[24152]: Failed password for invalid user __super from ::ffff:170.140.30.149 port 36475 ssh2
<30>Sep 15 09:32:25 gnu.linuxserver.test.com snmpd[9001]: Connection from UDP: [192.168.20.15]:46828
<86>Sep 15 09:32:16 gnu.linuxserver.test.com sshd[24173]: Failed password for invalid user root from ::ffff:170.140.30.149 port 36770 ssh2
<36>Sep 15 09:32:19 gnu.linuxserver.test.com portmap[24264]: connect from 170.140.30.149 to getport(ypupdated): request from unauthorized host
<36>Sep 15 09:32:19 gnu.linuxserver.test.com portmap[24265]: connect from 170.140.30.149 to getport(ypupdated): request from unauthorized host
<12>Sep 15 09:32:20 gnu.linuxserver.test.com sshd: refused connect from localhost.localdomain (::ffff:127.0.0.1)
<30>Sep 15 09:32:37 gnu.linuxserver.test.com snmpd[9001]: Connection from UDP: [192.168.20.15]:56859
<30>Sep 15 09:32:48 gnu.linuxserver.test.com snmpd[9001]: Connection from UDP: [192.168.20.15]:36070
<30>Sep 15 09:32:41 gnu.linuxserver.test.com snmpd[2999]: Connection from UDP: [172.19.2.134]:52417
<30>Sep 15 09:32:43 gnu.linuxserver.test.com snmpd[2999]: Connection from UDP: [172.19.2.134]:54858
<30>Sep 15 09:32:43 gnu.linuxserver.test.com snmpd[2999]: Connection from UDP: [172.19.2.134]:47386
<30>Sep 15 09:32:44 gnu.linuxserver.test.com snmpd[2999]: Connection from UDP: [172.19.2.134]:52417
<30>Sep 15 09:32:58 gnu.linuxserver.test.com snmpd[9001]: Connection from UDP: [192.168.20.15]:35898
<30>Sep 15 09:33:16 gnu.linuxserver.test.com snmpd[9001]: Connection from UDP: [192.168.20.15]:34127
<30>Sep 15 09:33:26 gnu.linuxserver.test.com snmpd[9001]: Connection from UDP: [192.168.20.15]:47204
<12>Sep 15 09:33:25 gnu.linuxserver.test.com sshd: refused connect from localhost.localdomain (::ffff:127.0.0.1)
<30>Sep 15 09:33:37 gnu.linuxserver.test.com snmpd[9001]: Connection from UDP: [192.168.20.15]:55452
<22>Sep 15 09:33:34 gnu.linuxserver.test.com postfix/smtpd[26635]: connect from localhost.localdomain[127.0.0.1]
<22>Sep 15 09:33:34 gnu.linuxserver.test.com postfix/smtpd[26635]: disconnect from localhost.localdomain[127.0.0.1]
<30>Sep 15 09:33:48 gnu.linuxserver.test.com snmpd[9001]: Connection from UDP: [192.168.20.15]:44994
<30>Sep 15 09:33:58 gnu.linuxserver.test.com snmpd[9001]: Connection from UDP: [192.168.20.15]:58418
<22>Sep 15 09:34:04 gnu.linuxserver.test.com postfix/smtpd[26635]: connect from localhost.localdomain[127.0.0.1]
<22>Sep 15 09:34:05 gnu.linuxserver.test.com postfix/smtpd[26635]: disconnect from localhost.localdomain[127.0.0.1]
<30>Sep 15 09:34:16 gnu.linuxserver.test.com snmpd[9001]: Connection from UDP: [192.168.20.15]:54465
<30>Sep 15 09:34:25 gnu.linuxserver.test.com snmpd[9001]: Connection from UDP: [192.168.20.15]:56851
<30>Sep 15 09:34:28 gnu.linuxserver.test.com snmpd[4926]: Connection from - 127.0.0.1
<30>Sep 15 09:34:28 gnu.linuxserver.test.com snmpd[4926]: Connection from - 127.0.0.1
<30>Sep 15 09:34:28 gnu.linuxserver.test.com snmpd[4926]: Connection from - 127.0.0.1
<30>Sep 15 09:34:28 gnu.linuxserver.test.com snmpd[4926]: Connection from - 127.0.0.1
<30>Sep 15 09:34:38 gnu.linuxserver.test.com snmpd[9001]: Connection from UDP: [192.168.20.15]:44191
<12>Sep 15 09:34:30 gnu.linuxserver.test.com sshd: refused connect from localhost.localdomain (::ffff:127.0.0.1)
<22>Sep 15 09:34:35 gnu.linuxserver.test.com postfix/smtpd[26635]: disconnect from localhost.localdomain[127.0.0.1]
