<30>Sep 15 12:38:37 gnu.linuxserver.test.com snmpd[9001]: Connection from UDP: [192.168.20.15]:43854
<30>Sep 15 12:38:48 gnu.linuxserver.test.com snmpd[9001]: Connection from UDP: [192.168.20.15]:58778
<30>Sep 15 12:38:58 gnu.linuxserver.test.com snmpd[9001]: Connection from UDP: [192.168.20.15]:59366
<30>Sep 15 12:39:15 gnu.linuxserver.test.com snmpd[9001]: Connection from UDP: [192.168.20.15]:36833
<30>Sep 15 12:39:25 gnu.linuxserver.test.com snmpd[9001]: Connection from UDP: [192.168.20.15]:54219
<86>Sep 15 12:39:17 gnu.linuxserver.test.com sshd[759]: Failed password for dgottsc from 10.110.1.19 port 4365 ssh2
<30>Sep 15 12:39:28 gnu.linuxserver.test.com snmpd[4926]: Connection from - 127.0.0.1
<30>Sep 15 12:39:28 gnu.linuxserver.test.com snmpd[4926]: Connection from - 127.0.0.1
<30>Sep 15 12:39:28 gnu.linuxserver.test.com snmpd[4926]: Connection from - 127.0.0.1
<30>Sep 15 12:39:28 gnu.linuxserver.test.com snmpd[4926]: Connection from - 127.0.0.1
<30>Sep 15 12:39:37 gnu.linuxserver.test.com snmpd[9001]: Connection from UDP: [192.168.20.15]:50629
<12>Sep 15 12:39:32 gnu.linuxserver.test.com sshd: refused connect from localhost.localdomain (::ffff:127.0.0.1)
<22>Sep 15 12:39:38 gnu.linuxserver.test.com postfix/smtpd[31323]: connect from localhost.localdomain[127.0.0.1]
<22>Sep 15 12:39:38 gnu.linuxserver.test.com postfix/smtpd[31323]: disconnect from localhost.localdomain[127.0.0.1]
<22>Sep 15 12:39:38 gnu.linuxserver.test.com postfix/smtpd[31323]: connect from localhost.localdomain[127.0.0.1]
<22>Sep 15 12:39:38 gnu.linuxserver.test.com postfix/smtpd[31323]: disconnect from localhost.localdomain[127.0.0.1]
<30>Sep 15 12:39:49 gnu.linuxserver.test.com snmpd[9001]: Connection from UDP: [192.168.20.15]:51756
<30>Sep 15 12:39:58 gnu.linuxserver.test.com snmpd[9001]: Connection from UDP: [192.168.20.15]:45488
<12>Sep 15 12:40:01 gnu.linuxserver.test.com sshd: refused connect from audit1-admin.service.emory.net (::ffff:10.230.1.128)
<86>Sep 15 12:40:01 gnu.linuxserver.test.com crond[22710]: pam_unix(system-auth-generic:session): session opened for user root by (uid=0)
<30>Sep 15 12:40:16 gnu.linuxserver.test.com snmpd[9001]: Connection from UDP: [192.168.20.15]:37763
<30>Sep 15 12:40:25 gnu.linuxserver.test.com snmpd[9001]: Connection from UDP: [192.168.20.15]:58031
<30>Sep 15 12:40:37 gnu.linuxserver.test.com snmpd[9001]: Connection from UDP: [192.168.20.15]:44225
<12>Sep 15 12:40:30 gnu.linuxserver.test.com sshd: refused connect from audit1-admin.service.emory.net (::ffff:10.230.1.128)
<12>Sep 15 12:40:36 gnu.linuxserver.test.com sshd: refused connect from localhost.localdomain (::ffff:127.0.0.1)
<22>Sep 15 12:40:38 gnu.linuxserver.test.com postfix/smtpd[31323]: connect from localhost.localdomain[127.0.0.1]
<22>Sep 15 12:40:38 gnu.linuxserver.test.com postfix/smtpd[31323]: disconnect from localhost.localdomain[127.0.0.1]
<22>Sep 15 12:40:38 gnu.linuxserver.test.com postfix/smtpd[31323]: connect from localhost.localdomain[127.0.0.1]
<22>Sep 15 12:40:38 gnu.linuxserver.test.com postfix/smtpd[31323]: disconnect from localhost.localdomain[127.0.0.1]
<30>Sep 15 12:40:48 gnu.linuxserver.test.com snmpd[9001]: Connection from UDP: [192.168.20.15]:43307
<30>Sep 15 12:40:58 gnu.linuxserver.test.com snmpd[9001]: Connection from UDP: [192.168.20.15]:34569
<12>Sep 15 12:41:05 gnu.linuxserver.test.com sshd: refused connect from audit1-admin.service.emory.net (::ffff:10.230.1.128)
<30>Sep 15 12:41:15 gnu.linuxserver.test.com snmpd[9001]: Connection from UDP: [192.168.20.15]:43125
<22>Sep 15 12:41:08 gnu.linuxserver.test.com postfix/smtpd[31323]: disconnect from localhost.localdomain[127.0.0.1]
<30>Sep 15 12:41:25 gnu.linuxserver.test.com snmpd[9001]: Connection from UDP: [192.168.20.15]:46757
<30>Sep 15 12:41:37 gnu.linuxserver.test.com snmpd[9001]: Connection from UDP: [192.168.20.15]:36078
<30>Sep 15 12:41:49 gnu.linuxserver.test.com snmpd[9001]: Connection from UDP: [192.168.20.15]:46954
<12>Sep 15 12:41:41 gnu.linuxserver.test.com sshd: refused connect from localhost.localdomain (::ffff:127.0.0.1)
<30>Sep 15 12:41:58 gnu.linuxserver.test.com snmpd[9001]: Connection from UDP: [192.168.20.15]:33962
<30>Sep 15 12:42:16 gnu.linuxserver.test.com snmpd[9001]: Connection from UDP: [192.168.20.15]:51546
<30>Sep 15 12:42:25 gnu.linuxserver.test.com snmpd[9001]: Connection from UDP: [192.168.20.15]:53227
<30>Sep 15 12:42:37 gnu.linuxserver.test.com snmpd[9001]: Connection from UDP: [192.168.20.15]:36069
<22>Sep 15 12:42:39 gnu.linuxserver.test.com postfix/smtpd[31323]: connect from localhost.localdomain[127.0.0.1]
<22>Sep 15 12:42:39 gnu.linuxserver.test.com postfix/smtpd[31323]: disconnect from localhost.localdomain[127.0.0.1]
<30>Sep 15 12:42:48 gnu.linuxserver.test.com snmpd[9001]: Connection from UDP: [192.168.20.15]:40709
<30>Sep 15 12:42:41 gnu.linuxserver.test.com snmpd[2999]: Connection from UDP: [172.19.2.134]:58509
<30>Sep 15 12:42:44 gnu.linuxserver.test.com snmpd[2999]: Connection from UDP: [172.19.2.134]:45894
<30>Sep 15 12:42:44 gnu.linuxserver.test.com snmpd[2999]: Connection from UDP: [172.19.2.134]:51011
<30>Sep 15 12:42:45 gnu.linuxserver.test.com snmpd[2999]: Connection from UDP: [172.19.2.134]:55974
<12>Sep 15 12:42:46 gnu.linuxserver.test.com sshd: refused connect from localhost.localdomain (::ffff:127.0.0.1)
<30>Sep 15 12:42:58 gnu.linuxserver.test.com snmpd[9001]: Connection from UDP: [192.168.20.15]:36169
<30>Sep 15 12:43:15 gnu.linuxserver.test.com snmpd[9001]: Connection from UDP: [192.168.20.15]:34090
<30>Sep 15 12:43:26 gnu.linuxserver.test.com snmpd[9001]: Connection from UDP: [192.168.20.15]:57197
<30>Sep 15 12:43:37 gnu.linuxserver.test.com snmpd[9001]: Connection from UDP: [192.168.20.15]:59656
<30>Sep 15 12:43:48 gnu.linuxserver.test.com snmpd[9001]: Connection from UDP: [192.168.20.15]:57527
<30>Sep 15 12:43:58 gnu.linuxserver.test.com snmpd[9001]: Connection from UDP: [192.168.20.15]:33474
<12>Sep 15 12:43:51 gnu.linuxserver.test.com sshd: refused connect from localhost.localdomain (::ffff:127.0.0.1)
<30>Sep 15 12:44:16 gnu.linuxserver.test.com snmpd[9001]: Connection from UDP: [192.168.20.15]:37651
<30>Sep 15 12:44:25 gnu.linuxserver.test.com snmpd[9001]: Connection from UDP: [192.168.20.15]:50107
<30>Sep 15 12:44:38 gnu.linuxserver.test.com snmpd[9001]: Connection from UDP: [192.168.20.15]:38757
<30>Sep 15 12:44:31 gnu.linuxserver.test.com snmpd[4926]: Connection from - 127.0.0.1
<30>Sep 15 12:44:31 gnu.linuxserver.test.com snmpd[4926]: Connection from - 127.0.0.1
<30>Sep 15 12:44:31 gnu.linuxserver.test.com snmpd[4926]: Connection from - 127.0.0.1
<30>Sep 15 12:44:31 gnu.linuxserver.test.com snmpd[4926]: Connection from - 127.0.0.1
<22>Sep 15 12:44:39 gnu.linuxserver.test.com postfix/smtpd[31452]: connect from localhost.localdomain[127.0.0.1]
<22>Sep 15 12:44:39 gnu.linuxserver.test.com postfix/smtpd[31452]: disconnect from localhost.localdomain[127.0.0.1]
<30>Sep 15 12:44:48 gnu.linuxserver.test.com snmpd[9001]: Connection from UDP: [192.168.20.15]:34282
<30>Sep 15 12:44:58 gnu.linuxserver.test.com snmpd[9001]: Connection from UDP: [192.168.20.15]:48551
<12>Sep 15 12:44:56 gnu.linuxserver.test.com sshd: refused connect from localhost.localdomain (::ffff:127.0.0.1)
<86>Sep 15 12:45:01 gnu.linuxserver.test.com crond[23744]: pam_unix(system-auth-generic:session): session opened for user root by (uid=0)
<30>Sep 15 12:45:15 gnu.linuxserver.test.com snmpd[9001]: Connection from UDP: [192.168.20.15]:50655
<30>Sep 15 12:45:25 gnu.linuxserver.test.com snmpd[9001]: Connection from UDP: [192.168.20.15]:49791
<86>Sep 15 12:45:25 gnu.linuxserver.test.com sshd[29191]: Failed password for bander7 from ::ffff:10.110.1.28 port 55133 ssh2
<30>Sep 15 12:45:37 gnu.linuxserver.test.com snmpd[9001]: Connection from UDP: [192.168.20.15]:43531
<12>Sep 15 12:45:30 gnu.linuxserver.test.com sshd: refused connect from audit1-admin.service.emory.net (::ffff:10.230.1.128)
<22>Sep 15 12:45:39 gnu.linuxserver.test.com postfix/smtpd[31452]: connect from localhost.localdomain[127.0.0.1]
<22>Sep 15 12:45:39 gnu.linuxserver.test.com postfix/smtpd[31452]: disconnect from localhost.localdomain[127.0.0.1]
<30>Sep 15 12:45:48 gnu.linuxserver.test.com snmpd[9001]: Connection from UDP: [192.168.20.15]:53170
<30>Sep 15 12:45:58 gnu.linuxserver.test.com snmpd[9001]: Connection from UDP: [192.168.20.15]:57311
<12>Sep 15 12:46:01 gnu.linuxserver.test.com sshd: refused connect from localhost.localdomain (::ffff:127.0.0.1)
<30>Sep 15 12:46:16 gnu.linuxserver.test.com snmpd[9001]: Connection from UDP: [192.168.20.15]:52628
<30>Sep 15 12:46:25 gnu.linuxserver.test.com snmpd[9001]: Connection from UDP: [192.168.20.15]:50224
<30>Sep 15 12:46:37 gnu.linuxserver.test.com snmpd[9001]: Connection from UDP: [192.168.20.15]:44152
<30>Sep 15 12:46:48 gnu.linuxserver.test.com snmpd[9001]: Connection from UDP: [192.168.20.15]:49224
<30>Sep 15 12:46:58 gnu.linuxserver.test.com snmpd[9001]: Connection from UDP: [192.168.20.15]:38783
<12>Sep 15 12:47:06 gnu.linuxserver.test.com sshd: refused connect from localhost.localdomain (::ffff:127.0.0.1)
<30>Sep 15 12:47:16 gnu.linuxserver.test.com snmpd[9001]: Connection from UDP: [192.168.20.15]:40457
<22>Sep 15 12:47:09 gnu.linuxserver.test.com postfix/smtpd[31452]: connect from localhost.localdomain[127.0.0.1]
<22>Sep 15 12:47:09 gnu.linuxserver.test.com postfix/smtpd[31452]: disconnect from localhost.localdomain[127.0.0.1]
<22>Sep 15 12:47:09 gnu.linuxserver.test.com postfix/smtpd[31452]: connect from localhost.localdomain[127.0.0.1]
<22>Sep 15 12:47:09 gnu.linuxserver.test.com postfix/smtpd[31452]: disconnect from localhost.localdomain[127.0.0.1]
<30>Sep 15 12:47:25 gnu.linuxserver.test.com snmpd[9001]: Connection from UDP: [192.168.20.15]:55230
<30>Sep 15 12:47:37 gnu.linuxserver.test.com snmpd[9001]: Connection from UDP: [192.168.20.15]:43718
<30>Sep 15 12:47:48 gnu.linuxserver.test.com snmpd[9001]: Connection from UDP: [192.168.20.15]:44111
<30>Sep 15 12:47:41 gnu.linuxserver.test.com snmpd[2999]: Connection from UDP: [172.19.2.134]:58504
<30>Sep 15 12:47:45 gnu.linuxserver.test.com snmpd[2999]: Connection from UDP: [172.19.2.134]:60069
<30>Sep 15 12:47:45 gnu.linuxserver.test.com snmpd[2999]: Connection from UDP: [172.19.2.134]:54725
<30>Sep 15 12:47:46 gnu.linuxserver.test.com snmpd[2999]: Connection from UDP: [172.19.2.134]:45101
<30>Sep 15 12:47:58 gnu.linuxserver.test.com snmpd[9001]: Connection from UDP: [192.168.20.15]:44751
<30>Sep 15 12:48:16 gnu.linuxserver.test.com snmpd[9001]: Connection from UDP: [192.168.20.15]:58177
<22>Sep 15 12:48:10 gnu.linuxserver.test.com postfix/smtpd[31452]: disconnect from localhost.localdomain[127.0.0.1]
<12>Sep 15 12:48:11 gnu.linuxserver.test.com sshd: refused connect from localhost.localdomain (::ffff:127.0.0.1)
<30>Sep 15 12:48:26 gnu.linuxserver.test.com snmpd[9001]: Connection from UDP: [192.168.20.15]:42622
<30>Sep 15 12:48:37 gnu.linuxserver.test.com snmpd[9001]: Connection from UDP: [192.168.20.15]:38481
<30>Sep 15 12:48:48 gnu.linuxserver.test.com snmpd[9001]: Connection from UDP: [192.168.20.15]:43227
<30>Sep 15 12:48:58 gnu.linuxserver.test.com snmpd[9001]: Connection from UDP: [192.168.20.15]:33858
<30>Sep 15 12:49:16 gnu.linuxserver.test.com snmpd[9001]: Connection from UDP: [192.168.20.15]:57335
<12>Sep 15 12:49:16 gnu.linuxserver.test.com sshd: refused connect from localhost.localdomain (::ffff:127.0.0.1)
<30>Sep 15 12:49:25 gnu.linuxserver.test.com snmpd[9001]: Connection from UDP: [192.168.20.15]:52343
<30>Sep 15 12:49:38 gnu.linuxserver.test.com snmpd[9001]: Connection from UDP: [192.168.20.15]:36471
<30>Sep 15 12:49:34 gnu.linuxserver.test.com snmpd[4926]: Connection from - 127.0.0.1
<30>Sep 15 12:49:34 gnu.linuxserver.test.com snmpd[4926]: Connection from - 127.0.0.1
<30>Sep 15 12:49:34 gnu.linuxserver.test.com snmpd[4926]: Connection from - 127.0.0.1
<30>Sep 15 12:49:34 gnu.linuxserver.test.com snmpd[4926]: Connection from - 127.0.0.1
<30>Sep 15 12:49:48 gnu.linuxserver.test.com snmpd[9001]: Connection from UDP: [192.168.20.15]:58365
<30>Sep 15 12:49:58 gnu.linuxserver.test.com snmpd[9001]: Connection from UDP: [192.168.20.15]:46476
<12>Sep 15 12:50:01 gnu.linuxserver.test.com sshd: refused connect from audit1-admin.service.emory.net (::ffff:10.230.1.128)
<86>Sep 15 12:50:02 gnu.linuxserver.test.com crond[24822]: pam_unix(system-auth-generic:session): session opened for user root by (uid=0)
<30>Sep 15 12:50:15 gnu.linuxserver.test.com snmpd[9001]: Connection from UDP: [192.168.20.15]:38949
<30>Sep 15 12:50:25 gnu.linuxserver.test.com snmpd[9001]: Connection from UDP: [192.168.20.15]:54009
<12>Sep 15 12:50:21 gnu.linuxserver.test.com sshd: refused connect from localhost.localdomain (::ffff:127.0.0.1)
<30>Sep 15 12:50:37 gnu.linuxserver.test.com snmpd[9001]: Connection from UDP: [192.168.20.15]:50173
<12>Sep 15 12:50:30 gnu.linuxserver.test.com sshd: refused connect from audit1-admin.service.emory.net (::ffff:10.230.1.128)
<30>Sep 15 12:50:48 gnu.linuxserver.test.com snmpd[9001]: Connection from UDP: [192.168.20.15]:40529
<30>Sep 15 12:50:58 gnu.linuxserver.test.com snmpd[9001]: Connection from UDP: [192.168.20.15]:51146
<30>Sep 15 12:51:15 gnu.linuxserver.test.com snmpd[9001]: Connection from UDP: [192.168.20.15]:51731
<22>Sep 15 12:51:10 gnu.linuxserver.test.com postfix/smtpd[31612]: connect from localhost.localdomain[127.0.0.1]
<22>Sep 15 12:51:10 gnu.linuxserver.test.com postfix/smtpd[31612]: disconnect from localhost.localdomain[127.0.0.1]
<30>Sep 15 12:51:25 gnu.linuxserver.test.com snmpd[9001]: Connection from UDP: [192.168.20.15]:56998
<30>Sep 15 12:51:37 gnu.linuxserver.test.com snmpd[9001]: Connection from UDP: [192.168.20.15]:51897
<12>Sep 15 12:51:32 gnu.linuxserver.test.com sshd: refused connect from localhost.localdomain (::ffff:127.0.0.1)
<30>Sep 15 12:51:48 gnu.linuxserver.test.com snmpd[9001]: Connection from UDP: [192.168.20.15]:52732
<30>Sep 15 12:51:58 gnu.linuxserver.test.com snmpd[9001]: Connection from UDP: [192.168.20.15]:43411
<86>Sep 15 12:51:56 gnu.linuxserver.test.com sshd[29176]: Failed password for oracle from ::ffff:10.110.2.251 port 49892 ssh2
<30>Sep 15 12:52:16 gnu.linuxserver.test.com snmpd[9001]: Connection from UDP: [192.168.20.15]:45090
<22>Sep 15 12:52:10 gnu.linuxserver.test.com postfix/smtpd[31612]: connect from localhost.localdomain[127.0.0.1]
<22>Sep 15 12:52:10 gnu.linuxserver.test.com postfix/smtpd[31612]: disconnect from localhost.localdomain[127.0.0.1]
<30>Sep 15 12:52:25 gnu.linuxserver.test.com snmpd[9001]: Connection from UDP: [192.168.20.15]:53354
<30>Sep 15 12:52:37 gnu.linuxserver.test.com snmpd[9001]: Connection from UDP: [192.168.20.15]:47187
<30>Sep 15 12:52:48 gnu.linuxserver.test.com snmpd[9001]: Connection from UDP: [192.168.20.15]:40030
<12>Sep 15 12:52:40 gnu.linuxserver.test.com sshd: refused connect from localhost.localdomain (::ffff:127.0.0.1)
<30>Sep 15 12:52:42 gnu.linuxserver.test.com snmpd[2999]: Connection from UDP: [172.19.2.134]:54776
<30>Sep 15 12:52:46 gnu.linuxserver.test.com snmpd[2999]: Connection from UDP: [172.19.2.134]:41659
<30>Sep 15 12:52:46 gnu.linuxserver.test.com snmpd[2999]: Connection from UDP: [172.19.2.134]:59537
<30>Sep 15 12:52:47 gnu.linuxserver.test.com snmpd[2999]: Connection from UDP: [172.19.2.134]:41727
<30>Sep 15 12:52:58 gnu.linuxserver.test.com snmpd[9001]: Connection from UDP: [192.168.20.15]:34172
<30>Sep 15 12:53:16 gnu.linuxserver.test.com snmpd[9001]: Connection from UDP: [192.168.20.15]:46890
<30>Sep 15 12:53:25 gnu.linuxserver.test.com snmpd[9001]: Connection from UDP: [192.168.20.15]:51531
<30>Sep 15 12:53:37 gnu.linuxserver.test.com snmpd[9001]: Connection from UDP: [192.168.20.15]:33630
<30>Sep 15 12:53:48 gnu.linuxserver.test.com snmpd[9001]: Connection from UDP: [192.168.20.15]:45404
<22>Sep 15 12:53:40 gnu.linuxserver.test.com postfix/smtpd[31612]: connect from localhost.localdomain[127.0.0.1]
<22>Sep 15 12:53:40 gnu.linuxserver.test.com postfix/smtpd[31612]: disconnect from localhost.localdomain[127.0.0.1]
<12>Sep 15 12:53:45 gnu.linuxserver.test.com sshd: refused connect from localhost.localdomain (::ffff:127.0.0.1)
<30>Sep 15 12:53:58 gnu.linuxserver.test.com snmpd[9001]: Connection from UDP: [192.168.20.15]:57000
<30>Sep 15 12:54:16 gnu.linuxserver.test.com snmpd[9001]: Connection from UDP: [192.168.20.15]:60641
<30>Sep 15 12:54:25 gnu.linuxserver.test.com snmpd[9001]: Connection from UDP: [192.168.20.15]:54777
<30>Sep 15 12:54:37 gnu.linuxserver.test.com snmpd[9001]: Connection from UDP: [192.168.20.15]:52713
<30>Sep 15 12:54:48 gnu.linuxserver.test.com snmpd[9001]: Connection from UDP: [192.168.20.15]:53222
<30>Sep 15 12:54:40 gnu.linuxserver.test.com snmpd[4926]: Connection from - 127.0.0.1
<30>Sep 15 12:54:40 gnu.linuxserver.test.com snmpd[4926]: Connection from - 127.0.0.1
<30>Sep 15 12:54:40 gnu.linuxserver.test.com snmpd[4926]: Connection from - 127.0.0.1
<30>Sep 15 12:54:40 gnu.linuxserver.test.com snmpd[4926]: Connection from - 127.0.0.1
<30>Sep 15 12:54:58 gnu.linuxserver.test.com snmpd[9001]: Connection from UDP: [192.168.20.15]:41918
<12>Sep 15 12:54:50 gnu.linuxserver.test.com sshd: refused connect from localhost.localdomain (::ffff:127.0.0.1)
<86>Sep 15 12:55:01 gnu.linuxserver.test.com crond[25911]: pam_unix(system-auth-generic:session): session opened for user root by (uid=0)
<30>Sep 15 12:55:15 gnu.linuxserver.test.com snmpd[9001]: Connection from UDP: [192.168.20.15]:48609
<30>Sep 15 12:55:25 gnu.linuxserver.test.com snmpd[9001]: Connection from UDP: [192.168.20.15]:54252
<12>Sep 15 12:55:25 gnu.linuxserver.test.com sshd: refused connect from audit1-admin.service.emory.net (::ffff:10.230.1.128)
<30>Sep 15 12:55:37 gnu.linuxserver.test.com snmpd[9001]: Connection from UDP: [192.168.20.15]:52530
<12>Sep 15 12:55:30 gnu.linuxserver.test.com sshd: refused connect from audit1-admin.service.emory.net (::ffff:10.230.1.128)
<30>Sep 15 12:55:48 gnu.linuxserver.test.com snmpd[9001]: Connection from UDP: [192.168.20.15]:59474
<30>Sep 15 12:55:58 gnu.linuxserver.test.com snmpd[9001]: Connection from UDP: [192.168.20.15]:55813
<12>Sep 15 12:55:55 gnu.linuxserver.test.com sshd: refused connect from localhost.localdomain (::ffff:127.0.0.1)
<30>Sep 15 12:56:16 gnu.linuxserver.test.com snmpd[9001]: Connection from UDP: [192.168.20.15]:33918
<22>Sep 15 12:56:11 gnu.linuxserver.test.com postfix/smtpd[31734]: connect from localhost.localdomain[127.0.0.1]
<22>Sep 15 12:56:11 gnu.linuxserver.test.com postfix/smtpd[31734]: disconnect from localhost.localdomain[127.0.0.1]
<22>Sep 15 12:56:11 gnu.linuxserver.test.com postfix/smtpd[31734]: connect from localhost.localdomain[127.0.0.1]
<22>Sep 15 12:56:11 gnu.linuxserver.test.com postfix/smtpd[31734]: disconnect from localhost.localdomain[127.0.0.1]
<30>Sep 15 12:56:26 gnu.linuxserver.test.com snmpd[9001]: Connection from UDP: [192.168.20.15]:35207
<30>Sep 15 12:56:38 gnu.linuxserver.test.com snmpd[9001]: Connection from UDP: [192.168.20.15]:52856
<30>Sep 15 12:56:48 gnu.linuxserver.test.com snmpd[9001]: Connection from UDP: [192.168.20.15]:49704
<30>Sep 15 12:56:58 gnu.linuxserver.test.com snmpd[9001]: Connection from UDP: [192.168.20.15]:54949
<12>Sep 15 12:57:00 gnu.linuxserver.test.com sshd: refused connect from localhost.localdomain (::ffff:127.0.0.1)
<30>Sep 15 12:57:15 gnu.linuxserver.test.com snmpd[9001]: Connection from UDP: [192.168.20.15]:35480
<30>Sep 15 12:57:25 gnu.linuxserver.test.com snmpd[9001]: Connection from UDP: [192.168.20.15]:33111
<30>Sep 15 12:57:37 gnu.linuxserver.test.com snmpd[9001]: Connection from UDP: [192.168.20.15]:50023
<30>Sep 15 12:57:48 gnu.linuxserver.test.com snmpd[9001]: Connection from UDP: [192.168.20.15]:38813
<30>Sep 15 12:57:41 gnu.linuxserver.test.com snmpd[2999]: Connection from UDP: [172.19.2.134]:33905
<30>Sep 15 12:57:46 gnu.linuxserver.test.com snmpd[2999]: Connection from UDP: [172.19.2.134]:57296
<30>Sep 15 12:57:46 gnu.linuxserver.test.com snmpd[2999]: Connection from UDP: [172.19.2.134]:37917
<30>Sep 15 12:57:46 gnu.linuxserver.test.com snmpd[2999]: Connection from UDP: [172.19.2.134]:36236
<30>Sep 15 12:57:58 gnu.linuxserver.test.com snmpd[9001]: Connection from UDP: [192.168.20.15]:59163
<30>Sep 15 12:58:16 gnu.linuxserver.test.com snmpd[9001]: Connection from UDP: [192.168.20.15]:47107
<30>Sep 15 12:58:26 gnu.linuxserver.test.com snmpd[9001]: Connection from UDP: [192.168.20.15]:52511
<30>Sep 15 12:58:37 gnu.linuxserver.test.com snmpd[9001]: Connection from UDP: [192.168.20.15]:35652
<30>Sep 15 12:58:49 gnu.linuxserver.test.com snmpd[9001]: Connection from UDP: [192.168.20.15]:49168
<30>Sep 15 12:58:58 gnu.linuxserver.test.com snmpd[9001]: Connection from UDP: [192.168.20.15]:58391
<30>Sep 15 12:59:16 gnu.linuxserver.test.com snmpd[9001]: Connection from UDP: [192.168.20.15]:37991
<12>Sep 15 12:59:10 gnu.linuxserver.test.com sshd: refused connect from localhost.localdomain (::ffff:127.0.0.1)
<22>Sep 15 12:59:11 gnu.linuxserver.test.com postfix/smtpd[31809]: connect from localhost.localdomain[127.0.0.1]
<22>Sep 15 12:59:11 gnu.linuxserver.test.com postfix/smtpd[31809]: disconnect from localhost.localdomain[127.0.0.1]
<30>Sep 15 12:59:25 gnu.linuxserver.test.com snmpd[9001]: Connection from UDP: [192.168.20.15]:58479
<30>Sep 15 12:59:37 gnu.linuxserver.test.com snmpd[9001]: Connection from UDP: [192.168.20.15]:44106
<30>Sep 15 12:59:48 gnu.linuxserver.test.com snmpd[9001]: Connection from UDP: [192.168.20.15]:58191
<30>Sep 15 12:59:50 gnu.linuxserver.test.com snmpd[4926]: Connection from - 127.0.0.1
<30>Sep 15 12:59:50 gnu.linuxserver.test.com snmpd[4926]: Connection from - 127.0.0.1
<30>Sep 15 12:59:50 gnu.linuxserver.test.com snmpd[4926]: Connection from - 127.0.0.1
<30>Sep 15 12:59:50 gnu.linuxserver.test.com snmpd[4926]: Connection from - 127.0.0.1
<30>Sep 15 12:59:58 gnu.linuxserver.test.com snmpd[9001]: Connection from UDP: [192.168.20.15]:49016
<86>Sep 15 13:00:01 gnu.linuxserver.test.com crond[26987]: pam_unix(system-auth-generic:session): session opened for user root by (uid=0)
<12>Sep 15 13:00:01 gnu.linuxserver.test.com sshd: refused connect from audit1-admin.service.emory.net (::ffff:10.230.1.128)
<30>Sep 15 13:00:15 gnu.linuxserver.test.com snmpd[9001]: Connection from UDP: [192.168.20.15]:54974
<12>Sep 15 13:00:15 gnu.linuxserver.test.com sshd: refused connect from localhost.localdomain (::ffff:127.0.0.1)
<30>Sep 15 13:00:25 gnu.linuxserver.test.com snmpd[9001]: Connection from UDP: [192.168.20.15]:45398
<30>Sep 15 13:00:37 gnu.linuxserver.test.com snmpd[9001]: Connection from UDP: [192.168.20.15]:43417
<12>Sep 15 13:00:31 gnu.linuxserver.test.com sshd: refused connect from audit1-admin.service.emory.net (::ffff:10.230.1.128)
<30>Sep 15 13:00:48 gnu.linuxserver.test.com snmpd[9001]: Connection from UDP: [192.168.20.15]:33682
<22>Sep 15 13:00:41 gnu.linuxserver.test.com postfix/smtpd[31809]: connect from localhost.localdomain[127.0.0.1]
<22>Sep 15 13:00:41 gnu.linuxserver.test.com postfix/smtpd[31809]: disconnect from localhost.localdomain[127.0.0.1]
<22>Sep 15 13:00:41 gnu.linuxserver.test.com postfix/smtpd[31809]: connect from localhost.localdomain[127.0.0.1]
<22>Sep 15 13:00:41 gnu.linuxserver.test.com postfix/smtpd[31809]: disconnect from localhost.localdomain[127.0.0.1]
<30>Sep 15 13:00:58 gnu.linuxserver.test.com snmpd[9001]: Connection from UDP: [192.168.20.15]:51872
<86>Sep 15 13:01:01 gnu.linuxserver.test.com crond[27200]: pam_unix(system-auth-generic:session): session opened for user root by (uid=0)
<12>Sep 15 13:01:01 gnu.linuxserver.test.com sshd: refused connect from audit1-admin.service.emory.net (::ffff:10.230.1.128)
<30>Sep 15 13:01:15 gnu.linuxserver.test.com snmpd[9001]: Connection from UDP: [192.168.20.15]:33568
<30>Sep 15 13:01:25 gnu.linuxserver.test.com snmpd[9001]: Connection from UDP: [192.168.20.15]:52929
<12>Sep 15 13:01:20 gnu.linuxserver.test.com sshd: refused connect from localhost.localdomain (::ffff:127.0.0.1)
<30>Sep 15 13:01:37 gnu.linuxserver.test.com snmpd[9001]: Connection from UDP: [192.168.20.15]:56717
<12>Sep 15 13:01:31 gnu.linuxserver.test.com sshd: refused connect from audit1-admin.service.emory.net (::ffff:10.230.1.128)
<30>Sep 15 13:01:48 gnu.linuxserver.test.com snmpd[9001]: Connection from UDP: [192.168.20.15]:54108
<30>Sep 15 13:01:58 gnu.linuxserver.test.com snmpd[9001]: Connection from UDP: [192.168.20.15]:55601
<30>Sep 15 13:02:16 gnu.linuxserver.test.com snmpd[9001]: Connection from UDP: [192.168.20.15]:53179
<86>Sep 15 13:02:14 gnu.linuxserver.test.com sshd[31208]: Failed password for invalid user root from ::ffff:170.140.13.11 port 52332 ssh2
<86>Sep 15 13:02:14 gnu.linuxserver.test.com sshd[31210]: Failed password for invalid user root from ::ffff:170.140.13.11 port 52333 ssh2
<86>Sep 15 13:02:15 gnu.linuxserver.test.com sshd[31226]: Failed password for invalid user root from ::ffff:170.140.13.11 port 52351 ssh2
<86>Sep 15 13:02:24 gnu.linuxserver.test.com sshd[31349]: Failed password for invalid user root from ::ffff:170.140.13.11 port 53639 ssh2
<30>Sep 15 13:02:25 gnu.linuxserver.test.com snmpd[9001]: Connection from UDP: [192.168.20.15]:59730
<12>Sep 15 13:02:25 gnu.linuxserver.test.com sshd: refused connect from localhost.localdomain (::ffff:127.0.0.1)
<30>Sep 15 13:02:38 gnu.linuxserver.test.com snmpd[9001]: Connection from UDP: [192.168.20.15]:55491
<30>Sep 15 13:02:48 gnu.linuxserver.test.com snmpd[9001]: Connection from UDP: [192.168.20.15]:51568
<30>Sep 15 13:02:43 gnu.linuxserver.test.com snmpd[2999]: Connection from UDP: [172.19.2.134]:51196
<30>Sep 15 13:02:48 gnu.linuxserver.test.com snmpd[2999]: Connection from UDP: [172.19.2.134]:36280
<30>Sep 15 13:02:48 gnu.linuxserver.test.com snmpd[2999]: Connection from UDP: [172.19.2.134]:42016
<30>Sep 15 13:02:49 gnu.linuxserver.test.com snmpd[2999]: Connection from UDP: [172.19.2.134]:42016
<30>Sep 15 13:02:58 gnu.linuxserver.test.com snmpd[9001]: Connection from UDP: [192.168.20.15]:47345
<30>Sep 15 13:03:15 gnu.linuxserver.test.com snmpd[9001]: Connection from UDP: [192.168.20.15]:57020
<12>Sep 15 13:03:13 gnu.linuxserver.test.com sshd: refused connect from audit1-admin.service.emory.net (::ffff:10.230.1.128)
<30>Sep 15 13:03:25 gnu.linuxserver.test.com snmpd[9001]: Connection from UDP: [192.168.20.15]:60030
<30>Sep 15 13:03:37 gnu.linuxserver.test.com snmpd[9001]: Connection from UDP: [192.168.20.15]:50342
<12>Sep 15 13:03:30 gnu.linuxserver.test.com sshd: refused connect from localhost.localdomain (::ffff:127.0.0.1)
<12>Sep 15 13:03:31 gnu.linuxserver.test.com sshd: refused connect from audit1-admin.service.emory.net (::ffff:10.230.1.128)
<30>Sep 15 13:03:48 gnu.linuxserver.test.com snmpd[9001]: Connection from UDP: [192.168.20.15]:49058
<30>Sep 15 13:03:58 gnu.linuxserver.test.com snmpd[9001]: Connection from UDP: [192.168.20.15]:48923
<86>Sep 15 13:04:00 gnu.linuxserver.test.com sshd[25861]: Failed password for bander7 from ::ffff:10.110.1.28 port 54571 ssh2
<30>Sep 15 13:04:15 gnu.linuxserver.test.com snmpd[9001]: Connection from UDP: [192.168.20.15]:45746
<22>Sep 15 13:04:12 gnu.linuxserver.test.com postfix/smtpd[31933]: connect from localhost.localdomain[127.0.0.1]
<22>Sep 15 13:04:12 gnu.linuxserver.test.com postfix/smtpd[31933]: disconnect from localhost.localdomain[127.0.0.1]
<22>Sep 15 13:04:12 gnu.linuxserver.test.com postfix/smtpd[31933]: connect from localhost.localdomain[127.0.0.1]
<22>Sep 15 13:04:12 gnu.linuxserver.test.com postfix/smtpd[31933]: disconnect from localhost.localdomain[127.0.0.1]
<30>Sep 15 13:04:25 gnu.linuxserver.test.com snmpd[9001]: Connection from UDP: [192.168.20.15]:47200
<30>Sep 15 13:04:38 gnu.linuxserver.test.com snmpd[9001]: Connection from UDP: [192.168.20.15]:59895
<12>Sep 15 13:04:35 gnu.linuxserver.test.com sshd: refused connect from localhost.localdomain (::ffff:127.0.0.1)
<30>Sep 15 13:04:48 gnu.linuxserver.test.com snmpd[9001]: Connection from UDP: [192.168.20.15]:33713
<30>Sep 15 13:04:43 gnu.linuxserver.test.com snmpd[4926]: Connection from - 127.0.0.1
<30>Sep 15 13:04:43 gnu.linuxserver.test.com snmpd[4926]: Connection from - 127.0.0.1
<30>Sep 15 13:04:43 gnu.linuxserver.test.com snmpd[4926]: Connection from - 127.0.0.1
<30>Sep 15 13:04:43 gnu.linuxserver.test.com snmpd[4926]: Connection from - 127.0.0.1
<30>Sep 15 13:04:58 gnu.linuxserver.test.com snmpd[9001]: Connection from UDP: [192.168.20.15]:45798
<86>Sep 15 13:05:01 gnu.linuxserver.test.com crond[31656]: pam_unix(system-auth-generic:session): session opened for user root by (uid=0)
<30>Sep 15 13:05:16 gnu.linuxserver.test.com snmpd[9001]: Connection from UDP: [192.168.20.15]:44342
<30>Sep 15 13:05:25 gnu.linuxserver.test.com snmpd[9001]: Connection from UDP: [192.168.20.15]:56508
<12>Sep 15 13:05:25 gnu.linuxserver.test.com sshd: refused connect from audit1-admin.service.emory.net (::ffff:10.230.1.128)
<30>Sep 15 13:05:37 gnu.linuxserver.test.com snmpd[9001]: Connection from UDP: [192.168.20.15]:39148
<12>Sep 15 13:05:31 gnu.linuxserver.test.com sshd: refused connect from audit1-admin.service.emory.net (::ffff:10.230.1.128)
<30>Sep 15 13:05:48 gnu.linuxserver.test.com snmpd[9001]: Connection from UDP: [192.168.20.15]:36819
<12>Sep 15 13:05:40 gnu.linuxserver.test.com sshd: refused connect from localhost.localdomain (::ffff:127.0.0.1)
<22>Sep 15 13:05:42 gnu.linuxserver.test.com postfix/smtpd[31933]: connect from localhost.localdomain[127.0.0.1]
<22>Sep 15 13:05:42 gnu.linuxserver.test.com postfix/smtpd[31933]: disconnect from localhost.localdomain[127.0.0.1]
<30>Sep 15 13:05:59 gnu.linuxserver.test.com snmpd[9001]: Connection from UDP: [192.168.20.15]:36902
<30>Sep 15 13:06:16 gnu.linuxserver.test.com snmpd[9001]: Connection from UDP: [192.168.20.15]:45765
<22>Sep 15 13:06:12 gnu.linuxserver.test.com postfix/smtpd[31933]: connect from localhost.localdomain[127.0.0.1]
<22>Sep 15 13:06:12 gnu.linuxserver.test.com postfix/smtpd[31933]: disconnect from localhost.localdomain[127.0.0.1]
<30>Sep 15 13:06:25 gnu.linuxserver.test.com snmpd[9001]: Connection from UDP: [192.168.20.15]:57795
<30>Sep 15 13:06:37 gnu.linuxserver.test.com snmpd[9001]: Connection from UDP: [192.168.20.15]:35269
<30>Sep 15 13:06:48 gnu.linuxserver.test.com snmpd[9001]: Connection from UDP: [192.168.20.15]:34199
<12>Sep 15 13:06:45 gnu.linuxserver.test.com sshd: refused connect from localhost.localdomain (::ffff:127.0.0.1)
<30>Sep 15 13:06:58 gnu.linuxserver.test.com snmpd[9001]: Connection from UDP: [192.168.20.15]:51164
<30>Sep 15 13:07:16 gnu.linuxserver.test.com snmpd[9001]: Connection from UDP: [192.168.20.15]:55877
<22>Sep 15 13:07:13 gnu.linuxserver.test.com postfix/smtpd[31933]: connect from localhost.localdomain[127.0.0.1]
<22>Sep 15 13:07:13 gnu.linuxserver.test.com postfix/smtpd[31933]: disconnect from localhost.localdomain[127.0.0.1]
<22>Sep 15 13:07:13 gnu.linuxserver.test.com postfix/smtpd[31933]: connect from localhost.localdomain[127.0.0.1]
<22>Sep 15 13:07:13 gnu.linuxserver.test.com postfix/smtpd[31933]: disconnect from localhost.localdomain[127.0.0.1]
<30>Sep 15 13:07:25 gnu.linuxserver.test.com snmpd[9001]: Connection from UDP: [192.168.20.15]:59342
<30>Sep 15 13:07:37 gnu.linuxserver.test.com snmpd[9001]: Connection from UDP: [192.168.20.15]:51068
<86>Sep 15 13:07:37 gnu.linuxserver.test.com sshd[32603]: Failed password for bander7 from ::ffff:10.110.1.28 port 43138 ssh2
<30>Sep 15 13:07:48 gnu.linuxserver.test.com snmpd[9001]: Connection from UDP: [192.168.20.15]:48377
<30>Sep 15 13:07:41 gnu.linuxserver.test.com snmpd[2999]: Connection from UDP: [172.19.2.134]:54013
<30>Sep 15 13:07:47 gnu.linuxserver.test.com snmpd[2999]: Connection from UDP: [172.19.2.134]:38736
<30>Sep 15 13:07:47 gnu.linuxserver.test.com snmpd[2999]: Connection from UDP: [172.19.2.134]:60555
<30>Sep 15 13:07:48 gnu.linuxserver.test.com snmpd[2999]: Connection from UDP: [172.19.2.134]:33023
<12>Sep 15 13:07:50 gnu.linuxserver.test.com sshd: refused connect from localhost.localdomain (::ffff:127.0.0.1)
<30>Sep 15 13:07:58 gnu.linuxserver.test.com snmpd[9001]: Connection from UDP: [192.168.20.15]:39741
<30>Sep 15 13:08:16 gnu.linuxserver.test.com snmpd[9001]: Connection from UDP: [192.168.20.15]:55343
<30>Sep 15 13:08:25 gnu.linuxserver.test.com snmpd[9001]: Connection from UDP: [192.168.20.15]:43533
<30>Sep 15 13:08:37 gnu.linuxserver.test.com snmpd[9001]: Connection from UDP: [192.168.20.15]:43759
<30>Sep 15 13:08:48 gnu.linuxserver.test.com snmpd[9001]: Connection from UDP: [192.168.20.15]:34803
<30>Sep 15 13:08:58 gnu.linuxserver.test.com snmpd[9001]: Connection from UDP: [192.168.20.15]:50003
<12>Sep 15 13:08:55 gnu.linuxserver.test.com sshd: refused connect from localhost.localdomain (::ffff:127.0.0.1)
<30>Sep 15 13:09:15 gnu.linuxserver.test.com snmpd[9001]: Connection from UDP: [192.168.20.15]:33103
<30>Sep 15 13:09:25 gnu.linuxserver.test.com snmpd[9001]: Connection from UDP: [192.168.20.15]:39668
<30>Sep 15 13:09:37 gnu.linuxserver.test.com snmpd[9001]: Connection from UDP: [192.168.20.15]:56303
<30>Sep 15 13:09:48 gnu.linuxserver.test.com snmpd[9001]: Connection from UDP: [192.168.20.15]:45510
<30>Sep 15 13:09:43 gnu.linuxserver.test.com snmpd[4926]: Connection from - 127.0.0.1
<30>Sep 15 13:09:43 gnu.linuxserver.test.com snmpd[4926]: Connection from - 127.0.0.1
<30>Sep 15 13:09:43 gnu.linuxserver.test.com snmpd[4926]: Connection from - 127.0.0.1
<30>Sep 15 13:09:43 gnu.linuxserver.test.com snmpd[4926]: Connection from - 127.0.0.1
<30>Sep 15 13:09:58 gnu.linuxserver.test.com snmpd[9001]: Connection from UDP: [192.168.20.15]:60807
<12>Sep 15 13:10:00 gnu.linuxserver.test.com sshd: refused connect from localhost.localdomain (::ffff:127.0.0.1)
<86>Sep 15 13:10:01 gnu.linuxserver.test.com crond[327]: pam_unix(system-auth-generic:session): session opened for user root by (uid=0)
<12>Sep 15 13:10:01 gnu.linuxserver.test.com sshd: refused connect from audit1-admin.service.emory.net (::ffff:10.230.1.128)
<30>Sep 15 13:10:16 gnu.linuxserver.test.com snmpd[9001]: Connection from UDP: [192.168.20.15]:50316
<30>Sep 15 13:10:25 gnu.linuxserver.test.com snmpd[9001]: Connection from UDP: [192.168.20.15]:56033
<36>Sep 15 13:10:18 gnu.linuxserver.test.com portmap[27336]: connect from 170.140.30.149 to getport(portmapper): request from unauthorized host
<36>Sep 15 13:10:18 gnu.linuxserver.test.com portmap[27341]: connect from 170.140.30.149 to getport(200100001): request from unauthorized host
<12>Sep 15 13:10:31 gnu.linuxserver.test.com sshd: refused connect from audit1-admin.service.emory.net (::ffff:10.230.1.128)
<30>Sep 15 13:10:40 gnu.linuxserver.test.com snmpd[9001]: Connection from UDP: [192.168.20.15]:40060
<22>Sep 15 13:10:43 gnu.linuxserver.test.com postfix/smtpd[32095]: disconnect from localhost.localdomain[127.0.0.1]
<30>Sep 15 13:10:55 gnu.linuxserver.test.com snmpd[9001]: Connection from UDP: [192.168.20.15]:53198
<30>Sep 15 13:11:08 gnu.linuxserver.test.com snmpd[9001]: Connection from UDP: [192.168.20.15]:53536
<86>Sep 15 13:11:02 gnu.linuxserver.test.com sshd[27789]: Failed password for invalid user root from ::ffff:170.140.30.149 port 38199 ssh2
<86>Sep 15 13:11:04 gnu.linuxserver.test.com sshd[27816]: Failed password for invalid user root from ::ffff:170.140.30.149 port 38230 ssh2
<86>Sep 15 13:11:04 gnu.linuxserver.test.com sshd[27820]: Failed password for invalid user root from ::ffff:170.140.30.149 port 38232 ssh2
<12>Sep 15 13:11:05 gnu.linuxserver.test.com sshd: refused connect from localhost.localdomain (::ffff:127.0.0.1)
<86>Sep 15 13:11:14 gnu.linuxserver.test.com sshd[27975]: Failed password for invalid user root from ::ffff:170.140.30.149 port 40226 ssh2
<30>Sep 15 13:11:18 gnu.linuxserver.test.com snmpd[9001]: Connection from UDP: [192.168.20.15]:50255
<86>Sep 15 13:11:10 gnu.linuxserver.test.com sshd[27931]: Failed password for invalid user __user from ::ffff:170.140.30.149 port 38395 ssh2
<86>Sep 15 13:11:12 gnu.linuxserver.test.com sshd[27955]: Failed password for invalid user __super from ::ffff:170.140.30.149 port 39279 ssh2
<36>Sep 15 13:11:16 gnu.linuxserver.test.com portmap[28030]: connect from 170.140.30.149 to getport(ypupdated): request from unauthorized host
<36>Sep 15 13:11:16 gnu.linuxserver.test.com portmap[28031]: connect from 170.140.30.149 to getport(ypupdated): request from unauthorized host
<30>Sep 15 13:11:28 gnu.linuxserver.test.com snmpd[9001]: Connection from UDP: [192.168.20.15]:50812
<30>Sep 15 13:11:40 gnu.linuxserver.test.com snmpd[9001]: Connection from UDP: [192.168.20.15]:36889
<30>Sep 15 13:11:55 gnu.linuxserver.test.com snmpd[9001]: Connection from UDP: [192.168.20.15]:40145
<30>Sep 15 13:12:07 gnu.linuxserver.test.com snmpd[9001]: Connection from UDP: [192.168.20.15]:38048
<30>Sep 15 13:12:18 gnu.linuxserver.test.com snmpd[9001]: Connection from UDP: [192.168.20.15]:58466
<12>Sep 15 13:12:12 gnu.linuxserver.test.com sshd: refused connect from localhost.localdomain (::ffff:127.0.0.1)
<30>Sep 15 13:12:28 gnu.linuxserver.test.com snmpd[9001]: Connection from UDP: [192.168.20.15]:57267
<30>Sep 15 13:12:40 gnu.linuxserver.test.com snmpd[9001]: Connection from UDP: [192.168.20.15]:37093
<30>Sep 15 13:12:42 gnu.linuxserver.test.com snmpd[2999]: Connection from UDP: [172.19.2.134]:37702
<22>Sep 15 13:12:43 gnu.linuxserver.test.com postfix/smtpd[32141]: connect from localhost.localdomain[127.0.0.1]
<22>Sep 15 13:12:43 gnu.linuxserver.test.com postfix/smtpd[32141]: disconnect from localhost.localdomain[127.0.0.1]
<30>Sep 15 13:12:48 gnu.linuxserver.test.com snmpd[2999]: Connection from UDP: [172.19.2.134]:53207
<30>Sep 15 13:12:48 gnu.linuxserver.test.com snmpd[2999]: Connection from UDP: [172.19.2.134]:35598
<30>Sep 15 13:12:49 gnu.linuxserver.test.com snmpd[2999]: Connection from UDP: [172.19.2.134]:39260
<30>Sep 15 13:12:55 gnu.linuxserver.test.com snmpd[9001]: Connection from UDP: [192.168.20.15]:38853
<30>Sep 15 13:13:07 gnu.linuxserver.test.com snmpd[9001]: Connection from UDP: [192.168.20.15]:60794
<30>Sep 15 13:13:18 gnu.linuxserver.test.com snmpd[9001]: Connection from UDP: [192.168.20.15]:56090
<30>Sep 15 13:13:28 gnu.linuxserver.test.com snmpd[9001]: Connection from UDP: [192.168.20.15]:57250
<12>Sep 15 13:13:23 gnu.linuxserver.test.com sshd: refused connect from localhost.localdomain (::ffff:127.0.0.1)
<30>Sep 15 13:13:40 gnu.linuxserver.test.com snmpd[9001]: Connection from UDP: [192.168.20.15]:43213
<30>Sep 15 13:13:55 gnu.linuxserver.test.com snmpd[9001]: Connection from UDP: [192.168.20.15]:36528
<30>Sep 15 13:14:07 gnu.linuxserver.test.com snmpd[9001]: Connection from UDP: [192.168.20.15]:45579
<30>Sep 15 13:14:18 gnu.linuxserver.test.com snmpd[9001]: Connection from UDP: [192.168.20.15]:47432
<30>Sep 15 13:14:28 gnu.linuxserver.test.com snmpd[9001]: Connection from UDP: [192.168.20.15]:45286
<12>Sep 15 13:14:28 gnu.linuxserver.test.com sshd: refused connect from localhost.localdomain (::ffff:127.0.0.1)
<30>Sep 15 13:14:40 gnu.linuxserver.test.com snmpd[9001]: Connection from UDP: [192.168.20.15]:57392
<30>Sep 15 13:14:46 gnu.linuxserver.test.com snmpd[4926]: Connection from - 127.0.0.1
<30>Sep 15 13:14:46 gnu.linuxserver.test.com snmpd[4926]: Connection from - 127.0.0.1
<30>Sep 15 13:14:46 gnu.linuxserver.test.com snmpd[4926]: Connection from - 127.0.0.1
<30>Sep 15 13:14:47 gnu.linuxserver.test.com snmpd[4926]: Connection from - 127.0.0.1
<30>Sep 15 13:14:55 gnu.linuxserver.test.com snmpd[9001]: Connection from UDP: [192.168.20.15]:59471
<30>Sep 15 13:15:08 gnu.linuxserver.test.com snmpd[9001]: Connection from UDP: [192.168.20.15]:43358
<86>Sep 15 13:15:01 gnu.linuxserver.test.com crond[1367]: pam_unix(system-auth-generic:session): session opened for user root by (uid=0)
<30>Sep 15 13:15:18 gnu.linuxserver.test.com snmpd[9001]: Connection from UDP: [192.168.20.15]:55859
<30>Sep 15 13:15:28 gnu.linuxserver.test.com snmpd[9001]: Connection from UDP: [192.168.20.15]:39342
<12>Sep 15 13:15:31 gnu.linuxserver.test.com sshd: refused connect from audit1-admin.service.emory.net (::ffff:10.230.1.128)
<12>Sep 15 13:15:33 gnu.linuxserver.test.com sshd: refused connect from localhost.localdomain (::ffff:127.0.0.1)
<30>Sep 15 13:15:40 gnu.linuxserver.test.com snmpd[9001]: Connection from UDP: [192.168.20.15]:60015
<22>Sep 15 13:15:44 gnu.linuxserver.test.com postfix/smtpd[32209]: connect from localhost.localdomain[127.0.0.1]
<22>Sep 15 13:15:44 gnu.linuxserver.test.com postfix/smtpd[32209]: disconnect from localhost.localdomain[127.0.0.1]
<30>Sep 15 13:15:55 gnu.linuxserver.test.com snmpd[9001]: Connection from UDP: [192.168.20.15]:44180
<30>Sep 15 13:16:07 gnu.linuxserver.test.com snmpd[9001]: Connection from UDP: [192.168.20.15]:53348
<30>Sep 15 13:16:18 gnu.linuxserver.test.com snmpd[9001]: Connection from UDP: [192.168.20.15]:43687
<30>Sep 15 13:16:28 gnu.linuxserver.test.com snmpd[9001]: Connection from UDP: [192.168.20.15]:54128
<30>Sep 15 13:16:40 gnu.linuxserver.test.com snmpd[9001]: Connection from UDP: [192.168.20.15]:43528
<12>Sep 15 13:16:38 gnu.linuxserver.test.com sshd: refused connect from localhost.localdomain (::ffff:127.0.0.1)
<30>Sep 15 13:16:55 gnu.linuxserver.test.com snmpd[9001]: Connection from UDP: [192.168.20.15]:53863
<30>Sep 15 13:17:07 gnu.linuxserver.test.com snmpd[9001]: Connection from UDP: [192.168.20.15]:51669
<30>Sep 15 13:17:18 gnu.linuxserver.test.com snmpd[9001]: Connection from UDP: [192.168.20.15]:52583
<22>Sep 15 13:17:14 gnu.linuxserver.test.com postfix/smtpd[32209]: connect from localhost.localdomain[127.0.0.1]
<22>Sep 15 13:17:14 gnu.linuxserver.test.com postfix/smtpd[32209]: disconnect from localhost.localdomain[127.0.0.1]
<22>Sep 15 13:17:14 gnu.linuxserver.test.com postfix/smtpd[32209]: connect from localhost.localdomain[127.0.0.1]
<22>Sep 15 13:17:14 gnu.linuxserver.test.com postfix/smtpd[32209]: disconnect from localhost.localdomain[127.0.0.1]
<86>Sep 15 13:17:20 gnu.linuxserver.test.com sshd[12670]: Failed password for dgottsc from 10.110.1.19 port 4502 ssh2
<30>Sep 15 13:17:28 gnu.linuxserver.test.com snmpd[9001]: Connection from UDP: [192.168.20.15]:49969
<30>Sep 15 13:17:40 gnu.linuxserver.test.com snmpd[9001]: Connection from UDP: [192.168.20.15]:50142
<30>Sep 15 13:17:41 gnu.linuxserver.test.com snmpd[2999]: Connection from UDP: [172.19.2.134]:49972
<12>Sep 15 13:17:43 gnu.linuxserver.test.com sshd: refused connect from localhost.localdomain (::ffff:127.0.0.1)
<30>Sep 15 13:17:47 gnu.linuxserver.test.com snmpd[2999]: Connection from UDP: [172.19.2.134]:58266
<30>Sep 15 13:17:48 gnu.linuxserver.test.com snmpd[2999]: Connection from UDP: [172.19.2.134]:38236
<30>Sep 15 13:17:49 gnu.linuxserver.test.com snmpd[2999]: Connection from UDP: [172.19.2.134]:47567
<30>Sep 15 13:17:55 gnu.linuxserver.test.com snmpd[9001]: Connection from UDP: [192.168.20.15]:52252
<30>Sep 15 13:18:07 gnu.linuxserver.test.com snmpd[9001]: Connection from UDP: [192.168.20.15]:59470
<30>Sep 15 13:18:19 gnu.linuxserver.test.com snmpd[9001]: Connection from UDP: [192.168.20.15]:43343
<22>Sep 15 13:18:15 gnu.linuxserver.test.com postfix/smtpd[32209]: connect from localhost.localdomain[127.0.0.1]
<22>Sep 15 13:18:15 gnu.linuxserver.test.com postfix/smtpd[32209]: disconnect from localhost.localdomain[127.0.0.1]
<30>Sep 15 13:18:28 gnu.linuxserver.test.com snmpd[9001]: Connection from UDP: [192.168.20.15]:50617
<30>Sep 15 13:18:40 gnu.linuxserver.test.com snmpd[9001]: Connection from UDP: [192.168.20.15]:54811
<12>Sep 15 13:18:48 gnu.linuxserver.test.com sshd: refused connect from localhost.localdomain (::ffff:127.0.0.1)
<30>Sep 15 13:18:55 gnu.linuxserver.test.com snmpd[9001]: Connection from UDP: [192.168.20.15]:36582
<30>Sep 15 13:19:07 gnu.linuxserver.test.com snmpd[9001]: Connection from UDP: [192.168.20.15]:34609
<30>Sep 15 13:19:18 gnu.linuxserver.test.com snmpd[9001]: Connection from UDP: [192.168.20.15]:41315
<30>Sep 15 13:19:28 gnu.linuxserver.test.com snmpd[9001]: Connection from UDP: [192.168.20.15]:52466
<30>Sep 15 13:19:40 gnu.linuxserver.test.com snmpd[9001]: Connection from UDP: [192.168.20.15]:55616
<30>Sep 15 13:19:55 gnu.linuxserver.test.com snmpd[9001]: Connection from UDP: [192.168.20.15]:52415
<30>Sep 15 13:19:48 gnu.linuxserver.test.com snmpd[4926]: Connection from - 127.0.0.1
<30>Sep 15 13:19:48 gnu.linuxserver.test.com snmpd[4926]: Connection from - 127.0.0.1
<30>Sep 15 13:19:48 gnu.linuxserver.test.com snmpd[4926]: Connection from - 127.0.0.1
<30>Sep 15 13:19:48 gnu.linuxserver.test.com snmpd[4926]: Connection from - 127.0.0.1
<12>Sep 15 13:19:53 gnu.linuxserver.test.com sshd: refused connect from localhost.localdomain (::ffff:127.0.0.1)
<30>Sep 15 13:20:07 gnu.linuxserver.test.com snmpd[9001]: Connection from UDP: [192.168.20.15]:35382
<12>Sep 15 13:20:01 gnu.linuxserver.test.com sshd: refused connect from audit1-admin.service.emory.net (::ffff:10.230.1.128)
<86>Sep 15 13:20:01 gnu.linuxserver.test.com crond[2447]: pam_unix(system-auth-generic:session): session opened for user root by (uid=0)
<30>Sep 15 13:20:18 gnu.linuxserver.test.com snmpd[9001]: Connection from UDP: [192.168.20.15]:40650
<30>Sep 15 13:20:25 gnu.linuxserver.test.com snmpd[9001]: Connection from UDP: [192.168.20.15]:55267
<12>Sep 15 13:20:30 gnu.linuxserver.test.com sshd: refused connect from audit1-admin.service.emory.net (::ffff:10.230.1.128)
<30>Sep 15 13:20:40 gnu.linuxserver.test.com snmpd[9001]: Connection from UDP: [192.168.20.15]:35755
<30>Sep 15 13:20:55 gnu.linuxserver.test.com snmpd[9001]: Connection from UDP: [192.168.20.15]:59907
<12>Sep 15 13:20:58 gnu.linuxserver.test.com sshd: refused connect from localhost.localdomain (::ffff:127.0.0.1)
<30>Sep 15 13:21:07 gnu.linuxserver.test.com snmpd[9001]: Connection from UDP: [192.168.20.15]:40433
<30>Sep 15 13:21:18 gnu.linuxserver.test.com snmpd[9001]: Connection from UDP: [192.168.20.15]:36685
<22>Sep 15 13:21:15 gnu.linuxserver.test.com postfix/smtpd[32336]: connect from localhost.localdomain[127.0.0.1]
<22>Sep 15 13:21:15 gnu.linuxserver.test.com postfix/smtpd[32336]: disconnect from localhost.localdomain[127.0.0.1]
<30>Sep 15 13:21:28 gnu.linuxserver.test.com snmpd[9001]: Connection from UDP: [192.168.20.15]:43384
<30>Sep 15 13:21:40 gnu.linuxserver.test.com snmpd[9001]: Connection from UDP: [192.168.20.15]:45519
<22>Sep 15 13:21:45 gnu.linuxserver.test.com postfix/smtpd[32336]: disconnect from localhost.localdomain[127.0.0.1]
<22>Sep 15 13:21:46 gnu.linuxserver.test.com postfix/smtpd[32336]: disconnect from localhost.localdomain[127.0.0.1]
<30>Sep 15 13:21:58 gnu.linuxserver.test.com snmpd[9001]: Connection from UDP: [192.168.20.15]:43051
<12>Sep 15 13:22:03 gnu.linuxserver.test.com sshd: refused connect from localhost.localdomain (::ffff:127.0.0.1)
<30>Sep 15 13:22:16 gnu.linuxserver.test.com snmpd[9001]: Connection from UDP: [192.168.20.15]:53413
<30>Sep 15 13:22:25 gnu.linuxserver.test.com snmpd[9001]: Connection from UDP: [192.168.20.15]:40401
<30>Sep 15 13:22:37 gnu.linuxserver.test.com snmpd[9001]: Connection from UDP: [192.168.20.15]:39109
<30>Sep 15 13:22:48 gnu.linuxserver.test.com snmpd[9001]: Connection from UDP: [192.168.20.15]:43382
<30>Sep 15 13:22:41 gnu.linuxserver.test.com snmpd[2999]: Connection from UDP: [172.19.2.134]:38903
<30>Sep 15 13:22:48 gnu.linuxserver.test.com snmpd[2999]: Connection from UDP: [172.19.2.134]:51382
<30>Sep 15 13:22:48 gnu.linuxserver.test.com snmpd[2999]: Connection from UDP: [172.19.2.134]:49073
<30>Sep 15 13:22:49 gnu.linuxserver.test.com snmpd[2999]: Connection from UDP: [172.19.2.134]:57977
<30>Sep 15 13:22:58 gnu.linuxserver.test.com snmpd[9001]: Connection from UDP: [192.168.20.15]:52953
<30>Sep 15 13:23:16 gnu.linuxserver.test.com snmpd[9001]: Connection from UDP: [192.168.20.15]:58192
<12>Sep 15 13:23:08 gnu.linuxserver.test.com sshd: refused connect from localhost.localdomain (::ffff:127.0.0.1)
<22>Sep 15 13:23:16 gnu.linuxserver.test.com postfix/smtpd[32336]: connect from localhost.localdomain[127.0.0.1]
<22>Sep 15 13:23:16 gnu.linuxserver.test.com postfix/smtpd[32336]: disconnect from localhost.localdomain[127.0.0.1]
<30>Sep 15 13:23:25 gnu.linuxserver.test.com snmpd[9001]: Connection from UDP: [192.168.20.15]:46856
<30>Sep 15 13:23:37 gnu.linuxserver.test.com snmpd[9001]: Connection from UDP: [192.168.20.15]:40076
<30>Sep 15 13:23:48 gnu.linuxserver.test.com snmpd[9001]: Connection from UDP: [192.168.20.15]:54682
<30>Sep 15 13:23:58 gnu.linuxserver.test.com snmpd[9001]: Connection from UDP: [192.168.20.15]:59016
<30>Sep 15 13:24:16 gnu.linuxserver.test.com snmpd[9001]: Connection from UDP: [192.168.20.15]:56822
<12>Sep 15 13:24:13 gnu.linuxserver.test.com sshd: refused connect from localhost.localdomain (::ffff:127.0.0.1)
<30>Sep 15 13:24:25 gnu.linuxserver.test.com snmpd[9001]: Connection from UDP: [192.168.20.15]:45842
<30>Sep 15 13:24:25 gnu.linuxserver.test.com snmpd[4926]: Connection from - 127.0.0.1
<30>Sep 15 13:24:25 gnu.linuxserver.test.com snmpd[4926]: Connection from - 127.0.0.1
<30>Sep 15 13:24:25 gnu.linuxserver.test.com snmpd[4926]: Connection from - 127.0.0.1
<30>Sep 15 13:24:25 gnu.linuxserver.test.com snmpd[4926]: Connection from - 127.0.0.1
<30>Sep 15 13:24:38 gnu.linuxserver.test.com snmpd[9001]: Connection from UDP: [192.168.20.15]:51890
<30>Sep 15 13:24:48 gnu.linuxserver.test.com snmpd[9001]: Connection from UDP: [192.168.20.15]:34938
<30>Sep 15 13:24:58 gnu.linuxserver.test.com snmpd[9001]: Connection from UDP: [192.168.20.15]:34895
<86>Sep 15 13:25:01 gnu.linuxserver.test.com crond[3610]: pam_unix(system-auth-generic:session): session opened for user root by (uid=0)
<30>Sep 15 13:25:16 gnu.linuxserver.test.com snmpd[9001]: Connection from UDP: [192.168.20.15]:47985
<30>Sep 15 13:25:25 gnu.linuxserver.test.com snmpd[9001]: Connection from UDP: [192.168.20.15]:42954
<12>Sep 15 13:25:18 gnu.linuxserver.test.com sshd: refused connect from localhost.localdomain (::ffff:127.0.0.1)
<12>Sep 15 13:25:25 gnu.linuxserver.test.com sshd: refused connect from audit1-admin.service.emory.net (::ffff:10.230.1.128)
<30>Sep 15 13:25:37 gnu.linuxserver.test.com snmpd[9001]: Connection from UDP: [192.168.20.15]:33754
