<30>Sep 15 11:10:58 gnu.linuxserver.test.com snmpd[9001]: Connection from UDP: [192.168.20.15]:52158
<30>Sep 15 11:11:16 gnu.linuxserver.test.com snmpd[9001]: Connection from UDP: [192.168.20.15]:33573
<30>Sep 15 11:11:25 gnu.linuxserver.test.com snmpd[9001]: Connection from UDP: [192.168.20.15]:56744
<30>Sep 15 11:11:37 gnu.linuxserver.test.com snmpd[9001]: Connection from UDP: [192.168.20.15]:44765
<12>Sep 15 11:11:37 gnu.linuxserver.test.com sshd: refused connect from localhost.localdomain (::ffff:127.0.0.1)
<30>Sep 15 11:11:48 gnu.linuxserver.test.com snmpd[9001]: Connection from UDP: [192.168.20.15]:39730
<30>Sep 15 11:11:58 gnu.linuxserver.test.com snmpd[9001]: Connection from UDP: [192.168.20.15]:36517
<30>Sep 15 11:12:16 gnu.linuxserver.test.com snmpd[9001]: Connection from UDP: [192.168.20.15]:58961
<30>Sep 15 11:12:25 gnu.linuxserver.test.com snmpd[9001]: Connection from UDP: [192.168.20.15]:43363
<30>Sep 15 11:12:37 gnu.linuxserver.test.com snmpd[9001]: Connection from UDP: [192.168.20.15]:42552
<30>Sep 15 11:12:48 gnu.linuxserver.test.com snmpd[9001]: Connection from UDP: [192.168.20.15]:50727
<30>Sep 15 11:12:41 gnu.linuxserver.test.com snmpd[2999]: Connection from UDP: [172.19.2.134]:57911
<12>Sep 15 11:12:42 gnu.linuxserver.test.com sshd: refused connect from localhost.localdomain (::ffff:127.0.0.1)
<30>Sep 15 11:12:47 gnu.linuxserver.test.com snmpd[2999]: Connection from UDP: [172.19.2.134]:42178
<30>Sep 15 11:12:47 gnu.linuxserver.test.com snmpd[2999]: Connection from UDP: [172.19.2.134]:58723
<30>Sep 15 11:12:48 gnu.linuxserver.test.com snmpd[2999]: Connection from UDP: [172.19.2.134]:58723
<22>Sep 15 11:12:49 gnu.linuxserver.test.com postfix/smtpd[29037]: connect from localhost.localdomain[127.0.0.1]
<22>Sep 15 11:12:49 gnu.linuxserver.test.com postfix/smtpd[29037]: disconnect from localhost.localdomain[127.0.0.1]
<30>Sep 15 11:12:58 gnu.linuxserver.test.com snmpd[9001]: Connection from UDP: [192.168.20.15]:46054
<30>Sep 15 11:13:15 gnu.linuxserver.test.com snmpd[9001]: Connection from UDP: [192.168.20.15]:52715
<30>Sep 15 11:13:25 gnu.linuxserver.test.com snmpd[9001]: Connection from UDP: [192.168.20.15]:34220
<30>Sep 15 11:13:37 gnu.linuxserver.test.com snmpd[9001]: Connection from UDP: [192.168.20.15]:58801
<30>Sep 15 11:13:48 gnu.linuxserver.test.com snmpd[9001]: Connection from UDP: [192.168.20.15]:47440
<12>Sep 15 11:13:47 gnu.linuxserver.test.com sshd: refused connect from localhost.localdomain (::ffff:127.0.0.1)
<30>Sep 15 11:13:58 gnu.linuxserver.test.com snmpd[9001]: Connection from UDP: [192.168.20.15]:45827
<30>Sep 15 11:14:16 gnu.linuxserver.test.com snmpd[9001]: Connection from UDP: [192.168.20.15]:49809
<30>Sep 15 11:14:25 gnu.linuxserver.test.com snmpd[9001]: Connection from UDP: [192.168.20.15]:57187
<30>Sep 15 11:14:37 gnu.linuxserver.test.com snmpd[9001]: Connection from UDP: [192.168.20.15]:36259
<30>Sep 15 11:14:48 gnu.linuxserver.test.com snmpd[9001]: Connection from UDP: [192.168.20.15]:36968
<30>Sep 15 11:14:46 gnu.linuxserver.test.com snmpd[4926]: Connection from - 127.0.0.1
<30>Sep 15 11:14:46 gnu.linuxserver.test.com snmpd[4926]: Connection from - 127.0.0.1
<30>Sep 15 11:14:46 gnu.linuxserver.test.com snmpd[4926]: Connection from - 127.0.0.1
<30>Sep 15 11:14:46 gnu.linuxserver.test.com snmpd[4926]: Connection from - 127.0.0.1
<22>Sep 15 11:14:50 gnu.linuxserver.test.com postfix/smtpd[29079]: connect from localhost.localdomain[127.0.0.1]
<22>Sep 15 11:14:50 gnu.linuxserver.test.com postfix/smtpd[29079]: disconnect from localhost.localdomain[127.0.0.1]
<22>Sep 15 11:14:50 gnu.linuxserver.test.com postfix/smtpd[29079]: connect from localhost.localdomain[127.0.0.1]
<22>Sep 15 11:14:50 gnu.linuxserver.test.com postfix/smtpd[29079]: disconnect from localhost.localdomain[127.0.0.1]
<30>Sep 15 11:14:59 gnu.linuxserver.test.com snmpd[9001]: Connection from UDP: [192.168.20.15]:44754
<12>Sep 15 11:14:52 gnu.linuxserver.test.com sshd: refused connect from localhost.localdomain (::ffff:127.0.0.1)
<86>Sep 15 11:15:02 gnu.linuxserver.test.com crond[30953]: pam_unix(system-auth-generic:session): session opened for user root by (uid=0)
<30>Sep 15 11:15:15 gnu.linuxserver.test.com snmpd[9001]: Connection from UDP: [192.168.20.15]:34595
<30>Sep 15 11:15:25 gnu.linuxserver.test.com snmpd[9001]: Connection from UDP: [192.168.20.15]:59278
<22>Sep 15 11:15:20 gnu.linuxserver.test.com postfix/smtpd[29079]: disconnect from localhost.localdomain[127.0.0.1]
<30>Sep 15 11:15:37 gnu.linuxserver.test.com snmpd[9001]: Connection from UDP: [192.168.20.15]:46522
<12>Sep 15 11:15:31 gnu.linuxserver.test.com sshd: refused connect from audit1-admin.service.emory.net (::ffff:10.230.1.128)
<30>Sep 15 11:15:40 gnu.linuxserver.test.com snmpd[9001]: Connection from UDP: [192.168.20.15]:39921
<30>Sep 15 11:15:58 gnu.linuxserver.test.com snmpd[9001]: Connection from UDP: [192.168.20.15]:46604
<12>Sep 15 11:15:57 gnu.linuxserver.test.com sshd: refused connect from localhost.localdomain (::ffff:127.0.0.1)
<30>Sep 15 11:16:16 gnu.linuxserver.test.com snmpd[9001]: Connection from UDP: [192.168.20.15]:48746
<86>Sep 15 11:16:08 gnu.linuxserver.test.com sshd[18093]: Failed password for bander7 from 10.110.1.28 port 36279 ssh2
<30>Sep 15 11:16:25 gnu.linuxserver.test.com snmpd[9001]: Connection from UDP: [192.168.20.15]:53469
<30>Sep 15 11:16:37 gnu.linuxserver.test.com snmpd[9001]: Connection from UDP: [192.168.20.15]:52774
<30>Sep 15 11:16:49 gnu.linuxserver.test.com snmpd[9001]: Connection from UDP: [192.168.20.15]:48168
<30>Sep 15 11:16:58 gnu.linuxserver.test.com snmpd[9001]: Connection from UDP: [192.168.20.15]:34071
<12>Sep 15 11:17:02 gnu.linuxserver.test.com sshd: refused connect from localhost.localdomain (::ffff:127.0.0.1)
<30>Sep 15 11:17:16 gnu.linuxserver.test.com snmpd[9001]: Connection from UDP: [192.168.20.15]:35084
<38>Sep 15 11:17:07 gnu.linuxserver.test.com sshd(pam_unix)[330]: session opened for user oracle by (uid=0)
<38>Sep 15 11:17:07 gnu.linuxserver.test.com sshd(pam_unix)[349]: session opened for user oracle by (uid=0)
<38>Sep 15 11:17:07 gnu.linuxserver.test.com sshd(pam_unix)[367]: session opened for user oracle by (uid=0)
<38>Sep 15 11:17:08 gnu.linuxserver.test.com sshd(pam_unix)[528]: session opened for user oracle by (uid=0)
<30>Sep 15 11:17:25 gnu.linuxserver.test.com snmpd[9001]: Connection from UDP: [192.168.20.15]:53117
<22>Sep 15 11:17:20 gnu.linuxserver.test.com postfix/smtpd[29146]: connect from localhost.localdomain[127.0.0.1]
<22>Sep 15 11:17:20 gnu.linuxserver.test.com postfix/smtpd[29146]: disconnect from localhost.localdomain[127.0.0.1]
<22>Sep 15 11:17:20 gnu.linuxserver.test.com postfix/smtpd[29146]: connect from localhost.localdomain[127.0.0.1]
<22>Sep 15 11:17:20 gnu.linuxserver.test.com postfix/smtpd[29146]: disconnect from localhost.localdomain[127.0.0.1]
<30>Sep 15 11:17:37 gnu.linuxserver.test.com snmpd[9001]: Connection from UDP: [192.168.20.15]:38908
<30>Sep 15 11:17:48 gnu.linuxserver.test.com snmpd[9001]: Connection from UDP: [192.168.20.15]:34359
<30>Sep 15 11:17:41 gnu.linuxserver.test.com snmpd[2999]: Connection from UDP: [172.19.2.134]:34805
<30>Sep 15 11:17:48 gnu.linuxserver.test.com snmpd[2999]: Connection from UDP: [172.19.2.134]:37246
<30>Sep 15 11:17:48 gnu.linuxserver.test.com snmpd[2999]: Connection from UDP: [172.19.2.134]:38905
<30>Sep 15 11:17:49 gnu.linuxserver.test.com snmpd[2999]: Connection from UDP: [172.19.2.134]:43678
<30>Sep 15 11:17:58 gnu.linuxserver.test.com snmpd[9001]: Connection from UDP: [192.168.20.15]:38932
<38>Sep 15 11:18:04 gnu.linuxserver.test.com sshd(pam_unix)[531]: session opened for user oracle by (uid=0)
<38>Sep 15 11:18:04 gnu.linuxserver.test.com sshd(pam_unix)[541]: session opened for user oracle by (uid=0)
<38>Sep 15 11:18:04 gnu.linuxserver.test.com sshd(pam_unix)[550]: session opened for user oracle by (uid=0)
<38>Sep 15 11:18:06 gnu.linuxserver.test.com sshd(pam_unix)[706]: session opened for user oracle by (uid=0)
<30>Sep 15 11:18:16 gnu.linuxserver.test.com snmpd[9001]: Connection from UDP: [192.168.20.15]:60186
<12>Sep 15 11:18:07 gnu.linuxserver.test.com sshd: refused connect from localhost.localdomain (::ffff:127.0.0.1)
<30>Sep 15 11:18:25 gnu.linuxserver.test.com snmpd[9001]: Connection from UDP: [192.168.20.15]:48852
<22>Sep 15 11:18:20 gnu.linuxserver.test.com postfix/smtpd[29146]: disconnect from localhost.localdomain[127.0.0.1]
<30>Sep 15 11:18:37 gnu.linuxserver.test.com snmpd[9001]: Connection from UDP: [192.168.20.15]:60986
<30>Sep 15 11:18:48 gnu.linuxserver.test.com snmpd[9001]: Connection from UDP: [192.168.20.15]:56434
<30>Sep 15 11:18:58 gnu.linuxserver.test.com snmpd[9001]: Connection from UDP: [192.168.20.15]:57674
<38>Sep 15 11:18:58 gnu.linuxserver.test.com sshd(pam_unix)[333]: session opened for user oracle by (uid=0)
<38>Sep 15 11:18:58 gnu.linuxserver.test.com sshd(pam_unix)[338]: session opened for user oracle by (uid=0)
<38>Sep 15 11:18:58 gnu.linuxserver.test.com sshd(pam_unix)[343]: session opened for user oracle by (uid=0)
<38>Sep 15 11:18:59 gnu.linuxserver.test.com sshd(pam_unix)[400]: session opened for user oracle by (uid=0)
<30>Sep 15 11:19:15 gnu.linuxserver.test.com snmpd[9001]: Connection from UDP: [192.168.20.15]:47962
<12>Sep 15 11:19:12 gnu.linuxserver.test.com sshd: refused connect from localhost.localdomain (::ffff:127.0.0.1)
<30>Sep 15 11:19:25 gnu.linuxserver.test.com snmpd[9001]: Connection from UDP: [192.168.20.15]:48229
<30>Sep 15 11:19:37 gnu.linuxserver.test.com snmpd[9001]: Connection from UDP: [192.168.20.15]:34416
<30>Sep 15 11:19:48 gnu.linuxserver.test.com snmpd[9001]: Connection from UDP: [192.168.20.15]:56026
<30>Sep 15 11:19:47 gnu.linuxserver.test.com snmpd[4926]: Connection from - 127.0.0.1
<30>Sep 15 11:19:47 gnu.linuxserver.test.com snmpd[4926]: Connection from - 127.0.0.1
<30>Sep 15 11:19:47 gnu.linuxserver.test.com snmpd[4926]: Connection from - 127.0.0.1
<30>Sep 15 11:19:47 gnu.linuxserver.test.com snmpd[4926]: Connection from - 127.0.0.1
<30>Sep 15 11:19:58 gnu.linuxserver.test.com snmpd[9001]: Connection from UDP: [192.168.20.15]:54911
<86>Sep 15 11:20:01 gnu.linuxserver.test.com crond[32030]: pam_unix(system-auth-generic:session): session opened for user root by (uid=0)
<30>Sep 15 11:20:15 gnu.linuxserver.test.com snmpd[9001]: Connection from UDP: [192.168.20.15]:36621
<30>Sep 15 11:20:25 gnu.linuxserver.test.com snmpd[9001]: Connection from UDP: [192.168.20.15]:47257
<12>Sep 15 11:20:17 gnu.linuxserver.test.com sshd: refused connect from localhost.localdomain (::ffff:127.0.0.1)
<30>Sep 15 11:20:37 gnu.linuxserver.test.com snmpd[9001]: Connection from UDP: [192.168.20.15]:43765
<12>Sep 15 11:20:31 gnu.linuxserver.test.com sshd: refused connect from audit1-admin.service.emory.net (::ffff:10.230.1.128)
<30>Sep 15 11:20:48 gnu.linuxserver.test.com snmpd[9001]: Connection from UDP: [192.168.20.15]:40860
<30>Sep 15 11:20:58 gnu.linuxserver.test.com snmpd[9001]: Connection from UDP: [192.168.20.15]:59541
<22>Sep 15 11:20:51 gnu.linuxserver.test.com postfix/smtpd[29234]: connect from localhost.localdomain[127.0.0.1]
<22>Sep 15 11:20:51 gnu.linuxserver.test.com postfix/smtpd[29234]: disconnect from localhost.localdomain[127.0.0.1]
<30>Sep 15 11:21:15 gnu.linuxserver.test.com snmpd[9001]: Connection from UDP: [192.168.20.15]:53558
<36>Sep 15 11:21:07 gnu.linuxserver.test.com portmap[8630]: connect from 170.140.30.149 to getport(portmapper): request from unauthorized host
<36>Sep 15 11:21:07 gnu.linuxserver.test.com portmap[8667]: connect from 170.140.30.149 to getport(200100001): request from unauthorized host
<30>Sep 15 11:21:25 gnu.linuxserver.test.com snmpd[9001]: Connection from UDP: [192.168.20.15]:48283
<22>Sep 15 11:21:21 gnu.linuxserver.test.com postfix/smtpd[29234]: connect from localhost.localdomain[127.0.0.1]
<22>Sep 15 11:21:21 gnu.linuxserver.test.com postfix/smtpd[29234]: disconnect from localhost.localdomain[127.0.0.1]
<12>Sep 15 11:21:22 gnu.linuxserver.test.com sshd: refused connect from localhost.localdomain (::ffff:127.0.0.1)
<30>Sep 15 11:21:37 gnu.linuxserver.test.com snmpd[9001]: Connection from UDP: [192.168.20.15]:53595
<30>Sep 15 11:21:48 gnu.linuxserver.test.com snmpd[9001]: Connection from UDP: [192.168.20.15]:45437
<86>Sep 15 11:21:44 gnu.linuxserver.test.com sshd[21424]: Failed password for bander7 from 10.110.1.28 port 59101 ssh2
<86>Sep 15 11:21:49 gnu.linuxserver.test.com sshd[9096]: Failed password for invalid user root from ::ffff:170.140.30.149 port 59172 ssh2
<86>Sep 15 11:21:50 gnu.linuxserver.test.com sshd[9108]: Failed password for invalid user root from ::ffff:170.140.30.149 port 59305 ssh2
<86>Sep 15 11:21:50 gnu.linuxserver.test.com sshd[9111]: Failed password for invalid user root from ::ffff:170.140.30.149 port 59307 ssh2
<30>Sep 15 11:21:58 gnu.linuxserver.test.com snmpd[9001]: Connection from UDP: [192.168.20.15]:54605
<86>Sep 15 11:21:52 gnu.linuxserver.test.com sshd[9146]: Failed password for invalid user root from ::ffff:170.140.30.149 port 59477 ssh2
<86>Sep 15 11:21:58 gnu.linuxserver.test.com sshd[9200]: Failed password for invalid user __user from ::ffff:170.140.30.149 port 59998 ssh2
<86>Sep 15 11:22:00 gnu.linuxserver.test.com sshd[9225]: Failed password for invalid user __super from ::ffff:170.140.30.149 port 60102 ssh2
<86>Sep 15 11:22:02 gnu.linuxserver.test.com sshd[9245]: Failed password for invalid user root from ::ffff:170.140.30.149 port 60133 ssh2
<36>Sep 15 11:22:04 gnu.linuxserver.test.com portmap[9303]: connect from 170.140.30.149 to getport(ypupdated): request from unauthorized host
<36>Sep 15 11:22:04 gnu.linuxserver.test.com portmap[9304]: connect from 170.140.30.149 to getport(ypupdated): request from unauthorized host
<30>Sep 15 11:22:15 gnu.linuxserver.test.com snmpd[9001]: Connection from UDP: [192.168.20.15]:54423
<30>Sep 15 11:22:25 gnu.linuxserver.test.com snmpd[9001]: Connection from UDP: [192.168.20.15]:49075
<12>Sep 15 11:22:27 gnu.linuxserver.test.com sshd: refused connect from localhost.localdomain (::ffff:127.0.0.1)
<30>Sep 15 11:22:37 gnu.linuxserver.test.com snmpd[9001]: Connection from UDP: [192.168.20.15]:56858
<30>Sep 15 11:22:48 gnu.linuxserver.test.com snmpd[9001]: Connection from UDP: [192.168.20.15]:41475
<30>Sep 15 11:22:41 gnu.linuxserver.test.com snmpd[2999]: Connection from UDP: [172.19.2.134]:51177
<30>Sep 15 11:22:49 gnu.linuxserver.test.com snmpd[2999]: Connection from UDP: [172.19.2.134]:57138
<30>Sep 15 11:22:49 gnu.linuxserver.test.com snmpd[2999]: Connection from UDP: [172.19.2.134]:49563
<30>Sep 15 11:22:49 gnu.linuxserver.test.com snmpd[2999]: Connection from UDP: [172.19.2.134]:44336
<30>Sep 15 11:22:58 gnu.linuxserver.test.com snmpd[9001]: Connection from UDP: [192.168.20.15]:41958
<30>Sep 15 11:23:16 gnu.linuxserver.test.com snmpd[9001]: Connection from UDP: [192.168.20.15]:55465
<30>Sep 15 11:23:25 gnu.linuxserver.test.com snmpd[9001]: Connection from UDP: [192.168.20.15]:43759
<22>Sep 15 11:23:21 gnu.linuxserver.test.com postfix/smtpd[29293]: connect from localhost.localdomain[127.0.0.1]
<22>Sep 15 11:23:21 gnu.linuxserver.test.com postfix/smtpd[29293]: disconnect from localhost.localdomain[127.0.0.1]
<30>Sep 15 11:23:37 gnu.linuxserver.test.com snmpd[9001]: Connection from UDP: [192.168.20.15]:48588
<12>Sep 15 11:23:32 gnu.linuxserver.test.com sshd: refused connect from localhost.localdomain (::ffff:127.0.0.1)
<30>Sep 15 11:23:48 gnu.linuxserver.test.com snmpd[9001]: Connection from UDP: [192.168.20.15]:36613
<30>Sep 15 11:23:58 gnu.linuxserver.test.com snmpd[9001]: Connection from UDP: [192.168.20.15]:49856
<30>Sep 15 11:24:16 gnu.linuxserver.test.com snmpd[9001]: Connection from UDP: [192.168.20.15]:40579
<30>Sep 15 11:24:25 gnu.linuxserver.test.com snmpd[9001]: Connection from UDP: [192.168.20.15]:54211
<86>Sep 15 11:24:27 gnu.linuxserver.test.com sshd[9426]: Failed password for oracle from ::ffff:10.110.2.251 port 49708 ssh2
<30>Sep 15 11:24:37 gnu.linuxserver.test.com snmpd[9001]: Connection from UDP: [192.168.20.15]:53748
<86>Sep 15 11:24:32 gnu.linuxserver.test.com sshd[9426]: Failed password for oracle from ::ffff:10.110.2.251 port 49708 ssh2
<12>Sep 15 11:24:37 gnu.linuxserver.test.com sshd: refused connect from localhost.localdomain (::ffff:127.0.0.1)
<30>Sep 15 11:24:48 gnu.linuxserver.test.com snmpd[9001]: Connection from UDP: [192.168.20.15]:60185
<30>Sep 15 11:24:49 gnu.linuxserver.test.com snmpd[4926]: Connection from - 127.0.0.1
<30>Sep 15 11:24:49 gnu.linuxserver.test.com snmpd[4926]: Connection from - 127.0.0.1
<30>Sep 15 11:24:49 gnu.linuxserver.test.com snmpd[4926]: Connection from - 127.0.0.1
<38>Sep 15 11:24:49 gnu.linuxserver.test.com sshd(pam_unix)[794]: session opened for user oracle by (uid=0)
<30>Sep 15 11:24:49 gnu.linuxserver.test.com snmpd[4926]: Connection from - 127.0.0.1
<38>Sep 15 11:24:49 gnu.linuxserver.test.com sshd(pam_unix)[802]: session opened for user oracle by (uid=0)
<38>Sep 15 11:24:49 gnu.linuxserver.test.com sshd(pam_unix)[807]: session opened for user oracle by (uid=0)
<38>Sep 15 11:24:50 gnu.linuxserver.test.com sshd(pam_unix)[863]: session opened for user oracle by (uid=0)
<30>Sep 15 11:24:58 gnu.linuxserver.test.com snmpd[9001]: Connection from UDP: [192.168.20.15]:50546
<22>Sep 15 11:24:51 gnu.linuxserver.test.com postfix/smtpd[29293]: connect from localhost.localdomain[127.0.0.1]
<22>Sep 15 11:24:51 gnu.linuxserver.test.com postfix/smtpd[29293]: disconnect from localhost.localdomain[127.0.0.1]
<86>Sep 15 11:25:01 gnu.linuxserver.test.com crond[663]: pam_unix(system-auth-generic:session): session opened for user root by (uid=0)
<30>Sep 15 11:25:15 gnu.linuxserver.test.com snmpd[9001]: Connection from UDP: [192.168.20.15]:53798
<30>Sep 15 11:25:25 gnu.linuxserver.test.com snmpd[9001]: Connection from UDP: [192.168.20.15]:46156
<30>Sep 15 11:25:37 gnu.linuxserver.test.com snmpd[9001]: Connection from UDP: [192.168.20.15]:35237
<12>Sep 15 11:25:30 gnu.linuxserver.test.com sshd: refused connect from audit1-admin.service.emory.net (::ffff:10.230.1.128)
<30>Sep 15 11:25:48 gnu.linuxserver.test.com snmpd[9001]: Connection from UDP: [192.168.20.15]:43498
<12>Sep 15 11:25:42 gnu.linuxserver.test.com sshd: refused connect from localhost.localdomain (::ffff:127.0.0.1)
<30>Sep 15 11:25:58 gnu.linuxserver.test.com snmpd[9001]: Connection from UDP: [192.168.20.15]:49837
<30>Sep 15 11:26:15 gnu.linuxserver.test.com snmpd[9001]: Connection from UDP: [192.168.20.15]:59777
<30>Sep 15 11:26:25 gnu.linuxserver.test.com snmpd[9001]: Connection from UDP: [192.168.20.15]:56465
<22>Sep 15 11:26:22 gnu.linuxserver.test.com postfix/smtpd[29293]: connect from localhost.localdomain[127.0.0.1]
<22>Sep 15 11:26:22 gnu.linuxserver.test.com postfix/smtpd[29293]: disconnect from localhost.localdomain[127.0.0.1]
<22>Sep 15 11:26:22 gnu.linuxserver.test.com postfix/smtpd[29293]: connect from localhost.localdomain[127.0.0.1]
<22>Sep 15 11:26:22 gnu.linuxserver.test.com postfix/smtpd[29293]: disconnect from localhost.localdomain[127.0.0.1]
<30>Sep 15 11:26:37 gnu.linuxserver.test.com snmpd[9001]: Connection from UDP: [192.168.20.15]:41760
<30>Sep 15 11:26:48 gnu.linuxserver.test.com snmpd[9001]: Connection from UDP: [192.168.20.15]:56880
<12>Sep 15 11:26:47 gnu.linuxserver.test.com sshd: refused connect from localhost.localdomain (::ffff:127.0.0.1)
<30>Sep 15 11:26:58 gnu.linuxserver.test.com snmpd[9001]: Connection from UDP: [192.168.20.15]:53314
<30>Sep 15 11:27:16 gnu.linuxserver.test.com snmpd[9001]: Connection from UDP: [192.168.20.15]:52848
<30>Sep 15 11:27:25 gnu.linuxserver.test.com snmpd[9001]: Connection from UDP: [192.168.20.15]:33806
<30>Sep 15 11:27:37 gnu.linuxserver.test.com snmpd[9001]: Connection from UDP: [192.168.20.15]:59143
<30>Sep 15 11:27:48 gnu.linuxserver.test.com snmpd[9001]: Connection from UDP: [192.168.20.15]:47037
<30>Sep 15 11:27:41 gnu.linuxserver.test.com snmpd[2999]: Connection from UDP: [172.19.2.134]:60046
<30>Sep 15 11:27:49 gnu.linuxserver.test.com snmpd[2999]: Connection from UDP: [172.19.2.134]:33991
<30>Sep 15 11:27:49 gnu.linuxserver.test.com snmpd[2999]: Connection from UDP: [172.19.2.134]:56943
<30>Sep 15 11:27:50 gnu.linuxserver.test.com snmpd[2999]: Connection from UDP: [172.19.2.134]:43562
<30>Sep 15 11:27:58 gnu.linuxserver.test.com snmpd[9001]: Connection from UDP: [192.168.20.15]:50403
<12>Sep 15 11:27:52 gnu.linuxserver.test.com sshd: refused connect from localhost.localdomain (::ffff:127.0.0.1)
<30>Sep 15 11:28:16 gnu.linuxserver.test.com snmpd[9001]: Connection from UDP: [192.168.20.15]:45620
<30>Sep 15 11:28:25 gnu.linuxserver.test.com snmpd[9001]: Connection from UDP: [192.168.20.15]:43687
<30>Sep 15 11:28:37 gnu.linuxserver.test.com snmpd[9001]: Connection from UDP: [192.168.20.15]:35772
<30>Sep 15 11:28:49 gnu.linuxserver.test.com snmpd[9001]: Connection from UDP: [192.168.20.15]:60879
<30>Sep 15 11:28:58 gnu.linuxserver.test.com snmpd[9001]: Connection from UDP: [192.168.20.15]:35544
<12>Sep 15 11:29:04 gnu.linuxserver.test.com sshd: refused connect from localhost.localdomain (::ffff:127.0.0.1)
<30>Sep 15 11:29:16 gnu.linuxserver.test.com snmpd[9001]: Connection from UDP: [192.168.20.15]:35304
<30>Sep 15 11:29:25 gnu.linuxserver.test.com snmpd[9001]: Connection from UDP: [192.168.20.15]:45275
<22>Sep 15 11:29:22 gnu.linuxserver.test.com postfix/smtpd[29438]: connect from localhost.localdomain[127.0.0.1]
<22>Sep 15 11:29:22 gnu.linuxserver.test.com postfix/smtpd[29438]: disconnect from localhost.localdomain[127.0.0.1]
<86>Sep 15 11:29:22 gnu.linuxserver.test.com sshd[331]: Failed password for bander7 from 10.110.1.28 port 43112 ssh2
<30>Sep 15 11:29:24 gnu.linuxserver.test.com snmpd[4926]: Connection from - 127.0.0.1
<30>Sep 15 11:29:24 gnu.linuxserver.test.com snmpd[4926]: Connection from - 127.0.0.1
<30>Sep 15 11:29:24 gnu.linuxserver.test.com snmpd[4926]: Connection from - 127.0.0.1
<30>Sep 15 11:29:25 gnu.linuxserver.test.com snmpd[4926]: Connection from - 127.0.0.1
<30>Sep 15 11:29:37 gnu.linuxserver.test.com snmpd[9001]: Connection from UDP: [192.168.20.15]:42760
<86>Sep 15 11:29:30 gnu.linuxserver.test.com sshd[331]: Failed password for bander7 from 10.110.1.28 port 43112 ssh2
<30>Sep 15 11:29:48 gnu.linuxserver.test.com snmpd[9001]: Connection from UDP: [192.168.20.15]:59687
<30>Sep 15 11:29:58 gnu.linuxserver.test.com snmpd[9001]: Connection from UDP: [192.168.20.15]:34959
<12>Sep 15 11:30:01 gnu.linuxserver.test.com sshd: refused connect from audit1-admin.service.emory.net (::ffff:10.230.1.128)
<86>Sep 15 11:30:01 gnu.linuxserver.test.com crond[3951]: pam_unix(system-auth-generic:session): session opened for user root by (uid=0)
<30>Sep 15 11:30:16 gnu.linuxserver.test.com snmpd[9001]: Connection from UDP: [192.168.20.15]:53111
<12>Sep 15 11:30:09 gnu.linuxserver.test.com sshd: refused connect from localhost.localdomain (::ffff:127.0.0.1)
<30>Sep 15 11:30:26 gnu.linuxserver.test.com snmpd[9001]: Connection from UDP: [192.168.20.15]:60253
<30>Sep 15 11:30:37 gnu.linuxserver.test.com snmpd[9001]: Connection from UDP: [192.168.20.15]:51605
<12>Sep 15 11:30:30 gnu.linuxserver.test.com sshd: refused connect from audit1-admin.service.emory.net (::ffff:10.230.1.128)
<30>Sep 15 11:30:48 gnu.linuxserver.test.com snmpd[9001]: Connection from UDP: [192.168.20.15]:37088
<30>Sep 15 11:30:58 gnu.linuxserver.test.com snmpd[9001]: Connection from UDP: [192.168.20.15]:59445
<22>Sep 15 11:30:52 gnu.linuxserver.test.com postfix/smtpd[29438]: connect from localhost.localdomain[127.0.0.1]
<22>Sep 15 11:30:52 gnu.linuxserver.test.com postfix/smtpd[29438]: disconnect from localhost.localdomain[127.0.0.1]
<22>Sep 15 11:30:52 gnu.linuxserver.test.com postfix/smtpd[29438]: connect from localhost.localdomain[127.0.0.1]
<22>Sep 15 11:30:53 gnu.linuxserver.test.com postfix/smtpd[29438]: disconnect from localhost.localdomain[127.0.0.1]
<30>Sep 15 11:31:15 gnu.linuxserver.test.com snmpd[9001]: Connection from UDP: [192.168.20.15]:36595
<12>Sep 15 11:31:14 gnu.linuxserver.test.com sshd: refused connect from localhost.localdomain (::ffff:127.0.0.1)
<30>Sep 15 11:31:25 gnu.linuxserver.test.com snmpd[9001]: Connection from UDP: [192.168.20.15]:60356
<30>Sep 15 11:31:37 gnu.linuxserver.test.com snmpd[9001]: Connection from UDP: [192.168.20.15]:51073
<30>Sep 15 11:31:49 gnu.linuxserver.test.com snmpd[9001]: Connection from UDP: [192.168.20.15]:60269
<30>Sep 15 11:31:58 gnu.linuxserver.test.com snmpd[9001]: Connection from UDP: [192.168.20.15]:34055
<30>Sep 15 11:32:16 gnu.linuxserver.test.com snmpd[9001]: Connection from UDP: [192.168.20.15]:36481
<38>Sep 15 11:32:07 gnu.linuxserver.test.com sshd(pam_unix)[763]: session opened for user oracle by (uid=0)
<38>Sep 15 11:32:08 gnu.linuxserver.test.com sshd(pam_unix)[785]: session opened for user oracle by (uid=0)
<38>Sep 15 11:32:08 gnu.linuxserver.test.com sshd(pam_unix)[861]: session opened for user oracle by (uid=0)
<38>Sep 15 11:32:09 gnu.linuxserver.test.com sshd(pam_unix)[922]: session opened for user oracle by (uid=0)
<30>Sep 15 11:32:25 gnu.linuxserver.test.com snmpd[9001]: Connection from UDP: [192.168.20.15]:60129
<12>Sep 15 11:32:19 gnu.linuxserver.test.com sshd: refused connect from localhost.localdomain (::ffff:127.0.0.1)
<30>Sep 15 11:32:37 gnu.linuxserver.test.com snmpd[9001]: Connection from UDP: [192.168.20.15]:52343
<38>Sep 15 11:32:32 gnu.linuxserver.test.com sshd(pam_unix)[546]: session opened for user oracle by (uid=0)
<38>Sep 15 11:32:33 gnu.linuxserver.test.com sshd(pam_unix)[551]: session opened for user oracle by (uid=0)
<38>Sep 15 11:32:33 gnu.linuxserver.test.com sshd(pam_unix)[558]: session opened for user oracle by (uid=0)
<38>Sep 15 11:32:34 gnu.linuxserver.test.com sshd(pam_unix)[689]: session opened for user oracle by (uid=0)
<30>Sep 15 11:32:48 gnu.linuxserver.test.com snmpd[9001]: Connection from UDP: [192.168.20.15]:37431
<30>Sep 15 11:32:41 gnu.linuxserver.test.com snmpd[2999]: Connection from UDP: [172.19.2.134]:33775
<30>Sep 15 11:32:43 gnu.linuxserver.test.com snmpd[2999]: Connection from UDP: [172.19.2.134]:46649
<30>Sep 15 11:32:43 gnu.linuxserver.test.com snmpd[2999]: Connection from UDP: [172.19.2.134]:32907
<30>Sep 15 11:32:44 gnu.linuxserver.test.com snmpd[2999]: Connection from UDP: [172.19.2.134]:32907
<30>Sep 15 11:32:58 gnu.linuxserver.test.com snmpd[9001]: Connection from UDP: [192.168.20.15]:47388
<30>Sep 15 11:33:16 gnu.linuxserver.test.com snmpd[9001]: Connection from UDP: [192.168.20.15]:43155
<30>Sep 15 11:33:25 gnu.linuxserver.test.com snmpd[9001]: Connection from UDP: [192.168.20.15]:45055
<12>Sep 15 11:33:24 gnu.linuxserver.test.com sshd: refused connect from localhost.localdomain (::ffff:127.0.0.1)
<30>Sep 15 11:33:37 gnu.linuxserver.test.com snmpd[9001]: Connection from UDP: [192.168.20.15]:45521
<30>Sep 15 11:33:48 gnu.linuxserver.test.com snmpd[9001]: Connection from UDP: [192.168.20.15]:57445
<30>Sep 15 11:33:58 gnu.linuxserver.test.com snmpd[9001]: Connection from UDP: [192.168.20.15]:55425
<30>Sep 15 11:34:15 gnu.linuxserver.test.com snmpd[9001]: Connection from UDP: [192.168.20.15]:47997
<30>Sep 15 11:34:25 gnu.linuxserver.test.com snmpd[9001]: Connection from UDP: [192.168.20.15]:44254
<30>Sep 15 11:34:26 gnu.linuxserver.test.com snmpd[4926]: Connection from - 127.0.0.1
<30>Sep 15 11:34:26 gnu.linuxserver.test.com snmpd[4926]: Connection from - 127.0.0.1
<30>Sep 15 11:34:26 gnu.linuxserver.test.com snmpd[4926]: Connection from - 127.0.0.1
<30>Sep 15 11:34:26 gnu.linuxserver.test.com snmpd[4926]: Connection from - 127.0.0.1
<30>Sep 15 11:34:38 gnu.linuxserver.test.com snmpd[9001]: Connection from UDP: [192.168.20.15]:46863
<12>Sep 15 11:34:29 gnu.linuxserver.test.com sshd: refused connect from localhost.localdomain (::ffff:127.0.0.1)
<30>Sep 15 11:34:48 gnu.linuxserver.test.com snmpd[9001]: Connection from UDP: [192.168.20.15]:43607
<30>Sep 15 11:34:59 gnu.linuxserver.test.com snmpd[9001]: Connection from UDP: [192.168.20.15]:38005
<86>Sep 15 11:35:01 gnu.linuxserver.test.com crond[4999]: pam_unix(system-auth-generic:session): session opened for user root by (uid=0)
<30>Sep 15 11:35:15 gnu.linuxserver.test.com snmpd[9001]: Connection from UDP: [192.168.20.15]:48047
<30>Sep 15 11:35:25 gnu.linuxserver.test.com snmpd[9001]: Connection from UDP: [192.168.20.15]:43216
<12>Sep 15 11:35:24 gnu.linuxserver.test.com sshd: refused connect from audit1-admin.service.emory.net (::ffff:10.230.1.128)
<30>Sep 15 11:35:37 gnu.linuxserver.test.com snmpd[9001]: Connection from UDP: [192.168.20.15]:37297
<12>Sep 15 11:35:30 gnu.linuxserver.test.com sshd: refused connect from audit1-admin.service.emory.net (::ffff:10.230.1.128)
<12>Sep 15 11:35:34 gnu.linuxserver.test.com sshd: refused connect from localhost.localdomain (::ffff:127.0.0.1)
<30>Sep 15 11:35:48 gnu.linuxserver.test.com snmpd[9001]: Connection from UDP: [192.168.20.15]:35331
<30>Sep 15 11:35:58 gnu.linuxserver.test.com snmpd[9001]: Connection from UDP: [192.168.20.15]:57407
<12>Sep 15 11:36:01 gnu.linuxserver.test.com sshd: refused connect from audit1-admin.service.emory.net (::ffff:10.230.1.128)
<30>Sep 15 11:36:16 gnu.linuxserver.test.com snmpd[9001]: Connection from UDP: [192.168.20.15]:40329
<30>Sep 15 11:36:25 gnu.linuxserver.test.com snmpd[9001]: Connection from UDP: [192.168.20.15]:50321
<30>Sep 15 11:36:37 gnu.linuxserver.test.com snmpd[9001]: Connection from UDP: [192.168.20.15]:40263
<12>Sep 15 11:36:39 gnu.linuxserver.test.com sshd: refused connect from localhost.localdomain (::ffff:127.0.0.1)
<30>Sep 15 11:36:48 gnu.linuxserver.test.com snmpd[9001]: Connection from UDP: [192.168.20.15]:56434
<30>Sep 15 11:36:58 gnu.linuxserver.test.com snmpd[9001]: Connection from UDP: [192.168.20.15]:42387
<22>Sep 15 11:36:54 gnu.linuxserver.test.com postfix/smtpd[29623]: connect from localhost.localdomain[127.0.0.1]
<22>Sep 15 11:36:54 gnu.linuxserver.test.com postfix/smtpd[29623]: disconnect from localhost.localdomain[127.0.0.1]
<22>Sep 15 11:36:54 gnu.linuxserver.test.com postfix/smtpd[29623]: connect from localhost.localdomain[127.0.0.1]
<22>Sep 15 11:36:54 gnu.linuxserver.test.com postfix/smtpd[29623]: disconnect from localhost.localdomain[127.0.0.1]
<30>Sep 15 11:37:16 gnu.linuxserver.test.com snmpd[9001]: Connection from UDP: [192.168.20.15]:59726
<30>Sep 15 11:37:25 gnu.linuxserver.test.com snmpd[9001]: Connection from UDP: [192.168.20.15]:58213
<22>Sep 15 11:37:24 gnu.linuxserver.test.com postfix/smtpd[29623]: disconnect from localhost.localdomain[127.0.0.1]
<30>Sep 15 11:37:37 gnu.linuxserver.test.com snmpd[9001]: Connection from UDP: [192.168.20.15]:57434
<30>Sep 15 11:37:48 gnu.linuxserver.test.com snmpd[9001]: Connection from UDP: [192.168.20.15]:41910
<30>Sep 15 11:37:41 gnu.linuxserver.test.com snmpd[2999]: Connection from UDP: [172.19.2.134]:57711
<12>Sep 15 11:37:44 gnu.linuxserver.test.com sshd: refused connect from localhost.localdomain (::ffff:127.0.0.1)
<30>Sep 15 11:37:44 gnu.linuxserver.test.com snmpd[2999]: Connection from UDP: [172.19.2.134]:56109
<30>Sep 15 11:37:44 gnu.linuxserver.test.com snmpd[2999]: Connection from UDP: [172.19.2.134]:52134
<30>Sep 15 11:37:45 gnu.linuxserver.test.com snmpd[2999]: Connection from UDP: [172.19.2.134]:52134
<30>Sep 15 11:37:58 gnu.linuxserver.test.com snmpd[9001]: Connection from UDP: [192.168.20.15]:47383
<30>Sep 15 11:38:16 gnu.linuxserver.test.com snmpd[9001]: Connection from UDP: [192.168.20.15]:39064
<30>Sep 15 11:38:25 gnu.linuxserver.test.com snmpd[9001]: Connection from UDP: [192.168.20.15]:50101
<30>Sep 15 11:38:37 gnu.linuxserver.test.com snmpd[9001]: Connection from UDP: [192.168.20.15]:45153
<30>Sep 15 11:38:48 gnu.linuxserver.test.com snmpd[9001]: Connection from UDP: [192.168.20.15]:57525
<12>Sep 15 11:38:50 gnu.linuxserver.test.com sshd: refused connect from localhost.localdomain (::ffff:127.0.0.1)
<30>Sep 15 11:38:58 gnu.linuxserver.test.com snmpd[9001]: Connection from UDP: [192.168.20.15]:52756
<30>Sep 15 11:39:16 gnu.linuxserver.test.com snmpd[9001]: Connection from UDP: [192.168.20.15]:33068
<30>Sep 15 11:39:25 gnu.linuxserver.test.com snmpd[9001]: Connection from UDP: [192.168.20.15]:33622
<22>Sep 15 11:39:25 gnu.linuxserver.test.com postfix/smtpd[29686]: connect from localhost.localdomain[127.0.0.1]
<22>Sep 15 11:39:25 gnu.linuxserver.test.com postfix/smtpd[29686]: disconnect from localhost.localdomain[127.0.0.1]
<22>Sep 15 11:39:25 gnu.linuxserver.test.com postfix/smtpd[29686]: connect from localhost.localdomain[127.0.0.1]
<22>Sep 15 11:39:25 gnu.linuxserver.test.com postfix/smtpd[29686]: disconnect from localhost.localdomain[127.0.0.1]
<30>Sep 15 11:39:37 gnu.linuxserver.test.com snmpd[9001]: Connection from UDP: [192.168.20.15]:39434
<30>Sep 15 11:39:29 gnu.linuxserver.test.com snmpd[4926]: Connection from - 127.0.0.1
<86>Sep 15 11:39:29 gnu.linuxserver.test.com sshd[2572]: Failed password for bander7 from ::ffff:10.110.1.28 port 45228 ssh2
<30>Sep 15 11:39:29 gnu.linuxserver.test.com snmpd[4926]: Connection from - 127.0.0.1
<30>Sep 15 11:39:29 gnu.linuxserver.test.com snmpd[4926]: Connection from - 127.0.0.1
<30>Sep 15 11:39:29 gnu.linuxserver.test.com snmpd[4926]: Connection from - 127.0.0.1
<30>Sep 15 11:39:48 gnu.linuxserver.test.com snmpd[9001]: Connection from UDP: [192.168.20.15]:39472
<30>Sep 15 11:39:58 gnu.linuxserver.test.com snmpd[9001]: Connection from UDP: [192.168.20.15]:34883
<12>Sep 15 11:39:54 gnu.linuxserver.test.com sshd: refused connect from localhost.localdomain (::ffff:127.0.0.1)
<86>Sep 15 11:40:01 gnu.linuxserver.test.com crond[6132]: pam_unix(system-auth-generic:session): session opened for user root by (uid=0)
<30>Sep 15 11:40:16 gnu.linuxserver.test.com snmpd[9001]: Connection from UDP: [192.168.20.15]:34334
<30>Sep 15 11:40:25 gnu.linuxserver.test.com snmpd[9001]: Connection from UDP: [192.168.20.15]:56389
<30>Sep 15 11:40:37 gnu.linuxserver.test.com snmpd[9001]: Connection from UDP: [192.168.20.15]:33073
<12>Sep 15 11:40:30 gnu.linuxserver.test.com sshd: refused connect from audit1-admin.service.emory.net (::ffff:10.230.1.128)
<30>Sep 15 11:40:48 gnu.linuxserver.test.com snmpd[9001]: Connection from UDP: [192.168.20.15]:34194
<38>Sep 15 11:40:40 gnu.linuxserver.test.com sshd(pam_unix)[303]: session opened for user oracle by (uid=0)
<38>Sep 15 11:40:40 gnu.linuxserver.test.com sshd(pam_unix)[316]: session opened for user oracle by (uid=0)
<38>Sep 15 11:40:40 gnu.linuxserver.test.com sshd(pam_unix)[331]: session opened for user oracle by (uid=0)
<38>Sep 15 11:40:41 gnu.linuxserver.test.com sshd(pam_unix)[398]: session opened for user oracle by (uid=0)
<30>Sep 15 11:40:58 gnu.linuxserver.test.com snmpd[9001]: Connection from UDP: [192.168.20.15]:37899
<12>Sep 15 11:40:59 gnu.linuxserver.test.com sshd: refused connect from localhost.localdomain (::ffff:127.0.0.1)
<30>Sep 15 11:41:15 gnu.linuxserver.test.com snmpd[9001]: Connection from UDP: [192.168.20.15]:39025
<30>Sep 15 11:41:26 gnu.linuxserver.test.com snmpd[9001]: Connection from UDP: [192.168.20.15]:47260
<30>Sep 15 11:41:37 gnu.linuxserver.test.com snmpd[9001]: Connection from UDP: [192.168.20.15]:47691
<30>Sep 15 11:41:48 gnu.linuxserver.test.com snmpd[9001]: Connection from UDP: [192.168.20.15]:32865
<30>Sep 15 11:41:58 gnu.linuxserver.test.com snmpd[9001]: Connection from UDP: [192.168.20.15]:42355
<12>Sep 15 11:42:04 gnu.linuxserver.test.com sshd: refused connect from localhost.localdomain (::ffff:127.0.0.1)
<30>Sep 15 11:42:15 gnu.linuxserver.test.com snmpd[9001]: Connection from UDP: [192.168.20.15]:33067
<30>Sep 15 11:42:25 gnu.linuxserver.test.com snmpd[9001]: Connection from UDP: [192.168.20.15]:34041
<30>Sep 15 11:42:37 gnu.linuxserver.test.com snmpd[9001]: Connection from UDP: [192.168.20.15]:39599
<30>Sep 15 11:42:48 gnu.linuxserver.test.com snmpd[9001]: Connection from UDP: [192.168.20.15]:34453
<30>Sep 15 11:42:41 gnu.linuxserver.test.com snmpd[2999]: Connection from UDP: [172.19.2.134]:42966
<30>Sep 15 11:42:44 gnu.linuxserver.test.com snmpd[2999]: Connection from UDP: [172.19.2.134]:50255
<30>Sep 15 11:42:44 gnu.linuxserver.test.com snmpd[2999]: Connection from UDP: [172.19.2.134]:34394
<30>Sep 15 11:42:45 gnu.linuxserver.test.com snmpd[2999]: Connection from UDP: [172.19.2.134]:53956
<30>Sep 15 11:42:58 gnu.linuxserver.test.com snmpd[9001]: Connection from UDP: [192.168.20.15]:42975
<22>Sep 15 11:42:55 gnu.linuxserver.test.com postfix/smtpd[29770]: connect from localhost.localdomain[127.0.0.1]
<22>Sep 15 11:42:55 gnu.linuxserver.test.com postfix/smtpd[29770]: disconnect from localhost.localdomain[127.0.0.1]
<30>Sep 15 11:43:16 gnu.linuxserver.test.com snmpd[9001]: Connection from UDP: [192.168.20.15]:56963
<12>Sep 15 11:43:09 gnu.linuxserver.test.com sshd: refused connect from localhost.localdomain (::ffff:127.0.0.1)
<30>Sep 15 11:43:25 gnu.linuxserver.test.com snmpd[9001]: Connection from UDP: [192.168.20.15]:37798
<30>Sep 15 11:43:37 gnu.linuxserver.test.com snmpd[9001]: Connection from UDP: [192.168.20.15]:35907
<30>Sep 15 11:43:48 gnu.linuxserver.test.com snmpd[9001]: Connection from UDP: [192.168.20.15]:55039
<30>Sep 15 11:43:58 gnu.linuxserver.test.com snmpd[9001]: Connection from UDP: [192.168.20.15]:40752
<30>Sep 15 11:44:16 gnu.linuxserver.test.com snmpd[9001]: Connection from UDP: [192.168.20.15]:41196
<12>Sep 15 11:44:14 gnu.linuxserver.test.com sshd: refused connect from localhost.localdomain (::ffff:127.0.0.1)
<30>Sep 15 11:44:25 gnu.linuxserver.test.com snmpd[9001]: Connection from UDP: [192.168.20.15]:48733
<30>Sep 15 11:44:37 gnu.linuxserver.test.com snmpd[9001]: Connection from UDP: [192.168.20.15]:46205
<30>Sep 15 11:44:29 gnu.linuxserver.test.com snmpd[4926]: Connection from - 127.0.0.1
<30>Sep 15 11:44:30 gnu.linuxserver.test.com snmpd[4926]: Connection from - 127.0.0.1
<30>Sep 15 11:44:30 gnu.linuxserver.test.com snmpd[4926]: Connection from - 127.0.0.1
<30>Sep 15 11:44:30 gnu.linuxserver.test.com snmpd[4926]: Connection from - 127.0.0.1
<30>Sep 15 11:44:48 gnu.linuxserver.test.com snmpd[9001]: Connection from UDP: [192.168.20.15]:33727
<30>Sep 15 11:44:58 gnu.linuxserver.test.com snmpd[9001]: Connection from UDP: [192.168.20.15]:55896
<86>Sep 15 11:45:01 gnu.linuxserver.test.com crond[7173]: pam_unix(system-auth-generic:session): session opened for user root by (uid=0)
<12>Sep 15 11:45:01 gnu.linuxserver.test.com sshd: refused connect from audit1-admin.service.emory.net (::ffff:10.230.1.128)
<30>Sep 15 11:45:15 gnu.linuxserver.test.com snmpd[9001]: Connection from UDP: [192.168.20.15]:55932
<30>Sep 15 11:45:25 gnu.linuxserver.test.com snmpd[9001]: Connection from UDP: [192.168.20.15]:37516
<12>Sep 15 11:45:19 gnu.linuxserver.test.com sshd: refused connect from localhost.localdomain (::ffff:127.0.0.1)
<22>Sep 15 11:45:26 gnu.linuxserver.test.com postfix/smtpd[29831]: connect from localhost.localdomain[127.0.0.1]
<22>Sep 15 11:45:26 gnu.linuxserver.test.com postfix/smtpd[29831]: disconnect from localhost.localdomain[127.0.0.1]
<30>Sep 15 11:45:37 gnu.linuxserver.test.com snmpd[9001]: Connection from UDP: [192.168.20.15]:35335
<12>Sep 15 11:45:30 gnu.linuxserver.test.com sshd: refused connect from audit1-admin.service.emory.net (::ffff:10.230.1.128)
<30>Sep 15 11:45:48 gnu.linuxserver.test.com snmpd[9001]: Connection from UDP: [192.168.20.15]:49254
<30>Sep 15 11:45:58 gnu.linuxserver.test.com snmpd[9001]: Connection from UDP: [192.168.20.15]:37480
<12>Sep 15 11:46:01 gnu.linuxserver.test.com sshd: refused connect from audit1-admin.service.emory.net (::ffff:10.230.1.128)
<30>Sep 15 11:46:15 gnu.linuxserver.test.com snmpd[9001]: Connection from UDP: [192.168.20.15]:37645
<30>Sep 15 11:46:25 gnu.linuxserver.test.com snmpd[9001]: Connection from UDP: [192.168.20.15]:36549
<12>Sep 15 11:46:24 gnu.linuxserver.test.com sshd: refused connect from localhost.localdomain (::ffff:127.0.0.1)
<30>Sep 15 11:46:37 gnu.linuxserver.test.com snmpd[9001]: Connection from UDP: [192.168.20.15]:57283
<30>Sep 15 11:46:48 gnu.linuxserver.test.com snmpd[9001]: Connection from UDP: [192.168.20.15]:44237
<38>Sep 15 11:46:42 gnu.linuxserver.test.com sshd(pam_unix)[922]: session opened for user oracle by (uid=0)
<38>Sep 15 11:46:42 gnu.linuxserver.test.com sshd(pam_unix)[931]: session opened for user oracle by (uid=0)
<38>Sep 15 11:46:42 gnu.linuxserver.test.com sshd(pam_unix)[940]: session opened for user oracle by (uid=0)
<38>Sep 15 11:46:42 gnu.linuxserver.test.com sshd(pam_unix)[960]: session opened for user oracle by (uid=0)
<30>Sep 15 11:46:58 gnu.linuxserver.test.com snmpd[9001]: Connection from UDP: [192.168.20.15]:38217
<30>Sep 15 11:47:15 gnu.linuxserver.test.com snmpd[9001]: Connection from UDP: [192.168.20.15]:44709
<86>Sep 15 11:47:11 gnu.linuxserver.test.com sshd[11382]: Failed password for bander7 from 10.110.1.28 port 49969 ssh2
<30>Sep 15 11:47:25 gnu.linuxserver.test.com snmpd[9001]: Connection from UDP: [192.168.20.15]:33982
<22>Sep 15 11:47:26 gnu.linuxserver.test.com postfix/smtpd[29884]: connect from localhost.localdomain[127.0.0.1]
<22>Sep 15 11:47:26 gnu.linuxserver.test.com postfix/smtpd[29884]: disconnect from localhost.localdomain[127.0.0.1]
<22>Sep 15 11:47:26 gnu.linuxserver.test.com postfix/smtpd[29884]: connect from localhost.localdomain[127.0.0.1]
<22>Sep 15 11:47:26 gnu.linuxserver.test.com postfix/smtpd[29884]: disconnect from localhost.localdomain[127.0.0.1]
<30>Sep 15 11:47:37 gnu.linuxserver.test.com snmpd[9001]: Connection from UDP: [192.168.20.15]:33334
<12>Sep 15 11:47:30 gnu.linuxserver.test.com sshd: refused connect from localhost.localdomain (::ffff:127.0.0.1)
<30>Sep 15 11:47:48 gnu.linuxserver.test.com snmpd[9001]: Connection from UDP: [192.168.20.15]:46453
<30>Sep 15 11:47:41 gnu.linuxserver.test.com snmpd[2999]: Connection from UDP: [172.19.2.134]:60630
<30>Sep 15 11:47:45 gnu.linuxserver.test.com snmpd[2999]: Connection from UDP: [172.19.2.134]:51976
<30>Sep 15 11:47:45 gnu.linuxserver.test.com snmpd[2999]: Connection from UDP: [172.19.2.134]:41586
<30>Sep 15 11:47:47 gnu.linuxserver.test.com snmpd[2999]: Connection from UDP: [172.19.2.134]:41411
<30>Sep 15 11:47:58 gnu.linuxserver.test.com snmpd[9001]: Connection from UDP: [192.168.20.15]:58586
<22>Sep 15 11:47:56 gnu.linuxserver.test.com postfix/smtpd[29884]: disconnect from localhost.localdomain[127.0.0.1]
<30>Sep 15 11:48:16 gnu.linuxserver.test.com snmpd[9001]: Connection from UDP: [192.168.20.15]:37487
<30>Sep 15 11:48:25 gnu.linuxserver.test.com snmpd[9001]: Connection from UDP: [192.168.20.15]:55506
<30>Sep 15 11:48:37 gnu.linuxserver.test.com snmpd[9001]: Connection from UDP: [192.168.20.15]:50315
<12>Sep 15 11:48:35 gnu.linuxserver.test.com sshd: refused connect from localhost.localdomain (::ffff:127.0.0.1)
<30>Sep 15 11:48:48 gnu.linuxserver.test.com snmpd[9001]: Connection from UDP: [192.168.20.15]:46959
<30>Sep 15 11:48:58 gnu.linuxserver.test.com snmpd[9001]: Connection from UDP: [192.168.20.15]:56575
<86>Sep 15 11:48:56 gnu.linuxserver.test.com sshd[12450]: Failed password for bander7 from 10.110.1.28 port 32882 ssh2
<86>Sep 15 11:49:01 gnu.linuxserver.test.com sshd[12450]: Failed password for bander7 from 10.110.1.28 port 32882 ssh2
<30>Sep 15 11:49:16 gnu.linuxserver.test.com snmpd[9001]: Connection from UDP: [192.168.20.15]:44350
<30>Sep 15 11:49:25 gnu.linuxserver.test.com snmpd[9001]: Connection from UDP: [192.168.20.15]:42623
<30>Sep 15 11:49:37 gnu.linuxserver.test.com snmpd[9001]: Connection from UDP: [192.168.20.15]:52690
<30>Sep 15 11:49:32 gnu.linuxserver.test.com snmpd[4926]: Connection from - 127.0.0.1
<30>Sep 15 11:49:32 gnu.linuxserver.test.com snmpd[4926]: Connection from - 127.0.0.1
<30>Sep 15 11:49:32 gnu.linuxserver.test.com snmpd[4926]: Connection from - 127.0.0.1
<30>Sep 15 11:49:33 gnu.linuxserver.test.com snmpd[4926]: Connection from - 127.0.0.1
<30>Sep 15 11:49:48 gnu.linuxserver.test.com snmpd[9001]: Connection from UDP: [192.168.20.15]:43960
<12>Sep 15 11:49:40 gnu.linuxserver.test.com sshd: refused connect from localhost.localdomain (::ffff:127.0.0.1)
<30>Sep 15 11:49:58 gnu.linuxserver.test.com snmpd[9001]: Connection from UDP: [192.168.20.15]:35494
<86>Sep 15 11:50:01 gnu.linuxserver.test.com crond[8251]: pam_unix(system-auth-generic:session): session opened for user root by (uid=0)
<30>Sep 15 11:50:16 gnu.linuxserver.test.com snmpd[9001]: Connection from UDP: [192.168.20.15]:38407
<30>Sep 15 11:50:25 gnu.linuxserver.test.com snmpd[9001]: Connection from UDP: [192.168.20.15]:35719
<30>Sep 15 11:50:37 gnu.linuxserver.test.com snmpd[9001]: Connection from UDP: [192.168.20.15]:48513
<12>Sep 15 11:50:31 gnu.linuxserver.test.com sshd: refused connect from audit1-admin.service.emory.net (::ffff:10.230.1.128)
<86>Sep 15 11:50:34 gnu.linuxserver.test.com sshd[4350]: Failed password for oracle from ::ffff:10.110.2.251 port 49744 ssh2
<86>Sep 15 11:50:34 gnu.linuxserver.test.com sshd[4349]: Failed password for oracle from ::ffff:10.110.2.251 port 49744 ssh2
<86>Sep 15 11:50:38 gnu.linuxserver.test.com sshd[4349]: Failed password for oracle from ::ffff:10.110.2.251 port 49744 ssh2
<86>Sep 15 11:50:43 gnu.linuxserver.test.com sshd[4349]: Failed password for oracle from ::ffff:10.110.2.251 port 49744 ssh2
<30>Sep 15 11:50:48 gnu.linuxserver.test.com snmpd[9001]: Connection from UDP: [192.168.20.15]:41185
<12>Sep 15 11:50:45 gnu.linuxserver.test.com sshd: refused connect from localhost.localdomain (::ffff:127.0.0.1)
<30>Sep 15 11:50:59 gnu.linuxserver.test.com snmpd[9001]: Connection from UDP: [192.168.20.15]:37303
<22>Sep 15 11:50:57 gnu.linuxserver.test.com postfix/smtpd[29965]: connect from localhost.localdomain[127.0.0.1]
<22>Sep 15 11:50:57 gnu.linuxserver.test.com postfix/smtpd[29965]: disconnect from localhost.localdomain[127.0.0.1]
<30>Sep 15 11:51:15 gnu.linuxserver.test.com snmpd[9001]: Connection from UDP: [192.168.20.15]:55662
<30>Sep 15 11:51:25 gnu.linuxserver.test.com snmpd[9001]: Connection from UDP: [192.168.20.15]:54131
<86>Sep 15 11:51:17 gnu.linuxserver.test.com sshd[15528]: Failed password for bander7 from ::ffff:10.110.1.28 port 51578 ssh2
<22>Sep 15 11:51:27 gnu.linuxserver.test.com postfix/smtpd[29965]: connect from localhost.localdomain[127.0.0.1]
<22>Sep 15 11:51:27 gnu.linuxserver.test.com postfix/smtpd[29965]: disconnect from localhost.localdomain[127.0.0.1]
<30>Sep 15 11:51:37 gnu.linuxserver.test.com snmpd[9001]: Connection from UDP: [192.168.20.15]:53713
<30>Sep 15 11:51:48 gnu.linuxserver.test.com snmpd[9001]: Connection from UDP: [192.168.20.15]:45811
<12>Sep 15 11:51:50 gnu.linuxserver.test.com sshd: refused connect from localhost.localdomain (::ffff:127.0.0.1)
<30>Sep 15 11:51:58 gnu.linuxserver.test.com snmpd[9001]: Connection from UDP: [192.168.20.15]:42005
<30>Sep 15 11:52:16 gnu.linuxserver.test.com snmpd[9001]: Connection from UDP: [192.168.20.15]:45990
<38>Sep 15 11:52:07 gnu.linuxserver.test.com sshd(pam_unix)[606]: session opened for user oracle by (uid=0)
<38>Sep 15 11:52:07 gnu.linuxserver.test.com sshd(pam_unix)[611]: session opened for user oracle by (uid=0)
<38>Sep 15 11:52:07 gnu.linuxserver.test.com sshd(pam_unix)[616]: session opened for user oracle by (uid=0)
<38>Sep 15 11:52:08 gnu.linuxserver.test.com sshd(pam_unix)[671]: session opened for user oracle by (uid=0)
<30>Sep 15 11:52:25 gnu.linuxserver.test.com snmpd[9001]: Connection from UDP: [192.168.20.15]:51149
<22>Sep 15 11:52:27 gnu.linuxserver.test.com postfix/smtpd[29965]: connect from localhost.localdomain[127.0.0.1]
<22>Sep 15 11:52:27 gnu.linuxserver.test.com postfix/smtpd[29965]: disconnect from localhost.localdomain[127.0.0.1]
<22>Sep 15 11:52:27 gnu.linuxserver.test.com postfix/smtpd[29965]: connect from localhost.localdomain[127.0.0.1]
<22>Sep 15 11:52:27 gnu.linuxserver.test.com postfix/smtpd[29965]: disconnect from localhost.localdomain[127.0.0.1]
<30>Sep 15 11:52:37 gnu.linuxserver.test.com snmpd[9001]: Connection from UDP: [192.168.20.15]:60980
<38>Sep 15 11:52:35 gnu.linuxserver.test.com sshd(pam_unix)[994]: session opened for user oracle by (uid=0)
<38>Sep 15 11:52:35 gnu.linuxserver.test.com sshd(pam_unix)[999]: session opened for user oracle by (uid=0)
<30>Sep 15 11:52:40 gnu.linuxserver.test.com snmpd[9001]: Connection from UDP: [192.168.20.15]:46382
<30>Sep 15 11:52:41 gnu.linuxserver.test.com snmpd[2999]: Connection from UDP: [172.19.2.134]:56084
<30>Sep 15 11:52:46 gnu.linuxserver.test.com snmpd[2999]: Connection from UDP: [172.19.2.134]:33910
<30>Sep 15 11:52:46 gnu.linuxserver.test.com snmpd[2999]: Connection from UDP: [172.19.2.134]:40919
<30>Sep 15 11:52:52 gnu.linuxserver.test.com snmpd[2999]: Connection from UDP: [172.19.2.134]:33910
<30>Sep 15 11:52:58 gnu.linuxserver.test.com snmpd[9001]: Connection from UDP: [192.168.20.15]:54568
<12>Sep 15 11:52:55 gnu.linuxserver.test.com sshd: refused connect from localhost.localdomain (::ffff:127.0.0.1)
<38>Sep 15 11:53:04 gnu.linuxserver.test.com sshd(pam_unix)[432]: session opened for user oracle by (uid=0)
<38>Sep 15 11:53:05 gnu.linuxserver.test.com sshd(pam_unix)[441]: session opened for user oracle by (uid=0)
<38>Sep 15 11:53:05 gnu.linuxserver.test.com sshd(pam_unix)[483]: session opened for user oracle by (uid=0)
<38>Sep 15 11:53:06 gnu.linuxserver.test.com sshd(pam_unix)[634]: session opened for user oracle by (uid=0)
<30>Sep 15 11:53:15 gnu.linuxserver.test.com snmpd[9001]: Connection from UDP: [192.168.20.15]:38088
<30>Sep 15 11:53:25 gnu.linuxserver.test.com snmpd[9001]: Connection from UDP: [192.168.20.15]:42233
<22>Sep 15 11:53:28 gnu.linuxserver.test.com postfix/smtpd[29965]: connect from localhost.localdomain[127.0.0.1]
<22>Sep 15 11:53:28 gnu.linuxserver.test.com postfix/smtpd[29965]: disconnect from localhost.localdomain[127.0.0.1]
<30>Sep 15 11:53:37 gnu.linuxserver.test.com snmpd[9001]: Connection from UDP: [192.168.20.15]:35381
<30>Sep 15 11:53:48 gnu.linuxserver.test.com snmpd[9001]: Connection from UDP: [192.168.20.15]:44767
<30>Sep 15 11:53:58 gnu.linuxserver.test.com snmpd[9001]: Connection from UDP: [192.168.20.15]:50058
<86>Sep 15 11:53:54 gnu.linuxserver.test.com sshd[23339]: Failed password for bander7 from ::ffff:10.110.1.28 port 39300 ssh2
