<182>Aug 18 09:09:42 isc.bind.test.com named[3479]: queries: client 170.140.62.40#50721: query: eu-web1.cc.emory.edu IN AAAA + (170.140.2.1)
<182>Aug 18 09:09:42 isc.bind.test.com named[3479]: queries: client 170.140.19.120#49398: query: a.www.trumba.com IN A + (170.140.2.1)
<182>Aug 18 09:09:42 isc.bind.test.com named[9023]: queries: client 170.140.24.92#59757: query: PSEMHUB.service.emory.edu IN A + (170.140.1.1)
<182>Aug 18 09:09:42 isc.bind.test.com named[9023]: queries: client 170.140.24.92#35428: query: PSEMHUB.cc.emory.edu IN A + (170.140.1.1)
<182>Aug 18 09:09:42 isc.bind.test.com named[9023]: queries: client 10.231.8.77#51216: query: newt.emory.net IN A + (170.140.1.1)
<182>Aug 18 09:09:42 isc.bind.test.com named[3479]: queries: client 170.140.19.120#64712: query: a.www.trumba.com IN AAAA + (170.140.2.1)
<182>Aug 18 09:09:42 isc.bind.test.com named[31715]: queries: client 163.246.108.68#54477: query: dns.msftncsi.com IN AAAA + (170.140.2.1)
<182>Aug 18 09:09:42 isc.bind.test.com named[17137]: queries: client 10.40.129.179#51099: query: streamate.doublepimp.com IN A + (170.140.2.1)
<182>Aug 18 09:09:42 isc.bind.test.com named[23597]: queries: client 10.40.91.75#51860: query: safebrowsing-cache.google.com IN A + (170.140.2.1)
<182>Aug 18 09:09:42 isc.bind.test.com named[15245]: queries: client 170.140.245.23#58338: query: download.mozilla.org IN A + (170.140.1.1)
<182>Aug 18 09:09:42 isc.bind.test.com named[16954]: queries: client 170.140.240.212#64628: query: feeds.bbci.co.uk IN A + (170.140.2.1)
<182>Aug 18 09:09:42 isc.bind.test.com named[23597]: queries: client 10.40.78.64#59110: query: safebrowsing.clients.google.com IN A + (170.140.2.1)
<182>Aug 18 09:09:42 isc.bind.test.com named[15245]: queries: client 170.140.187.192#64463: query: uts-ndb-tmorri.local IN A + (170.140.1.1)
<182>Aug 18 09:09:42 isc.bind.test.com named[15245]: queries: client 10.110.27.176#44718: query: alerts.conduit-services.com IN A + (170.140.1.1)
<182>Aug 18 09:09:42 isc.bind.test.com named[28046]: queries: client 10.40.141.178#50527: query: college.emory.edu IN A + (170.140.1.1)
<182>Aug 18 09:09:42 isc.bind.test.com named[16954]: queries: client 10.40.3.147#53848: query: 37-courier.push.apple.com IN A + (170.140.2.1)
<182>Aug 18 09:09:42 isc.bind.test.com named[16954]: queries: client 170.140.190.191#60793: query: webres2.qheal.ctmail.com IN A + (170.140.2.1)
<182>Aug 18 09:09:42 isc.bind.test.com named[9023]: queries: client 170.140.203.133#59881: query: mail-ew0-f35.google.com IN AAAA + (170.140.1.1)
<182>Aug 18 09:09:42 isc.bind.test.com named[16954]: queries: client 170.140.194.120#57587: query: platform.twitter.com IN A + (170.140.2.1)
<182>Aug 18 09:09:42 isc.bind.test.com named[21326]: queries: client 170.140.52.92#50052: query: emorylb1dmz.cc.emory.edu IN A + (170.140.2.1)
<182>Aug 18 09:09:42 isc.bind.test.com named[9023]: queries: client 170.140.203.133#34680: query: 35.215.85.209.in-addr.arpa IN PTR + (170.140.1.1)
<182>Aug 18 09:09:42 isc.bind.test.com named[15245]: queries: client 170.140.14.230#51030: query: www.isg-apple.com.akadns.net IN A + (170.140.1.1)
<182>Aug 18 09:09:42 isc.bind.test.com named[23597]: queries: client 10.40.64.10#49203: query: tcr.tynt.com IN A + (170.140.2.1)
<182>Aug 18 09:09:42 isc.bind.test.com named[9023]: queries: client 170.140.203.133#49566: query: 4.212.85.209.in-addr.arpa IN PTR + (170.140.1.1)
<182>Aug 18 09:09:42 isc.bind.test.com named[9023]: queries: client 170.140.203.133#52432: query: mail-vw0-f4.google.com.service.emory.edu IN AAAA + (170.140.1.1)
<182>Aug 18 09:09:42 isc.bind.test.com named[9023]: queries: client 170.140.203.133#45378: query: mail-vw0-f4.google.com IN A + (170.140.1.1)
<182>Aug 18 09:09:42 isc.bind.test.com named[16954]: queries: client 170.140.194.120#63396: query: urls.api.twitter.com IN A + (170.140.2.1)
<182>Aug 18 09:09:42 isc.bind.test.com named[9023]: queries: client 170.140.203.133#38114: query: c-ac-0-15.wireless.emory.edu IN AAAA + (170.140.1.1)
<182>Aug 18 09:09:42 isc.bind.test.com named[15245]: queries: client 24.98.15.220#37612: query: _ldap._tcp.eu.emory.edu IN SRV + (170.140.1.1)
<182>Aug 18 09:09:43 isc.bind.test.com named[9023]: queries: client 170.140.203.133#49683: query: 193.221.246.163.in-addr.arpa IN PTR + (170.140.1.1)
<182>Aug 18 09:09:43 isc.bind.test.com named[16954]: queries: client 170.140.190.191#52139: query: webres3.qheal.ctmail.com IN A + (170.140.2.1)
<182>Aug 18 09:09:43 isc.bind.test.com named[9023]: queries: client 170.140.203.133#51074: query: 128.87.20.172.IN-ADDR.ARPA IN PTR + (170.140.1.1)
<182>Aug 18 09:09:43 isc.bind.test.com named[9023]: queries: client 170.140.203.133#51074: query: 238.86.20.172.IN-ADDR.ARPA IN PTR + (170.140.1.1)
<182>Aug 18 09:09:43 isc.bind.test.com named[23597]: queries: client 10.40.79.194#61550: query: owa.emory.edu IN A + (170.140.2.1)
<182>Aug 18 09:09:43 isc.bind.test.com named[9023]: queries: client 170.140.203.133#38003: query: dhcp235086.wmb.emory.edu IN AAAA + (170.140.1.1)
<182>Aug 18 09:09:43 isc.bind.test.com named[15245]: queries: client 170.140.43.142#51153: query: rss.msnbc.msn.com IN A + (170.140.1.1)
<182>Aug 18 09:09:43 isc.bind.test.com named[15245]: queries: client 170.140.43.142#54304: query: rss.msnbc.msn.com IN AAAA + (170.140.1.1)
<182>Aug 18 09:09:43 isc.bind.test.com named[9023]: queries: client 170.140.203.133#44728: query: 57.109.20.172.in-addr.arpa IN PTR + (170.140.1.1)
<182>Aug 18 09:09:43 isc.bind.test.com named[9023]: queries: client 170.140.203.133#43969: query: 30.166.246.163.in-addr.arpa IN PTR + (170.140.1.1)
<182>Aug 18 09:09:43 isc.bind.test.com named[9023]: queries: client 170.140.203.133#53161: query: 190.166.246.163.in-addr.arpa IN PTR + (170.140.1.1)
<182>Aug 18 09:09:43 isc.bind.test.com named[9023]: queries: client 170.140.203.133#42850: query: dhcp235086.wmb.emory.edu IN A + (170.140.1.1)
<182>Aug 18 09:09:42 isc.bind.test.com named[15245]: queries: client 170.140.43.142#58765: query: g.msn.com IN A + (170.140.1.1)
<182>Aug 18 09:09:43 isc.bind.test.com named[15245]: queries: client 170.140.240.255#52760: query: s1.2mdn.net IN A + (170.140.1.1)
<182>Aug 18 09:09:43 isc.bind.test.com named[9023]: queries: client 170.140.203.133#54775: query: 238.249.42.10.in-addr.arpa IN PTR + (170.140.1.1)
<182>Aug 18 09:09:43 isc.bind.test.com named[15245]: queries: client 170.140.205.31#50273: query: static.linkedin.com IN A + (170.140.1.1)
<182>Aug 18 09:09:42 isc.bind.test.com named[23597]: queries: client 10.40.79.194#61066: query: imap.gmail.com IN A + (170.140.2.1)
<182>Aug 18 09:09:43 isc.bind.test.com named[9023]: queries: client 170.140.203.133#46350: query: dhcp19322.eushc.org IN A + (170.140.1.1)
<182>Aug 18 09:09:43 isc.bind.test.com named[23597]: queries: client 10.224.60.160#63311: query: s0.2mdn.net IN A + (170.140.2.1)
<182>Aug 18 09:09:43 isc.bind.test.com named[15245]: queries: client 170.140.120.2#54837: query: icompass.insightexpressai.com IN A + (170.140.1.1)
<182>Aug 18 09:09:42 isc.bind.test.com named[15245]: queries: client 10.224.47.90#62242: query: www.facebook.com IN A + (170.140.1.1)
<182>Aug 18 09:09:43 isc.bind.test.com named[9023]: queries: client 170.140.203.133#43003: query: c-ac-27-236.wireless.emory.edu IN AAAA + (170.140.1.1)
<182>Aug 18 09:09:43 isc.bind.test.com named[9023]: queries: client 170.140.203.133#51074: query: 49.105.20.172.IN-ADDR.ARPA IN PTR + (170.140.1.1)
<182>Aug 18 09:09:43 isc.bind.test.com named[9023]: queries: client 170.140.203.133#56064: query: EHC-CTX610.eushc.org.service.emory.edu IN AAAA + (170.140.1.1)
<182>Aug 18 09:09:42 isc.bind.test.com named[15316]: queries: client 163.246.193.96#64837: query: _ldap._tcp.pdc._msdcs.digirad.com IN SRV + (170.140.1.1)
<182>Aug 18 09:09:42 isc.bind.test.com named[15245]: queries: client 10.224.47.90#56649: query: www.facebook.com IN A + (170.140.1.1)
<182>Aug 18 09:09:43 isc.bind.test.com named[9023]: queries: client 170.140.203.133#44507: query: 86.235.140.170.in-addr.arpa IN PTR + (170.140.1.1)
<182>Aug 18 09:09:43 isc.bind.test.com named[9023]: queries: client 170.140.203.133#49662: query: 217.87.20.172.in-addr.arpa IN PTR + (170.140.1.1)
<182>Aug 18 09:09:42 isc.bind.test.com named[9023]: queries: client 170.140.203.133#51074: query: 209.129.20.172.IN-ADDR.ARPA IN PTR + (170.140.1.1)
<182>Aug 18 09:09:42 isc.bind.test.com named[23597]: queries: client 10.40.64.10#56206: query: i2.cdn.turner.com IN A + (170.140.2.1)
<182>Aug 18 09:09:43 isc.bind.test.com named[9023]: queries: client 170.140.203.133#49030: query: n-ac-66-245.wireless.emory.edu.service.emory.edu IN AAAA + (170.140.1.1)
<182>Aug 18 09:09:42 isc.bind.test.com named[3479]: queries: client 170.140.35.224#58334: query: ja-jp.facebook.com IN A + (170.140.2.1)
<182>Aug 18 09:09:42 isc.bind.test.com named[9023]: queries: client 170.140.203.133#57283: query: 15.102.246.163.in-addr.arpa IN PTR + (170.140.1.1)
<182>Aug 18 09:09:43 isc.bind.test.com named[9023]: queries: client 170.140.203.133#47511: query: 236.27.40.10.in-addr.arpa IN PTR + (170.140.1.1)
<182>Aug 18 09:09:42 isc.bind.test.com named[9023]: queries: client 170.140.203.133#58194: query: mail-vw0-f4.google.com IN AAAA + (170.140.1.1)
<182>Aug 18 09:09:43 isc.bind.test.com named[15245]: queries: client 170.140.205.31#63461: query: gima.weather.com IN A + (170.140.1.1)
<182>Aug 18 09:09:43 isc.bind.test.com named[9023]: queries: client 170.140.203.133#36498: query: 238.86.20.172.in-addr.arpa IN PTR + (170.140.1.1)
<182>Aug 18 09:09:43 isc.bind.test.com named[9023]: queries: client 170.140.203.133#44362: query: dhcp19322.eushc.org IN AAAA + (170.140.1.1)
<182>Aug 18 09:09:42 isc.bind.test.com named[9023]: queries: client 170.140.203.133#38732: query: 199.24.20.172.in-addr.arpa IN PTR + (170.140.1.1)
<182>Aug 18 09:09:43 isc.bind.test.com named[9023]: queries: client 170.140.203.133#60077: query: 245.66.40.10.in-addr.arpa IN PTR + (170.140.1.1)
<182>Aug 18 09:09:42 isc.bind.test.com named[15245]: queries: client 170.140.120.21#10961: query: 149.216.47.199.IN-ADDR.ARPA IN PTR + (170.140.1.1)
<182>Aug 18 09:09:42 isc.bind.test.com named[9023]: queries: client 170.140.203.133#49979: query: 15.0.40.10.in-addr.arpa IN PTR + (170.140.1.1)
<182>Aug 18 09:09:43 isc.bind.test.com named[9023]: queries: client 170.140.203.133#60498: query: 227.25.20.172.in-addr.arpa IN PTR + (170.140.1.1)
<182>Aug 18 09:09:42 isc.bind.test.com named[9023]: queries: client 170.140.203.133#34773: query: 209.129.20.172.in-addr.arpa IN PTR + (170.140.1.1)
<182>Aug 18 09:09:42 isc.bind.test.com named[23597]: queries: client 10.40.64.10#50819: query: asd.tynt.com IN A + (170.140.2.1)
<182>Aug 18 09:09:43 isc.bind.test.com named[23597]: queries: client 170.140.100.114#47048: query: nbsdev.genetics.emory.edu IN A + (170.140.2.1)
<182>Aug 18 09:09:42 isc.bind.test.com named[15245]: queries: client 170.140.21.113#63325: query: crl.microsoft.com IN A + (170.140.1.1)
<182>Aug 18 09:09:43 isc.bind.test.com named[9023]: queries: client 170.140.203.133#52265: query: 224.92.20.172.in-addr.arpa IN PTR + (170.140.1.1)
<182>Aug 18 09:09:42 isc.bind.test.com named[3479]: queries: client 170.140.35.224#52268: query: developers.facebook.com IN A + (170.140.2.1)
<182>Aug 18 09:09:42 isc.bind.test.com named[15245]: queries: client 170.140.231.29#64638: query: leader.finance.people.com.cn IN AAAA + (170.140.1.1)
<182>Aug 18 09:09:43 isc.bind.test.com named[15245]: queries: client 170.140.252.54#53103: query: webobjects.cdw.com IN A + (170.140.1.1)
<182>Aug 18 09:09:42 isc.bind.test.com named[15245]: queries: client 170.140.231.29#51846: query: medicine.people.com.cn IN A + (170.140.1.1)
<182>Aug 18 09:09:42 isc.bind.test.com named[3479]: queries: client 170.140.35.224#53906: query: fr-fr.facebook.com IN A + (170.140.2.1)
<182>Aug 18 09:09:43 isc.bind.test.com named[16954]: queries: client 10.224.62.237#1026: query: 237.62.224.10.in-addr.arpa IN PTR + (170.140.2.1)
<182>Aug 18 09:09:42 isc.bind.test.com named[31715]: queries: client 163.246.108.135#51268: query: www.apple.com IN A + (170.140.2.1)
<182>Aug 18 09:09:42 isc.bind.test.com named[16954]: queries: client 170.140.190.191#57598: query: ll-appserver.veoh.com IN AAAA + (170.140.2.1)
<182>Aug 18 09:09:42 isc.bind.test.com named[3479]: queries: client 10.231.10.52#59353: query: 37.202.140.170.in-addr.arpa IN PTR + (170.140.2.1)
<182>Aug 18 09:09:43 isc.bind.test.com named[9023]: queries: client 170.140.203.133#51074: query: 238.249.42.10.IN-ADDR.ARPA IN PTR + (170.140.1.1)
<182>Aug 18 09:09:43 isc.bind.test.com named[9023]: queries: client 170.140.203.133#47632: query: dhcp19322.eushc.org.service.emory.edu IN AAAA + (170.140.1.1)
<182>Aug 18 09:09:43 isc.bind.test.com named[9023]: queries: client 170.140.203.133#51074: query: 188.129.20.172.IN-ADDR.ARPA IN PTR + (170.140.1.1)
<182>Aug 18 09:09:42 isc.bind.test.com named[23597]: queries: client 10.40.64.10#52200: query: metrics.turner.com IN A + (170.140.2.1)
<182>Aug 18 09:09:42 isc.bind.test.com named[3479]: queries: client 170.140.35.224#60405: query: de-de.facebook.com IN A + (170.140.2.1)
<182>Aug 18 09:09:43 isc.bind.test.com named[15316]: queries: client 163.246.224.231#53071: query: cbswjmk.files.wordpress.com IN A + (170.140.1.1)
<182>Aug 18 09:09:43 isc.bind.test.com named[9023]: queries: client 170.140.203.133#60932: query: EHC-CTX671.eushc.org.service.emory.edu IN AAAA + (170.140.1.1)
<182>Aug 18 09:09:42 isc.bind.test.com named[15245]: queries: client 170.140.245.23#58459: query: download.mozilla.org IN AAAA + (170.140.1.1)
<182>Aug 18 09:09:43 isc.bind.test.com named[15245]: queries: client 170.140.245.101#51421: query: www.google-analytics.com IN A + (170.140.1.1)
<182>Aug 18 09:09:42 isc.bind.test.com named[9023]: queries: client 170.140.203.133#51074: query: 15.102.246.163.IN-ADDR.ARPA IN PTR + (170.140.1.1)
<182>Aug 18 09:09:43 isc.bind.test.com named[9023]: queries: client 170.140.203.133#46563: query: c-ac-27-236.wireless.emory.edu IN A + (170.140.1.1)
<182>Aug 18 09:09:42 isc.bind.test.com named[23597]: queries: client 10.40.64.10#54680: query: secure-us.imrworldwide.com IN A + (170.140.2.1)
<182>Aug 18 09:09:43 isc.bind.test.com named[9023]: queries: client 170.140.203.133#42775: query: n-ac-66-245.wireless.emory.edu IN AAAA + (170.140.1.1)
<182>Aug 18 09:09:42 isc.bind.test.com named[23597]: queries: client 10.224.60.160#53231: query: ad.doubleclick.net IN A + (170.140.2.1)
<182>Aug 18 09:09:43 isc.bind.test.com named[23597]: queries: client 170.140.100.114#53918: query: nbsdev.genetics.emory.edu IN A + (170.140.2.1)
<182>Aug 18 09:09:42 isc.bind.test.com named[9023]: queries: client 170.140.203.133#41622: query: c-ac-0-15.wireless.emory.edu IN A + (170.140.1.1)
<182>Aug 18 09:09:43 isc.bind.test.com named[9023]: queries: client 170.140.203.133#51074: query: 217.87.20.172.IN-ADDR.ARPA IN PTR + (170.140.1.1)
<182>Aug 18 09:09:42 isc.bind.test.com named[3479]: queries: client 170.140.35.224#57333: query: ar-ar.facebook.com IN A + (170.140.2.1)
<182>Aug 18 09:09:43 isc.bind.test.com named[9023]: queries: client 170.140.203.133#51074: query: 227.25.20.172.IN-ADDR.ARPA IN PTR + (170.140.1.1)
<182>Aug 18 09:09:43 isc.bind.test.com named[9023]: queries: client 170.140.203.133#44390: query: 254.87.20.172.in-addr.arpa IN PTR + (170.140.1.1)
<182>Aug 18 09:09:42 isc.bind.test.com named[15245]: queries: client 170.140.21.113#53606: query: crl.microsoft.com IN AAAA + (170.140.1.1)
<182>Aug 18 09:09:42 isc.bind.test.com named[3479]: queries: client 170.140.35.224#58736: query: hi-in.facebook.com IN A + (170.140.2.1)
<182>Aug 18 09:09:43 isc.bind.test.com named[9023]: queries: client 170.140.203.133#51074: query: 224.92.20.172.IN-ADDR.ARPA IN PTR + (170.140.1.1)
<182>Aug 18 09:09:42 isc.bind.test.com named[16954]: queries: client 170.140.194.120#54393: query: sana.newsinc.com IN A + (170.140.2.1)
<182>Aug 18 09:09:42 isc.bind.test.com named[23597]: queries: client 10.40.64.10#62706: query: eabd3b6ed1.static.crowdscience.com IN A + (170.140.2.1)
<182>Aug 18 09:09:42 isc.bind.test.com named[9023]: queries: client 170.140.203.133#32957: query: c-ac-0-15.wireless.emory.edu.service.emory.edu IN AAAA + (170.140.1.1)
<182>Aug 18 09:09:42 isc.bind.test.com named[23597]: queries: client 10.40.64.10#52774: query: js.revsci.net IN A + (170.140.2.1)
<182>Aug 18 09:09:43 isc.bind.test.com named[9023]: queries: client 170.140.203.133#38997: query: 218.89.20.172.in-addr.arpa IN PTR + (170.140.1.1)
<182>Aug 18 09:09:42 isc.bind.test.com named[9023]: queries: client 170.140.203.133#51074: query: 199.24.20.172.IN-ADDR.ARPA IN PTR + (170.140.1.1)
<182>Aug 18 09:09:43 isc.bind.test.com named[15245]: queries: client 10.224.47.42#53702: query: dr._dns-sd._udp.0.46.224.10.in-addr.arpa IN PTR + (170.140.1.1)
<182>Aug 18 09:09:43 isc.bind.test.com named[9023]: queries: client 170.140.203.133#51074: query: 57.109.20.172.IN-ADDR.ARPA IN PTR + (170.140.1.1)
<182>Aug 18 09:09:43 isc.bind.test.com named[9023]: queries: client 170.140.203.133#51074: query: 232.105.20.172.IN-ADDR.ARPA IN PTR + (170.140.1.1)
<182>Aug 18 09:09:43 isc.bind.test.com named[9023]: queries: client 170.140.203.133#51074: query: 228.27.20.172.IN-ADDR.ARPA IN PTR + (170.140.1.1)
<182>Aug 18 09:09:43 isc.bind.test.com named[9023]: queries: client 170.140.203.133#33868: query: dhcp235086.wmb.emory.edu.service.emory.edu IN AAAA + (170.140.1.1)
<182>Aug 18 09:09:43 isc.bind.test.com named[15245]: queries: client 170.140.120.21#22652: query: 166.220.107.209.IN-ADDR.ARPA IN PTR + (170.140.1.1)
<182>Aug 18 09:09:43 isc.bind.test.com named[9023]: queries: client 170.140.203.133#38188: query: c-ac-27-236.wireless.emory.edu.service.emory.edu IN AAAA + (170.140.1.1)
<182>Aug 18 09:09:43 isc.bind.test.com named[9023]: queries: client 170.140.203.133#43222: query: 188.129.20.172.in-addr.arpa IN PTR + (170.140.1.1)
<182>Aug 18 09:09:42 isc.bind.test.com named[3479]: queries: client 170.140.35.224#55952: query: es-la.facebook.com IN A + (170.140.2.1)
<182>Aug 18 09:09:43 isc.bind.test.com named[15245]: queries: client 10.110.37.171#44742: query: cd09.artist.images.jango.com IN A + (170.140.1.1)
<182>Aug 18 09:09:43 isc.bind.test.com named[15245]: queries: client 170.140.120.2#54314: query: a1666.x.akamai.net IN A + (170.140.1.1)
<182>Aug 18 09:09:42 isc.bind.test.com named[3479]: queries: client 170.140.35.224#51371: query: pt-br.facebook.com IN A + (170.140.2.1)
<182>Aug 18 09:09:43 isc.bind.test.com named[16954]: queries: client 170.140.223.177#61258: query: ADDCACVM1.Eu.Emory.Edu IN AAAA + (170.140.2.1)
<182>Aug 18 09:09:43 isc.bind.test.com named[9023]: queries: client 170.140.203.133#45762: query: WS08018.device.eushc.org IN AAAA + (170.140.1.1)
<182>Aug 18 09:09:43 isc.bind.test.com named[9023]: queries: client 170.140.203.133#38869: query: WS08018.device.eushc.org IN A + (170.140.1.1)
<182>Aug 18 09:09:43 isc.bind.test.com named[15245]: queries: client 170.140.120.2#57339: query: js.revsci.net IN A + (170.140.1.1)
<182>Aug 18 09:09:43 isc.bind.test.com named[9023]: queries: client 170.140.203.133#48797: query: n-ac-72-67.wireless.emory.edu IN AAAA + (170.140.1.1)
<182>Aug 18 09:09:43 isc.bind.test.com named[9023]: queries: client 170.140.203.133#49117: query: 192.150.246.163.in-addr.arpa IN PTR + (170.140.1.1)
<182>Aug 18 09:09:43 isc.bind.test.com named[9023]: queries: client 170.140.203.133#41014: query: 67.72.40.10.in-addr.arpa IN PTR + (170.140.1.1)
<182>Aug 18 09:09:43 isc.bind.test.com named[9023]: queries: client 170.140.203.133#51074: query: 192.91.20.172.IN-ADDR.ARPA IN PTR + (170.140.1.1)
<182>Aug 18 09:09:43 isc.bind.test.com named[16954]: queries: client 170.140.221.135#64879: query: wus.as.emory.edu IN A + (170.140.2.1)
<182>Aug 18 09:09:43 isc.bind.test.com named[15245]: queries: client 170.140.14.231#62679: query: safebrowsing-cache.google.com IN A + (170.140.1.1)
<182>Aug 18 09:09:43 isc.bind.test.com named[8184]: queries: client 170.140.198.61#55592: query: coredcvm1.Eu.Emory.Edu IN A + (170.140.2.1)
<182>Aug 18 09:09:43 isc.bind.test.com named[16954]: queries: client 170.140.223.177#49261: query: ADDCACVM1.Eu.Emory.Edu IN A + (170.140.2.1)
<182>Aug 18 09:09:43 isc.bind.test.com named[9023]: queries: client 170.140.203.133#40075: query: n-ac-72-67.wireless.emory.edu IN A + (170.140.1.1)
<182>Aug 18 09:09:43 isc.bind.test.com named[31715]: queries: client 163.246.149.196#57502: query: _ldap._tcp.Default-First-Site-Name._sites.dc._msdcs.PED.emory.edu IN SRV + (170.140.2.1)
<182>Aug 18 09:09:43 isc.bind.test.com named[9023]: queries: client 170.140.203.133#42679: query: n-ac-72-67.wireless.emory.edu.service.emory.edu IN AAAA + (170.140.1.1)
<182>Aug 18 09:09:43 isc.bind.test.com named[15245]: queries: client 170.140.240.255#52266: query: gfx4.hotmail.com IN A + (170.140.1.1)
<182>Aug 18 09:09:43 isc.bind.test.com named[9023]: queries: client 170.140.201.8#57839: query: _ldap._tcp.Core._sites.Eu.Emory.Edu IN SRV + (170.140.1.1)
<182>Aug 18 09:09:43 isc.bind.test.com named[16954]: queries: client 10.224.33.154#54489: query: addcacvm2.Eu.Emory.Edu IN A + (170.140.2.1)
<182>Aug 18 09:09:43 isc.bind.test.com named[15245]: queries: client 170.140.240.255#54784: query: js.wlxrs.com IN A + (170.140.1.1)
<182>Aug 18 09:09:43 isc.bind.test.com named[9023]: queries: client 170.140.203.133#37412: query: 57.105.20.172.in-addr.arpa IN PTR + (170.140.1.1)
<182>Aug 18 09:09:43 isc.bind.test.com named[21326]: queries: client 170.140.52.92#50019: query: marketingwhitepaperlibrary.com IN MX + (170.140.2.1)
<182>Aug 18 09:09:43 isc.bind.test.com named[23597]: queries: client 170.140.156.15#64678: query: ad.turn.com.akadns.net IN AAAA + (170.140.1.1)
<182>Aug 18 09:09:43 isc.bind.test.com named[15245]: queries: client 170.140.119.70#55716: query: youjizzlive.com IN A + (170.140.1.1)
<182>Aug 18 09:09:43 isc.bind.test.com named[8184]: queries: client 170.140.10.128#61908: query: plus.google.com IN AAAA + (170.140.2.1)
<182>Aug 18 09:09:43 isc.bind.test.com named[9023]: queries: client 170.140.203.133#51074: query: 211.128.20.172.IN-ADDR.ARPA IN PTR + (170.140.1.1)
<182>Aug 18 09:09:43 isc.bind.test.com named[9023]: queries: client 170.140.203.133#56877: query: 192.34.140.170.in-addr.arpa IN PTR + (170.140.1.1)
<182>Aug 18 09:09:43 isc.bind.test.com named[15245]: queries: client 170.140.240.255#58620: query: shared.live.com IN A + (170.140.1.1)
<182>Aug 18 09:09:43 isc.bind.test.com named[15245]: queries: client 170.140.240.255#51376: query: css.wlxrs.com IN A + (170.140.1.1)
<182>Aug 18 09:09:43 isc.bind.test.com named[9023]: queries: client 170.140.203.133#60985: query: dhcp34-192.gca.emory.edu IN AAAA + (170.140.1.1)
<182>Aug 18 09:09:43 isc.bind.test.com named[15245]: queries: client 170.140.245.23#52009: query: owa.emory.edu IN A + (170.140.1.1)
<182>Aug 18 09:09:43 isc.bind.test.com named[15245]: queries: client 170.140.250.41#58068: query: ant-jrillin-15p.dnt.emory.edu IN A + (170.140.1.1)
<182>Aug 18 09:09:43 isc.bind.test.com named[9023]: queries: client 170.140.140.83#52777: query: coredcvm1.eu.emory.edu IN A + (170.140.1.1)
<182>Aug 18 09:09:43 isc.bind.test.com named[16954]: queries: client 170.140.190.191#63743: query: webres4.qheal.ctmail.com IN A + (170.140.2.1)
<182>Aug 18 09:09:43 isc.bind.test.com named[9023]: queries: client 170.140.24.52#45385: query: _nfsv4idmapdomain.emory.edu IN TXT + (170.140.1.1)
<182>Aug 18 09:09:43 isc.bind.test.com named[15245]: queries: client 170.140.240.255#56260: query: gfx1.hotmail.com IN A + (170.140.1.1)
<182>Aug 18 09:09:43 isc.bind.test.com named[9023]: queries: client 10.231.8.102#57954: query: oranamesrvr2.cc.emory.edu IN A + (170.140.1.1)
<182>Aug 18 09:09:43 isc.bind.test.com named[9023]: queries: client 170.140.24.52#45388: query: _nfsv4idmapdomain IN TXT + (170.140.1.1)
<182>Aug 18 09:09:43 isc.bind.test.com named[15245]: queries: client 170.140.245.23#65300: query: owa.emory.edu IN AAAA + (170.140.1.1)
<182>Aug 18 09:09:43 isc.bind.test.com named[9023]: queries: client 170.140.203.133#52620: query: 221.139.140.170.in-addr.arpa IN PTR + (170.140.1.1)
<182>Aug 18 09:09:43 isc.bind.test.com named[16954]: queries: client 170.140.192.176#63597: query: r.nexac.com IN A + (170.140.2.1)
<182>Aug 18 09:09:43 isc.bind.test.com named[9023]: queries: client 170.140.203.133#34373: query: 54.252.140.170.in-addr.arpa IN PTR + (170.140.1.1)
<182>Aug 18 09:09:43 isc.bind.test.com named[15245]: queries: client 170.140.240.255#61438: query: shared.live.com IN AAAA + (170.140.1.1)
<182>Aug 18 09:09:43 isc.bind.test.com named[15245]: queries: client 170.140.240.255#61128: query: css.wlxrs.com IN AAAA + (170.140.1.1)
<182>Aug 18 09:09:43 isc.bind.test.com named[3479]: queries: client 170.140.107.191#57106: query: addcacvm2.eu.emory.edu IN AAAA + (170.140.2.1)
<182>Aug 18 09:09:43 isc.bind.test.com named[9023]: queries: client 170.140.203.133#51582: query: 39.123.246.163.in-addr.arpa IN PTR + (170.140.1.1)
<182>Aug 18 09:09:43 isc.bind.test.com named[3479]: queries: client 170.140.143.254#60380: query: www.mozilla.com IN A + (170.140.2.1)
<182>Aug 18 09:09:43 isc.bind.test.com named[15245]: queries: client 170.140.240.255#63612: query: accountservices.msn.com IN AAAA + (170.140.1.1)
<182>Aug 18 09:09:43 isc.bind.test.com named[15245]: queries: client 170.140.212.185#54884: query: ADDCACVM1.Eu.Emory.Edu IN A + (170.140.1.1)
<182>Aug 18 09:09:43 isc.bind.test.com named[23597]: queries: client 170.140.175.172#54507: query: csupdate.earthlink.net IN A + (170.140.2.1)
<182>Aug 18 09:09:43 isc.bind.test.com named[15245]: queries: client 170.140.235.124#59188: query: booster.estr.es IN A + (170.140.1.1)
<182>Aug 18 09:09:43 isc.bind.test.com named[16954]: queries: client 10.224.33.154#57662: query: addcwsvm1.Eu.Emory.Edu IN A + (170.140.2.1)
<182>Aug 18 09:09:43 isc.bind.test.com named[3479]: queries: client 170.140.143.254#59421: query: www.emory.edu IN A + (170.140.2.1)
<182>Aug 18 09:09:43 isc.bind.test.com named[15245]: queries: client 170.140.240.255#64336: query: secure.wlxrs.com IN AAAA + (170.140.1.1)
<182>Aug 18 09:09:43 isc.bind.test.com named[23597]: queries: client 10.40.76.240#51946: query: 113.67.125.74.in-addr.arpa IN PTR + (170.140.2.1)
<182>Aug 18 09:09:43 isc.bind.test.com named[9023]: queries: client 170.140.203.133#40063: query: 250.152.20.172.in-addr.arpa IN PTR + (170.140.1.1)
<182>Aug 18 09:09:43 isc.bind.test.com named[9023]: queries: client 170.140.203.133#56762: query: dhcp-voip-732-152-250.voip.emory.net IN AAAA + (170.140.1.1)
<182>Aug 18 09:09:43 isc.bind.test.com named[9023]: queries: client 170.140.203.133#34674: query: dhcp-voip-732-152-250.voip.emory.net.service.emory.edu IN AAAA + (170.140.1.1)
<182>Aug 18 09:09:43 isc.bind.test.com named[9023]: queries: client 170.140.203.133#51074: query: 111.66.20.172.IN-ADDR.ARPA IN PTR + (170.140.1.1)
<182>Aug 18 09:09:43 isc.bind.test.com named[17137]: queries: client 170.140.83.32#60756: query: profile.ak.fbcdn.net IN AAAA + (170.140.2.1)
<182>Aug 18 09:09:43 isc.bind.test.com named[9023]: queries: client 170.140.203.133#48364: query: dhcp-voip-732-152-250.voip.emory.net IN A + (170.140.1.1)
<182>Aug 18 09:09:43 isc.bind.test.com named[16954]: queries: client 170.140.221.0#64383: query: l.betrad.com IN AAAA + (170.140.2.1)
<182>Aug 18 09:09:43 isc.bind.test.com named[15245]: queries: client 170.140.120.21#58328: query: 32.252.84.184.IN-ADDR.ARPA IN PTR + (170.140.1.1)
<182>Aug 18 09:09:43 isc.bind.test.com named[9023]: queries: client 170.140.203.133#35004: query: 111.66.20.172.in-addr.arpa IN PTR + (170.140.1.1)
<182>Aug 18 09:09:43 isc.bind.test.com named[9023]: queries: client 170.140.203.133#52394: query: 90.64.40.10.in-addr.arpa IN PTR + (170.140.1.1)
<182>Aug 18 09:09:43 isc.bind.test.com named[31573]: queries: client 170.140.52.93#57032: query: email.theknot.com IN AAAA + (170.140.1.1)
<182>Aug 18 09:09:43 isc.bind.test.com named[23597]: queries: client 170.140.66.29#56600: query: eu-web1.cc.emory.edu IN AAAA + (170.140.2.1)
<182>Aug 18 09:09:43 isc.bind.test.com named[9023]: queries: client 170.140.203.133#55222: query: n-ac-64-90.wireless.emory.edu IN AAAA + (170.140.1.1)
<182>Aug 18 09:09:43 isc.bind.test.com named[9023]: queries: client 170.140.203.133#59736: query: n-ac-64-90.wireless.emory.edu.service.emory.edu IN AAAA + (170.140.1.1)
<182>Aug 18 09:09:43 isc.bind.test.com named[9023]: queries: client 170.140.203.133#35288: query: dhcp158.ecch.emory.edu.service.emory.edu IN AAAA + (170.140.1.1)
<182>Aug 18 09:09:43 isc.bind.test.com named[9023]: queries: client 170.140.203.133#56171: query: dhcp158.ecch.emory.edu.service.emory.edu IN A + (170.140.1.1)
<182>Aug 18 09:09:43 isc.bind.test.com named[9023]: queries: client 170.140.203.133#54319: query: dhcp158.ecch.emory.edu IN A + (170.140.1.1)
<182>Aug 18 09:09:43 isc.bind.test.com named[9023]: queries: client 170.140.203.133#51074: query: 158.109.140.170.IN-ADDR.ARPA IN PTR + (170.140.1.1)
<182>Aug 18 09:09:43 isc.bind.test.com named[15316]: queries: client 163.246.108.218#59645: query: demovl01.quosavl.com IN AAAA + (170.140.1.1)
<182>Aug 18 09:09:43 isc.bind.test.com named[9023]: queries: client 170.140.203.133#51074: query: 245.250.42.10.IN-ADDR.ARPA IN PTR + (170.140.1.1)
<182>Aug 18 09:09:43 isc.bind.test.com named[15245]: queries: client 170.140.246.148#61722: query: shared.web.emory.edu IN A + (170.140.1.1)
<182>Aug 18 09:09:43 isc.bind.test.com named[15245]: queries: client 170.140.240.255#62895: query: dps.msg.yahoo.com IN AAAA + (170.140.1.1)
<182>Aug 18 09:09:43 isc.bind.test.com named[23597]: queries: client 10.40.65.40#62840: query: us.cyberonics.com IN A + (170.140.2.1)
<182>Aug 18 09:09:43 isc.bind.test.com named[23597]: queries: client 10.40.65.40#64554: query: provider.carefirst.com IN A + (170.140.2.1)
<182>Aug 18 09:09:43 isc.bind.test.com named[3479]: queries: client 170.140.19.27#65379: query: privacy-policy.truste.com IN A + (170.140.2.1)
<182>Aug 18 09:09:43 isc.bind.test.com named[9023]: queries: client 170.140.203.133#41089: query: 50.105.20.172.in-addr.arpa IN PTR + (170.140.1.1)
<182>Aug 18 09:09:43 isc.bind.test.com named[15245]: queries: client 170.140.22.110#49635: query: service.tmall.com IN A + (170.140.1.1)
<182>Aug 18 09:09:43 isc.bind.test.com named[15245]: queries: client 170.140.245.23#59322: query: ocsp.godaddy.com IN A + (170.140.1.1)
<182>Aug 18 09:09:43 isc.bind.test.com named[23597]: queries: client 10.224.60.160#63433: query: content.yieldmanager.edgesuite.net IN A + (170.140.2.1)
<182>Aug 18 09:09:43 isc.bind.test.com named[15245]: queries: client 170.140.245.23#58947: query: shared.web.emory.edu IN AAAA + (170.140.1.1)
<182>Aug 18 09:09:43 isc.bind.test.com named[15245]: queries: client 170.140.245.23#57168: query: www.trumba.com IN AAAA + (170.140.1.1)
<182>Aug 18 09:09:43 isc.bind.test.com named[15245]: queries: client 170.140.205.31#57427: query: a.triggit.com IN A + (170.140.1.1)
<182>Aug 18 09:09:43 isc.bind.test.com named[21326]: queries: client 170.140.52.92#50052: query: ldapsm0.cc.emory.edu IN AAAA + (170.140.2.1)
<182>Aug 18 09:09:43 isc.bind.test.com named[15245]: queries: client 170.140.252.54#61056: query: twitter.com IN A + (170.140.1.1)
<182>Aug 18 09:09:43 isc.bind.test.com named[9023]: queries: client 170.140.203.133#53863: query: ehc-ctx751.eushc.org IN AAAA + (170.140.1.1)
<182>Aug 18 09:09:43 isc.bind.test.com named[23597]: queries: client 10.40.65.40#63973: query: staffing.ucsd.edu IN A + (170.140.2.1)
<182>Aug 18 09:09:43 isc.bind.test.com named[9023]: queries: client 170.140.203.133#38623: query: ehc-ctx751.eushc.org.service.emory.edu IN AAAA + (170.140.1.1)
<182>Aug 18 09:09:43 isc.bind.test.com named[16954]: queries: client 170.140.181.126#62016: query: addons.mozilla.org IN A + (170.140.2.1)
<182>Aug 18 09:09:43 isc.bind.test.com named[15245]: queries: client 170.140.252.54#61881: query: www.bbb.org IN A + (170.140.1.1)
<182>Aug 18 09:09:43 isc.bind.test.com named[23597]: queries: client 10.40.65.40#63382: query: www.umresearch.umd.edu IN A + (170.140.2.1)
<182>Aug 18 09:09:43 isc.bind.test.com named[9023]: queries: client 170.140.203.133#57935: query: ehc-ctx751.eushc.org IN A + (170.140.1.1)
<182>Aug 18 09:09:43 isc.bind.test.com named[21326]: queries: client 170.140.52.92#50052: query: ldapsm0.cc.emory.edu IN A + (170.140.2.1)
<182>Aug 18 09:09:43 isc.bind.test.com named[9023]: queries: client 170.140.203.133#37224: query: 221.118.246.163.in-addr.arpa IN PTR + (170.140.1.1)
<182>Aug 18 09:09:43 isc.bind.test.com named[15245]: queries: client 170.140.214.60#61243: query: 140.170.in-addr.arpa IN NS + (170.140.1.1)
<182>Aug 18 09:09:43 isc.bind.test.com named[31715]: queries: client 163.246.108.135#59160: query: ehcowa.emory.edu IN A + (170.140.2.1)
<182>Aug 18 09:09:43 isc.bind.test.com named[15245]: queries: client 170.140.205.31#59949: query: a898.x.akamai.net IN A + (170.140.1.1)
<182>Aug 18 09:09:43 isc.bind.test.com named[31715]: queries: client 163.246.213.37#59789: query: ak1.abmr.net IN A + (170.140.2.1)
<182>Aug 18 09:09:43 isc.bind.test.com named[17137]: queries: client 170.140.111.49#51671: query: BRW0022585CC371.wireless.emory.edu IN A + (170.140.2.1)
<182>Aug 18 09:09:43 isc.bind.test.com named[9023]: queries: client 170.140.203.133#45559: query: dhcp098241.matctr.emory.edu IN AAAA + (170.140.1.1)
<182>Aug 18 09:09:43 isc.bind.test.com named[9023]: queries: client 170.140.203.133#48679: query: dhcp098241.matctr.emory.edu.service.emory.edu IN AAAA + (170.140.1.1)
<182>Aug 18 09:09:43 isc.bind.test.com named[17137]: queries: client 170.140.111.49#58769: query: BRW0022585CC371.resnet.emory.edu IN A + (170.140.2.1)
<182>Aug 18 09:09:43 isc.bind.test.com named[15245]: queries: client 170.140.226.254#65308: query: ocsp.verisign.com IN AAAA + (170.140.1.1)
<182>Aug 18 09:09:43 isc.bind.test.com named[15245]: queries: client 170.140.205.31#49492: query: a1521.x.akamai.net IN A + (170.140.1.1)
<182>Aug 18 09:09:43 isc.bind.test.com named[9023]: queries: client 170.140.203.133#51074: query: 197.136.41.10.IN-ADDR.ARPA IN PTR + (170.140.1.1)
<182>Aug 18 09:09:43 isc.bind.test.com named[15245]: queries: client 170.140.205.31#54862: query: tag.admeld.com IN A + (170.140.1.1)
<182>Aug 18 09:09:43 isc.bind.test.com named[15245]: queries: client 170.140.126.17#55569: query: EC-PRINT-V.cc.emory.edu IN A + (170.140.1.1)
<182>Aug 18 09:09:43 isc.bind.test.com named[9023]: queries: client 170.140.203.133#38072: query: dhcp098241.matctr.emory.edu.service.emory.edu IN A + (170.140.1.1)
<182>Aug 18 09:09:43 isc.bind.test.com named[9023]: queries: client 170.140.203.133#51074: query: 241.98.140.170.IN-ADDR.ARPA IN PTR + (170.140.1.1)
<182>Aug 18 09:09:43 isc.bind.test.com named[9023]: queries: client 170.140.203.133#53891: query: c-rnnr-136-197.wireless.emory.edu IN AAAA + (170.140.1.1)
<182>Aug 18 09:09:43 isc.bind.test.com named[3479]: queries: client 170.140.143.254#65141: query: www.trumba.com IN A + (170.140.2.1)
<182>Aug 18 09:09:43 isc.bind.test.com named[16954]: queries: client 170.140.194.120#63948: query: adserving.cpxadroit.com IN A + (170.140.2.1)
<182>Aug 18 09:09:43 isc.bind.test.com named[17137]: queries: client 10.40.129.179#63320: query: cdn.nsimg.net IN A + (170.140.2.1)
<182>Aug 18 09:09:43 isc.bind.test.com named[9023]: queries: client 170.140.203.133#51074: query: 146.249.42.10.IN-ADDR.ARPA IN PTR + (170.140.1.1)
<182>Aug 18 09:09:43 isc.bind.test.com named[9023]: queries: client 170.140.203.133#43949: query: ehc-ctx527.eushc.org IN AAAA + (170.140.1.1)
<182>Aug 18 09:09:43 isc.bind.test.com named[9023]: queries: client 170.140.203.133#43611: query: 217.21.20.172.in-addr.arpa IN PTR + (170.140.1.1)
<182>Aug 18 09:09:43 isc.bind.test.com named[9023]: queries: client 170.140.203.133#47947: query: ehc-ctx405.eushc.org.service.emory.edu IN AAAA + (170.140.1.1)
<182>Aug 18 09:09:43 isc.bind.test.com named[9023]: queries: client 170.140.203.133#55861: query: c-rnnr-136-197.wireless.emory.edu.service.emory.edu IN A + (170.140.1.1)
<182>Aug 18 09:09:43 isc.bind.test.com named[9023]: queries: client 170.140.203.133#33686: query: ehc-ctx405.eushc.org IN AAAA + (170.140.1.1)
<182>Aug 18 09:09:43 isc.bind.test.com named[9023]: queries: client 170.140.203.133#46467: query: n-ac-65-243.wireless.emory.edu IN A + (170.140.1.1)
<182>Aug 18 09:09:43 isc.bind.test.com named[9023]: queries: client 170.140.203.133#53665: query: dhcp098241.matctr.emory.edu IN A + (170.140.1.1)
<182>Aug 18 09:09:43 isc.bind.test.com named[16954]: queries: client 170.140.152.42#65335: query: _kerberos-master._udp.EU.EMORY.EDU IN SRV + (170.140.2.1)
<182>Aug 18 09:09:43 isc.bind.test.com named[9023]: queries: client 170.140.203.133#37580: query: ehc-ctx527.eushc.org IN A + (170.140.1.1)
<182>Aug 18 09:09:43 isc.bind.test.com named[3479]: queries: client 170.140.143.254#53187: query: www.googleadservices.com IN A + (170.140.2.1)
<182>Aug 18 09:09:43 isc.bind.test.com named[23597]: queries: client 10.40.65.40#58831: query: wiki.directproject.org IN A + (170.140.2.1)
<182>Aug 18 09:09:43 isc.bind.test.com named[9023]: queries: client 170.140.203.133#51242: query: addcad2.Eu.emory.edu IN AAAA + (170.140.1.1)
<182>Aug 18 09:09:43 isc.bind.test.com named[9023]: queries: client 170.140.203.133#56313: query: ehc-ctx405.eushc.org IN A + (170.140.1.1)
<182>Aug 18 09:09:43 isc.bind.test.com named[9023]: queries: client 170.140.203.133#45363: query: addcad2.Eu.emory.edu IN A + (170.140.1.1)
<182>Aug 18 09:09:43 isc.bind.test.com named[9023]: queries: client 170.140.203.133#57559: query: 95.7.246.163.in-addr.arpa IN PTR + (170.140.1.1)
<182>Aug 18 09:09:43 isc.bind.test.com named[9023]: queries: client 170.140.203.133#47591: query: ehc-ctx755.eushc.org IN AAAA + (170.140.1.1)
<182>Aug 18 09:09:43 isc.bind.test.com named[9023]: queries: client 170.140.62.26#55697: query: game.mytopfreegames.com IN A + (170.140.1.1)
<182>Aug 18 09:09:43 isc.bind.test.com named[9023]: queries: client 170.140.203.133#38670: query: addcad2.Eu.emory.edu.service.emory.edu IN AAAA + (170.140.1.1)
<182>Aug 18 09:09:43 isc.bind.test.com named[16954]: queries: client 170.140.181.126#50912: query: addons.mozilla.org IN AAAA + (170.140.2.1)
<182>Aug 18 09:09:43 isc.bind.test.com named[9023]: queries: client 170.140.203.133#47818: query: 197.136.41.10.in-addr.arpa IN PTR + (170.140.1.1)
<182>Aug 18 09:09:43 isc.bind.test.com named[9023]: queries: client 170.140.203.133#51944: query: 230.119.246.163.in-addr.arpa IN PTR + (170.140.1.1)
<182>Aug 18 09:09:43 isc.bind.test.com named[15245]: queries: client 170.140.245.23#50034: query: www.google-analytics.com IN AAAA + (170.140.1.1)
<182>Aug 18 09:09:43 isc.bind.test.com named[9023]: queries: client 170.140.203.133#50494: query: 225.21.20.172.in-addr.arpa IN PTR + (170.140.1.1)
<182>Aug 18 09:09:43 isc.bind.test.com named[9023]: queries: client 170.140.203.133#59531: query: 146.249.42.10.in-addr.arpa IN PTR + (170.140.1.1)
<182>Aug 18 09:09:43 isc.bind.test.com named[23597]: queries: client 10.40.71.106#56617: query: shared.web.emory.edu IN A + (170.140.2.1)
<182>Aug 18 09:09:43 isc.bind.test.com named[15245]: queries: client 170.140.240.208#54123: query: d.chango.com IN A + (170.140.1.1)
<182>Aug 18 09:09:43 isc.bind.test.com named[9023]: queries: client 170.140.203.133#57743: query: n-ac-65-243.wireless.emory.edu IN AAAA + (170.140.1.1)
<182>Aug 18 09:09:43 isc.bind.test.com named[9023]: queries: client 170.140.203.133#60676: query: 228.22.20.172.in-addr.arpa IN PTR + (170.140.1.1)
<182>Aug 18 09:09:43 isc.bind.test.com named[15245]: queries: client 170.140.187.45#62163: query: safebrowsing.clients.google.com IN AAAA + (170.140.1.1)
<182>Aug 18 09:09:43 isc.bind.test.com named[3479]: queries: client 170.140.143.254#50425: query: shared.web.emory.edu IN A + (170.140.2.1)
<182>Aug 18 09:09:43 isc.bind.test.com named[31573]: queries: client 170.140.52.94#41257: query: email.theknot.com IN A + (170.140.1.1)
<182>Aug 18 09:09:43 isc.bind.test.com named[9023]: queries: client 170.140.203.133#36910: query: a017214.eushc.org IN A + (170.140.1.1)
<182>Aug 18 09:09:43 isc.bind.test.com named[8184]: queries: client 170.140.202.41#37721: query: bbprodapp01.cc.emory.edu IN AAAA + (170.140.2.1)
<182>Aug 18 09:09:43 isc.bind.test.com named[9023]: queries: client 170.140.203.133#52704: query: a017214.eushc.org IN AAAA + (170.140.1.1)
<182>Aug 18 09:09:43 isc.bind.test.com named[9023]: queries: client 170.140.203.133#49118: query: 130.7.246.163.in-addr.arpa IN PTR + (170.140.1.1)
<182>Aug 18 09:09:43 isc.bind.test.com named[9023]: queries: client 170.140.203.133#51974: query: 214.17.246.163.in-addr.arpa IN PTR + (170.140.1.1)
<182>Aug 18 09:09:43 isc.bind.test.com named[9023]: queries: client 170.140.203.133#55229: query: 140.103.246.163.in-addr.arpa IN PTR + (170.140.1.1)
<182>Aug 18 09:09:43 isc.bind.test.com named[9023]: queries: client 170.140.203.133#52647: query: ehc-ctx755.eushc.org.service.emory.edu IN AAAA + (170.140.1.1)
<182>Aug 18 09:09:43 isc.bind.test.com named[9023]: queries: client 170.140.203.133#51074: query: 138.253.42.10.IN-ADDR.ARPA IN PTR + (170.140.1.1)
<182>Aug 18 09:09:43 isc.bind.test.com named[3479]: queries: client 170.140.35.160#64573: query: DARSQLPROD1.emory.edu IN A + (170.140.2.1)
<182>Aug 18 09:09:43 isc.bind.test.com named[15245]: queries: client 170.140.120.2#60969: query: 313537.313636.323535.323139.80h9da6ffdb.webcfs00.com IN MX + (170.140.1.1)
<182>Aug 18 09:09:43 isc.bind.test.com named[9023]: queries: client 170.140.203.133#51815: query: EHC-CTX455.eushc.org IN A + (170.140.1.1)
<182>Aug 18 09:09:43 isc.bind.test.com named[9023]: queries: client 170.140.203.133#47749: query: EHC-CTX455.eushc.org IN AAAA + (170.140.1.1)
<182>Aug 18 09:09:43 isc.bind.test.com named[8184]: queries: client 170.140.202.41#40325: query: bbprodapp01.cc.emory.edu IN A + (170.140.2.1)
<182>Aug 18 09:09:43 isc.bind.test.com named[16954]: queries: client 170.140.194.120#60143: query: ak1.abmr.net IN A + (170.140.2.1)
<182>Aug 18 09:09:43 isc.bind.test.com named[8184]: queries: client 170.140.202.41#40099: query: bbprodapp01.cc.emory.edu.cc.emory.edu IN AAAA + (170.140.2.1)
<182>Aug 18 09:09:43 isc.bind.test.com named[9023]: queries: client 170.140.203.133#48970: query: cliniceval140.eushc.org.service.emory.edu IN AAAA + (170.140.1.1)
<171>Aug 18 09:09:43 isc.bind.test.com named[21311]: update-security: error: client 170.140.51.238#48882: update forwarding 'emoryhealthcare.org/IN' denied
<182>Aug 18 09:09:43 isc.bind.test.com named[9023]: queries: client 170.140.203.133#55587: query: vmch-darspdev2.cc.emory.edu.service.emory.edu IN AAAA + (170.140.1.1)
<182>Aug 18 09:09:43 isc.bind.test.com named[16954]: queries: client 170.140.180.116#64028: query: ocsp.godaddy.com IN A + (170.140.2.1)
<171>Aug 18 09:09:43 isc.bind.test.com named[25366]: update-security: error: client 170.140.51.238#48882: update forwarding 'emoryhealthcare.org/IN' denied
<182>Aug 18 09:09:43 isc.bind.test.com named[15245]: queries: client 170.140.246.148#50832: query: www.trumba.com IN A + (170.140.1.1)
<182>Aug 18 09:09:43 isc.bind.test.com named[15245]: queries: client 170.140.187.45#52095: query: safebrowsing-cache.google.com IN A + (170.140.1.1)
<182>Aug 18 09:09:43 isc.bind.test.com named[15245]: queries: client 170.140.187.45#63283: query: safebrowsing-cache.google.com IN AAAA + (170.140.1.1)
<182>Aug 18 09:09:43 isc.bind.test.com named[16954]: queries: client 10.40.30.244#56580: query: ssl.gstatic.com IN A + (170.140.2.1)
<182>Aug 18 09:09:43 isc.bind.test.com named[15245]: queries: client 170.140.120.21#16242: query: 204.232.214.64.IN-ADDR.ARPA IN PTR + (170.140.1.1)
<182>Aug 18 09:09:43 isc.bind.test.com named[16954]: queries: client 170.140.190.191#58179: query: ikyeubswtc.emory.edu IN A + (170.140.2.1)
<182>Aug 18 09:09:43 isc.bind.test.com named[23597]: queries: client 10.40.65.40#64363: query: www.ucdenver.edu IN A + (170.140.2.1)
<182>Aug 18 09:09:43 isc.bind.test.com named[9023]: queries: client 170.140.203.133#51074: query: 204.130.20.172.IN-ADDR.ARPA IN PTR + (170.140.1.1)
<182>Aug 18 09:09:43 isc.bind.test.com named[15245]: queries: client 170.140.139.155#64393: query: 131807db0809.newsupdatea.net IN A + (170.140.1.1)
<182>Aug 18 09:09:43 isc.bind.test.com named[15245]: queries: client 71.204.85.15#56727: query: eu.emory.edu IN A + (170.140.1.1)
<182>Aug 18 09:09:43 isc.bind.test.com named[15245]: queries: client 170.140.120.21#57109: query: 16.70.227.109.IN-ADDR.ARPA IN PTR + (170.140.1.1)
<182>Aug 18 09:09:43 isc.bind.test.com named[15316]: queries: client 163.246.97.4#52444: query: maps.google.com IN AAAA + (170.140.1.1)
<182>Aug 18 09:09:43 isc.bind.test.com named[15245]: queries: client 170.140.122.199#50216: query: emory.service-now.com IN A + (170.140.1.1)
<182>Aug 18 09:09:43 isc.bind.test.com named[9023]: queries: client 170.140.203.133#44155: query: 162.117.246.163.in-addr.arpa IN PTR + (170.140.1.1)
<182>Aug 18 09:09:43 isc.bind.test.com named[9023]: queries: client 170.140.203.133#44872: query: ws010419.eushc.org IN A + (170.140.1.1)
<182>Aug 18 09:09:43 isc.bind.test.com named[9023]: queries: client 170.140.203.133#38235: query: ehc-ctx104.eushc.org.service.emory.edu IN AAAA + (170.140.1.1)
<182>Aug 18 09:09:44 isc.bind.test.com named[16954]: queries: client 170.140.194.120#57422: query: ads.revsci.net IN A + (170.140.2.1)
<182>Aug 18 09:09:44 isc.bind.test.com named[16954]: queries: client 170.140.212.0#64126: query: ocsp.digicert.com IN A + (170.140.2.1)
<182>Aug 18 09:09:44 isc.bind.test.com named[31573]: queries: client 10.128.128.22#46607: query: vlad.service.emory.edu IN AAAA + (170.140.9.118)
<182>Aug 18 09:09:44 isc.bind.test.com named[31573]: queries: client 10.128.128.22#37784: query: vlad.service.emory.edu.cc.emory.edu IN AAAA + (170.140.9.118)
<182>Aug 18 09:09:44 isc.bind.test.com named[15316]: queries: client 163.246.97.4#58167: query: load.tubemogul.com IN A + (170.140.1.1)
<182>Aug 18 09:09:44 isc.bind.test.com named[31573]: queries: client 10.128.128.22#53475: query: vlad.service.emory.edu.service.emory.edu IN AAAA + (170.140.9.118)
<182>Aug 18 09:09:44 isc.bind.test.com named[31573]: queries: client 10.128.128.22#23948: query: vlad.service.emory.edu IN A + (170.140.9.118)
<182>Aug 18 09:09:44 isc.bind.test.com named[31715]: queries: client 163.246.213.37#20344: query: cdn5.tribalfusion.com IN A + (170.140.2.1)
<182>Aug 18 09:09:44 isc.bind.test.com named[31715]: queries: client 163.246.243.49#54477: query: www.google-analytics.com IN AAAA + (170.140.2.1)
<182>Aug 18 09:09:44 isc.bind.test.com named[31715]: queries: client 163.246.243.193#57788: query: ehc-ndb-ad001.eushc.org IN A + (170.140.2.1)
<182>Aug 18 09:09:44 isc.bind.test.com named[16954]: queries: client 170.140.194.120#49495: query: b.scorecardresearch.com IN A + (170.140.2.1)
<182>Aug 18 09:09:44 isc.bind.test.com named[31715]: queries: client 163.246.243.49#65099: query: www.google-analytics.com IN A + (170.140.2.1)
<182>Aug 18 09:09:44 isc.bind.test.com named[29325]: queries: client 163.246.221.132#58669: query: _ldap._tcp.NDB._sites.dc._msdcs.eushc.org IN SRV + (170.140.2.1)
<182>Aug 18 09:09:44 isc.bind.test.com named[3479]: queries: client 170.140.177.183#50996: query: ssl.gstatic.com IN A + (170.140.2.1)
<182>Aug 18 09:09:44 isc.bind.test.com named[15316]: queries: client 163.246.97.4#56991: query: brightcove.vo.llnwd.net IN AAAA + (170.140.1.1)
<182>Aug 18 09:09:44 isc.bind.test.com named[3479]: queries: client 170.140.19.120#55054: query: www.msn.com IN A + (170.140.2.1)
<182>Aug 18 09:09:44 isc.bind.test.com named[15245]: queries: client 170.140.221.189#56996: query: d.chango.com IN A + (170.140.1.1)
<182>Aug 18 09:09:44 isc.bind.test.com named[15245]: queries: client 170.140.207.211#58735: query: www.google.ca IN A + (170.140.1.1)
<182>Aug 18 09:09:44 isc.bind.test.com named[23597]: queries: client 170.140.100.129#57542: query: _ldap._tcp.pdc._msdcs.genetics.emory.edu IN SRV + (170.140.2.1)
<182>Aug 18 09:09:44 isc.bind.test.com named[15245]: queries: client 170.140.222.200#61172: query: nt1.ggpht.com IN A + (170.140.1.1)
<182>Aug 18 09:09:44 isc.bind.test.com named[16954]: queries: client 10.224.44.25#55298: query: ajax.googleapis.com IN A + (170.140.2.1)
<182>Aug 18 09:09:44 isc.bind.test.com named[8184]: queries: client 170.140.10.163#53889: query: ajax.microsoft.com IN AAAA + (170.140.2.1)
<182>Aug 18 09:09:44 isc.bind.test.com named[15245]: queries: client 170.140.222.200#54108: query: fastflip.googlelabs.com IN AAAA + (170.140.1.1)
<182>Aug 18 09:09:44 isc.bind.test.com named[15245]: queries: client 170.140.119.70#57082: query: www.rapeboard.com IN A + (170.140.1.1)
<182>Aug 18 09:09:44 isc.bind.test.com named[15245]: queries: client 170.140.222.200#57328: query: nt0.ggpht.com IN A + (170.140.1.1)
<182>Aug 18 09:09:44 isc.bind.test.com named[15245]: queries: client 170.140.222.200#61056: query: www.google.com IN A + (170.140.1.1)
<182>Aug 18 09:09:44 isc.bind.test.com named[15245]: queries: client 170.140.222.200#52728: query: nt0.ggpht.com IN AAAA + (170.140.1.1)
<182>Aug 18 09:09:44 isc.bind.test.com named[15245]: queries: client 170.140.222.200#50924: query: video.google.com IN AAAA + (170.140.1.1)
<182>Aug 18 09:09:44 isc.bind.test.com named[15245]: queries: client 170.140.222.200#53642: query: maps.google.com IN A + (170.140.1.1)
<182>Aug 18 09:09:44 isc.bind.test.com named[15245]: queries: client 170.140.222.200#51997: query: www.google.com IN AAAA + (170.140.1.1)
<182>Aug 18 09:09:44 isc.bind.test.com named[15245]: queries: client 170.140.222.200#59282: query: maps.google.com IN AAAA + (170.140.1.1)
<182>Aug 18 09:09:44 isc.bind.test.com named[3479]: queries: client 170.140.35.189#59740: query: sitelife.usatoday.com IN AAAA + (170.140.2.1)
<182>Aug 18 09:09:44 isc.bind.test.com named[8184]: queries: client 170.140.10.163#53889: query: ajax.microsoft.com IN AAAA + (170.140.2.1)
<182>Aug 18 09:09:44 isc.bind.test.com named[15245]: queries: client 170.140.253.38#2055: query: clients1.google.com IN A + (170.140.1.1)
