<182>Aug 18 09:09:27 isc.bind.test.com named[16954]: queries: client 170.140.215.139#55912: query: 205.205.140.170.in-addr.arpa IN PTR + (170.140.2.1)
<182>Aug 18 09:09:28 isc.bind.test.com named[21326]: queries: client 170.140.52.92#49982: query: na3sys009amx227.postini.com IN A + (170.140.2.1)
<182>Aug 18 09:09:28 isc.bind.test.com named[15245]: queries: client 170.140.225.215#63564: query: ng.gtimeinc.aol.com IN AAAA + (170.140.1.1)
<182>Aug 18 09:09:28 isc.bind.test.com named[3479]: queries: client 170.140.62.114#60307: query: gscounters.gigya.com IN AAAA + (170.140.2.1)
<182>Aug 18 09:09:28 isc.bind.test.com named[16954]: queries: client 170.140.211.7#42563: query: skoda.library.emory.edu IN A + (170.140.2.1)
<182>Aug 18 09:09:28 isc.bind.test.com named[21326]: queries: client 170.140.52.92#51563: query: ssrn.com IN TXT + (170.140.2.1)
<182>Aug 18 09:09:28 isc.bind.test.com named[16954]: queries: client 170.140.211.7#48542: query: skoda.library.emory.edu IN A + (170.140.2.1)
<182>Aug 18 09:09:28 isc.bind.test.com named[16954]: queries: client 170.140.211.7#52825: query: skoda.library.emory.edu IN AAAA + (170.140.2.1)
<182>Aug 18 09:09:28 isc.bind.test.com named[16954]: queries: client 170.140.211.7#35773: query: skoda.library.emory.edu.library.emory.edu IN AAAA + (170.140.2.1)
<182>Aug 18 09:09:28 isc.bind.test.com named[3479]: queries: client 170.140.24.97#56661: query: nd-vmvcprod1.eu.emory.edu IN A + (170.140.2.1)
<182>Aug 18 09:09:28 isc.bind.test.com named[23597]: queries: client 170.140.100.114#47160: query: nbs.genetics.emory.edu IN A + (170.140.2.1)
<182>Aug 18 09:09:28 isc.bind.test.com named[16954]: queries: client 170.140.180.154#59873: query: mail.yimg.com IN A + (170.140.2.1)
<182>Aug 18 09:09:28 isc.bind.test.com named[15245]: queries: client 170.140.229.189#57478: query: spe.atdmt.com IN A + (170.140.1.1)
<182>Aug 18 09:09:28 isc.bind.test.com named[15245]: queries: client 170.140.240.228#60640: query: armmf.adobe.com IN A + (170.140.1.1)
<182>Aug 18 09:09:28 isc.bind.test.com named[15245]: queries: client 170.140.119.70#46795: query: s0.2mdn.net IN A + (170.140.1.1)
<182>Aug 18 09:09:28 isc.bind.test.com named[15245]: queries: client 170.140.128.219#56473: query: lh4.googleusercontent.com IN A + (170.140.1.1)
<182>Aug 18 09:09:28 isc.bind.test.com named[15245]: queries: client 170.140.8.87#61741: query: www4.l.google.com IN A + (170.140.1.1)
<182>Aug 18 09:09:28 isc.bind.test.com named[15245]: queries: client 170.140.128.219#57066: query: lh3.googleusercontent.com IN A + (170.140.1.1)
<182>Aug 18 09:09:28 isc.bind.test.com named[16954]: queries: client 10.40.20.250#63327: query: kernel-c.maxthon.cn IN A + (170.140.2.1)
<182>Aug 18 09:09:28 isc.bind.test.com named[21326]: queries: client 170.140.52.92#51563: query: ssrn.com IN A + (170.140.2.1)
<182>Aug 18 09:09:28 isc.bind.test.com named[21326]: queries: client 170.140.52.92#51563: query: ssrn.com IN MX + (170.140.2.1)
<182>Aug 18 09:09:28 isc.bind.test.com named[15245]: queries: client 170.140.25.100#49479: query: www.update.microsoft.com IN A + (170.140.1.1)
<182>Aug 18 09:09:28 isc.bind.test.com named[3479]: queries: client 170.140.19.254#64937: query: apis.google.com IN A + (170.140.2.1)
<182>Aug 18 09:09:28 isc.bind.test.com named[21326]: queries: client 170.140.52.92#51563: query: mail.itx.net IN A + (170.140.2.1)
<182>Aug 18 09:09:28 isc.bind.test.com named[16954]: queries: client 170.140.213.146#54637: query: ocsp.verisign.com IN A + (170.140.2.1)
<182>Aug 18 09:09:28 isc.bind.test.com named[15245]: queries: client 170.140.226.152#57505: query: gfx1.hotmail.com IN AAAA + (170.140.1.1)
<182>Aug 18 09:09:28 isc.bind.test.com named[15245]: queries: client 170.140.207.206#58679: query: files.web.emory.edu IN A + (170.140.1.1)
<182>Aug 18 09:09:28 isc.bind.test.com named[15245]: queries: client 170.140.226.152#58113: query: gfx1.hotmail.com IN A + (170.140.1.1)
<182>Aug 18 09:09:28 isc.bind.test.com named[15245]: queries: client 170.140.229.208#58436: query: www.google.com IN A + (170.140.1.1)
<182>Aug 18 09:09:28 isc.bind.test.com named[15245]: queries: client 170.140.14.231#53491: query: tracking.tweetdeck.com IN A + (170.140.1.1)
<182>Aug 18 09:09:28 isc.bind.test.com named[15245]: queries: client 170.140.226.184#51230: query: www.feldentertainment.com IN A + (170.140.1.1)
<182>Aug 18 09:09:28 isc.bind.test.com named[15245]: queries: client 170.140.211.243#64923: query: WML-EQUITY-PS1.library.emory.edu IN A + (170.140.1.1)
<182>Aug 18 09:09:28 isc.bind.test.com named[15245]: queries: client 170.140.231.29#63374: query: hm.people.com.cn IN AAAA + (170.140.1.1)
<182>Aug 18 09:09:28 isc.bind.test.com named[15245]: queries: client 170.140.211.243#55131: query: WML-EQUITY-PS1.genlibad.library.emory.edu IN A + (170.140.1.1)
<182>Aug 18 09:09:28 isc.bind.test.com named[16954]: queries: client 170.140.213.6#56726: query: extras.ooyala.com IN A + (170.140.2.1)
<182>Aug 18 09:09:28 isc.bind.test.com named[15245]: queries: client 170.140.226.184#49452: query: link.p0.com IN A + (170.140.1.1)
<182>Aug 18 09:09:28 isc.bind.test.com named[31715]: queries: client 163.246.197.12#57344: query: o4.aolcdn.com IN A + (163.246.5.100)
<182>Aug 18 09:09:28 isc.bind.test.com named[16954]: queries: client 170.140.213.6#55000: query: streamingvideos.telegraph.co.uk IN A + (170.140.2.1)
<182>Aug 18 09:09:28 isc.bind.test.com named[15245]: queries: client 170.140.208.73#60294: query: spe.atdmt.com IN A + (170.140.1.1)
<182>Aug 18 09:09:28 isc.bind.test.com named[15245]: queries: client 170.140.231.29#52403: query: auto.people.com.cn IN A + (170.140.1.1)
<182>Aug 18 09:09:28 isc.bind.test.com named[31573]: queries: client 170.140.52.93#38313: query: marketingwhitepaperlibrary.com IN MX + (170.140.1.1)
<182>Aug 18 09:09:28 isc.bind.test.com named[9023]: queries: client 170.140.203.133#43685: query: bda-74-82-86-202.bis6.us.blackberry.com IN A + (170.140.1.1)
<182>Aug 18 09:09:28 isc.bind.test.com named[23597]: queries: client 10.40.72.198#58277: query: nt3.ggpht.com IN A + (170.140.2.1)
<182>Aug 18 09:09:28 isc.bind.test.com named[9023]: queries: client 170.140.203.133#44479: query: bda-74-82-86-202.bis6.us.blackberry.com.service.emory.edu IN AAAA + (170.140.1.1)
<182>Aug 18 09:09:28 isc.bind.test.com named[23597]: queries: client 170.140.100.161#57152: query: link.honeybakedonline.com IN A + (170.140.2.1)
<182>Aug 18 09:09:28 isc.bind.test.com named[31715]: queries: client 163.246.197.12#64173: query: amch.questionmarket.com IN A + (163.246.5.100)
<182>Aug 18 09:09:28 isc.bind.test.com named[15245]: queries: client 10.224.47.122#60901: query: kr.engadget.com IN A + (170.140.1.1)
<182>Aug 18 09:09:28 isc.bind.test.com named[15245]: queries: client 170.140.207.211#59015: query: mail-attachment.googleusercontent.com IN AAAA + (170.140.1.1)
<182>Aug 18 09:09:28 isc.bind.test.com named[3479]: queries: client 170.140.29.95#57713: query: l.addthiscdn.com IN A + (170.140.2.1)
<182>Aug 18 09:09:28 isc.bind.test.com named[23597]: queries: client 170.140.14.231#64721: query: local IN SOA + (170.140.2.1)
<182>Aug 18 09:09:28 isc.bind.test.com named[17137]: queries: client 10.40.139.144#56453: query: www.atpanel.com IN A + (170.140.2.1)
<182>Aug 18 09:09:28 isc.bind.test.com named[16954]: queries: client 170.140.234.231#58208: query: eye.imbc.com IN AAAA + (170.140.2.1)
<182>Aug 18 09:09:28 isc.bind.test.com named[23597]: queries: client 10.40.83.171#53155: query: shared.web.emory.edu IN A + (170.140.2.1)
<182>Aug 18 09:09:28 isc.bind.test.com named[23597]: queries: client 170.140.14.231#63086: query: local IN SOA + (170.140.2.1)
<182>Aug 18 09:09:28 isc.bind.test.com named[15245]: queries: client 170.140.120.21#26629: query: 101.2.1.10.IN-ADDR.ARPA IN PTR + (170.140.1.1)
<182>Aug 18 09:09:28 isc.bind.test.com named[16954]: queries: client 10.40.7.58#49984: query: google.com IN A + (170.140.2.1)
<182>Aug 18 09:09:28 isc.bind.test.com named[23597]: queries: client 170.140.100.161#51076: query: images.postdirect.com IN A + (170.140.2.1)
<182>Aug 18 09:09:28 isc.bind.test.com named[16954]: queries: client 170.140.43.181#1025: query: aruba-master.psychiatry.emory.edu IN A + (170.140.2.1)
<182>Aug 18 09:09:28 isc.bind.test.com named[15245]: queries: client 170.140.214.60#55344: query: WML-BRIGHTPAT1.Eu.Emory.Edu IN SOA + (170.140.1.1)
<182>Aug 18 09:09:28 isc.bind.test.com named[21326]: queries: client 170.140.52.92#49983: query: emoryhealthcare.org IN A + (170.140.2.1)
<182>Aug 18 09:09:28 isc.bind.test.com named[9023]: queries: client 170.140.201.13#64698: query: snatmap.mac.com IN A + (170.140.200.20)
<182>Aug 18 09:09:28 isc.bind.test.com named[21326]: queries: client 170.140.52.92#49983: query: sterlinginfosystems.com IN AAAA + (170.140.2.1)
<182>Aug 18 09:09:28 isc.bind.test.com named[23597]: queries: client 10.224.11.246#55837: query: zabbix.cc.emory.edu IN AAAA + (170.140.2.1)
<182>Aug 18 09:09:28 isc.bind.test.com named[15245]: queries: client 10.224.47.122#53472: query: mobile.engadget.com IN A + (170.140.1.1)
<182>Aug 18 09:09:28 isc.bind.test.com named[23597]: queries: client 170.140.14.231#60626: query: local IN SOA + (170.140.2.1)
<182>Aug 18 09:09:28 isc.bind.test.com named[17137]: queries: client 10.40.129.179#52294: query: api-public.addthis.com IN A + (170.140.2.1)
<182>Aug 18 09:09:28 isc.bind.test.com named[16954]: queries: client 170.140.219.68#56622: query: liveupdate.symantecliveupdate.com IN A + (170.140.2.1)
<182>Aug 18 09:09:28 isc.bind.test.com named[15245]: queries: client 10.224.47.122#45906: query: mocoloco.com IN A + (170.140.1.1)
<182>Aug 18 09:09:28 isc.bind.test.com named[15245]: queries: client 10.224.47.122#33953: query: popcornshower.tumblr.com IN A + (170.140.1.1)
<182>Aug 18 09:09:28 isc.bind.test.com named[23597]: queries: client 10.40.72.198#56643: query: fastflip.googlelabs.com IN A + (170.140.2.1)
<182>Aug 18 09:09:28 isc.bind.test.com named[23597]: queries: client 10.40.72.198#53186: query: nt1.ggpht.com IN A + (170.140.2.1)
<182>Aug 18 09:09:28 isc.bind.test.com named[23597]: queries: client 10.40.72.198#59975: query: nt2.ggpht.com IN A + (170.140.2.1)
<182>Aug 18 09:09:28 isc.bind.test.com named[23597]: queries: client 170.140.100.190#60157: query: www.google-analytics.com IN A + (170.140.2.1)
<182>Aug 18 09:09:28 isc.bind.test.com named[31573]: queries: client 170.140.52.90#46637: query: marketingwhitepaperlibrary.com IN MX + (170.140.1.1)
<182>Aug 18 09:09:28 isc.bind.test.com named[15245]: queries: client 10.224.47.122#35479: query: lifehacker.com IN A + (170.140.1.1)
<182>Aug 18 09:09:28 isc.bind.test.com named[15245]: queries: client 10.224.47.206#64125: query: aranet.vo.llnwd.net IN A + (170.140.1.1)
<182>Aug 18 09:09:28 isc.bind.test.com named[23597]: queries: client 10.40.72.198#57180: query: nt0.ggpht.com IN A + (170.140.2.1)
<182>Aug 18 09:09:28 isc.bind.test.com named[15245]: queries: client 170.140.214.60#65009: query: newt.emory.net IN A + (170.140.1.1)
<182>Aug 18 09:09:28 isc.bind.test.com named[3479]: queries: client 170.140.19.254#61364: query: stats.wordpress.com IN AAAA + (170.140.2.1)
<182>Aug 18 09:09:28 isc.bind.test.com named[3479]: queries: client 170.140.62.114#55215: query: ocsp.digicert.com IN A + (170.140.2.1)
<182>Aug 18 09:09:28 isc.bind.test.com named[15245]: queries: client 170.140.119.69#57509: query: s10.roxcdn.com IN A + (170.140.1.1)
<182>Aug 18 09:09:28 isc.bind.test.com named[15245]: queries: client 170.140.131.167#56402: query: addcwsvm1.Eu.Emory.Edu IN AAAA + (170.140.1.1)
<182>Aug 18 09:09:28 isc.bind.test.com named[15245]: queries: client 170.140.231.29#60683: query: auto.people.com.cn IN AAAA + (170.140.1.1)
<182>Aug 18 09:09:28 isc.bind.test.com named[15245]: queries: client 170.140.131.167#59648: query: addcwsvm1.Eu.Emory.Edu IN AAAA + (170.140.1.1)
<182>Aug 18 09:09:28 isc.bind.test.com named[15245]: queries: client 170.140.213.109#57567: query: 1.0.0.127.dnsbugtest.1.0.0.127.in-addr.arpa IN PTR + (170.140.1.1)
<182>Aug 18 09:09:28 isc.bind.test.com named[15245]: queries: client 170.140.131.167#51912: query: addcwsvm1.Eu.Emory.Edu IN A + (170.140.1.1)
<182>Aug 18 09:09:28 isc.bind.test.com named[3479]: queries: client 170.140.62.114#65398: query: ocsp.digicert.com IN AAAA + (170.140.2.1)
<182>Aug 18 09:09:28 isc.bind.test.com named[15245]: queries: client 170.140.131.167#51499: query: addcwsvm1.Eu.Emory.Edu IN A + (170.140.1.1)
<182>Aug 18 09:09:28 isc.bind.test.com named[3479]: queries: client 170.140.19.254#61066: query: stats.wordpress.com IN A + (170.140.2.1)
<182>Aug 18 09:09:30 isc.bind.test.com named[15245]: queries: client 170.140.228.249#49516: query: ocsp.verisign.com IN A + (170.140.1.1)
<182>Aug 18 09:09:30 isc.bind.test.com named[3479]: queries: client 170.140.62.72#56426: query: www.symantec.com IN A + (170.140.2.1)
<182>Aug 18 09:09:30 isc.bind.test.com named[21326]: queries: client 170.140.52.92#50010: query: psisbdb1.cc.emory.edu IN A + (170.140.2.1)
<182>Aug 18 09:09:30 isc.bind.test.com named[31573]: queries: client 10.128.128.22#60807: query: eurac11.cc.emory.edu IN A + (170.140.9.118)
<182>Aug 18 09:09:30 isc.bind.test.com named[15245]: queries: client 170.140.219.45#56318: query: addcwsvm1.Eu.Emory.Edu IN A + (170.140.1.1)
<182>Aug 18 09:09:30 isc.bind.test.com named[23597]: queries: client 170.140.100.161#61826: query: l.yimg.com IN A + (170.140.2.1)
<182>Aug 18 09:09:30 isc.bind.test.com named[15245]: queries: client 170.140.228.249#59391: query: ocsp.verisign.com IN AAAA + (170.140.1.1)
<182>Aug 18 09:09:30 isc.bind.test.com named[31573]: queries: client 10.128.128.22#30697: query: eurac11.cc.emory.edu.cc.emory.edu IN AAAA + (170.140.9.118)
<182>Aug 18 09:09:30 isc.bind.test.com named[23597]: queries: client 170.140.100.161#56218: query: geo.yahoo.com IN A + (170.140.2.1)
<182>Aug 18 09:09:30 isc.bind.test.com named[16954]: queries: client 170.140.208.226#57988: query: talk.l.google.com IN A + (170.140.2.1)
<182>Aug 18 09:09:30 isc.bind.test.com named[16954]: queries: client 170.140.235.239#54610: query: ssl.gstatic.com IN A + (170.140.2.1)
<182>Aug 18 09:09:30 isc.bind.test.com named[3479]: queries: client 170.140.19.122#64168: query: go.microsoft.com IN AAAA + (170.140.2.1)
<182>Aug 18 09:09:30 isc.bind.test.com named[15245]: queries: client 170.140.240.208#63689: query: c.chango.com IN A + (170.140.1.1)
<182>Aug 18 09:09:30 isc.bind.test.com named[15245]: queries: client 170.140.207.122#49376: query: us.i1.yimg.com IN A + (170.140.1.1)
<182>Aug 18 09:09:30 isc.bind.test.com named[15245]: queries: client 170.140.242.229#57952: query: adsatt.abcnews.starwave.com IN A + (170.140.1.1)
<182>Aug 18 09:09:30 isc.bind.test.com named[15245]: queries: client 170.140.231.29#52909: query: ent.people.com.cn IN AAAA + (170.140.1.1)
<182>Aug 18 09:09:30 isc.bind.test.com named[21444]: queries: client 163.246.153.14#34155: query: euhaix22.eushc.org IN AAAA + (163.246.11.66)
<182>Aug 18 09:09:30 isc.bind.test.com named[15245]: queries: client 170.140.242.229#63500: query: ac3.msn.com IN A + (170.140.1.1)
<182>Aug 18 09:09:30 isc.bind.test.com named[21444]: queries: client 163.246.153.14#34155: query: euhaix22 IN AAAA + (163.246.11.66)
<182>Aug 18 09:09:30 isc.bind.test.com named[3479]: queries: client 170.140.24.97#57282: query: _kerberos._tcp.dc._msdcs.Enterprise.emory.net IN SRV +T (170.140.2.1)
<182>Aug 18 09:09:30 isc.bind.test.com named[15245]: queries: client 170.140.224.205#55604: query: 09D_BIOS_07.cc.emory.edu IN A + (170.140.1.1)
<182>Aug 18 09:09:30 isc.bind.test.com named[15245]: queries: client 170.140.242.229#53187: query: www.google-analytics.com IN A + (170.140.1.1)
<182>Aug 18 09:09:30 isc.bind.test.com named[15245]: queries: client 170.140.119.69#44720: query: boot.planet-lab.org.planetlab.mathcs.emory.edu IN AAAA + (170.140.1.1)
<182>Aug 18 09:09:30 isc.bind.test.com named[15245]: queries: client 170.140.120.21#18332: query: 126.122.55.65.IN-ADDR.ARPA IN PTR + (170.140.1.1)
<182>Aug 18 09:09:30 isc.bind.test.com named[23597]: queries: client 170.140.100.114#41767: query: nbsdev.genetics.emory.edu IN A + (170.140.2.1)
<182>Aug 18 09:09:30 isc.bind.test.com named[9023]: queries: client 170.140.203.131#60564: query: _ldap._tcp.pdc._msdcs.Eu.Emory.Edu IN SRV + (170.140.200.20)
<182>Aug 18 09:09:30 isc.bind.test.com named[3479]: queries: client 170.140.64.228#57008: query: wpad.wesleywoods.org IN A + (170.140.2.1)
<182>Aug 18 09:09:30 isc.bind.test.com named[15245]: queries: client 170.140.217.168#58735: query: www.facebook.com IN AAAA + (170.140.1.1)
<182>Aug 18 09:09:30 isc.bind.test.com named[15245]: queries: client 170.140.217.168#63741: query: www.facebook.com IN A + (170.140.1.1)
<182>Aug 18 09:09:30 isc.bind.test.com named[28046]: queries: client 10.40.148.248#53794: query: www.weather.com IN A + (170.140.1.1)
<182>Aug 18 09:09:30 isc.bind.test.com named[21326]: queries: client 170.140.52.92#42900: query: psmtp.com IN TXT + (170.140.2.1)
<182>Aug 18 09:09:30 isc.bind.test.com named[21326]: queries: client 170.140.52.92#50010: query: b.email.roamans.com IN AAAA + (170.140.2.1)
<182>Aug 18 09:09:30 isc.bind.test.com named[15245]: queries: client 170.140.240.255#58039: query: us.bookmarks.yahoo.com IN A + (170.140.1.1)
<182>Aug 18 09:09:31 isc.bind.test.com named[16954]: queries: client 170.140.240.212#60680: query: safebrowsing.clients.google.com IN A + (170.140.2.1)
<182>Aug 18 09:09:31 isc.bind.test.com named[15245]: queries: client 170.140.242.229#51098: query: tags.bluekai.com IN A + (170.140.1.1)
<182>Aug 18 09:09:31 isc.bind.test.com named[31715]: queries: client 163.246.213.37#50183: query: www.barnesandnoble.com IN A + (170.140.2.1)
<182>Aug 18 09:09:31 isc.bind.test.com named[15245]: queries: client 170.140.242.229#55118: query: amconf.videoegg.com IN A + (170.140.1.1)
<182>Aug 18 09:09:31 isc.bind.test.com named[15245]: queries: client 170.140.208.73#59627: query: as.casalemedia.com IN A + (170.140.1.1)
<182>Aug 18 09:09:31 isc.bind.test.com named[15245]: queries: client 10.40.219.245#58179: query: _ldap._tcp.dc._msdcs.wireless.emory.edu IN SRV + (170.140.2.1)
<182>Aug 18 09:09:31 isc.bind.test.com named[15245]: queries: client 170.140.11.61#61605: query: view.atdmt.com IN A + (170.140.1.1)
<182>Aug 18 09:09:31 isc.bind.test.com named[15245]: queries: client 10.40.219.245#58343: query: _ldap._tcp.dc._msdcs.wireless.emory.edu IN SRV + (170.140.2.1)
<173>Aug 18 09:09:31 isc.bind.test.com named[21311]: notify: notice: client 163.246.8.8#51306: received notify for zone '224.10.ddns.in-addr.arpa': TSIG 'dns2-pub': not authoritative
<182>Aug 18 09:09:31 isc.bind.test.com named[16954]: queries: client 170.140.11.136#62069: query: farm6.static.flickr.com IN AAAA + (170.140.2.1)
<182>Aug 18 09:09:32 isc.bind.test.com named[8184]: queries: client 170.140.10.116#55292: query: b.scorecardresearch.com IN A + (170.140.2.1)
<182>Aug 18 09:09:32 isc.bind.test.com named[16954]: queries: client 10.40.4.211#49493: query: a7.sphotos.ak.fbcdn.net IN A + (170.140.2.1)
<182>Aug 18 09:09:32 isc.bind.test.com named[15245]: queries: client 170.140.120.21#28669: query: 218.16.126.75.IN-ADDR.ARPA IN PTR + (170.140.1.1)
<182>Aug 18 09:09:32 isc.bind.test.com named[21326]: queries: client 170.140.52.92#35275: query: spf.psmtp.com IN SPF + (170.140.2.1)
<182>Aug 18 09:09:32 isc.bind.test.com named[21326]: queries: client 170.140.52.92#35275: query: spf.psmtp.com IN TXT + (170.140.2.1)
<182>Aug 18 09:09:32 isc.bind.test.com named[15245]: queries: client 170.140.120.21#50849: query: 50.215.74.97.IN-ADDR.ARPA IN PTR + (170.140.1.1)
<182>Aug 18 09:09:32 isc.bind.test.com named[15245]: queries: client 170.140.98.162#65069: query: a950.gi3.akamai.net IN A + (170.140.1.1)
<182>Aug 18 09:09:32 isc.bind.test.com named[15245]: queries: client 170.140.242.190#63716: query: a568.d.akamai.net IN A + (170.140.1.1)
<171>Aug 18 09:09:33 isc.bind.test.com named[21311]: update-security: error: client 170.140.51.236#54114: update forwarding 'wireless.emory.edu/IN' denied
<182>Aug 18 09:09:33 isc.bind.test.com named[16954]: queries: client 170.140.185.144#59452: query: _ldap._tcp.addcad2.Eu.Emory.Edu IN SRV + (170.140.2.1)
<182>Aug 18 09:09:32 isc.bind.test.com named[3479]: queries: client 170.140.35.224#60463: query: www.youtube.com IN A + (170.140.2.1)
<182>Aug 18 09:09:33 isc.bind.test.com named[16954]: queries: client 10.224.32.114#64552: query: dr._dns-sd._udp.som.emory.edu IN PTR + (170.140.2.1)
<182>Aug 18 09:09:33 isc.bind.test.com named[16954]: queries: client 170.140.67.16#36900: query: free.timeanddate.com IN AAAA + (170.140.2.1)
<182>Aug 18 09:09:33 isc.bind.test.com named[15245]: queries: client 170.140.98.235#61426: query: LANAPPPROD1.Eu.Emory.Edu IN A + (170.140.1.1)
<182>Aug 18 09:09:33 isc.bind.test.com named[15245]: queries: client 170.140.231.29#49325: query: cppcc.people.com.cn IN AAAA + (170.140.1.1)
<182>Aug 18 09:09:33 isc.bind.test.com named[16954]: queries: client 170.140.181.134#55296: query: kodiak.cc.emory.edu IN AAAA + (170.140.2.1)
<182>Aug 18 09:09:33 isc.bind.test.com named[15245]: queries: client 10.40.219.245#61583: query: tools.google.com IN A + (170.140.2.1)
<182>Aug 18 09:09:33 isc.bind.test.com named[15245]: queries: client 10.224.32.114#55623: query: lb._dns-sd._udp.som.emory.edu IN PTR + (170.140.1.1)
<182>Aug 18 09:09:33 isc.bind.test.com named[15245]: queries: client 170.140.231.19#61056: query: _kerberos._tcp.Default-First-Site-Name._sites.dc._msdcs.DAR-ADMIN.LOCAL IN SRV + (170.140.1.1)
<182>Aug 18 09:09:33 isc.bind.test.com named[16954]: queries: client 10.224.32.114#55623: query: lb._dns-sd._udp.som.emory.edu IN PTR + (170.140.2.1)
<182>Aug 18 09:09:33 isc.bind.test.com named[16954]: queries: client 170.140.184.40#58928: query: img02.taobaocdn.com IN A + (170.140.2.1)
<182>Aug 18 09:09:33 isc.bind.test.com named[3479]: queries: client 170.140.62.26#51454: query: ad.yieldmanager.com IN A + (170.140.2.1)
<182>Aug 18 09:09:33 isc.bind.test.com named[16954]: queries: client 170.140.189.116#60456: query: audit.promo.tubemogul.com IN AAAA + (170.140.2.1)
<182>Aug 18 09:09:33 isc.bind.test.com named[3479]: queries: client 170.140.62.26#53584: query: ads.adxpose.com IN A + (170.140.2.1)
<182>Aug 18 09:09:33 isc.bind.test.com named[16954]: queries: client 170.140.189.116#55999: query: rtd.tubemogul.com IN AAAA + (170.140.2.1)
<182>Aug 18 09:09:33 isc.bind.test.com named[16954]: queries: client 170.140.236.183#62318: query: yom.mail.yahoo.net IN A + (170.140.2.1)
<182>Aug 18 09:09:33 isc.bind.test.com named[23597]: queries: client 10.40.94.215#54184: query: www.darwin-literature.com IN A + (170.140.2.1)
<182>Aug 18 09:09:33 isc.bind.test.com named[15245]: queries: client 170.140.231.19#57652: query: weather.service.msn.com IN A + (170.140.1.1)
<182>Aug 18 09:09:33 isc.bind.test.com named[23597]: queries: client 10.40.94.215#57667: query: www.cancun101.com IN A + (170.140.2.1)
<182>Aug 18 09:09:33 isc.bind.test.com named[15245]: queries: client 170.140.231.19#53208: query: weather.service.msn.com IN AAAA + (170.140.1.1)
<182>Aug 18 09:09:33 isc.bind.test.com named[16954]: queries: client 170.140.189.116#65288: query: rtb-lb-event.us-west.tubemogul.com IN AAAA + (170.140.2.1)
<182>Aug 18 09:09:33 isc.bind.test.com named[15245]: queries: client 10.224.47.122#34864: query: disqus.com IN A + (170.140.1.1)
<182>Aug 18 09:09:34 isc.bind.test.com named[3479]: queries: client 170.140.62.26#55197: query: pixel.invitemedia.com IN A + (170.140.2.1)
<182>Aug 18 09:09:34 isc.bind.test.com named[23597]: queries: client 170.140.100.114#52799: query: nbsdev.genetics.emory.edu IN A + (170.140.2.1)
<182>Aug 18 09:09:34 isc.bind.test.com named[31715]: queries: client 163.246.213.37#61747: query: www.msn.com IN A + (170.140.2.1)
<182>Aug 18 09:09:34 isc.bind.test.com named[15245]: queries: client 10.110.60.50#38356: query: crl.microsoft.com IN A + (170.140.1.1)
<182>Aug 18 09:09:34 isc.bind.test.com named[3479]: queries: client 170.140.19.97#50130: query: www.usmagazine.com IN A + (170.140.2.1)
<182>Aug 18 09:09:34 isc.bind.test.com named[21326]: queries: client 170.140.52.92#50026: query: SHERIFF.BARROWGA.ORG IN A + (170.140.2.1)
<182>Aug 18 09:09:34 isc.bind.test.com named[21326]: queries: client 170.140.52.92#50026: query: sheriff.barrowga.org IN MX + (170.140.2.1)
<182>Aug 18 09:09:34 isc.bind.test.com named[3479]: queries: client 170.140.64.187#58226: query: stun01.sipphone.com IN A + (170.140.2.1)
<182>Aug 18 09:09:34 isc.bind.test.com named[15245]: queries: client 170.140.231.29#54382: query: vip.people.com.cn IN AAAA + (170.140.1.1)
<171>Aug 18 09:09:34 isc.bind.test.com named[21311]: update-security: error: client 163.246.122.140#57572: update forwarding 'eushc.org/IN' denied
<182>Aug 18 09:09:34 isc.bind.test.com named[15245]: queries: client 170.140.250.22#59891: query: addcacvm2.Eu.Emory.Edu IN A + (170.140.1.1)
<182>Aug 18 09:09:35 isc.bind.test.com named[15245]: queries: client 170.140.182.102#63558: query: mail.google.com IN A + (170.140.1.1)
<182>Aug 18 09:09:35 isc.bind.test.com named[15245]: queries: client 170.140.225.215#62473: query: www.cegjobs.com IN AAAA + (170.140.1.1)
<182>Aug 18 09:09:35 isc.bind.test.com named[15245]: queries: client 170.140.231.29#61323: query: henan.people.com.cn IN A + (170.140.1.1)
<182>Aug 18 09:09:35 isc.bind.test.com named[15245]: queries: client 170.140.225.215#57689: query: www.cegjobs.com IN A + (170.140.1.1)
<182>Aug 18 09:09:35 isc.bind.test.com named[15245]: queries: client 170.140.120.2#61357: query: apple.com IN A + (170.140.1.1)
<182>Aug 18 09:09:35 isc.bind.test.com named[23597]: queries: client 170.140.175.108#57909: query: kodiak.cc.emory.edu IN A + (170.140.2.1)
<182>Aug 18 09:09:35 isc.bind.test.com named[15245]: queries: client 170.140.119.69#48513: query: s10.roxcdn.com IN A + (170.140.1.1)
<182>Aug 18 09:09:35 isc.bind.test.com named[21326]: queries: client 170.140.52.92#50028: query: 54.149.125.74.in-addr.arpa IN PTR + (170.140.2.1)
<174>Aug 18 09:09:35 isc.bind.test.com named[29076]: general: info: zone device.eushc.org/IN: transferred serial 2013113641: TSIG 'dns4-hc'
<174>Aug 18 09:09:35 isc.bind.test.com named[29076]: xfer-in: info: transfer of 'device.eushc.org/IN' from 163.246.8.8#53: Transfer completed: 1 messages, 6 records, 369 bytes, 0.071 secs (5197 bytes/sec)
<182>Aug 18 09:09:35 isc.bind.test.com named[15245]: queries: client 170.140.169.21#49675: query: bid.openx.net.emory.edu IN A + (170.140.2.1)
<182>Aug 18 09:09:35 isc.bind.test.com named[21326]: queries: client 170.140.52.92#50029: query: psphrba1.cc.emory.edu IN AAAA + (170.140.2.1)
<182>Aug 18 09:09:35 isc.bind.test.com named[21326]: queries: client 170.140.52.92#50029: query: psphrba1.cc.emory.edu IN A + (170.140.2.1)
<182>Aug 18 09:09:35 isc.bind.test.com named[21326]: queries: client 170.140.52.92#50029: query: psphrba1.cc.emory.edu IN A + (170.140.2.1)
<182>Aug 18 09:09:35 isc.bind.test.com named[21326]: queries: client 170.140.52.92#50029: query: psphrba1.cc.emory.edu IN MX + (170.140.2.1)
<182>Aug 18 09:09:36 isc.bind.test.com named[31573]: queries: client 170.140.137.164#64457: query: _ldap._tcp.pdc._msdcs.Eu.Emory.Edu IN SRV + (170.140.1.1)
<182>Aug 18 09:09:36 isc.bind.test.com named[23597]: queries: client 170.140.100.114#52989: query: nbsdev.genetics.emory.edu IN A + (170.140.2.1)
<182>Aug 18 09:09:36 isc.bind.test.com named[31715]: queries: client 170.140.1.1#40288: query: hostname.bind CH TXT + (170.140.1.1)
<182>Aug 18 09:09:36 isc.bind.test.com named[16954]: queries: client 170.140.236.183#60596: query: 3cp9lcoq32dpn.yom.mail.yahoo.com IN A + (170.140.2.1)
<182>Aug 18 09:09:37 isc.bind.test.com named[21326]: queries: client 170.140.52.29#55600: query: eurac09-vip.cc.emory.edu.web.emory.edu IN AAAA + (170.140.2.1)
<182>Aug 18 09:09:37 isc.bind.test.com named[21326]: queries: client 170.140.52.29#37988: query: eurac11-vip.cc.emory.edu.web.emory.edu IN AAAA + (170.140.2.1)
<182>Aug 18 09:09:37 isc.bind.test.com named[15316]: queries: client 163.246.162.189#64247: query: bid.openx.net IN A + (170.140.1.1)
<182>Aug 18 09:09:37 isc.bind.test.com named[15245]: queries: client 170.140.128.219#49774: query: bh.contextweb.com IN A + (170.140.1.1)
<182>Aug 18 09:09:37 isc.bind.test.com named[15245]: queries: client 170.140.128.219#55137: query: ad.yieldmanager.com IN A + (170.140.1.1)
<182>Aug 18 09:09:37 isc.bind.test.com named[15245]: queries: client 170.140.128.219#57251: query: idcs.interclick.com IN A + (170.140.1.1)
<182>Aug 18 09:09:37 isc.bind.test.com named[15245]: queries: client 170.140.23.88#64715: query: fbcdn-profile-a.akamaihd.net IN A + (170.140.1.1)
<182>Aug 18 09:09:37 isc.bind.test.com named[15245]: queries: client 170.140.128.219#54719: query: ads.undertone.com IN A + (170.140.1.1)
<182>Aug 18 09:09:37 isc.bind.test.com named[31573]: queries: client 170.140.137.164#64949: query: _ldap._tcp.pdc._msdcs.Eu.Emory.Edu IN SRV + (170.140.1.1)
<182>Aug 18 09:09:38 isc.bind.test.com named[31573]: queries: client 170.140.52.91#56093: query: email.theknot.com IN MX + (170.140.1.1)
<182>Aug 18 09:09:38 isc.bind.test.com named[15245]: queries: client 170.140.119.70#34329: query: s10.roxcdn.com IN A + (170.140.1.1)
<182>Aug 18 09:09:38 isc.bind.test.com named[23597]: queries: client 170.140.100.114#41908: query: nbs.genetics.emory.edu IN A + (170.140.2.1)
<182>Aug 18 09:09:38 isc.bind.test.com named[15245]: queries: client 170.140.231.29#52381: query: fujian.people.com.cn IN AAAA + (170.140.1.1)
<182>Aug 18 09:09:38 isc.bind.test.com named[16954]: queries: client 170.140.237.74#59560: query: ADDCACVM1.Eu.Emory.Edu IN A + (170.140.2.1)
<182>Aug 18 09:09:38 isc.bind.test.com named[16954]: queries: client 170.140.237.74#59994: query: ADDCACVM1.Eu.Emory.Edu IN AAAA + (170.140.2.1)
<182>Aug 18 09:09:38 isc.bind.test.com named[15245]: queries: client 170.140.22.110#63336: query: fairwhale.tmall.com IN A + (170.140.1.1)
<182>Aug 18 09:09:38 isc.bind.test.com named[23597]: queries: client 170.140.100.114#47659: query: nbsdev.genetics.emory.edu IN A + (170.140.2.1)
<182>Aug 18 09:09:38 isc.bind.test.com named[16954]: queries: client 170.140.37.128#56890: query: photos-e.ak.fbcdn.net IN A + (170.140.2.1)
<182>Aug 18 09:09:38 isc.bind.test.com named[16954]: queries: client 170.140.37.128#51294: query: photos-h.ak.fbcdn.net IN A + (170.140.2.1)
<182>Aug 18 09:09:38 isc.bind.test.com named[15245]: queries: client 170.140.207.206#51911: query: files.web.emory.edu IN A + (170.140.1.1)
<182>Aug 18 09:09:38 isc.bind.test.com named[16954]: queries: client 170.140.192.205#61242: query: s3.amazonaws.com IN A + (170.140.2.1)
<182>Aug 18 09:09:38 isc.bind.test.com named[16954]: queries: client 170.140.37.128#64522: query: photos-g.ak.fbcdn.net IN A + (170.140.2.1)
<182>Aug 18 09:09:38 isc.bind.test.com named[15245]: queries: client 170.140.120.21#27292: query: 19.1.1.10.IN-ADDR.ARPA IN PTR + (170.140.1.1)
<182>Aug 18 09:09:38 isc.bind.test.com named[16954]: queries: client 170.140.208.226#55805: query: google.com IN A + (170.140.2.1)
<182>Aug 18 09:09:38 isc.bind.test.com named[8184]: queries: client 170.140.201.187#56487: query: plus.google.com IN A + (170.140.2.1)
<182>Aug 18 09:09:38 isc.bind.test.com named[3479]: queries: client 170.140.177.106#49955: query: ocsp.digicert.com IN A + (170.140.2.1)
<182>Aug 18 09:09:38 isc.bind.test.com named[3479]: queries: client 170.140.29.95#59676: query: aegworldwide.com IN A + (170.140.2.1)
<182>Aug 18 09:09:38 isc.bind.test.com named[3479]: queries: client 170.140.29.95#50532: query: blog.examiner.com IN A + (170.140.2.1)
<182>Aug 18 09:09:38 isc.bind.test.com named[8184]: queries: client 170.140.201.187#56888: query: plus.google.com IN AAAA + (170.140.2.1)
<182>Aug 18 09:09:38 isc.bind.test.com named[16954]: queries: client 170.140.208.226#55957: query: news.google.com IN A + (170.140.2.1)
<182>Aug 18 09:09:38 isc.bind.test.com named[9023]: queries: client 10.231.8.42#52502: query: eu-oms.service.emory.edu.cc.emory.edu IN AAAA + (170.140.1.1)
<182>Aug 18 09:09:38 isc.bind.test.com named[9023]: queries: client 10.231.8.42#50531: query: eu-oms.service.emory.edu.service.emory.edu IN AAAA + (170.140.1.1)
<182>Aug 18 09:09:38 isc.bind.test.com named[3479]: queries: client 170.140.29.95#59855: query: foursquare.com IN A + (170.140.2.1)
<182>Aug 18 09:09:38 isc.bind.test.com named[16954]: queries: client 170.140.181.185#52621: query: _kerberos._udp.EU.EMORY.EDU IN SRV + (170.140.2.1)
<182>Aug 18 09:09:38 isc.bind.test.com named[16954]: queries: client 170.140.232.230#56846: query: SULO.emory.edu IN A + (170.140.2.1)
<182>Aug 18 09:09:38 isc.bind.test.com named[15245]: queries: client 170.140.204.134#61011: query: addcacvm2.Eu.Emory.Edu IN A + (170.140.1.1)
<182>Aug 18 09:09:38 isc.bind.test.com named[15245]: queries: client 170.140.240.255#55979: query: mail.yimg.com IN A + (170.140.1.1)
<182>Aug 18 09:09:38 isc.bind.test.com named[16954]: queries: client 170.140.122.202#64070: query: content.yieldmanager.com IN A + (170.140.2.1)
<182>Aug 18 09:09:38 isc.bind.test.com named[3479]: queries: client 170.140.29.95#50912: query: www.googleadservices.com IN A + (170.140.2.1)
<182>Aug 18 09:09:38 isc.bind.test.com named[15245]: queries: client 170.140.227.186#60631: query: HP-DESKTOP.whitehead.emory.edu IN A + (170.140.1.1)
<182>Aug 18 09:09:38 isc.bind.test.com named[15245]: queries: client 170.140.119.70#56376: query: cdn.temgohost.net IN A + (170.140.1.1)
<182>Aug 18 09:09:38 isc.bind.test.com named[15245]: queries: client 170.140.214.213#59847: query: addcroot1.Emory.Edu IN A + (170.140.1.1)
<182>Aug 18 09:09:38 isc.bind.test.com named[15245]: queries: client 170.140.214.213#58745: query: addcroot1.Emory.Edu IN AAAA + (170.140.1.1)
<182>Aug 18 09:09:38 isc.bind.test.com named[21326]: queries: client 170.140.52.92#50036: query: 251.52.140.170.in-addr.arpa IN PTR + (170.140.2.1)
<182>Aug 18 09:09:39 isc.bind.test.com named[23597]: queries: client 10.40.77.195#55466: query: tools.google.com IN A + (170.140.2.1)
<182>Aug 18 09:09:39 isc.bind.test.com named[21326]: queries: client 170.140.52.92#50036: query: ldapsm0.cc.emory.edu IN AAAA + (170.140.2.1)
<182>Aug 18 09:09:39 isc.bind.test.com named[15245]: queries: client 170.140.22.110#49335: query: lining.tmall.com IN A + (170.140.1.1)
<182>Aug 18 09:09:39 isc.bind.test.com named[3479]: queries: client 170.140.29.95#50763: query: www.sharethis.com IN A + (170.140.2.1)
<182>Aug 18 09:09:39 isc.bind.test.com named[15245]: queries: client 170.140.236.94#49949: query: cf._dns-sd._udp.0.2.0.10.in-addr.arpa IN TXT + (170.140.1.1)
<182>Aug 18 09:09:39 isc.bind.test.com named[16954]: queries: client 170.140.152.205#51231: query: db._dns-sd._udp.0.152.140.170.in-addr.arpa IN PTR + (170.140.2.1)
<182>Aug 18 09:09:39 isc.bind.test.com named[9023]: queries: client 170.140.35.191#50320: query: www.facebook.com IN A + (170.140.1.1)
<182>Aug 18 09:09:39 isc.bind.test.com named[23597]: queries: client 10.224.96.11#55629: query: kmgr2.law.emory.edu IN A + (170.140.2.1)
<182>Aug 18 09:09:39 isc.bind.test.com named[23597]: queries: client 170.140.138.217#48799: query: 44.223.140.170.in-addr.arpa IN PTR + (170.140.2.1)
<182>Aug 18 09:09:39 isc.bind.test.com named[15245]: queries: client 170.140.246.155#60676: query: hotspotatl.com IN A + (170.140.1.1)
<182>Aug 18 09:09:41 isc.bind.test.com named[21326]: queries: client 170.140.52.29#54575: query: search.twitter.com IN AAAA + (170.140.2.1)
<182>Aug 18 09:09:41 isc.bind.test.com named[15245]: queries: client 170.140.207.206#35187: query: files.web.emory.edu IN A + (170.140.1.1)
<182>Aug 18 09:09:42 isc.bind.test.com named[21326]: queries: client 170.140.52.92#50052: query: samappprod1.cc.emory.edu IN A + (170.140.2.1)
<182>Aug 18 09:09:42 isc.bind.test.com named[21326]: queries: client 170.140.52.92#50052: query: samappprod1.cc.emory.edu IN AAAA + (170.140.2.1)
<182>Aug 18 09:09:42 isc.bind.test.com named[21326]: queries: client 170.140.52.92#50052: query: samappprod1.cc.emory.edu IN MX + (170.140.2.1)
<182>Aug 18 09:09:42 isc.bind.test.com named[31573]: queries: client 10.128.128.22#12503: query: eurac11.cc.emory.edu.service.emory.edu IN AAAA + (170.140.9.118)
<182>Aug 18 09:09:42 isc.bind.test.com named[3479]: queries: client 170.140.19.120#57348: query: www.trumba.com IN AAAA + (170.140.2.1)
<182>Aug 18 09:09:42 isc.bind.test.com named[15245]: queries: client 170.140.14.233#52261: query: lt.andomedia.com IN A + (170.140.1.1)
<182>Aug 18 09:09:42 isc.bind.test.com named[31715]: queries: client 163.246.102.214#56923: query: api-read.facebook.com IN A + (170.140.2.1)
<182>Aug 18 09:09:42 isc.bind.test.com named[15245]: queries: client 170.140.21.103#61774: query: rs.gwallet.com IN AAAA + (170.140.1.1)
<182>Aug 18 09:09:42 isc.bind.test.com named[3479]: queries: client 170.140.199.158#64388: query: owa.emory.edu IN A + (170.140.2.1)
<182>Aug 18 09:09:42 isc.bind.test.com named[3479]: queries: client 170.140.199.158#53462: query: owa.emory.edu IN AAAA + (170.140.2.1)
<182>Aug 18 09:09:42 isc.bind.test.com named[15245]: queries: client 170.140.14.233#57298: query: dns.msftncsi.com IN A + (170.140.1.1)
<171>Aug 18 09:09:42 isc.bind.test.com named[21311]: update-security: error: client 170.140.51.206#47091: update forwarding 'emoryhealthcare.org/IN' denied
<182>Aug 18 09:09:42 isc.bind.test.com named[15245]: queries: client 170.140.22.110#51842: query: adidas.tmall.http.ped.emory.edu IN A + (170.140.1.1)
<182>Aug 18 09:09:42 isc.bind.test.com named[15245]: queries: client 170.140.246.148#64215: query: www.google-analytics.com IN A + (170.140.1.1)
<182>Aug 18 09:09:42 isc.bind.test.com named[15245]: queries: client 170.140.240.255#49619: query: csc.beap.ad.yieldmanager.net IN A + (170.140.1.1)
<182>Aug 18 09:09:42 isc.bind.test.com named[3479]: queries: client 170.140.177.127#52939: query: www.avery.com IN A + (170.140.2.1)
<182>Aug 18 09:09:42 isc.bind.test.com named[3479]: queries: client 170.140.177.127#51655: query: www.avery.com IN AAAA + (170.140.2.1)
<182>Aug 18 09:09:42 isc.bind.test.com named[16954]: queries: client 170.140.194.120#49352: query: puma.vizu.com IN A + (170.140.2.1)
<182>Aug 18 09:09:42 isc.bind.test.com named[23597]: queries: client 170.140.100.114#43177: query: nbsdev.genetics.emory.edu IN A + (170.140.2.1)
<182>Aug 18 09:09:42 isc.bind.test.com named[3479]: queries: client 170.140.35.189#50774: query: s3.documentcloud.org IN AAAA + (170.140.2.1)
<182>Aug 18 09:09:42 isc.bind.test.com named[16954]: queries: client 170.140.221.0#53380: query: pixel.quantserve.com IN AAAA + (170.140.2.1)
<182>Aug 18 09:09:42 isc.bind.test.com named[15316]: queries: client 163.246.246.119#65450: query: emory.service-now.com IN A + (170.140.1.1)
<182>Aug 18 09:09:42 isc.bind.test.com named[15245]: queries: client 170.140.139.155#64573: query: 131807db0809.newupdatec.net IN AAAA + (170.140.1.1)
<182>Aug 18 09:09:42 isc.bind.test.com named[15245]: queries: client 170.140.231.29#50693: query: www.hexie.org.cn IN AAAA + (170.140.1.1)
<182>Aug 18 09:09:42 isc.bind.test.com named[16954]: queries: client 10.224.62.197#58275: query: go.microsoft.com IN A + (170.140.2.1)
<182>Aug 18 09:09:42 isc.bind.test.com named[15245]: queries: client 170.140.126.15#54131: query: sync.xmarks.com IN A + (170.140.1.1)
<182>Aug 18 09:09:42 isc.bind.test.com named[15245]: queries: client 170.140.207.66#52647: query: ADDCACVM1.Eu.Emory.Edu IN A + (170.140.1.1)
<182>Aug 18 09:09:42 isc.bind.test.com named[16954]: queries: client 170.140.194.165#51552: query: www.google.com IN A + (170.140.2.1)
<174>Aug 18 09:09:42 isc.bind.test.com named[29076]: notify: info: client 163.246.8.8#51306: received notify for zone 'yerkes.emory.ddns': TSIG 'dns4-hc'
<182>Aug 18 09:09:42 isc.bind.test.com named[21326]: queries: client 170.140.52.92#50052: query: 252.52.140.170.in-addr.arpa IN PTR + (170.140.2.1)
<182>Aug 18 09:09:42 isc.bind.test.com named[23597]: queries: client 10.40.68.187#60512: query: news.l.google.com IN A + (170.140.2.1)
<182>Aug 18 09:09:42 isc.bind.test.com named[15245]: queries: client 170.140.120.21#15507: query: 113.159.125.74.IN-ADDR.ARPA IN PTR + (170.140.1.1)
<182>Aug 18 09:09:42 isc.bind.test.com named[15245]: queries: client 170.140.221.189#56996: query: d.chango.com IN A + (170.140.1.1)
<182>Aug 18 09:09:42 isc.bind.test.com named[16954]: queries: client 170.140.221.189#56996: query: d.chango.com IN A + (170.140.2.1)
<182>Aug 18 09:09:42 isc.bind.test.com named[15245]: queries: client 170.140.120.21#7092: query: 166.159.125.74.IN-ADDR.ARPA IN PTR + (170.140.1.1)
<182>Aug 18 09:09:42 isc.bind.test.com named[23597]: queries: client 10.40.68.187#58765: query: adage.com IN A + (170.140.2.1)
<182>Aug 18 09:09:42 isc.bind.test.com named[15245]: queries: client 170.140.230.180#57850: query: SOP-P153430D-1.whitehead.emory.edu IN A + (170.140.1.1)
<182>Aug 18 09:09:42 isc.bind.test.com named[16954]: queries: client 170.140.190.191#58121: query: 6to4.ipv6.microsoft.com IN A + (170.140.2.1)
<182>Aug 18 09:09:42 isc.bind.test.com named[15245]: queries: client 170.140.207.206#43973: query: files.web.emory.edu IN A + (170.140.1.1)
<182>Aug 18 09:09:42 isc.bind.test.com named[23597]: queries: client 10.40.68.187#53054: query: ezinearticles.com IN A + (170.140.2.1)
<182>Aug 18 09:09:42 isc.bind.test.com named[15245]: queries: client 170.140.120.2#56168: query: 22.168.209.135.IN-ADDR.ARPA IN PTR + (170.140.1.1)
<182>Aug 18 09:09:42 isc.bind.test.com named[9023]: queries: client 170.140.203.133#43767: query: bda-74-82-82-64.bis6.us.blackberry.com.service.emory.edu IN AAAA + (170.140.1.1)
<182>Aug 18 09:09:42 isc.bind.test.com named[15245]: queries: client 170.140.120.21#29752: query: 131.189.38.208.IN-ADDR.ARPA IN PTR + (170.140.1.1)
<182>Aug 18 09:09:42 isc.bind.test.com named[23597]: queries: client 10.40.68.187#63614: query: kb.iu.edu IN A + (170.140.2.1)
<182>Aug 18 09:09:42 isc.bind.test.com named[15245]: queries: client 170.140.120.21#38594: query: 247.32.13.149.IN-ADDR.ARPA IN PTR + (170.140.1.1)
<182>Aug 18 09:09:42 isc.bind.test.com named[15245]: queries: client 170.140.14.230#64875: query: a1049.g.akamai.net IN A + (170.140.1.1)
<182>Aug 18 09:09:42 isc.bind.test.com named[15245]: queries: client 170.140.8.87#57867: query: a1095.g.akamai.net IN A + (170.140.1.1)
<182>Aug 18 09:09:42 isc.bind.test.com named[3479]: queries: client 170.140.19.120#54740: query: www.googleadservices.com IN A + (170.140.2.1)
<182>Aug 18 09:09:42 isc.bind.test.com named[15245]: queries: client 170.140.245.137#52922: query: _ldap._tcp.dc._msdcs.sphnt.sph.emory.edu IN SRV + (170.140.1.1)
<182>Aug 18 09:09:42 isc.bind.test.com named[3479]: queries: client 170.140.19.120#59224: query: www.googleadservices.com IN AAAA + (170.140.2.1)
<182>Aug 18 09:09:42 isc.bind.test.com named[31573]: queries: client 170.140.52.93#50585: query: email.theknot.com IN MX + (170.140.1.1)
<182>Aug 18 09:09:42 isc.bind.test.com named[23597]: queries: client 170.140.245.137#52922: query: _ldap._tcp.dc._msdcs.sphnt.sph.emory.edu IN SRV + (170.140.2.1)
<182>Aug 18 09:09:42 isc.bind.test.com named[16954]: queries: client 170.140.63.151#51627: query: www.ora.emory.edu IN AAAA + (170.140.2.1)
<182>Aug 18 09:09:42 isc.bind.test.com named[16954]: queries: client 170.140.190.191#60576: query: pubs.rsc.org.proxy.library.emory.edu IN A + (170.140.2.1)
<182>Aug 18 09:09:42 isc.bind.test.com named[15245]: queries: client 170.140.119.70#40288: query: ads.whaleads.com IN A + (170.140.1.1)
<182>Aug 18 09:09:42 isc.bind.test.com named[15245]: queries: client 170.140.61.182#65020: query: dr._dns-sd._udp.psy.emory.edu IN PTR + (170.140.1.1)
<182>Aug 18 09:09:42 isc.bind.test.com named[16954]: queries: client 170.140.63.151#62124: query: www.ora.emory.edu IN A + (170.140.2.1)
<182>Aug 18 09:09:42 isc.bind.test.com named[31715]: queries: client 163.246.142.165#50847: query: r.admob.com IN A + (170.140.2.1)
<182>Aug 18 09:09:42 isc.bind.test.com named[15245]: queries: client 10.224.60.173#39979: query: audio-ash-t1-2.pandora.com IN A + (170.140.1.1)
<182>Aug 18 09:09:42 isc.bind.test.com named[15245]: queries: client 170.140.246.148#61708: query: www.youtube.com IN A + (170.140.1.1)
<182>Aug 18 09:09:42 isc.bind.test.com named[23597]: queries: client 10.40.68.187#64687: query: www.freebsd.org IN A + (170.140.2.1)
<182>Aug 18 09:09:42 isc.bind.test.com named[3479]: queries: client 170.140.19.120#52132: query: googleads.g.doubleclick.net IN AAAA + (170.140.2.1)
<182>Aug 18 09:09:42 isc.bind.test.com named[15245]: queries: client 170.140.119.70#50603: query: node1.planetlab.mathcs.emory.edu IN A +T (170.140.1.1)
<182>Aug 18 09:09:42 isc.bind.test.com named[23597]: queries: client 10.40.91.75#53805: query: a1884.g.akamai.net IN A + (170.140.2.1)
<182>Aug 18 09:09:42 isc.bind.test.com named[15245]: queries: client 170.140.192.30#57651: query: emory.service-now.com IN A + (170.140.1.1)
<182>Aug 18 09:09:42 isc.bind.test.com named[23597]: queries: client 10.224.60.160#63714: query: ad.yieldmanager.com IN A + (170.140.2.1)
<182>Aug 18 09:09:42 isc.bind.test.com named[29325]: queries: client 163.246.221.97#59016: query: ehc-ndb-ad001.eushc.org IN A + (170.140.2.1)
<182>Aug 18 09:09:42 isc.bind.test.com named[16954]: queries: client 170.140.190.191#54991: query: isatap.hsd1.ga.comcast.net IN A + (170.140.2.1)
<182>Aug 18 09:09:42 isc.bind.test.com named[16954]: queries: client 10.224.62.197#57804: query: www.usa.gov IN A + (170.140.2.1)
<182>Aug 18 09:09:42 isc.bind.test.com named[16954]: queries: client 170.140.212.255#62912: query: 1-218.channel.facebook.com IN AAAA + (170.140.2.1)
<182>Aug 18 09:09:42 isc.bind.test.com named[15245]: queries: client 170.140.120.21#55605: query: 126.104.160.204.IN-ADDR.ARPA IN PTR + (170.140.1.1)
<182>Aug 18 09:09:42 isc.bind.test.com named[15245]: queries: client 170.140.21.113#53476: query: ocsp.comodoca.com IN AAAA + (170.140.1.1)
<182>Aug 18 09:09:42 isc.bind.test.com named[15245]: queries: client 170.140.4.51#64365: query: _ldap._tcp.SPH._sites.addcsphvm2.Eu.Emory.Edu IN SRV + (170.140.1.1)
<182>Aug 18 09:09:42 isc.bind.test.com named[15245]: queries: client 170.140.120.2#62820: query: ads.cnn.com IN A + (170.140.1.1)
<182>Aug 18 09:09:42 isc.bind.test.com named[31715]: queries: client 163.246.243.49#51464: query: www.googleadservices.com IN AAAA + (170.140.2.1)
<182>Aug 18 09:09:42 isc.bind.test.com named[8184]: queries: client 170.140.201.201#61748: query: s7.addthis.com IN A + (170.140.2.1)
<182>Aug 18 09:09:42 isc.bind.test.com named[15245]: queries: client 170.140.23.88#52873: query: s-external.ak.fbcdn.net IN AAAA + (170.140.1.1)
<182>Aug 18 09:09:42 isc.bind.test.com named[17137]: queries: client 10.40.139.200#53831: query: lite.piclens.com IN A + (170.140.2.1)
<182>Aug 18 09:09:42 isc.bind.test.com named[15245]: queries: client 170.140.22.110#64970: query: embryform.tmall.com IN A + (170.140.1.1)
<182>Aug 18 09:09:42 isc.bind.test.com named[15245]: queries: client 170.140.120.2#56657: query: 219.255.166.157.IN-ADDR.ARPA IN PTR + (170.140.1.1)
<182>Aug 18 09:09:42 isc.bind.test.com named[15245]: queries: client 170.140.119.70#45132: query: 14.178.29.194.in-addr.arpa IN PTR + (170.140.1.1)
<182>Aug 18 09:09:42 isc.bind.test.com named[23597]: queries: client 10.224.60.160#55378: query: us.bc.yahoo.com IN A + (170.140.2.1)
<182>Aug 18 09:09:42 isc.bind.test.com named[23597]: queries: client 10.40.68.187#61992: query: www.webopedia.com IN A + (170.140.2.1)
<174>Aug 18 09:09:42 isc.bind.test.com named[29076]: general: info: zone yerkes.emory.ddns/IN: Transfer started.
<182>Aug 18 09:09:42 isc.bind.test.com named[15245]: queries: client 170.140.119.70#36916: query: 98.28.112.202.in-addr.arpa IN PTR + (170.140.1.1)
<174>Aug 18 09:09:42 isc.bind.test.com named[29076]: general: info: zone yerkes.emory.ddns/IN: transferred serial 2009370383: TSIG 'dns4-hc'
<182>Aug 18 09:09:42 isc.bind.test.com named[23597]: queries: client 10.40.68.187#63483: query: www.thesitewizard.com IN A + (170.140.2.1)
<182>Aug 18 09:09:42 isc.bind.test.com named[15245]: queries: client 10.224.42.236#58003: query: yfsvetlp.rmy.emory.edu IN A + (170.140.1.1)
<182>Aug 18 09:09:42 isc.bind.test.com named[15245]: queries: client 10.224.42.236#65234: query: yfsvetlp.service.emory.edu IN A + (170.140.1.1)
<182>Aug 18 09:09:42 isc.bind.test.com named[15245]: queries: client 170.140.252.54#54924: query: sharepoint1.Eu.Emory.Edu IN A + (170.140.1.1)
<182>Aug 18 09:09:42 isc.bind.test.com named[15245]: queries: client 170.140.252.54#62751: query: sharepoint1.emory.edu IN A + (170.140.1.1)
<182>Aug 18 09:09:42 isc.bind.test.com named[23597]: queries: client 10.40.68.187#52458: query: www.webmasterworld.com IN A + (170.140.2.1)
<182>Aug 18 09:09:42 isc.bind.test.com named[15245]: queries: client 170.140.119.70#43424: query: 5.35.98.155.in-addr.arpa IN PTR + (170.140.1.1)
<182>Aug 18 09:09:42 isc.bind.test.com named[15245]: queries: client 10.224.42.236#62137: query: yfsvetlp.cc.emory.edu IN A + (170.140.1.1)
<182>Aug 18 09:09:42 isc.bind.test.com named[15245]: queries: client 170.140.187.13#63023: query: medadmin.emory.edu IN NS + (170.140.1.1)
<182>Aug 18 09:09:42 isc.bind.test.com named[23597]: queries: client 10.224.60.160#50653: query: uac.advertising.com IN A + (170.140.2.1)
<182>Aug 18 09:09:42 isc.bind.test.com named[15245]: queries: client 170.140.252.54#50839: query: www.edtechmag.com IN A + (170.140.1.1)
<182>Aug 18 09:09:42 isc.bind.test.com named[15245]: queries: client 170.140.252.54#49635: query: sharepoint1.Emory.Edu IN A + (170.140.1.1)
<182>Aug 18 09:09:42 isc.bind.test.com named[9023]: queries: client 170.140.24.92#55314: query: PSEMHUB.emory.edu IN AAAA + (170.140.1.1)
<182>Aug 18 09:09:42 isc.bind.test.com named[15245]: queries: client 170.140.240.255#55165: query: ads.yimg.com IN A + (170.140.1.1)
<182>Aug 18 09:09:42 isc.bind.test.com named[15245]: queries: client 170.140.120.21#2597: query: 15.1.1.10.IN-ADDR.ARPA IN PTR + (170.140.1.1)
