<182>Aug 18 09:09:59 isc.bind.test.com named[15245]: queries: client 170.140.11.90#53121: query: Lisctu.careeredonline.com IN A + (170.140.1.1)
<182>Aug 18 09:09:59 isc.bind.test.com named[15245]: queries: client 170.140.231.16#2535: query: 255.231.140.170.in-addr.arpa IN PTR + (170.140.1.1)
<182>Aug 18 09:09:59 isc.bind.test.com named[15245]: queries: client 170.140.252.54#61450: query: libs.coremetrics.com IN A + (170.140.1.1)
<182>Aug 18 09:09:59 isc.bind.test.com named[15245]: queries: client 170.140.234.35#57623: query: safebrowsing.clients.google.com IN A + (170.140.1.1)
<182>Aug 18 09:09:59 isc.bind.test.com named[15316]: queries: client 163.246.97.4#49220: query: flipside.keenspot.com IN AAAA + (170.140.1.1)
<182>Aug 18 09:09:59 isc.bind.test.com named[15316]: queries: client 163.246.97.4#56382: query: headtrip.keenspot.com IN A + (170.140.1.1)
<182>Aug 18 09:09:59 isc.bind.test.com named[15245]: queries: client 170.140.120.21#62104: query: 152.208.52.216.IN-ADDR.ARPA IN PTR + (170.140.1.1)
<182>Aug 18 09:09:59 isc.bind.test.com named[15245]: queries: client 170.140.120.21#12156: query: 164.159.125.74.IN-ADDR.ARPA IN PTR + (170.140.1.1)
<182>Aug 18 09:09:59 isc.bind.test.com named[15245]: queries: client 170.140.41.121#54434: query: 4mmpnh1.Eu.Emory.Edu IN SOA + (170.140.1.1)
<182>Aug 18 09:09:59 isc.bind.test.com named[15245]: queries: client 170.140.14.231#49561: query: dl.360safe.com IN A + (170.140.1.1)
<182>Aug 18 09:09:59 isc.bind.test.com named[15245]: queries: client 170.140.41.121#59830: query: addcroot1.Emory.Edu IN A + (170.140.1.1)
<182>Aug 18 09:09:59 isc.bind.test.com named[23597]: queries: client 170.140.175.172#55586: query: ds.serving-sys.com IN A + (170.140.2.1)
<182>Aug 18 09:09:59 isc.bind.test.com named[3479]: queries: client 170.140.35.210#59013: query: www.mellowmushroom.com IN A + (170.140.2.1)
<182>Aug 18 09:09:59 isc.bind.test.com named[15245]: queries: client 170.140.119.70#47456: query: s10.roxcdn.com IN A + (170.140.1.1)
<182>Aug 18 09:09:59 isc.bind.test.com named[15316]: queries: client 163.246.97.4#50555: query: genecatlow.keenspot.com IN AAAA + (170.140.1.1)
<182>Aug 18 09:09:59 isc.bind.test.com named[9023]: queries: client 170.140.201.13#57741: query: ssl.google-analytics.com IN A + (170.140.200.20)
<182>Aug 18 09:09:59 isc.bind.test.com named[15245]: queries: client 170.140.252.54#62415: query: rg4n.cdwg.com IN A + (170.140.1.1)
<182>Aug 18 09:09:59 isc.bind.test.com named[15316]: queries: client 163.246.97.4#54156: query: headtrip.keenspot.com IN AAAA + (170.140.1.1)
<182>Aug 18 09:09:59 isc.bind.test.com named[15316]: queries: client 163.246.97.4#55684: query: landis.keenspot.com IN A + (170.140.1.1)
<182>Aug 18 09:09:59 isc.bind.test.com named[15245]: queries: client 170.140.252.54#57797: query: content.webcollage.net IN A + (170.140.1.1)
<182>Aug 18 09:09:59 isc.bind.test.com named[3479]: queries: client 170.140.29.114#2310: query: us.data.toolbar.yahoo.com IN A + (170.140.2.1)
<182>Aug 18 09:09:59 isc.bind.test.com named[16954]: queries: client 170.140.214.150#62368: query: STUDENTPRINT.Eu.Emory.Edu IN A + (170.140.2.1)
<182>Aug 18 09:09:59 isc.bind.test.com named[15245]: queries: client 10.40.20.247#53612: query: dns.msftncsi.com IN A + (170.140.1.1)
<182>Aug 18 09:09:59 isc.bind.test.com named[16954]: queries: client 10.40.20.247#53612: query: dns.msftncsi.com IN A + (170.140.2.1)
<182>Aug 18 09:09:59 isc.bind.test.com named[15245]: queries: client 170.140.245.101#51930: query: cache.blogads.com IN A + (170.140.1.1)
<182>Aug 18 09:09:59 isc.bind.test.com named[15245]: queries: client 170.140.14.233#61143: query: www.apple.com IN A + (170.140.1.1)
<182>Aug 18 09:09:59 isc.bind.test.com named[3479]: queries: client 170.140.35.192#50683: query: dl.javafx.com IN A + (170.140.2.1)
<182>Aug 18 09:09:59 isc.bind.test.com named[15245]: queries: client 170.140.14.231#64011: query: captive.web.emory.edu IN A + (170.140.1.1)
<182>Aug 18 09:09:59 isc.bind.test.com named[15316]: queries: client 163.246.97.4#58957: query: lastblood.keenspot.com IN A + (170.140.1.1)
<182>Aug 18 09:09:59 isc.bind.test.com named[15245]: queries: client 170.140.14.234#50390: query: 82.8.16.10.in-addr.arpa IN PTR + (170.140.1.1)
<182>Aug 18 09:09:59 isc.bind.test.com named[3479]: queries: client 170.140.19.68#64733: query: addcacvm2.Eu.Emory.Edu IN A + (170.140.2.1)
<182>Aug 18 09:09:59 isc.bind.test.com named[3479]: queries: client 170.140.19.68#59302: query: addcacvm2.Eu.Emory.Edu IN AAAA + (170.140.2.1)
<182>Aug 18 09:09:59 isc.bind.test.com named[3479]: queries: client 170.140.62.163#64224: query: autodiscover.emory.edu IN A + (170.140.2.1)
<182>Aug 18 09:09:59 isc.bind.test.com named[21326]: queries: client 170.140.52.92#17021: query: 115.149.125.74.asn.routeviews.org IN TXT + (170.140.2.1)
<182>Aug 18 09:09:59 isc.bind.test.com named[21326]: queries: client 170.140.52.92#17021: query: ebscohost.com IN NS + (170.140.2.1)
<182>Aug 18 09:09:59 isc.bind.test.com named[15245]: queries: client 170.140.234.35#56540: query: safebrowsing.cache.l.google.com IN A + (170.140.1.1)
<182>Aug 18 09:09:59 isc.bind.test.com named[21326]: queries: client 170.140.52.92#17021: query: 115.149.125.74.plus.bondedsender.org IN A + (170.140.2.1)
<182>Aug 18 09:09:59 isc.bind.test.com named[21326]: queries: client 170.140.52.92#17021: query: campaignbounces.netsuite.com IN A + (170.140.2.1)
<182>Aug 18 09:09:59 isc.bind.test.com named[21326]: queries: client 170.140.52.92#17021: query: campaignbounces.netsuite.com.rhsbl.ahbl.org IN A + (170.140.2.1)
<182>Aug 18 09:09:59 isc.bind.test.com named[21326]: queries: client 170.140.52.92#17021: query: campaignbounces.netsuite.com IN MX + (170.140.2.1)
<182>Aug 18 09:09:59 isc.bind.test.com named[21326]: queries: client 170.140.52.92#17021: query: 115.149.125.74.dnsbl.sorbs.net IN A + (170.140.2.1)
<182>Aug 18 09:09:59 isc.bind.test.com named[23597]: queries: client 10.40.84.52#52101: query: classes.emory.edu IN A + (170.140.2.1)
<182>Aug 18 09:09:59 isc.bind.test.com named[21326]: queries: client 170.140.52.92#17021: query: 188.129.216.167.dnsbl.sorbs.net IN A + (170.140.2.1)
<182>Aug 18 09:09:59 isc.bind.test.com named[21326]: queries: client 170.140.52.92#17021: query: 115.149.125.74.iadb.isipp.com IN A + (170.140.2.1)
<182>Aug 18 09:09:59 isc.bind.test.com named[21326]: queries: client 170.140.52.92#17021: query: campaignbounces.netsuite.com.fulldom.rfc-ignorant.org IN A + (170.140.2.1)
<182>Aug 18 09:09:59 isc.bind.test.com named[16954]: queries: client 170.140.65.91#54421: query: wpad.THEOLOGY.EMORY.EDU IN A + (170.140.2.1)
<182>Aug 18 09:09:59 isc.bind.test.com named[16954]: queries: client 170.140.65.91#58937: query: wpad.pitts.emory.edu IN A + (170.140.2.1)
<182>Aug 18 09:09:59 isc.bind.test.com named[16954]: queries: client 170.140.65.91#56467: query: wpad.THEOLOGY.EMORY.EDU IN A + (170.140.2.1)
<182>Aug 18 09:09:59 isc.bind.test.com named[15245]: queries: client 170.140.14.233#64127: query: captive.web.emory.edu IN A + (170.140.1.1)
<182>Aug 18 09:09:59 isc.bind.test.com named[15316]: queries: client 163.246.97.4#63422: query: lastblood.keenspot.com IN AAAA + (170.140.1.1)
<182>Aug 18 09:09:59 isc.bind.test.com named[15245]: queries: client 170.140.240.148#1071: query: x.icanns.info IN A + (170.140.1.1)
<182>Aug 18 09:09:59 isc.bind.test.com named[15245]: queries: client 170.140.120.21#8265: query: 113.159.125.74.IN-ADDR.ARPA IN PTR + (170.140.1.1)
<182>Aug 18 09:09:59 isc.bind.test.com named[8184]: queries: client 170.140.202.62#42446: query: bbprodapp03.cc.emory.edu IN AAAA + (170.140.2.1)
<182>Aug 18 09:09:59 isc.bind.test.com named[15316]: queries: client 163.246.97.4#62997: query: newshounds.keenspot.com IN A + (170.140.1.1)
<182>Aug 18 09:09:59 isc.bind.test.com named[21326]: queries: client 170.140.52.92#17021: query: pdns3.ultradns.org IN A + (170.140.2.1)
<182>Aug 18 09:09:59 isc.bind.test.com named[21326]: queries: client 170.140.52.92#17021: query: pdns6.ultradns.co.uk IN A + (170.140.2.1)
<182>Aug 18 09:09:59 isc.bind.test.com named[21326]: queries: client 170.140.52.92#17021: query: pdns5.ultradns.info IN A + (170.140.2.1)
<182>Aug 18 09:09:59 isc.bind.test.com named[16954]: queries: client 170.140.223.225#64192: query: p.brilig.com IN A + (170.140.2.1)
<182>Aug 18 09:09:59 isc.bind.test.com named[15245]: queries: client 10.224.44.53#53142: query: addcacvm2.Eu.Emory.Edu IN A + (170.140.1.1)
<182>Aug 18 09:09:59 isc.bind.test.com named[21326]: queries: client 170.140.52.92#17021: query: pdns2.ultradns.net IN A + (170.140.2.1)
<182>Aug 18 09:09:59 isc.bind.test.com named[16954]: queries: client 170.140.223.225#59665: query: p.brilig.com IN AAAA + (170.140.2.1)
<182>Aug 18 09:09:59 isc.bind.test.com named[21326]: queries: client 170.140.52.92#17021: query: pdns1.ultradns.net IN A + (170.140.2.1)
<182>Aug 18 09:09:59 isc.bind.test.com named[15245]: queries: client 170.140.119.69#58643: query: stork-repository.cs.arizona.edu IN A + (170.140.1.1)
<182>Aug 18 09:09:59 isc.bind.test.com named[15245]: queries: client 170.140.56.11#52793: query: d.chango.com IN A + (170.140.1.1)
<182>Aug 18 09:09:59 isc.bind.test.com named[23597]: queries: client 170.140.56.11#52793: query: d.chango.com IN A + (170.140.2.1)
<182>Aug 18 09:09:59 isc.bind.test.com named[31573]: queries: client 170.140.137.36#60595: query: ynbntfs.yerkes.emory.edu IN A + (170.140.1.1)
<182>Aug 18 09:09:59 isc.bind.test.com named[15245]: queries: client 170.140.205.31#51574: query: ad.auditude.com IN AAAA + (170.140.1.1)
<182>Aug 18 09:09:59 isc.bind.test.com named[31573]: queries: client 170.140.137.36#45557: query: 19.40.224.10.in-addr.arpa IN PTR + (170.140.1.1)
<182>Aug 18 09:09:59 isc.bind.test.com named[9023]: queries: client 170.140.203.133#52081: query: pool-108-46-227-124.nycmny.fios.verizon.net IN A + (170.140.1.1)
<182>Aug 18 09:09:59 isc.bind.test.com named[3479]: queries: client 170.140.35.192#57054: query: www.iceportal.com IN A + (170.140.2.1)
<182>Aug 18 09:09:59 isc.bind.test.com named[15316]: queries: client 163.246.97.4#55700: query: nopinkponies.keenspot.com IN A + (170.140.1.1)
<182>Aug 18 09:09:59 isc.bind.test.com named[31573]: queries: client 170.140.137.36#33759: query: ynb-mrifs.yerkes.emory.edu IN A + (170.140.1.1)
<182>Aug 18 09:09:59 isc.bind.test.com named[15245]: queries: client 10.110.58.153#3837: query: googleads.g.doubleclick.net IN A + (170.140.1.1)
<182>Aug 18 09:09:59 isc.bind.test.com named[3479]: queries: client 170.140.35.160#57268: query: DARDPMPROD1.emory.edu IN A + (170.140.2.1)
<182>Aug 18 09:09:59 isc.bind.test.com named[15316]: queries: client 163.246.97.4#61817: query: newshounds.keenspot.com IN AAAA + (170.140.1.1)
<182>Aug 18 09:09:59 isc.bind.test.com named[3479]: queries: client 170.140.35.160#59512: query: DARDPMPROD1.cc.emory.edu IN A + (170.140.2.1)
<182>Aug 18 09:09:59 isc.bind.test.com named[9023]: queries: client 10.231.8.20#1619: query: 0.0.0.0.in-addr.arpa IN PTR + (170.140.1.1)
<182>Aug 18 09:09:59 isc.bind.test.com named[3479]: queries: client 170.140.35.160#52495: query: DARDPMPROD1.cc.emory.edu IN AAAA + (170.140.2.1)
<182>Aug 18 09:09:59 isc.bind.test.com named[16954]: queries: client 170.140.195.228#57419: query: atlanta.everyblock.com IN AAAA + (170.140.2.1)
<182>Aug 18 09:09:59 isc.bind.test.com named[8184]: queries: client 170.140.202.62#38044: query: bbprodapp03.cc.emory.edu IN AAAA + (170.140.2.1)
<182>Aug 18 09:09:59 isc.bind.test.com named[16954]: queries: client 170.140.213.176#64325: query: tt.arcadeweb.com IN AAAA + (170.140.2.1)
<182>Aug 18 09:09:59 isc.bind.test.com named[15245]: queries: client 10.224.32.146#56240: query: findsuccessful.org IN A + (170.140.1.1)
<182>Aug 18 09:09:59 isc.bind.test.com named[15245]: queries: client 170.140.119.70#38609: query: 1.planetlab.iscte.pt IN A + (170.140.1.1)
<182>Aug 18 09:09:59 isc.bind.test.com named[23597]: queries: client 170.140.140.236#43691: query: fedora.library.emory.edu IN A + (170.140.2.1)
<182>Aug 18 09:09:59 isc.bind.test.com named[16954]: queries: client 170.140.190.13#63993: query: _ldap._tcp.pdc._msdcs.Eu.Emory.Edu IN SRV + (170.140.2.1)
<182>Aug 18 09:09:59 isc.bind.test.com named[15245]: queries: client 170.140.138.25#49585: query: addcacvm2.Eu.Emory.Edu IN A + (170.140.1.1)
<182>Aug 18 09:09:59 isc.bind.test.com named[23597]: queries: client 170.140.140.236#34558: query: mothra.library.emory.edu IN A + (170.140.2.1)
<182>Aug 18 09:09:59 isc.bind.test.com named[3479]: queries: client 170.140.19.83#51812: query: cabinet.bjcadm.emory.edu IN A + (170.140.2.1)
<182>Aug 18 09:09:59 isc.bind.test.com named[15245]: queries: client 170.140.252.54#56833: query: data.cmcore.com IN A + (170.140.1.1)
<182>Aug 18 09:09:59 isc.bind.test.com named[23597]: queries: client 170.140.140.236#40223: query: fedora.library.emory.edu IN A + (170.140.2.1)
<182>Aug 18 09:09:59 isc.bind.test.com named[15245]: queries: client 10.40.87.226#58566: query: kodiak.cc.emory.edu IN A + (170.140.1.1)
<182>Aug 18 09:09:59 isc.bind.test.com named[15245]: queries: client 170.140.183.218#52857: query: addcacvm2.Eu.Emory.Edu IN A + (170.140.1.1)
<182>Aug 18 09:09:59 isc.bind.test.com named[3479]: queries: client 170.140.199.221#54695: query: safebrowsing.clients.google.com IN A + (170.140.2.1)
<182>Aug 18 09:09:59 isc.bind.test.com named[15316]: queries: client 163.246.97.4#61817: query: newshounds.keenspot.com IN AAAA + (170.140.1.1)
<171>Aug 18 09:09:59 isc.bind.test.com named[25366]: update-security: error: client 170.140.51.206#47093: update forwarding 'emoryhealthcare.org/IN' denied
<182>Aug 18 09:09:59 isc.bind.test.com named[3479]: queries: client 170.140.35.192#63314: query: www.dcss.co.riverside.ca.us IN A + (170.140.2.1)
<182>Aug 18 09:09:59 isc.bind.test.com named[23597]: queries: client 10.40.64.196#63653: query: www.facebook.com IN A + (170.140.2.1)
<182>Aug 18 09:09:59 isc.bind.test.com named[3479]: queries: client 10.231.10.52#60231: query: 39.202.140.170.in-addr.arpa IN PTR + (170.140.2.1)
<182>Aug 18 09:09:59 isc.bind.test.com named[31573]: queries: client 170.140.137.131#52378: query: wpad.Emory.Edu IN A + (170.140.1.1)
<182>Aug 18 09:09:59 isc.bind.test.com named[15245]: queries: client 170.140.207.185#58830: query: g.live.com IN A + (170.140.1.1)
<182>Aug 18 09:09:59 isc.bind.test.com named[15245]: queries: client 170.140.245.108#53600: query: www.ajc.com IN A + (170.140.1.1)
<182>Aug 18 09:09:59 isc.bind.test.com named[15245]: queries: client 170.140.14.230#59772: query: m.google.com IN A + (170.140.1.1)
<182>Aug 18 09:09:59 isc.bind.test.com named[16954]: queries: client 170.140.32.41#59858: query: neuroskeptic.blogspot.com IN A +ED (170.140.2.1)
<182>Aug 18 09:09:59 isc.bind.test.com named[15245]: queries: client 170.140.119.70#34684: query: halo.sometrics.com IN A + (170.140.1.1)
<182>Aug 18 09:09:59 isc.bind.test.com named[16954]: queries: client 170.140.32.41#59858: query: bloggerphotos.l.google.com IN A +ED (170.140.2.1)
<182>Aug 18 09:09:59 isc.bind.test.com named[16954]: queries: client 170.140.32.41#59858: query: www.feedburner.com IN A +ED (170.140.2.1)
<182>Aug 18 09:09:59 isc.bind.test.com named[16954]: queries: client 170.140.32.41#59858: query: www.blogger.com IN A +ED (170.140.2.1)
<182>Aug 18 09:09:59 isc.bind.test.com named[25614]: queries: client 170.140.183.120#46261: query: vlad.service.emory.edu IN AAAA + (170.140.1.1)
<182>Aug 18 09:09:59 isc.bind.test.com named[25614]: queries: client 170.140.183.120#36900: query: vlad.service.emory.edu IN A + (170.140.1.1)
<182>Aug 18 09:09:59 isc.bind.test.com named[15316]: queries: client 163.246.221.148#56298: query: EHC-DSI014.eushc.org IN A + (170.140.1.1)
<182>Aug 18 09:09:59 isc.bind.test.com named[23597]: queries: client 170.140.14.234#57313: query: 0001-ddmagents.dell.com IN A + (170.140.2.1)
<182>Aug 18 09:09:59 isc.bind.test.com named[16954]: queries: client 170.140.223.225#53778: query: adadvisor.net IN AAAA + (170.140.2.1)
<182>Aug 18 09:09:59 isc.bind.test.com named[15245]: queries: client 170.140.207.185#52653: query: www.msn.com IN A + (170.140.1.1)
<182>Aug 18 09:09:59 isc.bind.test.com named[15245]: queries: client 170.140.245.101#55250: query: ib.adnxs.com IN A + (170.140.1.1)
<182>Aug 18 09:09:59 isc.bind.test.com named[15245]: queries: client 170.140.245.108#62464: query: media.ajc.com.coxnewsweb.com IN A + (170.140.1.1)
<182>Aug 18 09:09:59 isc.bind.test.com named[16954]: queries: client 170.140.212.24#64352: query: dns.msftncsi.com IN AAAA + (170.140.2.1)
<182>Aug 18 09:09:59 isc.bind.test.com named[15245]: queries: client 170.140.245.108#54634: query: static.politifact.com IN A + (170.140.1.1)
<182>Aug 18 09:09:59 isc.bind.test.com named[15245]: queries: client 170.140.245.108#58649: query: e.yieldmanager.net IN A + (170.140.1.1)
<182>Aug 18 09:09:59 isc.bind.test.com named[31573]: queries: client 170.140.137.165#61166: query: dmzdcvm1.Eu.Emory.Edu IN A + (170.140.1.1)
<182>Aug 18 09:09:59 isc.bind.test.com named[31573]: queries: client 170.140.137.165#54486: query: dmzdcvm1.Eu.Emory.Edu IN AAAA + (170.140.1.1)
<182>Aug 18 09:09:59 isc.bind.test.com named[15245]: queries: client 170.140.11.143#61907: query: player.targetspot.com IN A + (170.140.1.1)
<182>Aug 18 09:09:59 isc.bind.test.com named[15245]: queries: client 170.140.245.108#65436: query: widget.imshopping.com IN A + (170.140.1.1)
<182>Aug 18 09:09:59 isc.bind.test.com named[15245]: queries: client 170.140.245.108#53173: query: media.ajc.com.coxnewsweb.com IN AAAA + (170.140.1.1)
<182>Aug 18 09:09:59 isc.bind.test.com named[15245]: queries: client 170.140.245.108#54093: query: static.politifact.com IN AAAA + (170.140.1.1)
<182>Aug 18 09:09:59 isc.bind.test.com named[15245]: queries: client 170.140.245.108#51866: query: e.yieldmanager.net IN AAAA + (170.140.1.1)
<182>Aug 18 09:09:59 isc.bind.test.com named[15245]: queries: client 170.140.245.108#55471: query: widget.imshopping.com IN AAAA + (170.140.1.1)
<182>Aug 18 09:09:59 isc.bind.test.com named[3479]: queries: client 170.140.35.119#55202: query: coredcvm3.Eu.Emory.Edu IN A + (170.140.2.1)
<182>Aug 18 09:09:59 isc.bind.test.com named[3479]: queries: client 10.231.10.38#18210: query: 37.202.140.170.in-addr.arpa IN PTR + (170.140.2.1)
<182>Aug 18 09:09:59 isc.bind.test.com named[3479]: queries: client 170.140.107.195#53632: query: r1-migrate.ace.advertising.com.adcom.akadns.net IN A + (170.140.2.1)
<182>Aug 18 09:09:59 isc.bind.test.com named[23597]: queries: client 170.140.100.243#57589: query: rad.msn.com IN A + (170.140.2.1)
<182>Aug 18 09:09:59 isc.bind.test.com named[16954]: queries: client 170.140.223.225#54716: query: images.kontera.com IN A + (170.140.2.1)
<182>Aug 18 09:09:59 isc.bind.test.com named[31573]: queries: client 170.140.53.61#58839: query: oranamesrvr0.cc.emory.edu IN A + (170.140.9.118)
<182>Aug 18 09:09:59 isc.bind.test.com named[16954]: queries: client 170.140.5.45#64274: query: wd-edge.sharethis.com IN A + (170.140.2.1)
<182>Aug 18 09:09:59 isc.bind.test.com named[16954]: queries: client 170.140.223.225#57613: query: images.kontera.com IN AAAA + (170.140.2.1)
<182>Aug 18 09:09:59 isc.bind.test.com named[15245]: queries: client 170.140.245.108#62638: query: tag.didit.com IN A + (170.140.1.1)
<182>Aug 18 09:09:59 isc.bind.test.com named[15245]: queries: client 170.140.245.108#50416: query: cm.npc-cox.overture.com IN A + (170.140.1.1)
<182>Aug 18 09:09:59 isc.bind.test.com named[16954]: queries: client 170.140.5.45#57930: query: maps.google.com IN A + (170.140.2.1)
<182>Aug 18 09:10:00 isc.bind.test.com named[16954]: queries: client 170.140.218.183#54469: query: api.echoenabled.com IN A + (170.140.2.1)
<182>Aug 18 09:10:00 isc.bind.test.com named[16954]: queries: client 170.140.237.114#52165: query: addcacvm2.Eu.Emory.Edu IN A + (170.140.2.1)
<182>Aug 18 09:10:00 isc.bind.test.com named[15245]: queries: client 10.224.46.254#60445: query: ADDCACVM1.Eu.Emory.Edu IN A + (170.140.1.1)
<182>Aug 18 09:10:00 isc.bind.test.com named[16954]: queries: client 170.140.218.183#59005: query: api.echoenabled.com IN AAAA + (170.140.2.1)
<182>Aug 18 09:10:00 isc.bind.test.com named[3479]: queries: client 170.140.19.210#65384: query: time.nist.gov IN A + (170.140.2.1)
<182>Aug 18 09:10:00 isc.bind.test.com named[15245]: queries: client 170.140.120.21#22227: query: 148.159.125.74.IN-ADDR.ARPA IN PTR + (170.140.1.1)
<182>Aug 18 09:10:00 isc.bind.test.com named[16954]: queries: client 170.140.236.159#54359: query: _kerberos._tcp.Academic._sites.dc._msdcs.EU.EMORY.EDU IN SRV + (170.140.2.1)
<182>Aug 18 09:10:00 isc.bind.test.com named[16954]: queries: client 170.140.32.41#59858: query: www.blogzero.it IN A +ED (170.140.2.1)
<182>Aug 18 09:10:00 isc.bind.test.com named[15245]: queries: client 170.140.223.84#44025: query: womenwriters.library.emory.edu IN AAAA + (170.140.1.1)
<182>Aug 18 09:10:00 isc.bind.test.com named[15245]: queries: client 170.140.223.84#43399: query: womenwriters.library.emory.edu IN A + (170.140.1.1)
<182>Aug 18 09:10:00 isc.bind.test.com named[15245]: queries: client 170.140.234.46#39333: query: time.bme.gatech.edu IN AAAA + (170.140.1.1)
<182>Aug 18 09:10:00 isc.bind.test.com named[31715]: queries: client 163.246.213.37#13315: query: st.bpcdn.us IN A + (170.140.2.1)
<182>Aug 18 09:10:00 isc.bind.test.com named[16954]: queries: client 170.140.223.225#65017: query: legolas.nexac.com IN AAAA + (170.140.2.1)
<182>Aug 18 09:10:00 isc.bind.test.com named[15245]: queries: client 170.140.223.84#56643: query: womenwriters.library.emory.edu IN A + (170.140.1.1)
<182>Aug 18 09:10:00 isc.bind.test.com named[3479]: queries: client 170.140.35.192#54717: query: iceportal.com IN A + (170.140.2.1)
<182>Aug 18 09:10:00 isc.bind.test.com named[15245]: queries: client 170.140.120.21#37280: query: 33.32.144.90.IN-ADDR.ARPA IN PTR + (170.140.1.1)
<182>Aug 18 09:10:00 isc.bind.test.com named[16954]: queries: client 170.140.32.41#59858: query: www.boironusa.com IN A +ED (170.140.2.1)
<182>Aug 18 09:10:00 isc.bind.test.com named[31573]: queries: client 10.128.128.22#39308: query: eurac10-vip.cc.emory.edu IN AAAA + (170.140.9.118)
<182>Aug 18 09:10:00 isc.bind.test.com named[15245]: queries: client 170.140.245.108#54386: query: media.ajc.com IN A + (170.140.1.1)
<182>Aug 18 09:10:00 isc.bind.test.com named[15245]: queries: client 170.140.245.108#52958: query: img.coxnewsweb.com IN A + (170.140.1.1)
<182>Aug 18 09:10:00 isc.bind.test.com named[31573]: queries: client 10.128.128.22#62210: query: eurac10-vip.cc.emory.edu.cc.emory.edu IN AAAA + (170.140.9.118)
<182>Aug 18 09:10:00 isc.bind.test.com named[31573]: queries: client 10.128.128.22#15725: query: eurac10-vip.cc.emory.edu.service.emory.edu IN AAAA + (170.140.9.118)
<182>Aug 18 09:10:00 isc.bind.test.com named[23597]: queries: client 170.140.56.30#65141: query: platform.twitter.com IN AAAA + (170.140.2.1)
<182>Aug 18 09:10:00 isc.bind.test.com named[16954]: queries: client 170.140.235.251#49687: query: pixel.rubiconproject.com IN A + (170.140.2.1)
<182>Aug 18 09:10:00 isc.bind.test.com named[9023]: queries: client 170.140.203.133#56967: query: bda-74-82-86-248.bis6.us.blackberry.com IN A + (170.140.1.1)
<182>Aug 18 09:10:00 isc.bind.test.com named[3479]: queries: client 170.140.103.32#52590: query: cr-tools.clients.google.com IN A + (170.140.2.1)
<182>Aug 18 09:10:00 isc.bind.test.com named[16954]: queries: client 170.140.235.207#51605: query: gfx1.hotmail.com IN A + (170.140.2.1)
<182>Aug 18 09:10:00 isc.bind.test.com named[3479]: queries: client 170.140.19.68#63249: query: www.google-analytics.com IN A + (170.140.2.1)
<182>Aug 18 09:10:00 isc.bind.test.com named[23597]: queries: client 170.140.100.143#63972: query: 0.208.channel.facebook.com IN A + (170.140.2.1)
<182>Aug 18 09:10:00 isc.bind.test.com named[3479]: queries: client 170.140.19.68#55949: query: www.google-analytics.com IN AAAA + (170.140.2.1)
<182>Aug 18 09:10:00 isc.bind.test.com named[15245]: queries: client 170.140.207.94#51979: query: fr-fr.facebook.com IN AAAA + (170.140.1.1)
<182>Aug 18 09:10:00 isc.bind.test.com named[21326]: queries: client 170.140.52.92#50056: query: hrdailyreport.com IN A + (170.140.2.1)
<182>Aug 18 09:10:00 isc.bind.test.com named[15245]: queries: client 170.140.231.29#64494: query: www.crt.com.cn IN A + (170.140.1.1)
<182>Aug 18 09:10:00 isc.bind.test.com named[17137]: queries: client 10.40.147.136#50820: query: realestate.aol.com.aol.akadns.net IN A + (170.140.2.1)
<182>Aug 18 09:10:00 isc.bind.test.com named[15245]: queries: client 170.140.207.94#56928: query: developers.facebook.com IN AAAA + (170.140.1.1)
<182>Aug 18 09:10:00 isc.bind.test.com named[15316]: queries: client 163.246.180.109#61264: query: _kerberos._tcp.Default-First-Site-Name._sites.dc._msdcs.PED.EMORY.EDU IN SRV + (170.140.1.1)
<182>Aug 18 09:10:00 isc.bind.test.com named[15245]: queries: client 170.140.245.108#53576: query: thumbnail.newsinc.com IN A + (170.140.1.1)
<182>Aug 18 09:10:00 isc.bind.test.com named[23597]: queries: client 170.140.56.30#61756: query: d.groupon.com IN AAAA + (170.140.2.1)
<182>Aug 18 09:10:00 isc.bind.test.com named[15245]: queries: client 170.140.231.29#50972: query: www.china.com.cn IN A + (170.140.1.1)
<182>Aug 18 09:10:00 isc.bind.test.com named[23597]: queries: client 10.40.76.159#51586: query: a1613.g.akamai.net IN A + (170.140.2.1)
<182>Aug 18 09:10:00 isc.bind.test.com named[23597]: queries: client 10.224.61.33#58799: query: pagead2.googlesyndication.com IN A + (170.140.2.1)
<182>Aug 18 09:10:00 isc.bind.test.com named[15316]: queries: client 163.246.97.4#53919: query: striptease.keenspot.com IN AAAA + (170.140.1.1)
<182>Aug 18 09:10:00 isc.bind.test.com named[15316]: queries: client 163.246.97.4#55546: query: supernovas.keenspot.com IN AAAA + (170.140.1.1)
<182>Aug 18 09:10:00 isc.bind.test.com named[21326]: queries: client 170.140.52.92#50128: query: emorylb2dmz.cc.emory.edu IN A + (170.140.2.1)
<182>Aug 18 09:10:00 isc.bind.test.com named[21326]: queries: client 170.140.52.92#50128: query: 252.52.140.170.in-addr.arpa IN PTR + (170.140.2.1)
<182>Aug 18 09:10:00 isc.bind.test.com named[16954]: queries: client 170.140.235.239#55947: query: partner.mylife.com IN A + (170.140.2.1)
<182>Aug 18 09:10:00 isc.bind.test.com named[21326]: queries: client 170.140.52.92#17021: query: appmx2-sc9.netsuite.com IN A + (170.140.2.1)
<182>Aug 18 09:10:00 isc.bind.test.com named[16954]: queries: client 170.140.242.105#33508: query: s1.wp.com IN A + (170.140.2.1)
<182>Aug 18 09:10:00 isc.bind.test.com named[15245]: queries: client 170.140.32.41#59858: query: blogzero.it IN A +ED (170.140.1.1)
<182>Aug 18 09:10:00 isc.bind.test.com named[15245]: queries: client 170.140.245.108#59261: query: ads.yldmgrimg.net IN AAAA + (170.140.1.1)
<182>Aug 18 09:10:00 isc.bind.test.com named[23597]: queries: client 10.40.94.215#51448: query: apis.google.com IN A + (170.140.2.1)
<182>Aug 18 09:10:00 isc.bind.test.com named[15245]: queries: client 170.140.234.140#45555: query: addcacvm2.Eu.Emory.Edu IN A + (170.140.1.1)
<171>Aug 18 09:10:00 isc.bind.test.com named[21311]: update-security: error: client 170.140.51.202#41079: update forwarding 'wireless.emory.edu/IN' denied
<182>Aug 18 09:10:00 isc.bind.test.com named[15316]: queries: client 163.246.97.4#49824: query: wisdomofmoo.keenspot.com IN AAAA + (170.140.1.1)
<182>Aug 18 09:10:00 isc.bind.test.com named[15245]: queries: client 170.140.234.140#39819: query: EU.EMORY.EDU.wmb.emory.edu IN AAAA + (170.140.1.1)
<182>Aug 18 09:10:00 isc.bind.test.com named[16954]: queries: client 170.140.189.250#60619: query: bd0dc.v.fwmrm.net IN A + (170.140.2.1)
<182>Aug 18 09:10:00 isc.bind.test.com named[15245]: queries: client 170.140.234.140#42877: query: EU.EMORY.EDU IN A + (170.140.1.1)
<182>Aug 18 09:10:00 isc.bind.test.com named[31715]: queries: client 163.246.102.208#64767: query: www.google-analytics.com IN A + (170.140.2.1)
<182>Aug 18 09:10:00 isc.bind.test.com named[15245]: queries: client 170.140.234.140#58498: query: EU.EMORY.EDU IN AAAA + (170.140.1.1)
<182>Aug 18 09:10:00 isc.bind.test.com named[15316]: queries: client 163.246.97.4#51898: query: www.ustream.tv IN A + (170.140.1.1)
<182>Aug 18 09:10:00 isc.bind.test.com named[15245]: queries: client 170.140.234.140#52252: query: EU.EMORY.EDU.wmb.emory.edu IN AAAA + (170.140.1.1)
<182>Aug 18 09:10:00 isc.bind.test.com named[15245]: queries: client 170.140.245.108#56110: query: ec.atdmt.com IN A + (170.140.1.1)
<182>Aug 18 09:10:00 isc.bind.test.com named[3479]: queries: client 170.140.199.245#50256: query: coredcvm2.Eu.Emory.Edu IN A + (170.140.2.1)
<182>Aug 18 09:10:01 isc.bind.test.com named[15316]: queries: client 163.246.97.4#56624: query: choppingblock.org IN AAAA + (170.140.1.1)
<182>Aug 18 09:10:01 isc.bind.test.com named[16954]: queries: client 170.140.242.105#33510: query: s.stats.wordpress.com IN A + (170.140.2.1)
<182>Aug 18 09:10:01 isc.bind.test.com named[15245]: queries: client 170.140.245.108#58219: query: b.scorecardresearch.com IN AAAA + (170.140.1.1)
<182>Aug 18 09:10:01 isc.bind.test.com named[15245]: queries: client 170.140.231.29#54314: query: www.cctv.com IN A + (170.140.1.1)
<182>Aug 18 09:10:01 isc.bind.test.com named[15245]: queries: client 170.140.228.245#59165: query: ui.skype.com IN AAAA + (170.140.1.1)
<182>Aug 18 09:10:01 isc.bind.test.com named[3479]: queries: client 170.140.19.237#62955: query: cr-tools.clients.google.com IN A + (170.140.2.1)
<182>Aug 18 09:10:01 isc.bind.test.com named[3479]: queries: client 170.140.19.237#50958: query: cr-tools.clients.google.com IN AAAA + (170.140.2.1)
<182>Aug 18 09:10:01 isc.bind.test.com named[15245]: queries: client 10.224.32.114#51645: query: cf._dns-sd._udp.som.emory.edu IN TXT + (170.140.1.1)
<182>Aug 18 09:10:01 isc.bind.test.com named[21326]: queries: client 170.140.52.29#50118: query: wh-mysql.cc.emory.edu IN A + (170.140.2.1)
<182>Aug 18 09:10:01 isc.bind.test.com named[31573]: queries: client 10.248.10.12#49133: query: eu-oms.service.emory.edu.emory.edu IN AAAA + (170.140.1.1)
<182>Aug 18 09:10:01 isc.bind.test.com named[16954]: queries: client 170.140.223.214#53838: query: facebook.cafe.static.zynga.com IN AAAA + (170.140.2.1)
<182>Aug 18 09:10:01 isc.bind.test.com named[31715]: queries: client 163.246.213.37#53769: query: api.viximo.com IN A + (170.140.2.1)
<182>Aug 18 09:10:01 isc.bind.test.com named[31715]: queries: client 163.246.149.196#50905: query: _ldap._tcp.Default-First-Site-Name._sites.dc._msdcs.PED.emory.edu IN SRV + (170.140.1.1)
<182>Aug 18 09:10:01 isc.bind.test.com named[16954]: queries: client 10.224.62.197#49797: query: urs.microsoft.com IN A + (170.140.2.1)
<182>Aug 18 09:10:01 isc.bind.test.com named[15245]: queries: client 170.140.245.108#52085: query: conversion-pixel.invitemedia.com IN AAAA + (170.140.1.1)
<182>Aug 18 09:10:01 isc.bind.test.com named[15245]: queries: client 170.140.8.37#58313: query: gdata.youtube.com IN A + (170.140.1.1)
<182>Aug 18 09:10:01 isc.bind.test.com named[15245]: queries: client 170.140.8.37#53252: query: gdata.youtube.com IN AAAA + (170.140.1.1)
<182>Aug 18 09:10:01 isc.bind.test.com named[15245]: queries: client 170.140.8.37#63288: query: www.washingtonpost.com IN AAAA + (170.140.1.1)
<182>Aug 18 09:10:01 isc.bind.test.com named[15245]: queries: client 170.140.21.176#63324: query: NLB_TFA.tfanet.org IN A + (170.140.1.1)
<182>Aug 18 09:10:01 isc.bind.test.com named[23597]: queries: client 10.40.94.226#50998: query: 3-courier.push.apple.com IN A + (170.140.2.1)
<182>Aug 18 09:10:01 isc.bind.test.com named[9023]: queries: client 170.140.203.167#50201: query: pssaappprod3.cc.emory.edu IN A + (170.140.1.1)
<182>Aug 18 09:10:01 isc.bind.test.com named[9023]: queries: client 170.140.203.167#50066: query: 150.8.231.10.in-addr.arpa IN PTR + (170.140.1.1)
<182>Aug 18 09:10:01 isc.bind.test.com named[23597]: queries: client 10.40.75.203#60643: query: www.wip4.adobe.com IN A + (170.140.2.1)
<182>Aug 18 09:10:01 isc.bind.test.com named[9023]: queries: client 10.231.8.146#38888: query: pssabuxprod1.cc.emory.edu.cc.emory.edu IN AAAA + (170.140.1.1)
<182>Aug 18 09:10:01 isc.bind.test.com named[9023]: queries: client 170.140.203.167#37366: query: pssaappprod1.cc.emory.edu IN A + (170.140.1.1)
<182>Aug 18 09:10:01 isc.bind.test.com named[9023]: queries: client 170.140.203.167#44070: query: 149.8.231.10.in-addr.arpa IN PTR + (170.140.1.1)
<182>Aug 18 09:10:01 isc.bind.test.com named[9023]: queries: client 10.231.8.146#35405: query: pssabuxprod1.cc.emory.edu.cc.emory.edu IN AAAA + (170.140.1.1)
<182>Aug 18 09:10:01 isc.bind.test.com named[31573]: queries: client 10.128.128.22#29856: query: eurac11.cc.emory.edu.cc.emory.edu IN AAAA + (170.140.9.118)
<182>Aug 18 09:10:01 isc.bind.test.com named[31573]: queries: client 10.128.128.22#30543: query: eurac11.cc.emory.edu IN A + (170.140.9.118)
<182>Aug 18 09:10:01 isc.bind.test.com named[31573]: queries: client 10.128.128.22#17891: query: eurac11.cc.emory.edu.emory.edu IN AAAA + (170.140.9.118)
<182>Aug 18 09:10:01 isc.bind.test.com named[16954]: queries: client 170.140.223.101#46498: query: 101.223.140.170.in-addr.arpa IN PTR + (170.140.2.1)
<182>Aug 18 09:10:01 isc.bind.test.com named[9023]: queries: client 10.231.8.150#49262: query: pssabuxprod1.cc.emory.edu.cc.emory.edu IN AAAA + (170.140.1.1)
<182>Aug 18 09:10:01 isc.bind.test.com named[15245]: queries: client 170.140.233.18#58805: query: today.msnbc.msn.com IN A + (170.140.1.1)
<182>Aug 18 09:10:01 isc.bind.test.com named[9023]: queries: client 10.231.8.150#49817: query: pssabuxprod1.cc.emory.edu IN AAAA + (170.140.1.1)
<182>Aug 18 09:10:01 isc.bind.test.com named[23597]: queries: client 170.140.141.141#63861: query: ADDCACVM1.Eu.Emory.Edu IN A + (170.140.1.1)
<182>Aug 18 09:10:01 isc.bind.test.com named[21326]: queries: client 170.140.52.92#50128: query: mymail-in.net IN MX + (170.140.2.1)
<182>Aug 18 09:10:01 isc.bind.test.com named[23597]: queries: client 10.40.82.129#60872: query: amch.questionmarket.com IN A + (170.140.2.1)
<182>Aug 18 09:10:01 isc.bind.test.com named[15245]: queries: client 170.140.225.215#58642: query: ac.tynt.com IN A + (170.140.1.1)
<182>Aug 18 09:10:01 isc.bind.test.com named[15245]: queries: client 170.140.243.212#51673: query: l.collective-media.net IN A + (170.140.1.1)
<182>Aug 18 09:10:01 isc.bind.test.com named[9023]: queries: client 170.140.203.67#10122: query: pspfsbu1.cc.emory.edu IN AAAA + (170.140.200.20)
<182>Aug 18 09:10:01 isc.bind.test.com named[23597]: queries: client 170.140.100.114#43136: query: nbsdev.genetics.emory.edu IN A + (170.140.2.1)
<182>Aug 18 09:10:01 isc.bind.test.com named[23597]: queries: client 10.40.78.210#51027: query: twitter.com IN A + (170.140.2.1)
<182>Aug 18 09:10:01 isc.bind.test.com named[15245]: queries: client 10.110.58.153#3853: query: assets.rubiconproject.com IN A + (170.140.1.1)
<182>Aug 18 09:10:01 isc.bind.test.com named[23597]: queries: client 10.40.78.210#58079: query: video.nytimes.com IN A + (170.140.2.1)
<182>Aug 18 09:10:01 isc.bind.test.com named[9023]: queries: client 10.231.8.150#52437: query: pssabuxprod1.cc.emory.edu.service.emory.edu IN AAAA + (170.140.1.1)
<182>Aug 18 09:10:01 isc.bind.test.com named[15245]: queries: client 170.140.246.85#50664: query: www.google.com IN A + (170.140.1.1)
<182>Aug 18 09:10:01 isc.bind.test.com named[15245]: queries: client 170.140.238.171#38750: query: excel-sp1.som.emory.edu IN AAAA + (170.140.1.1)
<182>Aug 18 09:10:01 isc.bind.test.com named[15245]: queries: client 170.140.37.94#58015: query: ECPRINT.emory.edu IN A + (170.140.1.1)
<182>Aug 18 09:10:01 isc.bind.test.com named[15245]: queries: client 170.140.238.171#40157: query: excel-sp1.som.emory.edu IN MX + (170.140.1.1)
<182>Aug 18 09:10:01 isc.bind.test.com named[16954]: queries: client 170.140.231.29#62530: query: www.cri.cn IN A + (170.140.2.1)
<182>Aug 18 09:10:01 isc.bind.test.com named[16954]: queries: client 170.140.237.219#52193: query: bid.openx.net IN A + (170.140.2.1)
<182>Aug 18 09:10:01 isc.bind.test.com named[15245]: queries: client 170.140.231.233#50255: query: ads.bluelithium.com IN A + (170.140.1.1)
<182>Aug 18 09:10:01 isc.bind.test.com named[16954]: queries: client 170.140.235.225#60012: query: s3toolbar.freecause.com IN A + (170.140.2.1)
<182>Aug 18 09:10:01 isc.bind.test.com named[9023]: queries: client 10.231.8.141#51804: query: 37.202.140.170.in-addr.arpa IN PTR + (170.140.1.1)
<182>Aug 18 09:10:01 isc.bind.test.com named[23597]: queries: client 170.140.100.244#56868: query: CPZCRC1.genetics.emory.edu IN SOA + (170.140.2.1)
<182>Aug 18 09:10:01 isc.bind.test.com named[21326]: queries: client 170.140.52.92#50128: query: na3sys009amx232.postini.com IN A + (170.140.2.1)
<182>Aug 18 09:10:01 isc.bind.test.com named[9023]: queries: client 10.231.8.146#58005: query: pshrdbprod1-vip.cc.emory.edu IN AAAA + (170.140.1.1)
<182>Aug 18 09:10:01 isc.bind.test.com named[9023]: queries: client 10.231.8.146#42394: query: pshrdbprod1-vip.cc.emory.edu.cc.emory.edu IN AAAA + (170.140.1.1)
<182>Aug 18 09:10:01 isc.bind.test.com named[15245]: queries: client 170.140.119.70#42709: query: stork-repository.cs.arizona.edu IN AAAA + (170.140.1.1)
<182>Aug 18 09:10:01 isc.bind.test.com named[15245]: queries: client 170.140.37.94#65046: query: isatap.emory.edu IN A + (170.140.1.1)
<182>Aug 18 09:10:01 isc.bind.test.com named[16954]: queries: client 170.140.190.157#63656: query: www.mac.com IN A + (170.140.2.1)
<182>Aug 18 09:10:01 isc.bind.test.com named[9023]: queries: client 170.140.203.96#41852: query: localhost6.localdomain6 IN AAAA + (170.140.200.20)
<182>Aug 18 09:10:01 isc.bind.test.com named[9023]: queries: client 10.231.10.42#34684: query: predictivehealth.emory.edu IN AAAA + (170.140.1.1)
<182>Aug 18 09:10:01 isc.bind.test.com named[9023]: queries: client 10.231.8.146#40322: query: pshrdbprod1-vip.cc.emory.edu IN A + (170.140.1.1)
<182>Aug 18 09:10:01 isc.bind.test.com named[31715]: queries: client 163.246.128.132#59573: query: bid.openx.net IN A + (163.246.5.100)
<182>Aug 18 09:10:01 isc.bind.test.com named[8184]: queries: client 170.140.202.61#42641: query: time.service.emory.edu IN AAAA + (170.140.2.1)
<182>Aug 18 09:10:01 isc.bind.test.com named[9023]: queries: client 10.231.8.146#40197: query: pshrdbprod2-vip.cc.emory.edu IN AAAA + (170.140.1.1)
<182>Aug 18 09:10:01 isc.bind.test.com named[9023]: queries: client 170.140.203.96#35430: query: localhost6.localdomain6.cc.emory.edu IN AAAA + (170.140.200.20)
<182>Aug 18 09:10:01 isc.bind.test.com named[21326]: queries: client 170.140.2.1#48157: query: zabproxdmz1.cc.emory.edu.emory.net IN AAAA + (170.140.2.1)
<182>Aug 18 09:10:01 isc.bind.test.com named[9023]: queries: client 10.231.10.42#28108: query: predictivehealth.emory.edu IN A + (170.140.1.1)
<182>Aug 18 09:10:01 isc.bind.test.com named[9023]: queries: client 10.231.8.146#38507: query: pshrdbprod2-vip.cc.emory.edu.cc.emory.edu IN AAAA + (170.140.1.1)
<182>Aug 18 09:10:01 isc.bind.test.com named[15245]: queries: client 170.140.205.31#64928: query: login.yahoo.com IN A + (170.140.1.1)
<182>Aug 18 09:10:01 isc.bind.test.com named[15245]: queries: client 170.140.231.29#60599: query: www.china.com.cn IN AAAA + (170.140.1.1)
<182>Aug 18 09:10:01 isc.bind.test.com named[15245]: queries: client 170.140.245.108#64079: query: ajc.newsinc.com IN AAAA + (170.140.1.1)
<182>Aug 18 09:10:01 isc.bind.test.com named[15245]: queries: client 170.140.14.231#51474: query: d1.sina.com.cn IN A + (170.140.1.1)
<182>Aug 18 09:10:01 isc.bind.test.com named[15245]: queries: client 170.140.245.108#54322: query: blogs.ajc.com IN A + (170.140.1.1)
<182>Aug 18 09:10:01 isc.bind.test.com named[23597]: queries: client 10.40.82.129#56164: query: cdn.doubleverify.com IN A + (170.140.2.1)
<182>Aug 18 09:10:01 isc.bind.test.com named[23597]: queries: client 10.40.82.129#60809: query: s0.2mdn.net IN A + (170.140.2.1)
<182>Aug 18 09:10:01 isc.bind.test.com named[2126]: queries: client 163.246.5.129#44800: query: hostname.bind CH TXT + (163.246.5.129)
<182>Aug 18 09:10:01 isc.bind.test.com named[23597]: queries: client 10.40.82.129#63554: query: rachel.msnbc.com IN A + (170.140.2.1)
<182>Aug 18 09:10:01 isc.bind.test.com named[9023]: queries: client 170.140.203.116#45553: query: ntp.service.emory.edu IN AAAA + (170.140.1.1)
<182>Aug 18 09:10:01 isc.bind.test.com named[16954]: queries: client 170.140.180.244#58469: query: mypraiseatl.com IN AAAA + (170.140.2.1)
<182>Aug 18 09:10:01 isc.bind.test.com named[15245]: queries: client 170.140.245.108#61927: query: travel.ajc.com IN A + (170.140.1.1)
<182>Aug 18 09:10:01 isc.bind.test.com named[15316]: queries: client 163.246.159.144#64237: query: isatap.ped.emory.edu IN A + (170.140.1.1)
<182>Aug 18 09:10:01 isc.bind.test.com named[23597]: queries: client 10.40.82.129#53451: query: specials.msn.com IN A + (170.140.2.1)
<182>Aug 18 09:10:01 isc.bind.test.com named[16954]: queries: client 170.140.223.101#34683: query: testweb.library.emory.edu IN AAAA + (170.140.2.1)
<182>Aug 18 09:10:01 isc.bind.test.com named[16954]: queries: client 170.140.223.101#41627: query: testweb.library.emory.edu IN A + (170.140.2.1)
<182>Aug 18 09:10:01 isc.bind.test.com named[15245]: queries: client 170.140.183.212#58274: query: cdn.adnxs.com IN A + (170.140.1.1)
<182>Aug 18 09:10:01 isc.bind.test.com named[9023]: queries: client 10.231.8.150#43947: query: oranamesrvr0.cc.emory.edu IN A + (170.140.1.1)
<182>Aug 18 09:10:01 isc.bind.test.com named[15245]: queries: client 170.140.119.69#47963: query: stork-repository.cs.arizona.edu IN A + (170.140.1.1)
<182>Aug 18 09:10:01 isc.bind.test.com named[15245]: queries: client 170.140.119.69#54345: query: stork-repository.cs.arizona.edu IN AAAA + (170.140.1.1)
<182>Aug 18 09:10:01 isc.bind.test.com named[16954]: queries: client 170.140.231.29#58937: query: www.chinataiwan.org IN A + (170.140.2.1)
<182>Aug 18 09:10:01 isc.bind.test.com named[9023]: queries: client 170.140.177.193#56250: query: addcacvm1.eu.emory.edu IN AAAA + (170.140.1.1)
<182>Aug 18 09:10:01 isc.bind.test.com named[8184]: queries: client 170.140.202.156#50714: query: emoryhealthcare.org IN AAAA + (170.140.2.1)
<182>Aug 18 09:10:01 isc.bind.test.com named[9023]: queries: client 170.140.203.68#6893: query: pspfsbu2.cc.emory.edu IN A + (170.140.200.20)
<182>Aug 18 09:10:01 isc.bind.test.com named[9023]: queries: client 10.231.8.149#60942: query: pshrdbprod1-vip.cc.emory.edu IN AAAA + (170.140.1.1)
<182>Aug 18 09:10:01 isc.bind.test.com named[9023]: queries: client 10.231.8.149#47499: query: oranamesrvr0.cc.emory.edu IN A + (170.140.1.1)
<182>Aug 18 09:10:01 isc.bind.test.com named[9023]: queries: client 10.231.8.174#33982: query: 3.20.168.192.in-addr.arpa IN PTR + (170.140.1.1)
<182>Aug 18 09:10:01 isc.bind.test.com named[9023]: queries: client 10.231.8.149#59764: query: oranamesrvr0.cc.emory.edu IN AAAA + (170.140.1.1)
<182>Aug 18 09:10:01 isc.bind.test.com named[15245]: queries: client 170.140.14.233#52206: query: www.apple.com IN A + (170.140.1.1)
<182>Aug 18 09:10:01 isc.bind.test.com named[16954]: queries: client 170.140.180.244#59079: query: ad.doubleclick.net IN AAAA + (170.140.2.1)
<182>Aug 18 09:10:02 isc.bind.test.com named[15245]: queries: client 170.140.245.101#65061: query: cm.g.doubleclick.net IN A + (170.140.1.1)
<182>Aug 18 09:10:02 isc.bind.test.com named[23597]: queries: client 10.40.79.232#54194: query: mail.google.com IN A + (170.140.2.1)
<182>Aug 18 09:10:02 isc.bind.test.com named[23597]: queries: client 10.40.82.129#56766: query: behindthewall.msnbc.msn.com IN A + (170.140.2.1)
<182>Aug 18 09:10:02 isc.bind.test.com named[23597]: queries: client 10.40.82.129#53160: query: bltwy.msnbc.msn.com IN A + (170.140.2.1)
<182>Aug 18 09:10:02 isc.bind.test.com named[23597]: queries: client 163.246.8.27#48309: query: ndb-wsw1.emory.net IN AAAA + (170.140.2.1)
<182>Aug 18 09:10:02 isc.bind.test.com named[16954]: queries: client 170.140.180.244#51714: query: cdn.hellobeautiful.com IN AAAA + (170.140.2.1)
<182>Aug 18 09:10:02 isc.bind.test.com named[23597]: queries: client 10.40.82.129#56841: query: fieldnotes.msnbc.msn.com IN A + (170.140.2.1)
<182>Aug 18 09:10:02 isc.bind.test.com named[15245]: queries: client 170.140.205.31#56057: query: a1001.w40.akamai.net IN A + (170.140.1.1)
<174>Aug 18 09:10:02 isc.bind.test.com named[29076]: xfer-in: info: transfer of 'device.eushc.org/IN' from 163.246.8.8#53: Transfer completed: 1 messages, 8 records, 441 bytes, 0.033 secs (13363 bytes/sec)
<182>Aug 18 09:10:02 isc.bind.test.com named[15245]: queries: client 170.140.245.101#63723: query: turn.nexac.com IN A + (170.140.1.1)
<182>Aug 18 09:10:02 isc.bind.test.com named[15245]: queries: client 170.140.245.101#64368: query: d.p-td.com IN A + (170.140.1.1)
<182>Aug 18 09:10:02 isc.bind.test.com named[23597]: queries: client 163.246.8.27#52916: query: 53.9.140.170.in-addr.arpa IN PTR + (170.140.2.1)
<182>Aug 18 09:10:02 isc.bind.test.com named[16954]: queries: client 170.140.180.244#62196: query: w.bpcdn.us IN AAAA + (170.140.2.1)
<182>Aug 18 09:10:02 isc.bind.test.com named[16954]: queries: client 170.140.180.244#51429: query: cdn.kysdc.com IN A + (170.140.2.1)
<182>Aug 18 09:10:05 isc.bind.test.com named[31573]: queries: client 170.140.53.61#58839: query: oranamesrvr0.cc.emory.edu IN A + (170.140.9.118)
<182>Aug 18 09:10:05 isc.bind.test.com named[31573]: queries: client 170.140.53.89#45597: query: pspfsbu1.cc.emory.edu IN A + (170.140.1.1)
<182>Aug 18 09:10:06 isc.bind.test.com named[8184]: queries: client 170.140.202.61#58251: query: time.service.emory.edu.cc.emory.edu IN AAAA + (170.140.2.1)
<182>Aug 18 09:10:06 isc.bind.test.com named[31573]: queries: client 170.140.53.61#58839: query: eurac03-vip.cc.emory.edu IN A + (170.140.9.118)
<182>Aug 18 09:10:06 isc.bind.test.com named[21326]: queries: client 170.140.52.92#50141: query: 234.149.125.74.in-addr.arpa IN PTR + (170.140.2.1)
<182>Aug 18 09:10:05 isc.bind.test.com named[21326]: queries: client 170.140.52.92#50140: query: b.e.victoriassecret.com IN AAAA + (170.140.2.1)
<182>Aug 18 09:10:06 isc.bind.test.com named[21326]: queries: client 170.140.52.92#50143: query: na3sys009amx198.postini.com IN A + (170.140.2.1)
<182>Aug 18 09:10:06 isc.bind.test.com named[21326]: queries: client 170.140.52.92#56334: query: psmtp.com IN TXT + (170.140.2.1)
<182>Aug 18 09:10:06 isc.bind.test.com named[21326]: queries: client 170.140.52.92#56334: query: psmtp.com IN SPF + (170.140.2.1)
<182>Aug 18 09:10:06 isc.bind.test.com named[16954]: queries: client 170.140.156.230#49519: query: download.microsoft.com IN A + (170.140.2.1)
<182>Aug 18 09:10:06 isc.bind.test.com named[8184]: queries: client 170.140.202.155#55798: query: emoryhealthcare.org IN MX + (170.140.2.1)
<182>Aug 18 09:10:06 isc.bind.test.com named[16954]: queries: client 170.140.11.17#60882: query: www.mechanicadvisor.com IN A + (170.140.2.1)
<182>Aug 18 09:10:06 isc.bind.test.com named[9023]: queries: client 10.231.8.150#52474: query: pssabuxprod1.cc.emory.edu IN A + (170.140.1.1)
<182>Aug 18 09:10:06 isc.bind.test.com named[9023]: queries: client 10.231.8.150#59669: query: pssabuxprod1.cc.emory.edu IN AAAA + (170.140.1.1)
<182>Aug 18 09:10:06 isc.bind.test.com named[21326]: queries: client 170.140.52.92#29853: query: psmtp.com IN TXT + (170.140.2.1)
<182>Aug 18 09:10:06 isc.bind.test.com named[21444]: queries: client 163.246.153.15#35474: query: euhprsrv.eushc.org IN A + (163.246.11.66)
<182>Aug 18 09:10:06 isc.bind.test.com named[9023]: queries: client 10.231.8.150#57945: query: pssabuxprod1.cc.emory.edu.service.emory.edu IN AAAA + (170.140.1.1)
<182>Aug 18 09:10:06 isc.bind.test.com named[8184]: queries: client 170.140.202.156#58836: query: 40.202.140.170.list.dnswl.org IN A + (170.140.2.1)
<182>Aug 18 09:10:06 isc.bind.test.com named[8184]: queries: client 170.140.202.156#58836: query: 40.202.140.170.bb.barracudacentral.org IN A + (170.140.2.1)
<182>Aug 18 09:10:06 isc.bind.test.com named[8184]: queries: client 170.140.202.156#58836: query: 40.202.140.170.iadb.isipp.com IN A + (170.140.2.1)
<182>Aug 18 09:10:06 isc.bind.test.com named[21326]: queries: client 170.140.52.92#49284: query: emory.edu IN MX + (170.140.2.1)
<182>Aug 18 09:10:06 isc.bind.test.com named[31715]: queries: client 163.246.105.139#64211: query: PEDSBOX.choa.org IN AAAA + (170.140.1.1)
<182>Aug 18 09:10:06 isc.bind.test.com named[31573]: queries: client 170.140.53.89#45597: query: pspfsbu1.cc.emory.edu IN A + (170.140.1.1)
<182>Aug 18 09:10:06 isc.bind.test.com named[3479]: queries: client 10.231.16.237#2892: query: wdrujhqbglb.ws IN A + (170.140.2.1)
<182>Aug 18 09:10:06 isc.bind.test.com named[3479]: queries: client 170.140.62.133#56472: query: kodiak.cc.emory.edu IN A + (170.140.2.1)
<182>Aug 18 09:10:06 isc.bind.test.com named[31573]: queries: client 170.140.53.89#45597: query: 67.203.140.170.in-addr.arpa IN PTR + (170.140.1.1)
<182>Aug 18 09:10:06 isc.bind.test.com named[3479]: queries: client 170.140.177.86#50999: query: r20.rs6.net IN A + (170.140.2.1)
<182>Aug 18 09:10:06 isc.bind.test.com named[8184]: queries: client 170.140.202.156#58836: query: ehcdwp.eushc.org IN SPF + (170.140.2.1)
<182>Aug 18 09:10:06 isc.bind.test.com named[21326]: queries: client 170.140.52.92#50149: query: ldapsm0.cc.emory.edu IN AAAA + (170.140.2.1)
<182>Aug 18 09:10:06 isc.bind.test.com named[15245]: queries: client 170.140.65.11#63449: query: download.divx.com IN A + (170.140.1.1)
<182>Aug 18 09:10:06 isc.bind.test.com named[21326]: queries: client 170.140.52.92#50149: query: emory.edu IN AAAA + (170.140.2.1)
<182>Aug 18 09:10:06 isc.bind.test.com named[23597]: queries: client 10.40.87.124#56150: query: www.next-net.co.il IN A + (170.140.2.1)
<182>Aug 18 09:10:06 isc.bind.test.com named[31715]: queries: client 163.246.197.12#56787: query: cont-ash-1.pandora.com IN AAAA + (163.246.5.100)
<182>Aug 18 09:10:06 isc.bind.test.com named[8184]: queries: client 170.140.202.155#37883: query: emoryhealthcare.org IN TXT + (170.140.2.1)
<182>Aug 18 09:10:06 isc.bind.test.com named[16954]: queries: client 170.140.223.101#52683: query: updates.drupal.org IN A + (170.140.2.1)
