<30>May 31 11:32:48 isc.bind.test.com named[5209]: client 157.168.201.58#63813: updating zone 'latam.panorg.com/IN': deleting rrset at 'saola2k000.latam.panorg.com' A
<30>May 31 11:32:48 isc.bind.test.com named[5208]: client 157.168.177.144#53413: updating zone 'noram.panorg.com/IN': deleting rrset at 'us13k020.noram.panorg.com' AAAA
<30>May 31 11:32:48 isc.bind.test.com named[5209]: client 157.168.177.144#53413: updating zone 'noram.panorg.com/IN': deleting rrset at 'us13k020.noram.panorg.com' AAAA
<30>May 31 11:32:48 isc.bind.test.com named[5208]: client 157.168.177.144#53413: updating zone 'noram.panorg.com/IN': deleting rrset at 'us13k020.noram.panorg.com' A
<30>May 31 11:32:48 isc.bind.test.com named[5209]: client 157.168.177.144#53413: updating zone 'noram.panorg.com/IN': deleting rrset at 'us13k020.noram.panorg.com' A
<30>May 31 11:32:48 isc.bind.test.com named[5208]: client 157.168.177.144#53413: updating zone 'noram.panorg.com/IN': deleting rrset at 'us13k020.noram.panorg.com' A
<30>May 31 11:32:48 isc.bind.test.com named[5208]: client 157.168.177.144#53413: updating zone 'noram.panorg.com/IN': deleting rrset at 'us13k020.noram.panorg.com' AAAA
<30>May 31 11:32:50 isc.bind.test.com named[20238]: client 194.11.53.10#57199: updating zone 'corp.panorg.com/IN': deleting rrset at 'MEXPC065.corp.panorg.com' A
<30>May 31 11:32:50 isc.bind.test.com named[20238]: client 194.11.53.10#57199: updating zone 'corp.panorg.com/IN': adding an RR at 'MEXPC065.corp.panorg.com' A
<30>May 31 11:32:50 isc.bind.test.com named[20238]: client 194.11.53.10#57199: updating zone '52.11.194.in-addr.arpa/IN': deleting rrset at '167.52.11.194.in-addr.arpa' PTR
<30>May 31 11:32:50 isc.bind.test.com named[20238]: client 194.11.53.10#57199: updating zone '52.11.194.in-addr.arpa/IN': adding an RR at '167.52.11.194.in-addr.arpa' PTR
<30>May 31 11:32:50 isc.bind.test.com named[5209]: client 194.11.53.133#60335: updating zone 'latam.panorg.com/IN': deleting rrset at 'sclap010.latam.panorg.com' A
<30>May 31 11:32:50 isc.bind.test.com named[5209]: client 194.11.53.133#60335: updating zone 'latam.panorg.com/IN': adding an RR at 'sclap010.latam.panorg.com' A
<30>May 31 11:32:50 isc.bind.test.com named[5209]: client 194.11.53.133#60335: updating zone '198.168.157.in-addr.arpa/IN': adding an RR at '122.198.168.157.in-addr.arpa' PTR
<30>May 31 11:32:50 isc.bind.test.com named[5209]: client 194.11.53.133#60335: updating zone '198.168.157.in-addr.arpa/IN': deleting rrset at '122.198.168.157.in-addr.arpa' PTR
<30>May 31 11:32:51 isc.bind.test.com named[895]: client 194.11.53.101#42829: updating zone 'europe.panorg.com/IN': deleting rrset at 'CDGTC001-03C40a.europe.panorg.com' A
<30>May 31 11:32:51 isc.bind.test.com named[895]: client 194.11.53.101#42829: updating zone 'europe.panorg.com/IN': adding an RR at 'CDGTC001-03C40a.europe.panorg.com' A
<30>May 31 11:32:51 isc.bind.test.com named[895]: client 194.11.53.101#42829: updating zone '82.168.157.in-addr.arpa/IN': deleting rrset at '103.82.168.157.in-addr.arpa' PTR
<30>May 31 11:32:51 isc.bind.test.com named[895]: client 194.11.53.101#42829: updating zone '82.168.157.in-addr.arpa/IN': adding an RR at '103.82.168.157.in-addr.arpa' PTR
<30>May 31 11:32:51 isc.bind.test.com named[23280]: client 194.11.53.69#53793: updating zone 'asia.panorg.com/IN': deleting rrset at 'HPD485646E1FE8.asia.panorg.com' A
<30>May 31 11:32:51 isc.bind.test.com named[23280]: client 194.11.53.69#53793: updating zone 'asia.panorg.com/IN': adding an RR at 'HPD485646E1FE8.asia.panorg.com' A
<30>May 31 11:32:51 isc.bind.test.com named[23281]: client 157.168.139.41#64407: updating zone 'asia.panorg.com/IN': deleting rrset at 'CN13K590.asia.panorg.com' A
<30>May 31 11:32:51 isc.bind.test.com named[23280]: client 157.168.138.110#58480: updating zone 'asia.panorg.com/IN': deleting rrset at 'cn13k720.asia.panorg.com' AAAA
<30>May 31 11:32:51 isc.bind.test.com named[23280]: client 157.168.138.110#58480: updating zone 'asia.panorg.com/IN': deleting rrset at 'cn13k720.asia.panorg.com' A
<30>May 31 11:32:51 isc.bind.test.com named[23280]: client 194.11.53.165#43013: updating zone 'asia.panorg.com/IN': deleting rrset at 'SEPE84040A3B3F4.asia.panorg.com' A
<30>May 31 11:32:51 isc.bind.test.com named[23280]: client 194.11.53.165#43013: updating zone '66.10.in-addr.arpa/IN': deleting rrset at '205.42.66.10.in-addr.arpa' PTR
<30>May 31 11:32:51 isc.bind.test.com named[23280]: client 194.11.53.165#43013: updating zone 'asia.panorg.com/IN': adding an RR at 'SEPE84040A3B3F4.asia.panorg.com' A
<30>May 31 11:32:51 isc.bind.test.com named[23280]: client 194.11.53.165#43013: updating zone '66.10.in-addr.arpa/IN': adding an RR at '205.42.66.10.in-addr.arpa' PTR
<30>May 31 11:32:51 isc.bind.test.com named[23280]: client 194.11.53.165#36972: updating zone 'asia.panorg.com/IN': deleting an RR at SEP44E4D945E5BE.asia.panorg.com A
<30>May 31 11:32:51 isc.bind.test.com named[23280]: client 194.11.53.165#36972: updating zone '66.10.in-addr.arpa/IN': deleting rrset at '201.42.66.10.in-addr.arpa' PTR
<30>May 31 11:32:51 isc.bind.test.com named[895]: client 194.11.53.69#58743: updating zone '156.168.157.in-addr.arpa/IN': deleting rrset at '226.156.168.157.in-addr.arpa' PTR
<30>May 31 11:32:51 isc.bind.test.com named[895]: client 194.11.53.69#58743: updating zone '156.168.157.in-addr.arpa/IN': adding an RR at '226.156.168.157.in-addr.arpa' PTR
<30>May 31 11:32:51 isc.bind.test.com named[896]: client 194.11.53.101#44322: updating zone 'europe.panorg.com/IN': deleting rrset at 'madhs070.europe.panorg.com' A
<30>May 31 11:32:51 isc.bind.test.com named[896]: client 194.11.53.101#44322: updating zone 'europe.panorg.com/IN': adding an RR at 'madhs070.europe.panorg.com' A
<30>May 31 11:32:51 isc.bind.test.com named[896]: client 194.11.53.101#44322: updating zone '1.13.10.in-addr.arpa/IN': adding an RR at '189.1.13.10.in-addr.arpa' PTR
<30>May 31 11:32:51 isc.bind.test.com named[896]: client 194.11.53.101#44322: updating zone '1.13.10.in-addr.arpa/IN': deleting rrset at '189.1.13.10.in-addr.arpa' PTR
<30>May 31 11:32:51 isc.bind.test.com named[895]: client 194.11.53.69#59015: updating zone '156.168.157.in-addr.arpa/IN': deleting rrset at '196.156.168.157.in-addr.arpa' PTR
<30>May 31 11:32:51 isc.bind.test.com named[895]: client 194.11.53.69#59015: updating zone '156.168.157.in-addr.arpa/IN': adding an RR at '196.156.168.157.in-addr.arpa' PTR
<30>May 31 11:32:52 isc.bind.test.com named[5208]: client 157.168.201.58#59918: updating zone '201.168.157.in-addr.arpa/IN': deleting rrset at '58.201.168.157.in-addr.arpa' PTR
<30>May 31 11:32:51 isc.bind.test.com named[23280]: client 194.11.53.69#42763: updating zone 'asia.panorg.com/IN': deleting rrset at 'HPD8D3859D79C5.asia.panorg.com' A
<30>May 31 11:32:51 isc.bind.test.com named[23280]: client 194.11.53.69#42763: updating zone 'asia.panorg.com/IN': adding an RR at 'HPD8D3859D79C5.asia.panorg.com' A
<30>May 31 11:32:52 isc.bind.test.com named[5208]: client 157.168.201.58#59918: updating zone '201.168.157.in-addr.arpa/IN': adding an RR at '58.201.168.157.in-addr.arpa' PTR
<30>May 31 11:32:52 isc.bind.test.com named[20237]: client 194.11.53.10#34366: updating zone 'corp.panorg.com/IN': deleting rrset at 'stolt180.corp.panorg.com' A
<30>May 31 11:32:52 isc.bind.test.com named[20237]: client 194.11.53.10#34366: updating zone '52.11.194.in-addr.arpa/IN': deleting rrset at '122.52.11.194.in-addr.arpa' PTR
<30>May 31 11:32:52 isc.bind.test.com named[20237]: client 194.11.53.10#34366: updating zone 'corp.panorg.com/IN': adding an RR at 'stolt180.corp.panorg.com' A
<30>May 31 11:32:52 isc.bind.test.com named[20237]: client 194.11.53.10#34366: updating zone '52.11.194.in-addr.arpa/IN': adding an RR at '122.52.11.194.in-addr.arpa' PTR
<30>May 31 11:32:52 isc.bind.test.com named[23281]: client 10.64.0.13#4164: updating zone 'asia.panorg.com/IN': update failed: not authoritative for update zone (NOTAUTH)
<30>May 31 11:32:53 isc.bind.test.com named[20238]: client 157.168.56.8#62656: updating zone 'ameca.panorg.com/IN': adding an RR at 'MOWPC160.ameca.panorg.com' A
<30>May 31 11:32:53 isc.bind.test.com named[20238]: client 157.168.56.8#62656: updating zone 'ameca.panorg.com/IN': deleting rrset at 'MOWPC160.ameca.panorg.com' A
<30>May 31 11:32:53 isc.bind.test.com named[20238]: client 157.168.56.8#54031: updating zone '24.10.in-addr.arpa/IN': adding an RR at '17.12.24.10.in-addr.arpa' PTR
<30>May 31 11:32:53 isc.bind.test.com named[20238]: client 157.168.56.8#56292: updating zone 'ameca.panorg.com/IN': deleting rrset at 'MOWPC160.ameca.panorg.com' A
<30>May 31 11:32:53 isc.bind.test.com named[20238]: client 157.168.56.8#56292: updating zone 'ameca.panorg.com/IN': adding an RR at 'MOWPC160.ameca.panorg.com' A
<30>May 31 11:32:53 isc.bind.test.com named[20237]: client 157.168.56.8#55983: updating zone '24.10.in-addr.arpa/IN': adding an RR at '17.12.24.10.in-addr.arpa' PTR
<30>May 31 11:32:53 isc.bind.test.com named[895]: client 194.11.53.101#48056: updating zone 'europe.panorg.com/IN': deleting rrset at 'madhs080.europe.panorg.com' A
<30>May 31 11:32:53 isc.bind.test.com named[895]: client 194.11.53.101#48056: updating zone 'europe.panorg.com/IN': adding an RR at 'madhs080.europe.panorg.com' A
<30>May 31 11:32:53 isc.bind.test.com named[895]: client 194.11.53.101#48056: updating zone '1.13.10.in-addr.arpa/IN': deleting rrset at '229.1.13.10.in-addr.arpa' PTR
<30>May 31 11:32:53 isc.bind.test.com named[895]: client 194.11.53.101#48056: updating zone '1.13.10.in-addr.arpa/IN': adding an RR at '229.1.13.10.in-addr.arpa' PTR
<30>May 31 11:32:53 isc.bind.test.com named[23281]: client 157.168.138.125#49886: updating zone 'asia.panorg.com/IN': deleting rrset at 'CN13K560.asia.panorg.com' A
<30>May 31 11:32:54 isc.bind.test.com named[895]: client 157.168.3.158#32956: updating zone 'europe.panorg.com/IN': deleting rrset at 'VIEPD020.europe.panorg.com' A
<30>May 31 11:32:54 isc.bind.test.com named[896]: client 194.11.53.69#44678: updating zone '156.168.157.in-addr.arpa/IN': deleting rrset at '205.156.168.157.in-addr.arpa' PTR
<30>May 31 11:32:54 isc.bind.test.com named[896]: client 194.11.53.69#44678: updating zone '156.168.157.in-addr.arpa/IN': adding an RR at '205.156.168.157.in-addr.arpa' PTR
<30>May 31 11:32:55 isc.bind.test.com named[896]: client 194.11.53.101#51905: updating zone 'europe.panorg.com/IN': deleting rrset at 'Canon2F63E8.europe.panorg.com' A
<30>May 31 11:32:55 isc.bind.test.com named[896]: client 194.11.53.101#51905: updating zone 'europe.panorg.com/IN': adding an RR at 'Canon2F63E8.europe.panorg.com' A
<30>May 31 11:32:55 isc.bind.test.com named[896]: client 194.11.53.101#51905: updating zone '27.10.in-addr.arpa/IN': deleting rrset at '24.4.27.10.in-addr.arpa' PTR
<30>May 31 11:32:54 isc.bind.test.com named[23281]: client 194.11.53.165#60531: updating zone 'asia.panorg.com/IN': deleting rrset at 'SEP44E4D945E5BE.asia.panorg.com' A
<30>May 31 11:32:54 isc.bind.test.com named[23281]: client 194.11.53.165#60531: updating zone 'asia.panorg.com/IN': adding an RR at 'SEP44E4D945E5BE.asia.panorg.com' A
<30>May 31 11:32:54 isc.bind.test.com named[23281]: client 194.11.53.165#60531: updating zone '66.10.in-addr.arpa/IN': deleting rrset at '201.42.66.10.in-addr.arpa' PTR
<30>May 31 11:32:54 isc.bind.test.com named[23281]: client 194.11.53.165#60531: updating zone '66.10.in-addr.arpa/IN': adding an RR at '201.42.66.10.in-addr.arpa' PTR
<30>May 31 11:32:54 isc.bind.test.com named[23281]: client 194.11.53.69#59908: updating zone 'asia.panorg.com/IN': deleting rrset at 'NEO-5987DA.asia.panorg.com' A
<30>May 31 11:32:54 isc.bind.test.com named[23281]: client 194.11.53.69#59908: updating zone 'asia.panorg.com/IN': adding an RR at 'NEO-5987DA.asia.panorg.com' A
<30>May 31 11:32:55 isc.bind.test.com named[896]: client 194.11.53.101#56256: updating zone 'europe.panorg.com/IN': deleting rrset at 'TLBHS023.europe.panorg.com' A
<30>May 31 11:32:55 isc.bind.test.com named[20238]: client 194.11.52.224#61290: updating zone 'corp.panorg.com/IN': deleting rrset at 'PACLT093.corp.panorg.com' AAAA
<30>May 31 11:32:55 isc.bind.test.com named[20238]: client 194.11.52.224#61290: updating zone 'corp.panorg.com/IN': deleting rrset at 'PACLT093.corp.panorg.com' A
<30>May 31 11:32:55 isc.bind.test.com named[20238]: client 194.11.52.224#61290: updating zone 'corp.panorg.com/IN': adding an RR at 'PACLT093.corp.panorg.com' A
<30>May 31 11:32:55 isc.bind.test.com named[20237]: client 194.11.52.224#61290: updating zone 'corp.panorg.com/IN': deleting rrset at 'PACLT093.corp.panorg.com' AAAA
<30>May 31 11:32:55 isc.bind.test.com named[20237]: client 194.11.52.224#61290: updating zone 'corp.panorg.com/IN': deleting rrset at 'PACLT093.corp.panorg.com' A
<30>May 31 11:32:55 isc.bind.test.com named[20237]: client 194.11.52.224#61290: updating zone 'corp.panorg.com/IN': adding an RR at 'PACLT093.corp.panorg.com' A
<30>May 31 11:32:55 isc.bind.test.com named[20238]: client 194.11.52.224#61290: updating zone 'corp.panorg.com/IN': deleting rrset at 'PACLT093.corp.panorg.com' AAAA
<30>May 31 11:32:55 isc.bind.test.com named[20238]: client 194.11.52.224#61290: updating zone 'corp.panorg.com/IN': deleting rrset at 'PACLT093.corp.panorg.com' A
<30>May 31 11:32:55 isc.bind.test.com named[20238]: client 194.11.52.224#61290: updating zone 'corp.panorg.com/IN': adding an RR at 'PACLT093.corp.panorg.com' A
<30>May 31 11:32:55 isc.bind.test.com named[20238]: client 194.11.52.224#62593: updating zone 'corp.panorg.com/IN': deleting rrset at 'PACLT093.corp.panorg.com' AAAA
<30>May 31 11:32:55 isc.bind.test.com named[20238]: client 194.11.52.224#62593: updating zone 'corp.panorg.com/IN': deleting rrset at 'PACLT093.corp.panorg.com' A
<30>May 31 11:32:55 isc.bind.test.com named[20238]: client 194.11.52.224#62593: updating zone 'corp.panorg.com/IN': adding an RR at 'PACLT093.corp.panorg.com' A
<30>May 31 11:32:55 isc.bind.test.com named[20237]: client 194.11.52.224#62593: updating zone 'corp.panorg.com/IN': deleting rrset at 'PACLT093.corp.panorg.com' AAAA
<30>May 31 11:32:55 isc.bind.test.com named[20237]: client 194.11.52.224#62593: updating zone 'corp.panorg.com/IN': deleting rrset at 'PACLT093.corp.panorg.com' A
<30>May 31 11:32:55 isc.bind.test.com named[20238]: client 194.11.52.224#62593: updating zone 'corp.panorg.com/IN': deleting rrset at 'PACLT093.corp.panorg.com' AAAA
<30>May 31 11:32:55 isc.bind.test.com named[20237]: client 194.11.52.224#62593: updating zone 'corp.panorg.com/IN': adding an RR at 'PACLT093.corp.panorg.com' A
<30>May 31 11:32:55 isc.bind.test.com named[20238]: client 194.11.52.224#62593: updating zone 'corp.panorg.com/IN': deleting rrset at 'PACLT093.corp.panorg.com' A
<30>May 31 11:32:55 isc.bind.test.com named[20238]: client 194.11.52.224#62593: updating zone 'corp.panorg.com/IN': adding an RR at 'PACLT093.corp.panorg.com' A
<30>May 31 11:32:55 isc.bind.test.com named[895]: client 194.11.53.101#57057: updating zone 'europe.panorg.com/IN': deleting rrset at 'mucap102.europe.panorg.com' A
<30>May 31 11:32:55 isc.bind.test.com named[895]: client 194.11.53.101#57057: updating zone 'europe.panorg.com/IN': adding an RR at 'mucap102.europe.panorg.com' A
<30>May 31 11:32:55 isc.bind.test.com named[895]: client 194.11.53.101#57057: updating zone '13.10.in-addr.arpa/IN': deleting rrset at '250.42.13.10.in-addr.arpa' PTR
<30>May 31 11:32:55 isc.bind.test.com named[895]: client 194.11.53.101#57057: updating zone '13.10.in-addr.arpa/IN': adding an RR at '250.42.13.10.in-addr.arpa' PTR
<30>May 31 11:32:56 isc.bind.test.com named[20238]: client 157.168.56.8#54978: updating zone 'ameca.panorg.com/IN': deleting rrset at 'svxpc070.ameca.panorg.com' A
<30>May 31 11:32:56 isc.bind.test.com named[20238]: client 157.168.56.8#54978: updating zone 'ameca.panorg.com/IN': adding an RR at 'svxpc070.ameca.panorg.com' A
<30>May 31 11:32:56 isc.bind.test.com named[896]: client 157.168.56.8#49686: updating zone '172.168.157.in-addr.arpa/IN': adding an RR at '136.172.168.157.in-addr.arpa' PTR
<30>May 31 11:32:55 isc.bind.test.com named[23281]: client 157.168.138.107#60181: updating zone 'asia.panorg.com/IN': deleting rrset at 'cn13k550.asia.panorg.com' A
<30>May 31 11:32:56 isc.bind.test.com named[23280]: client 194.11.53.69#40006: updating zone 'asia.panorg.com/IN': deleting rrset at 'BKKPC130.asia.panorg.com' A
<30>May 31 11:32:56 isc.bind.test.com named[23280]: client 194.11.53.69#40006: updating zone 'asia.panorg.com/IN': adding an RR at 'BKKPC130.asia.panorg.com' A
<30>May 31 11:32:56 isc.bind.test.com named[895]: client 194.11.53.69#34247: updating zone '156.168.157.in-addr.arpa/IN': deleting rrset at '222.156.168.157.in-addr.arpa' PTR
<30>May 31 11:32:56 isc.bind.test.com named[895]: client 194.11.53.69#34247: updating zone '156.168.157.in-addr.arpa/IN': adding an RR at '222.156.168.157.in-addr.arpa' PTR
<30>May 31 11:32:58 isc.bind.test.com named[23280]: client 194.11.53.165#44464: updating zone 'asia.panorg.com/IN': deleting an RR at SEP44E4D945E5BE.asia.panorg.com A
<30>May 31 11:32:58 isc.bind.test.com named[23280]: client 194.11.53.165#44464: updating zone '66.10.in-addr.arpa/IN': deleting rrset at '201.42.66.10.in-addr.arpa' PTR
<30>May 31 11:32:58 isc.bind.test.com named[23280]: client 194.11.53.69#38814: updating zone 'asia.panorg.com/IN': deleting rrset at 'WTC0060720e2010.asia.panorg.com' A
<30>May 31 11:32:58 isc.bind.test.com named[23280]: client 194.11.53.69#38814: updating zone 'asia.panorg.com/IN': adding an RR at 'WTC0060720e2010.asia.panorg.com' A
<30>May 31 11:32:58 isc.bind.test.com named[896]: client 194.11.53.69#50372: updating zone '131.168.157.in-addr.arpa/IN': deleting rrset at '49.131.168.157.in-addr.arpa' PTR
<30>May 31 11:32:58 isc.bind.test.com named[896]: client 194.11.53.69#50372: updating zone '131.168.157.in-addr.arpa/IN': adding an RR at '49.131.168.157.in-addr.arpa' PTR
<30>May 31 11:32:59 isc.bind.test.com named[20238]: client 157.168.169.21#56387: updating zone 'ameca.panorg.com/IN': deleting rrset at 'NEO-6258B5.ameca.panorg.com' A
<30>May 31 11:32:59 isc.bind.test.com named[20238]: client 157.168.169.21#56387: updating zone 'ameca.panorg.com/IN': adding an RR at 'NEO-6258B5.ameca.panorg.com' A
<30>May 31 11:32:59 isc.bind.test.com named[896]: client 157.168.169.21#62343: updating zone '169.168.157.in-addr.arpa/IN': adding an RR at '93.169.168.157.in-addr.arpa' PTR
<30>May 31 11:32:59 isc.bind.test.com named[895]: client 157.168.169.21#61566: updating zone '169.168.157.in-addr.arpa/IN': adding an RR at '71.169.168.157.in-addr.arpa' PTR
<30>May 31 11:32:59 isc.bind.test.com named[20238]: client 157.168.169.21#59050: updating zone 'ameca.panorg.com/IN': deleting rrset at 'alalt010.ameca.panorg.com' A
<30>May 31 11:32:59 isc.bind.test.com named[20238]: client 157.168.169.21#59050: updating zone 'ameca.panorg.com/IN': adding an RR at 'alalt010.ameca.panorg.com' A
<30>May 31 11:33:00 isc.bind.test.com named[896]: client 194.11.53.101#57410: updating zone 'europe.panorg.com/IN': adding an RR at 'SEP68BDABA568BD.europe.panorg.com' A
<30>May 31 11:33:00 isc.bind.test.com named[896]: client 194.11.53.101#57410: updating zone 'europe.panorg.com/IN': deleting rrset at 'SEP68BDABA568BD.europe.panorg.com' A
<30>May 31 11:33:00 isc.bind.test.com named[896]: client 194.11.53.101#57410: updating zone '13.10.in-addr.arpa/IN': deleting rrset at '98.47.13.10.in-addr.arpa' PTR
<30>May 31 11:33:00 isc.bind.test.com named[896]: client 194.11.53.101#57410: updating zone '13.10.in-addr.arpa/IN': adding an RR at '98.47.13.10.in-addr.arpa' PTR
<30>May 31 11:33:00 isc.bind.test.com named[896]: client 194.11.53.101#40021: updating zone 'europe.panorg.com/IN': deleting rrset at 'MUCTC001-0597AD.europe.panorg.com' A
<30>May 31 11:33:00 isc.bind.test.com named[896]: client 194.11.53.101#40021: updating zone 'europe.panorg.com/IN': adding an RR at 'MUCTC001-0597AD.europe.panorg.com' A
<30>May 31 11:33:00 isc.bind.test.com named[896]: client 194.11.53.101#40021: updating zone '13.10.in-addr.arpa/IN': deleting rrset at '145.42.13.10.in-addr.arpa' PTR
<30>May 31 11:33:00 isc.bind.test.com named[896]: client 194.11.53.101#40021: updating zone '13.10.in-addr.arpa/IN': adding an RR at '145.42.13.10.in-addr.arpa' PTR
<30>May 31 11:33:01 isc.bind.test.com named[896]: client 194.11.53.101#60064: updating zone 'europe.panorg.com/IN': adding an RR at 'VOE-LOG-1.europe.panorg.com' A
<30>May 31 11:33:01 isc.bind.test.com named[896]: client 194.11.53.101#60064: updating zone 'europe.panorg.com/IN': deleting rrset at 'VOE-LOG-1.europe.panorg.com' A
<30>May 31 11:33:01 isc.bind.test.com named[896]: client 194.11.53.101#60064: updating zone '46.168.157.in-addr.arpa/IN': deleting rrset at '23.46.168.157.in-addr.arpa' PTR
<30>May 31 11:33:01 isc.bind.test.com named[895]: client 194.11.53.101#51006: updating zone 'europe.panorg.com/IN': deleting rrset at 'TLBHS029.europe.panorg.com' A
<30>May 31 11:33:02 isc.bind.test.com named[23280]: client 194.11.53.165#48795: updating zone 'asia.panorg.com/IN': deleting rrset at 'SEP44E4D945E5BE.asia.panorg.com' A
<30>May 31 11:33:02 isc.bind.test.com named[23280]: client 194.11.53.165#48795: updating zone 'asia.panorg.com/IN': adding an RR at 'SEP44E4D945E5BE.asia.panorg.com' A
<30>May 31 11:33:02 isc.bind.test.com named[23280]: client 194.11.53.165#48795: updating zone '66.10.in-addr.arpa/IN': deleting rrset at '201.42.66.10.in-addr.arpa' PTR
<30>May 31 11:33:02 isc.bind.test.com named[5208]: client 157.168.176.181#57676: updating zone 'noram.panorg.com/IN': deleting rrset at 'nyc2k331.noram.panorg.com' A
<30>May 31 11:33:02 isc.bind.test.com named[23280]: client 194.11.53.165#48795: updating zone '66.10.in-addr.arpa/IN': adding an RR at '201.42.66.10.in-addr.arpa' PTR
<30>May 31 11:33:02 isc.bind.test.com named[896]: client 194.11.53.101#49650: updating zone 'europe.panorg.com/IN': deleting rrset at 'SEP68BDABA561A4.europe.panorg.com' A
<30>May 31 11:33:02 isc.bind.test.com named[896]: client 194.11.53.101#49650: updating zone 'europe.panorg.com/IN': adding an RR at 'SEP68BDABA561A4.europe.panorg.com' A
<30>May 31 11:33:02 isc.bind.test.com named[896]: client 194.11.53.101#49650: updating zone '13.10.in-addr.arpa/IN': deleting rrset at '240.47.13.10.in-addr.arpa' PTR
<30>May 31 11:33:02 isc.bind.test.com named[5209]: client 194.11.53.37#58038: updating zone 'noram.panorg.com/IN': deleting rrset at 'NEO-6B20D3.noram.panorg.com' A
<30>May 31 11:33:02 isc.bind.test.com named[896]: client 194.11.53.101#49650: updating zone '13.10.in-addr.arpa/IN': adding an RR at '240.47.13.10.in-addr.arpa' PTR
<30>May 31 11:33:02 isc.bind.test.com named[5209]: client 194.11.53.37#58038: updating zone 'noram.panorg.com/IN': adding an RR at 'NEO-6B20D3.noram.panorg.com' A
<30>May 31 11:33:02 isc.bind.test.com named[5209]: client 194.11.53.37#58038: updating zone '227.168.157.in-addr.arpa/IN': deleting rrset at '189.227.168.157.in-addr.arpa' PTR
<30>May 31 11:33:02 isc.bind.test.com named[5209]: client 194.11.53.37#58038: updating zone '227.168.157.in-addr.arpa/IN': adding an RR at '189.227.168.157.in-addr.arpa' PTR
<30>May 31 11:33:02 isc.bind.test.com named[23280]: client 10.64.1.21#32786: updating zone 'asia.panorg.com/IN': update failed: not authoritative for update zone (NOTAUTH)
<30>May 31 11:33:02 isc.bind.test.com named[5208]: client 194.11.53.37#42189: updating zone 'noram.panorg.com/IN': deleting rrset at 'HOUPC192.noram.panorg.com' A
<30>May 31 11:33:02 isc.bind.test.com named[5208]: client 194.11.53.37#42189: updating zone 'noram.panorg.com/IN': adding an RR at 'HOUPC192.noram.panorg.com' A
<30>May 31 11:33:02 isc.bind.test.com named[896]: client 194.11.53.37#41583: updating zone '129.10.in-addr.arpa/IN': deleting rrset at '68.29.129.10.in-addr.arpa' PTR
<30>May 31 11:33:02 isc.bind.test.com named[23280]: client 194.11.53.165#50949: updating zone 'asia.panorg.com/IN': deleting rrset at 'SEPE84040A3B3F4.asia.panorg.com' A
<30>May 31 11:33:02 isc.bind.test.com named[23280]: client 194.11.53.165#50949: updating zone 'asia.panorg.com/IN': adding an RR at 'SEPE84040A3B3F4.asia.panorg.com' A
<30>May 31 11:33:02 isc.bind.test.com named[23280]: client 194.11.53.165#50949: updating zone '66.10.in-addr.arpa/IN': deleting rrset at '205.42.66.10.in-addr.arpa' PTR
<30>May 31 11:33:02 isc.bind.test.com named[896]: client 194.11.53.37#41583: updating zone '129.10.in-addr.arpa/IN': adding an RR at '68.29.129.10.in-addr.arpa' PTR
<30>May 31 11:33:02 isc.bind.test.com named[23280]: client 194.11.53.165#50949: updating zone '66.10.in-addr.arpa/IN': adding an RR at '205.42.66.10.in-addr.arpa' PTR
<30>May 31 11:33:02 isc.bind.test.com named[23281]: client 10.64.1.21#32786: updating zone '64.10.in-addr.arpa/IN': adding an RR at '21.1.64.10.in-addr.arpa' PTR
<30>May 31 11:33:03 isc.bind.test.com named[895]: client 194.11.53.101#43272: updating zone 'europe.panorg.com/IN': deleting rrset at 'madhs050.europe.panorg.com' A
<30>May 31 11:33:03 isc.bind.test.com named[895]: client 194.11.53.101#43272: updating zone 'europe.panorg.com/IN': adding an RR at 'madhs050.europe.panorg.com' A
<30>May 31 11:33:03 isc.bind.test.com named[895]: client 194.11.53.101#43272: updating zone '0.13.10.in-addr.arpa/IN': deleting rrset at '134.0.13.10.in-addr.arpa' PTR
<30>May 31 11:33:03 isc.bind.test.com named[895]: client 194.11.53.101#43272: updating zone '0.13.10.in-addr.arpa/IN': adding an RR at '134.0.13.10.in-addr.arpa' PTR
<30>May 31 11:33:04 isc.bind.test.com named[895]: client 194.11.53.69#56350: updating zone '157.168.157.in-addr.arpa/IN': deleting rrset at '51.157.168.157.in-addr.arpa' PTR
<30>May 31 11:33:04 isc.bind.test.com named[895]: client 194.11.53.69#56350: updating zone '157.168.157.in-addr.arpa/IN': adding an RR at '51.157.168.157.in-addr.arpa' PTR
<30>May 31 11:33:03 isc.bind.test.com named[23280]: client 194.11.53.69#40806: updating zone 'asia.panorg.com/IN': adding an RR at 'HP001F294849CC.asia.panorg.com' A
<30>May 31 11:33:03 isc.bind.test.com named[23280]: client 194.11.53.69#40806: updating zone 'asia.panorg.com/IN': deleting rrset at 'HP001F294849CC.asia.panorg.com' A
<30>May 31 11:33:04 isc.bind.test.com named[20237]: client 194.11.52.246#65167: updating zone 'ameca.panorg.com/IN': deleting rrset at 'dwclt100.ameca.panorg.com' A
<30>May 31 11:33:04 isc.bind.test.com named[20237]: client 194.11.52.246#65167: updating zone 'ameca.panorg.com/IN': adding an RR at 'dwclt100.ameca.panorg.com' A
<30>May 31 11:33:04 isc.bind.test.com named[20237]: client 194.11.52.246#65167: updating zone 'ameca.panorg.com/IN': adding an RR at 'dwclt100.ameca.panorg.com' A
<30>May 31 11:33:04 isc.bind.test.com named[20238]: client 157.168.48.33#50159: updating zone 'ameca.panorg.com/IN': deleting rrset at 'lobpc200.ameca.panorg.com' A
<30>May 31 11:33:04 isc.bind.test.com named[20238]: client 157.168.48.33#50159: updating zone 'ameca.panorg.com/IN': adding an RR at 'lobpc200.ameca.panorg.com' A
<30>May 31 11:33:05 isc.bind.test.com named[896]: client 194.11.53.101#55731: updating zone 'europe.panorg.com/IN': adding an RR at 'MININT-34TG38P.europe.panorg.com' A
<30>May 31 11:33:05 isc.bind.test.com named[896]: client 194.11.53.101#55731: updating zone 'europe.panorg.com/IN': deleting rrset at 'MININT-34TG38P.europe.panorg.com' A
<30>May 31 11:33:05 isc.bind.test.com named[896]: client 194.11.53.101#55731: updating zone '97.168.157.in-addr.arpa/IN': deleting rrset at '212.97.168.157.in-addr.arpa' PTR
<30>May 31 11:33:05 isc.bind.test.com named[896]: client 194.11.53.101#55731: updating zone '97.168.157.in-addr.arpa/IN': adding an RR at '212.97.168.157.in-addr.arpa' PTR
<30>May 31 11:33:05 isc.bind.test.com named[20237]: client 194.11.53.10#55601: updating zone 'corp.panorg.com/IN': deleting rrset at 'office.corp.panorg.com' A
<30>May 31 11:33:05 isc.bind.test.com named[20237]: client 194.11.53.10#55601: updating zone 'corp.panorg.com/IN': adding an RR at 'office.corp.panorg.com' A
<30>May 31 11:33:05 isc.bind.test.com named[20237]: client 194.11.53.10#55601: updating zone '52.11.194.in-addr.arpa/IN': deleting rrset at '100.52.11.194.in-addr.arpa' PTR
<30>May 31 11:33:05 isc.bind.test.com named[20237]: client 194.11.53.10#55601: updating zone '52.11.194.in-addr.arpa/IN': adding an RR at '100.52.11.194.in-addr.arpa' PTR
<30>May 31 11:33:05 isc.bind.test.com named[20237]: client 157.168.48.33#55393: updating zone '8.10.in-addr.arpa/IN': adding an RR at '54.5.8.10.in-addr.arpa' PTR
<30>May 31 11:33:05 isc.bind.test.com named[5208]: client 157.168.177.146#58473: updating zone 'noram.panorg.com/IN': deleting rrset at 'us13k017.noram.panorg.com' AAAA
<30>May 31 11:33:05 isc.bind.test.com named[5208]: client 157.168.177.146#58473: updating zone 'noram.panorg.com/IN': deleting rrset at 'us13k017.noram.panorg.com' A
<30>May 31 11:33:05 isc.bind.test.com named[5208]: client 157.168.177.146#58473: updating zone 'noram.panorg.com/IN': deleting rrset at 'us13k017.noram.panorg.com' AAAA
<30>May 31 11:33:05 isc.bind.test.com named[5208]: client 157.168.177.146#58473: updating zone 'noram.panorg.com/IN': deleting rrset at 'us13k017.noram.panorg.com' A
<30>May 31 11:33:05 isc.bind.test.com named[5209]: client 157.168.177.146#58473: updating zone 'noram.panorg.com/IN': deleting rrset at 'us13k017.noram.panorg.com' AAAA
<30>May 31 11:33:05 isc.bind.test.com named[5209]: client 157.168.177.146#58473: updating zone 'noram.panorg.com/IN': deleting rrset at 'us13k017.noram.panorg.com' A
<30>May 31 11:33:05 isc.bind.test.com named[896]: client 10.23.19.10#32769: updating zone 'europe.panorg.com/IN': deleting rrset at 'wropd020.europe.panorg.com' A
<30>May 31 11:33:05 isc.bind.test.com named[896]: client 194.11.53.37#47124: updating zone '129.10.in-addr.arpa/IN': adding an RR at '200.28.129.10.in-addr.arpa' PTR
<30>May 31 11:33:05 isc.bind.test.com named[896]: client 194.11.53.37#47124: updating zone '129.10.in-addr.arpa/IN': deleting rrset at '200.28.129.10.in-addr.arpa' PTR
<30>May 31 11:33:05 isc.bind.test.com named[5208]: client 194.11.53.37#35756: updating zone 'noram.panorg.com/IN': adding an RR at 'CHIPC005.noram.panorg.com' A
<30>May 31 11:33:05 isc.bind.test.com named[5208]: client 194.11.53.37#35756: updating zone 'noram.panorg.com/IN': deleting rrset at 'CHIPC005.noram.panorg.com' A
<30>May 31 11:33:05 isc.bind.test.com named[5209]: client 194.11.53.133#39356: updating zone 'latam.panorg.com/IN': deleting rrset at 'LIMTC127.latam.panorg.com' A
<30>May 31 11:33:05 isc.bind.test.com named[5209]: client 194.11.53.133#39356: updating zone 'latam.panorg.com/IN': adding an RR at 'LIMTC127.latam.panorg.com' A
<30>May 31 11:33:06 isc.bind.test.com named[896]: client 194.11.53.133#38255: updating zone '181.168.157.in-addr.arpa/IN': deleting rrset at '201.181.168.157.in-addr.arpa' PTR
<30>May 31 11:33:06 isc.bind.test.com named[896]: client 194.11.53.133#38255: updating zone '181.168.157.in-addr.arpa/IN': adding an RR at '201.181.168.157.in-addr.arpa' PTR
<30>May 31 11:33:05 isc.bind.test.com named[23280]: client 157.168.138.229#55056: updating zone 'asia.panorg.com/IN': deleting rrset at 'CN1VS2K012.asia.panorg.com' A
<30>May 31 11:33:05 isc.bind.test.com named[23280]: client 194.11.53.165#51054: updating zone '66.10.in-addr.arpa/IN': deleting rrset at '201.42.66.10.in-addr.arpa' PTR
<30>May 31 11:33:05 isc.bind.test.com named[23280]: client 194.11.53.165#51054: updating zone 'asia.panorg.com/IN': deleting an RR at SEP44E4D945E5BE.asia.panorg.com A
<30>May 31 11:33:06 isc.bind.test.com named[23281]: client 194.11.53.69#42607: updating zone 'asia.panorg.com/IN': deleting rrset at 'BKKPC150.asia.panorg.com' A
<30>May 31 11:33:06 isc.bind.test.com named[23281]: client 194.11.53.69#42607: updating zone 'asia.panorg.com/IN': adding an RR at 'BKKPC150.asia.panorg.com' A
<30>May 31 11:33:06 isc.bind.test.com named[895]: client 194.11.53.69#40785: updating zone '156.168.157.in-addr.arpa/IN': deleting rrset at '224.156.168.157.in-addr.arpa' PTR
<30>May 31 11:33:06 isc.bind.test.com named[895]: client 194.11.53.69#40785: updating zone '156.168.157.in-addr.arpa/IN': adding an RR at '224.156.168.157.in-addr.arpa' PTR
<30>May 31 11:33:06 isc.bind.test.com named[895]: client 194.11.53.101#40270: updating zone 'europe.panorg.com/IN': deleting rrset at 'FRATC001-04B789.europe.panorg.com' A
<30>May 31 11:33:06 isc.bind.test.com named[895]: client 194.11.53.101#40270: updating zone 'europe.panorg.com/IN': adding an RR at 'FRATC001-04B789.europe.panorg.com' A
<30>May 31 11:33:06 isc.bind.test.com named[895]: client 194.11.53.101#40270: updating zone '28.168.157.in-addr.arpa/IN': deleting rrset at '225.28.168.157.in-addr.arpa' PTR
<30>May 31 11:33:06 isc.bind.test.com named[895]: client 194.11.53.101#40270: updating zone '28.168.157.in-addr.arpa/IN': adding an RR at '225.28.168.157.in-addr.arpa' PTR
<30>May 31 11:33:07 isc.bind.test.com named[20237]: client 157.168.169.21#65231: updating zone 'ameca.panorg.com/IN': deleting rrset at 'ALALT090.ameca.panorg.com' A
<30>May 31 11:33:07 isc.bind.test.com named[20237]: client 157.168.169.21#65231: updating zone 'ameca.panorg.com/IN': adding an RR at 'ALALT090.ameca.panorg.com' A
<30>May 31 11:33:07 isc.bind.test.com named[5208]: client 194.11.53.37#41269: updating zone 'noram.panorg.com/IN': deleting rrset at 'NEO-5E9186.noram.panorg.com' A
<30>May 31 11:33:07 isc.bind.test.com named[5208]: client 194.11.53.37#41269: updating zone 'noram.panorg.com/IN': adding an RR at 'NEO-5E9186.noram.panorg.com' A
<30>May 31 11:33:07 isc.bind.test.com named[5208]: client 194.11.53.37#41269: updating zone '249.168.157.in-addr.arpa/IN': deleting rrset at '32.249.168.157.in-addr.arpa' PTR
<30>May 31 11:33:07 isc.bind.test.com named[5208]: client 194.11.53.37#41269: updating zone '249.168.157.in-addr.arpa/IN': adding an RR at '32.249.168.157.in-addr.arpa' PTR
<30>May 31 11:33:07 isc.bind.test.com named[896]: client 157.168.169.21#59570: updating zone '169.168.157.in-addr.arpa/IN': adding an RR at '63.169.168.157.in-addr.arpa' PTR
<30>May 31 11:33:07 isc.bind.test.com named[895]: client 194.11.53.101#57638: updating zone 'europe.panorg.com/IN': deleting rrset at 'zrhpse10.europe.panorg.com' A
<30>May 31 11:33:07 isc.bind.test.com named[23280]: client 157.168.139.37#56285: updating zone 'asia.panorg.com/IN': deleting rrset at 'CN13K600.asia.panorg.com' A
<30>May 31 11:33:07 isc.bind.test.com named[5209]: client 194.11.53.133#35766: updating zone 'latam.panorg.com/IN': adding an RR at 'SAOWT225.latam.panorg.com' A
<30>May 31 11:33:07 isc.bind.test.com named[5209]: client 194.11.53.133#35766: updating zone 'latam.panorg.com/IN': deleting rrset at 'SAOWT225.latam.panorg.com' A
<30>May 31 11:33:07 isc.bind.test.com named[5209]: client 194.11.53.133#35766: updating zone '200.168.157.in-addr.arpa/IN': deleting rrset at '22.200.168.157.in-addr.arpa' PTR
<30>May 31 11:33:08 isc.bind.test.com named[896]: client 194.11.53.101#34467: updating zone 'europe.panorg.com/IN': deleting rrset at 'IEVLT020.europe.panorg.com' A
<30>May 31 11:33:08 isc.bind.test.com named[896]: client 194.11.53.101#34467: updating zone 'europe.panorg.com/IN': adding an RR at 'IEVLT020.europe.panorg.com' A
<30>May 31 11:33:08 isc.bind.test.com named[896]: client 194.11.53.101#34467: updating zone '30.10.in-addr.arpa/IN': deleting rrset at '254.0.30.10.in-addr.arpa' PTR
<30>May 31 11:33:08 isc.bind.test.com named[896]: client 194.11.53.101#34467: updating zone '30.10.in-addr.arpa/IN': adding an RR at '254.0.30.10.in-addr.arpa' PTR
<30>May 31 11:33:09 isc.bind.test.com named[5209]: client 194.11.53.133#53567: updating zone 'latam.panorg.com/IN': deleting rrset at 'sclap020.latam.panorg.com' A
<30>May 31 11:33:09 isc.bind.test.com named[5209]: client 194.11.53.133#53567: updating zone 'latam.panorg.com/IN': adding an RR at 'sclap020.latam.panorg.com' A
<30>May 31 11:33:09 isc.bind.test.com named[5209]: client 194.11.53.133#53567: updating zone '198.168.157.in-addr.arpa/IN': deleting rrset at '98.198.168.157.in-addr.arpa' PTR
<30>May 31 11:33:09 isc.bind.test.com named[5209]: client 194.11.53.133#53567: updating zone '198.168.157.in-addr.arpa/IN': adding an RR at '98.198.168.157.in-addr.arpa' PTR
<30>May 31 11:33:09 isc.bind.test.com named[895]: client 194.11.53.101#42040: updating zone 'europe.panorg.com/IN': deleting rrset at 'STRTC001-021C3A.europe.panorg.com' A
<30>May 31 11:33:09 isc.bind.test.com named[895]: client 194.11.53.101#42040: updating zone 'europe.panorg.com/IN': adding an RR at 'STRTC001-021C3A.europe.panorg.com' A
<30>May 31 11:33:09 isc.bind.test.com named[895]: client 194.11.53.101#42040: updating zone '109.168.157.in-addr.arpa/IN': deleting rrset at '189.109.168.157.in-addr.arpa' PTR
<30>May 31 11:33:09 isc.bind.test.com named[895]: client 194.11.53.101#42040: updating zone '109.168.157.in-addr.arpa/IN': adding an RR at '189.109.168.157.in-addr.arpa' PTR
<30>May 31 11:33:09 isc.bind.test.com named[20238]: client 157.168.69.189#64387: updating zone 'panorg.com/IN': adding an RR at 'ForestDnsZones.panorg.com' A
<30>May 31 11:33:09 isc.bind.test.com named[20237]: client 157.168.69.189#53087: updating zone 'panorg.com/IN': adding an RR at '_ldap._tcp.ForestDnsZones.panorg.com' SRV
<30>May 31 11:33:09 isc.bind.test.com named[20238]: client 157.168.69.189#54676: updating zone 'panorg.com/IN': adding an RR at '_ldap._tcp.PACSite._sites.ForestDnsZones.panorg.com' SRV
<30>May 31 11:33:09 isc.bind.test.com named[23280]: client 194.11.53.165#46526: updating zone 'asia.panorg.com/IN': deleting rrset at 'SEP44E4D945E5BE.asia.panorg.com' A
<30>May 31 11:33:09 isc.bind.test.com named[23280]: client 194.11.53.165#46526: updating zone 'asia.panorg.com/IN': adding an RR at 'SEP44E4D945E5BE.asia.panorg.com' A
<30>May 31 11:33:09 isc.bind.test.com named[23280]: client 194.11.53.165#46526: updating zone '66.10.in-addr.arpa/IN': adding an RR at '201.42.66.10.in-addr.arpa' PTR
<30>May 31 11:33:09 isc.bind.test.com named[23280]: client 194.11.53.165#46526: updating zone '66.10.in-addr.arpa/IN': deleting rrset at '201.42.66.10.in-addr.arpa' PTR
<30>May 31 11:33:10 isc.bind.test.com named[896]: client 157.168.1.207#32796: updating zone 'europe.panorg.com/IN': deleting rrset at 'VIEPD010.europe.panorg.com' A
<30>May 31 11:33:11 isc.bind.test.com named[23280]: client 194.11.53.165#53696: updating zone 'asia.panorg.com/IN': adding an RR at 'SEP64168D51A612.asia.panorg.com' A
<30>May 31 11:33:11 isc.bind.test.com named[23280]: client 194.11.53.165#53696: updating zone '66.10.in-addr.arpa/IN': deleting rrset at '160.60.66.10.in-addr.arpa' PTR
<30>May 31 11:33:11 isc.bind.test.com named[23280]: client 194.11.53.165#53696: updating zone 'asia.panorg.com/IN': deleting rrset at 'SEP64168D51A612.asia.panorg.com' A
<30>May 31 11:33:11 isc.bind.test.com named[23280]: client 194.11.53.165#53696: updating zone '66.10.in-addr.arpa/IN': adding an RR at '160.60.66.10.in-addr.arpa' PTR
<30>May 31 11:33:12 isc.bind.test.com named[5208]: client 194.11.53.133#47730: updating zone 'latam.panorg.com/IN': deleting rrset at 'sclap040.latam.panorg.com' A
<30>May 31 11:33:12 isc.bind.test.com named[5208]: client 194.11.53.133#47730: updating zone 'latam.panorg.com/IN': adding an RR at 'sclap040.latam.panorg.com' A
<30>May 31 11:33:12 isc.bind.test.com named[5208]: client 194.11.53.133#47730: updating zone '198.168.157.in-addr.arpa/IN': deleting rrset at '91.198.168.157.in-addr.arpa' PTR
<30>May 31 11:33:12 isc.bind.test.com named[5208]: client 194.11.53.133#47730: updating zone '198.168.157.in-addr.arpa/IN': adding an RR at '91.198.168.157.in-addr.arpa' PTR
<30>May 31 11:33:12 isc.bind.test.com named[896]: client 194.11.53.101#56008: updating zone 'europe.panorg.com/IN': deleting rrset at 'TLBHS027.europe.panorg.com' A
<30>May 31 11:33:12 isc.bind.test.com named[20238]: client 157.168.169.5#55103: updating zone 'ameca.panorg.com/IN': deleting rrset at 'ala2k000.ameca.panorg.com' A
<30>May 31 11:33:12 isc.bind.test.com named[23280]: client 194.11.53.165#59695: updating zone 'asia.panorg.com/IN': deleting rrset at 'SEP001E4A0BAE98.asia.panorg.com' A
<30>May 31 11:33:12 isc.bind.test.com named[23280]: client 194.11.53.165#59695: updating zone 'asia.panorg.com/IN': adding an RR at 'SEP001E4A0BAE98.asia.panorg.com' A
<30>May 31 11:33:12 isc.bind.test.com named[23280]: client 194.11.53.165#59695: updating zone '66.10.in-addr.arpa/IN': adding an RR at '143.45.66.10.in-addr.arpa' PTR
<30>May 31 11:33:12 isc.bind.test.com named[23280]: client 194.11.53.165#59695: updating zone '66.10.in-addr.arpa/IN': deleting rrset at '143.45.66.10.in-addr.arpa' PTR
<30>May 31 11:33:12 isc.bind.test.com named[23280]: client 194.11.53.165#52734: updating zone '66.10.in-addr.arpa/IN': deleting rrset at '205.42.66.10.in-addr.arpa' PTR
<30>May 31 11:33:12 isc.bind.test.com named[23280]: client 194.11.53.165#52734: updating zone 'asia.panorg.com/IN': deleting an RR at SEPE84040A3B3F4.asia.panorg.com A
<30>May 31 11:33:13 isc.bind.test.com named[896]: client 157.168.81.15#4712: updating zone 'europe.panorg.com/IN': deleting rrset at 'CDGPD330.europe.panorg.com' A
<30>May 31 11:33:13 isc.bind.test.com named[895]: client 157.168.81.15#4722: updating zone 'europe.panorg.com/IN': adding an RR at 'CDGPD330.europe.panorg.com' A
<30>May 31 11:33:13 isc.bind.test.com named[895]: client 157.168.81.15#4722: updating zone 'europe.panorg.com/IN': Update rejected because TTL differs from existing unmodifiable entry: Use TTL 950
<30>May 31 11:33:13 isc.bind.test.com named[5208]: client 157.168.176.37#56473: updating zone 'latam.panorg.com/IN': deleting rrset at 'us1la2k004.latam.panorg.com' AAAA
<30>May 31 11:33:13 isc.bind.test.com named[5208]: client 157.168.176.37#56473: updating zone 'latam.panorg.com/IN': deleting rrset at 'us1la2k004.latam.panorg.com' A
<30>May 31 11:33:13 isc.bind.test.com named[5209]: client 157.168.176.37#49562: updating zone 'latam.panorg.com/IN': deleting rrset at 'us1la2k004.latam.panorg.com' A
<30>May 31 11:33:13 isc.bind.test.com named[5209]: client 157.168.176.37#49562: updating zone 'latam.panorg.com/IN': deleting rrset at 'us1la2k004.latam.panorg.com' AAAA
<30>May 31 11:33:14 isc.bind.test.com named[896]: client 157.168.81.15#4725: updating zone '81.168.157.in-addr.arpa/IN': adding an RR at '15.81.168.157.in-addr.arpa' PTR
<30>May 31 11:33:14 isc.bind.test.com named[896]: client 157.168.81.15#4725: updating zone '81.168.157.in-addr.arpa/IN': Update rejected because TTL differs from existing unmodifiable entry: Use TTL 950
<30>May 31 11:33:14 isc.bind.test.com named[23280]: client 194.11.53.165#57958: updating zone '66.10.in-addr.arpa/IN': deleting rrset at '201.42.66.10.in-addr.arpa' PTR
<30>May 31 11:33:14 isc.bind.test.com named[23280]: client 194.11.53.165#57958: updating zone 'asia.panorg.com/IN': deleting an RR at SEP44E4D945E5BE.asia.panorg.com A
<30>May 31 11:33:14 isc.bind.test.com named[896]: client 194.11.53.101#35633: updating zone 'europe.panorg.com/IN': deleting rrset at 'ANRHS819.europe.panorg.com' A
<30>May 31 11:33:14 isc.bind.test.com named[896]: client 194.11.53.101#35633: updating zone '0.13.10.in-addr.arpa/IN': deleting rrset at '204.0.13.10.in-addr.arpa' PTR
<30>May 31 11:33:14 isc.bind.test.com named[896]: client 194.11.53.101#35633: updating zone 'europe.panorg.com/IN': adding an RR at 'ANRHS819.europe.panorg.com' A
<30>May 31 11:33:14 isc.bind.test.com named[896]: client 194.11.53.101#35633: updating zone '0.13.10.in-addr.arpa/IN': adding an RR at '204.0.13.10.in-addr.arpa' PTR
<30>May 31 11:33:15 isc.bind.test.com named[5209]: client 194.11.53.133#33018: updating zone 'latam.panorg.com/IN': adding an RR at 'sclap050.latam.panorg.com' A
<30>May 31 11:33:15 isc.bind.test.com named[5209]: client 194.11.53.133#33018: updating zone 'latam.panorg.com/IN': deleting rrset at 'sclap050.latam.panorg.com' A
<30>May 31 11:33:15 isc.bind.test.com named[5209]: client 194.11.53.133#33018: updating zone '198.168.157.in-addr.arpa/IN': deleting rrset at '85.198.168.157.in-addr.arpa' PTR
<30>May 31 11:33:15 isc.bind.test.com named[5209]: client 194.11.53.133#33018: updating zone '198.168.157.in-addr.arpa/IN': adding an RR at '85.198.168.157.in-addr.arpa' PTR
<30>May 31 11:33:16 isc.bind.test.com named[896]: client 157.168.105.197#32807: updating zone 'europe.panorg.com/IN': deleting rrset at 'duspd150.europe.panorg.com' A
<30>May 31 11:33:16 isc.bind.test.com named[23280]: client 194.11.53.165#35195: updating zone 'asia.panorg.com/IN': deleting rrset at 'SEPE84040A3B3F4.asia.panorg.com' A
<30>May 31 11:33:16 isc.bind.test.com named[23280]: client 194.11.53.165#35195: updating zone '66.10.in-addr.arpa/IN': deleting rrset at '205.42.66.10.in-addr.arpa' PTR
<30>May 31 11:33:16 isc.bind.test.com named[23280]: client 194.11.53.165#35195: updating zone '66.10.in-addr.arpa/IN': adding an RR at '205.42.66.10.in-addr.arpa' PTR
<30>May 31 11:33:16 isc.bind.test.com named[23280]: client 194.11.53.165#35195: updating zone 'asia.panorg.com/IN': adding an RR at 'SEPE84040A3B3F4.asia.panorg.com' A
<30>May 31 11:33:17 isc.bind.test.com named[896]: client 194.11.53.101#52298: updating zone 'europe.panorg.com/IN': deleting rrset at 'STOTC001-02C019.europe.panorg.com' A
<30>May 31 11:33:17 isc.bind.test.com named[896]: client 194.11.53.101#52298: updating zone 'europe.panorg.com/IN': adding an RR at 'STOTC001-02C019.europe.panorg.com' A
<30>May 31 11:33:17 isc.bind.test.com named[896]: client 194.11.53.101#52298: updating zone '120.168.157.in-addr.arpa/IN': deleting rrset at '210.120.168.157.in-addr.arpa' PTR
<30>May 31 11:33:17 isc.bind.test.com named[896]: client 194.11.53.101#52298: updating zone '120.168.157.in-addr.arpa/IN': adding an RR at '210.120.168.157.in-addr.arpa' PTR
<30>May 31 11:33:18 isc.bind.test.com named[23280]: client 194.11.53.69#41292: updating zone 'asia.panorg.com/IN': deleting rrset at 'HPD485646E1D87.asia.panorg.com' A
<30>May 31 11:33:18 isc.bind.test.com named[23280]: client 194.11.53.69#41292: updating zone 'asia.panorg.com/IN': adding an RR at 'HPD485646E1D87.asia.panorg.com' A
<30>May 31 11:33:18 isc.bind.test.com named[896]: client 194.11.53.69#40900: updating zone '153.168.157.in-addr.arpa/IN': deleting rrset at '229.153.168.157.in-addr.arpa' PTR
<30>May 31 11:33:18 isc.bind.test.com named[23281]: client 194.11.53.165#56427: updating zone 'asia.panorg.com/IN': deleting rrset at 'SEP44E4D945E5BE.asia.panorg.com' A
<30>May 31 11:33:18 isc.bind.test.com named[23281]: client 194.11.53.165#56427: updating zone 'asia.panorg.com/IN': adding an RR at 'SEP44E4D945E5BE.asia.panorg.com' A
<30>May 31 11:33:18 isc.bind.test.com named[23281]: client 194.11.53.165#56427: updating zone '66.10.in-addr.arpa/IN': deleting rrset at '201.42.66.10.in-addr.arpa' PTR
<30>May 31 11:33:18 isc.bind.test.com named[896]: client 194.11.53.69#40900: updating zone '153.168.157.in-addr.arpa/IN': adding an RR at '229.153.168.157.in-addr.arpa' PTR
<30>May 31 11:33:18 isc.bind.test.com named[23281]: client 194.11.53.165#56427: updating zone '66.10.in-addr.arpa/IN': adding an RR at '201.42.66.10.in-addr.arpa' PTR
<30>May 31 11:33:19 isc.bind.test.com named[895]: client 194.11.53.101#38923: updating zone 'europe.panorg.com/IN': deleting rrset at 'NUETC001-02B42A.europe.panorg.com' A
<30>May 31 11:33:19 isc.bind.test.com named[895]: client 194.11.53.101#38923: updating zone 'europe.panorg.com/IN': adding an RR at 'NUETC001-02B42A.europe.panorg.com' A
<30>May 31 11:33:19 isc.bind.test.com named[895]: client 194.11.53.101#38923: updating zone '25.13.10.in-addr.arpa/IN': deleting rrset at '187.25.13.10.in-addr.arpa' PTR
<30>May 31 11:33:19 isc.bind.test.com named[895]: client 194.11.53.101#38923: updating zone '25.13.10.in-addr.arpa/IN': adding an RR at '187.25.13.10.in-addr.arpa' PTR
<30>May 31 11:33:19 isc.bind.test.com named[896]: client 194.11.53.69#53091: updating zone '148.168.157.in-addr.arpa/IN': adding an RR at '177.148.168.157.in-addr.arpa' PTR
<30>May 31 11:33:19 isc.bind.test.com named[896]: client 194.11.53.69#53091: updating zone '148.168.157.in-addr.arpa/IN': deleting rrset at '177.148.168.157.in-addr.arpa' PTR
<30>May 31 11:33:19 isc.bind.test.com named[896]: client 157.168.70.41#62150: updating zone 'europe.panorg.com/IN': adding an RR at 'iwbchns000.europe.panorg.com' A
<30>May 31 11:33:19 isc.bind.test.com named[896]: client 157.168.70.41#62150: updating zone 'europe.panorg.com/IN': Update rejected because TTL differs from existing unmodifiable entry: Use TTL 950
<30>May 31 11:33:19 isc.bind.test.com named[23280]: client 194.11.53.69#35273: updating zone 'asia.panorg.com/IN': deleting rrset at 'sydtc063.asia.panorg.com' A
<30>May 31 11:33:19 isc.bind.test.com named[23280]: client 194.11.53.69#35273: updating zone 'asia.panorg.com/IN': adding an RR at 'sydtc063.asia.panorg.com' A
<30>May 31 11:33:20 isc.bind.test.com named[23281]: client 194.11.53.69#38635: updating zone 'asia.panorg.com/IN': deleting rrset at 'BKKPC994.asia.panorg.com' A
<30>May 31 11:33:20 isc.bind.test.com named[23281]: client 194.11.53.69#38635: updating zone 'asia.panorg.com/IN': adding an RR at 'BKKPC994.asia.panorg.com' A
<30>May 31 11:33:20 isc.bind.test.com named[23281]: client 194.11.53.69#38635: updating zone '77.10.in-addr.arpa/IN': deleting rrset at '100.0.77.10.in-addr.arpa' PTR
<30>May 31 11:33:20 isc.bind.test.com named[23281]: client 194.11.53.69#38635: updating zone '77.10.in-addr.arpa/IN': adding an RR at '100.0.77.10.in-addr.arpa' PTR
<30>May 31 11:33:20 isc.bind.test.com named[20238]: client 157.168.169.21#61785: updating zone 'ameca.panorg.com/IN': deleting rrset at 'alalt070.ameca.panorg.com' A
<30>May 31 11:33:20 isc.bind.test.com named[20238]: client 157.168.169.21#61785: updating zone 'ameca.panorg.com/IN': adding an RR at 'alalt070.ameca.panorg.com' A
<30>May 31 11:33:20 isc.bind.test.com named[5208]: client 194.11.53.133#54105: updating zone 'latam.panorg.com/IN': deleting rrset at 'SCLTC040.latam.panorg.com' A
