<182>Aug 18 09:09:44 isc.bind.test.com named[15245]: queries: client 170.140.222.200#59369: query: scholar.google.com IN A + (170.140.1.1)
<182>Aug 18 09:09:44 isc.bind.test.com named[15245]: queries: client 170.140.222.200#52838: query: blogsearch.google.com IN A + (170.140.1.1)
<182>Aug 18 09:09:44 isc.bind.test.com named[15245]: queries: client 170.140.230.174#58319: query: client.akamai.com IN A + (170.140.1.1)
<182>Aug 18 09:09:44 isc.bind.test.com named[15245]: queries: client 170.140.222.200#55872: query: sites.google.com IN A + (170.140.1.1)
<182>Aug 18 09:09:44 isc.bind.test.com named[15245]: queries: client 170.140.222.200#61457: query: picasaweb.google.com IN AAAA + (170.140.1.1)
<182>Aug 18 09:09:44 isc.bind.test.com named[15245]: queries: client 170.140.222.200#55772: query: sites.google.com IN AAAA + (170.140.1.1)
<182>Aug 18 09:09:44 isc.bind.test.com named[23597]: queries: client 10.40.95.188#64105: query: presence.msg.yahoo.com IN A + (170.140.2.1)
<182>Aug 18 09:09:44 isc.bind.test.com named[23597]: queries: client 10.40.64.10#49367: query: pix04.revsci.net IN A + (170.140.2.1)
<182>Aug 18 09:09:44 isc.bind.test.com named[23597]: queries: client 10.40.95.188#59601: query: ads.bluelithium.com IN A + (170.140.2.1)
<182>Aug 18 09:09:44 isc.bind.test.com named[9023]: queries: client 170.140.203.133#51499: query: bda-74-82-80-205.bis6.us.blackberry.com IN AAAA + (170.140.1.1)
<182>Aug 18 09:09:44 isc.bind.test.com named[15245]: queries: client 170.140.222.200#64810: query: www.csmonitor.com IN AAAA + (170.140.1.1)
<182>Aug 18 09:09:44 isc.bind.test.com named[15245]: queries: client 170.140.138.102#45879: query: mirrors.igsobe.com IN A + (170.140.1.1)
<182>Aug 18 09:09:44 isc.bind.test.com named[15245]: queries: client 170.140.222.200#53946: query: www.telegraph.co.uk IN A + (170.140.1.1)
<182>Aug 18 09:09:44 isc.bind.test.com named[16954]: queries: client 170.140.214.27#49699: query: a0.twimg.com IN A + (170.140.2.1)
<171>Aug 18 09:09:44 isc.bind.test.com named[21311]: general: error: dumping master file: tmp-P6ibXigIBe: open: permission denied
<182>Aug 18 09:09:44 isc.bind.test.com named[31573]: queries: client 170.140.137.172#32770: query: 0.0.0.0.in-addr.arpa IN PTR + (170.140.1.1)
<182>Aug 18 09:09:44 isc.bind.test.com named[15245]: queries: client 170.140.243.216#56391: query: www.ny.gov IN A + (170.140.1.1)
<182>Aug 18 09:09:44 isc.bind.test.com named[15245]: queries: client 170.140.98.252#60675: query: www.vdla-inc.com IN A + (170.140.1.1)
<182>Aug 18 09:09:44 isc.bind.test.com named[31573]: queries: client 170.140.137.172#32770: query: 0.0.0.0.in-addr.arpa IN PTR + (170.140.1.1)
<182>Aug 18 09:09:44 isc.bind.test.com named[31573]: queries: client 170.140.137.172#32770: query: 0.0.0.0.in-addr.arpa IN PTR + (170.140.1.1)
<182>Aug 18 09:09:44 isc.bind.test.com named[3479]: queries: client 170.140.35.189#55717: query: s7.addthis.com IN A + (170.140.2.1)
<182>Aug 18 09:09:44 isc.bind.test.com named[15245]: queries: client 170.140.222.200#62211: query: www.haaretz.com IN A + (170.140.1.1)
<182>Aug 18 09:09:44 isc.bind.test.com named[31573]: queries: client 170.140.137.172#32770: query: 0.0.0.0.in-addr.arpa IN PTR + (170.140.1.1)
<182>Aug 18 09:09:44 isc.bind.test.com named[15245]: queries: client 170.140.119.70#33688: query: h1.qhimg.com IN A + (170.140.1.1)
<182>Aug 18 09:09:44 isc.bind.test.com named[15245]: queries: client 170.140.120.21#8405: query: 254.30.64.68.IN-ADDR.ARPA IN PTR + (170.140.1.1)
<171>Aug 18 09:09:44 isc.bind.test.com named[25366]: update-security: error: client 170.140.51.238#48882: update forwarding 'emoryhealthcare.org/IN' denied
<171>Aug 18 09:09:44 isc.bind.test.com named[21311]: update-security: error: client 170.140.51.238#48882: update forwarding 'emoryhealthcare.org/IN' denied
<182>Aug 18 09:09:44 isc.bind.test.com named[3479]: queries: client 170.140.35.162#56959: query: b.scorecardresearch.com IN A + (170.140.2.1)
<182>Aug 18 09:09:44 isc.bind.test.com named[3479]: queries: client 170.140.35.136#56121: query: mads.cbs.com IN A + (170.140.2.1)
<182>Aug 18 09:09:44 isc.bind.test.com named[3479]: queries: client 170.140.35.136#50205: query: www.google-analytics.com IN A + (170.140.2.1)
<182>Aug 18 09:09:44 isc.bind.test.com named[15245]: queries: client 170.140.222.200#55021: query: www.onislam.net IN A + (170.140.1.1)
<182>Aug 18 09:09:44 isc.bind.test.com named[3479]: queries: client 170.140.35.136#57426: query: www.bkrtx.com IN A + (170.140.2.1)
<182>Aug 18 09:09:44 isc.bind.test.com named[3479]: queries: client 170.140.35.136#50210: query: thumbnails.cbsig.net IN A + (170.140.2.1)
<182>Aug 18 09:09:44 isc.bind.test.com named[15245]: queries: client 170.140.243.212#60023: query: media.knoxnews.com IN A + (170.140.1.1)
<182>Aug 18 09:09:44 isc.bind.test.com named[3479]: queries: client 170.140.35.162#60925: query: up.nytimes.com IN A + (170.140.2.1)
<182>Aug 18 09:09:44 isc.bind.test.com named[3479]: queries: client 170.140.35.162#65068: query: s0.2mdn.net IN A + (170.140.2.1)
<182>Aug 18 09:09:44 isc.bind.test.com named[3479]: queries: client 170.140.35.162#57959: query: css.nyt.com IN A + (170.140.2.1)
<182>Aug 18 09:09:44 isc.bind.test.com named[23597]: queries: client 170.140.100.128#51733: query: crl.microsoft.com IN A + (170.140.2.1)
<182>Aug 18 09:09:44 isc.bind.test.com named[31573]: queries: client 170.140.137.172#32770: query: 0.0.0.0.in-addr.arpa IN PTR + (170.140.1.1)
<182>Aug 18 09:09:44 isc.bind.test.com named[15316]: queries: client 163.246.97.4#50614: query: receive.inplay.tubemogul.com IN AAAA + (170.140.1.1)
<182>Aug 18 09:09:44 isc.bind.test.com named[31573]: queries: client 170.140.137.172#32770: query: 0.0.0.0.in-addr.arpa IN PTR + (170.140.1.1)
<182>Aug 18 09:09:44 isc.bind.test.com named[25614]: queries: client 10.240.10.106#54221: query: E14MBX15N.Enterprise.emory.net IN A + (170.140.1.1)
<182>Aug 18 09:09:44 isc.bind.test.com named[15245]: queries: client 170.140.222.200#62053: query: www.cbs3springfield.com IN A + (170.140.1.1)
<182>Aug 18 09:09:44 isc.bind.test.com named[31573]: queries: client 170.140.137.172#32770: query: 0.0.0.0.in-addr.arpa IN PTR + (170.140.1.1)
<182>Aug 18 09:09:44 isc.bind.test.com named[15245]: queries: client 170.140.231.29#57721: query: dangjian.people.com.cn IN A + (170.140.1.1)
<182>Aug 18 09:09:44 isc.bind.test.com named[3479]: queries: client 170.140.19.231#51721: query: msnbcmedia.msn.com IN AAAA + (170.140.2.1)
<182>Aug 18 09:09:44 isc.bind.test.com named[15245]: queries: client 170.140.120.2#65439: query: aranet.vo.llnwd.net IN A + (170.140.1.1)
<182>Aug 18 09:09:44 isc.bind.test.com named[15245]: queries: client 170.140.34.240#56175: query: ad.doubleclick.net IN A + (170.140.1.1)
<182>Aug 18 09:09:44 isc.bind.test.com named[15245]: queries: client 170.140.222.200#51363: query: newtampa.patch.com IN A + (170.140.1.1)
<182>Aug 18 09:09:44 isc.bind.test.com named[15245]: queries: client 170.140.120.2#64290: query: 6172616e6574.766f.6c6c6e7764.6e6574.80h448e76fe.webcfs00.com IN MX + (170.140.1.1)
<182>Aug 18 09:09:44 isc.bind.test.com named[15245]: queries: client 170.140.222.200#49272: query: ssl.gstatic.com IN AAAA + (170.140.1.1)
<182>Aug 18 09:09:44 isc.bind.test.com named[3479]: queries: client 170.140.19.231#54923: query: msnbcmedia3.msn.com IN A + (170.140.2.1)
<182>Aug 18 09:09:44 isc.bind.test.com named[21326]: queries: client 170.140.52.92#50055: query: na3sys009amx257.postini.com IN A + (170.140.2.1)
<182>Aug 18 09:09:44 isc.bind.test.com named[15245]: queries: client 170.140.205.31#54218: query: p2.nkkyddhlckh4i.ir2zajbut6sufink.783655.s1.v4.ipv6-exp.l.google.com IN A + (170.140.1.1)
<182>Aug 18 09:09:44 isc.bind.test.com named[15245]: queries: client 170.140.222.200#50616: query: www.moneycontrol.com IN A + (170.140.1.1)
<182>Aug 18 09:09:44 isc.bind.test.com named[23597]: queries: client 170.140.100.114#57030: query: nbs.genetics.emory.edu IN A + (170.140.2.1)
<182>Aug 18 09:09:44 isc.bind.test.com named[16954]: queries: client 170.140.152.92#62672: query: time.apple.com IN AAAA + (170.140.2.1)
<182>Aug 18 09:09:44 isc.bind.test.com named[9023]: queries: client 10.128.13.250#53: query: NEWT.EMORY.NET IN A + (170.140.1.1)
<182>Aug 18 09:09:44 isc.bind.test.com named[16954]: queries: client 170.140.194.137#56507: query: EMORYUNIVAD.Eu.Emory.Edu IN A + (170.140.2.1)
<182>Aug 18 09:09:44 isc.bind.test.com named[23597]: queries: client 10.40.67.197#55346: query: api.facebook.com IN A + (170.140.2.1)
<182>Aug 18 09:09:44 isc.bind.test.com named[8184]: queries: client 170.140.113.107#58913: query: addcroot1.Emory.Edu IN A + (170.140.2.1)
<182>Aug 18 09:09:44 isc.bind.test.com named[16954]: queries: client 170.140.235.251#61022: query: s0.2mdn.net IN A + (170.140.2.1)
<182>Aug 18 09:09:44 isc.bind.test.com named[16954]: queries: client 170.140.194.137#61461: query: EMORYUNIVAD.tarbutton.emory.edu IN A + (170.140.2.1)
<182>Aug 18 09:09:44 isc.bind.test.com named[16954]: queries: client 170.140.194.137#59510: query: EMORYUNIVAD.Emory.Edu IN A + (170.140.2.1)
<182>Aug 18 09:09:45 isc.bind.test.com named[23597]: queries: client 170.140.100.241#65504: query: crl.thawte.com IN A + (170.140.2.1)
<182>Aug 18 09:09:45 isc.bind.test.com named[31573]: queries: client 170.140.137.163#56067: query: dmzdcvm2.Eu.Emory.Edu IN AAAA + (170.140.1.1)
<173>Aug 18 09:09:45 isc.bind.test.com named[21311]: notify: notice: client 163.246.8.8#51306: received notify for zone '224.10.ddns.in-addr.arpa': TSIG 'dns2-pub': not authoritative
<182>Aug 18 09:09:45 isc.bind.test.com named[23597]: queries: client 170.140.100.129#57355: query: _ldap._tcp.gc._msdcs.genetics.emory.edu IN SRV + (170.140.2.1)
<182>Aug 18 09:09:45 isc.bind.test.com named[16954]: queries: client 170.140.152.92#56282: query: time.apple.com IN TXT + (170.140.2.1)
<173>Aug 18 09:09:45 isc.bind.test.com named[13749]: notify: notice: client 163.246.8.8#51306: received notify for zone '224.10.ddns.in-addr.arpa': TSIG 'dns3-pub': not authoritative
<182>Aug 18 09:09:45 isc.bind.test.com named[15245]: queries: client 170.140.231.29#62779: query: fanfu.people.com.cn IN A + (170.140.1.1)
<182>Aug 18 09:09:45 isc.bind.test.com named[15245]: queries: client 170.140.222.200#58041: query: www.miamiherald.com IN A + (170.140.1.1)
<182>Aug 18 09:09:45 isc.bind.test.com named[15245]: queries: client 170.140.211.243#50513: query: 13IM-P45050.genlibad.library.emory.edu IN A + (170.140.1.1)
<182>Aug 18 09:09:45 isc.bind.test.com named[8184]: queries: client 170.140.201.201#56137: query: www.giac.org IN A + (170.140.2.1)
<182>Aug 18 09:09:45 isc.bind.test.com named[15316]: queries: client 163.246.123.35#51762: query: mydesktop.eushc.org IN A + (170.140.1.1)
<182>Aug 18 09:09:45 isc.bind.test.com named[15245]: queries: client 170.140.222.200#56225: query: espn.go.com IN AAAA + (170.140.1.1)
<182>Aug 18 09:09:45 isc.bind.test.com named[15245]: queries: client 170.140.229.208#56998: query: E14MBXPF1N.Enterprise.emory.net IN AAAA + (170.140.1.1)
<182>Aug 18 09:09:45 isc.bind.test.com named[15245]: queries: client 170.140.211.243#59454: query: 13IM-P45050.library.emory.edu IN A + (170.140.1.1)
<182>Aug 18 09:09:45 isc.bind.test.com named[15245]: queries: client 170.140.222.200#57843: query: en.wikipedia.org IN A + (170.140.1.1)
<182>Aug 18 09:09:45 isc.bind.test.com named[23597]: queries: client 10.40.67.206#59607: query: a692.g.akamai.net IN A + (170.140.2.1)
<182>Aug 18 09:09:45 isc.bind.test.com named[16954]: queries: client 10.224.47.140#57658: query: db._dns-sd._udp.0.46.224.10.in-addr.arpa IN PTR + (170.140.2.1)
<171>Aug 18 09:09:45 isc.bind.test.com named[31715]: security: error: client 172.30.8.4#40658: request has invalid signature: TSIG blaze.eushc.org: tsig verify failure (BADKEY)
<182>Aug 18 09:09:45 isc.bind.test.com named[23597]: queries: client 170.140.174.238#56414: query: addcacvm2.Eu.Emory.Edu IN A + (170.140.2.1)
<182>Aug 18 09:09:45 isc.bind.test.com named[3479]: queries: client 170.140.35.189#56744: query: usatoday1.112.2o7.net IN A + (170.140.2.1)
<182>Aug 18 09:09:45 isc.bind.test.com named[3479]: queries: client 170.140.35.189#60817: query: js.revsci.net IN A + (170.140.2.1)
<182>Aug 18 09:09:45 isc.bind.test.com named[9023]: queries: client 170.140.203.96#55303: query: avamar1.emory.edu IN A + (170.140.200.20)
<182>Aug 18 09:09:45 isc.bind.test.com named[9023]: queries: client 170.140.24.12#33420: query: _nfsv4idmapdomain.cc.emory.edu IN TXT + (170.140.1.1)
<182>Aug 18 09:09:45 isc.bind.test.com named[3479]: queries: client 170.140.18.194#56958: query: pagead2.googlesyndication.com IN AAAA + (170.140.2.1)
<182>Aug 18 09:09:45 isc.bind.test.com named[3479]: queries: client 170.140.62.158#50410: query: autodiscover.emory.edu IN A + (170.140.2.1)
<182>Aug 18 09:09:45 isc.bind.test.com named[16954]: queries: client 10.224.40.181#58342: query: us.rd.yahoo.com IN A + (170.140.2.1)
<182>Aug 18 09:09:45 isc.bind.test.com named[16954]: queries: client 170.140.223.201#64070: query: cache-01.cleanprint.net IN AAAA + (170.140.2.1)
<182>Aug 18 09:09:45 isc.bind.test.com named[3479]: queries: client 170.140.107.181#64389: query: spe.atdmt.com IN A + (170.140.2.1)
<182>Aug 18 09:09:45 isc.bind.test.com named[8184]: queries: client 170.140.10.186#37703: query: lb._dns-sd._udp.0.1.0.10.in-addr.arpa IN PTR + (170.140.2.1)
<182>Aug 18 09:09:45 isc.bind.test.com named[8184]: queries: client 170.140.10.186#44802: query: r._dns-sd._udp.0.1.0.10.in-addr.arpa IN PTR + (170.140.2.1)
<182>Aug 18 09:09:45 isc.bind.test.com named[8184]: queries: client 170.140.10.186#39098: query: db._dns-sd._udp.0.13.16.172.in-addr.arpa IN PTR + (170.140.2.1)
<182>Aug 18 09:09:45 isc.bind.test.com named[8184]: queries: client 170.140.10.186#48196: query: dr._dns-sd._udp.0.1.0.10.in-addr.arpa IN PTR + (170.140.2.1)
<182>Aug 18 09:09:45 isc.bind.test.com named[8184]: queries: client 170.140.10.186#44755: query: lb._dns-sd._udp.0.13.16.172.in-addr.arpa IN PTR + (170.140.2.1)
<182>Aug 18 09:09:45 isc.bind.test.com named[8184]: queries: client 170.140.10.186#41590: query: b._dns-sd._udp.0.119.16.172.in-addr.arpa IN PTR + (170.140.2.1)
<182>Aug 18 09:09:45 isc.bind.test.com named[17137]: queries: client 10.40.157.152#53715: query: mail.google.com IN A + (170.140.2.1)
<182>Aug 18 09:09:45 isc.bind.test.com named[8184]: queries: client 170.140.10.186#37188: query: r._dns-sd._udp.0.13.16.172.in-addr.arpa IN PTR + (170.140.2.1)
<182>Aug 18 09:09:45 isc.bind.test.com named[8184]: queries: client 170.140.10.186#44764: query: db._dns-sd._udp.0.119.16.172.in-addr.arpa IN PTR + (170.140.2.1)
<182>Aug 18 09:09:45 isc.bind.test.com named[15245]: queries: client 170.140.11.130#49942: query: _ldap._tcp.Academic._sites.dc._msdcs.Eu.Emory.Edu IN SRV + (170.140.1.1)
<182>Aug 18 09:09:45 isc.bind.test.com named[8184]: queries: client 170.140.10.186#48960: query: db._dns-sd._udp.oxford.emory.edu IN PTR + (170.140.2.1)
<182>Aug 18 09:09:45 isc.bind.test.com named[8184]: queries: client 170.140.10.186#38779: query: lb._dns-sd._udp.0.119.16.172.in-addr.arpa IN PTR + (170.140.2.1)
<182>Aug 18 09:09:45 isc.bind.test.com named[8184]: queries: client 170.140.10.186#44907: query: dr._dns-sd._udp.oxford.emory.edu IN PTR + (170.140.2.1)
<182>Aug 18 09:09:45 isc.bind.test.com named[8184]: queries: client 170.140.10.186#38329: query: dr._dns-sd._udp.0.13.16.172.in-addr.arpa IN PTR + (170.140.2.1)
<182>Aug 18 09:09:45 isc.bind.test.com named[16954]: queries: client 170.140.240.212#62984: query: iwitness.weather.com IN A + (170.140.2.1)
<182>Aug 18 09:09:45 isc.bind.test.com named[23597]: queries: client 170.140.56.30#54470: query: f.chtah.com IN A + (170.140.2.1)
<182>Aug 18 09:09:45 isc.bind.test.com named[3479]: queries: client 170.140.19.120#52896: query: ad.wsod.com IN A + (170.140.2.1)
<182>Aug 18 09:09:45 isc.bind.test.com named[8184]: queries: client 170.140.10.163#49156: query: b.scorecardresearch.com IN A + (170.140.2.1)
<182>Aug 18 09:09:45 isc.bind.test.com named[15245]: queries: client 10.40.219.245#56228: query: download.windowsupdate.com IN A + (170.140.2.1)
<182>Aug 18 09:09:45 isc.bind.test.com named[16954]: queries: client 170.140.31.214#59042: query: live.interactioncs.com IN A + (170.140.2.1)
<182>Aug 18 09:09:45 isc.bind.test.com named[16954]: queries: client 170.140.192.176#65331: query: ox-d.dataxu.com IN A + (170.140.2.1)
<182>Aug 18 09:09:45 isc.bind.test.com named[16954]: queries: client 170.140.240.212#60577: query: store.weather.com IN A + (170.140.2.1)
<182>Aug 18 09:09:45 isc.bind.test.com named[23597]: queries: client 170.140.56.30#61665: query: f.e.harryanddavid.com IN A + (170.140.2.1)
<182>Aug 18 09:09:45 isc.bind.test.com named[15245]: queries: client 170.140.222.200#51539: query: www.msnbc.msn.com IN A + (170.140.1.1)
<182>Aug 18 09:09:45 isc.bind.test.com named[16954]: queries: client 170.140.152.181#58804: query: cf._dns-sd._udp.cet.emory.edu IN TXT + (170.140.2.1)
<182>Aug 18 09:09:45 isc.bind.test.com named[16954]: queries: client 170.140.192.176#63804: query: idpix.media6degrees.com IN A + (170.140.2.1)
<182>Aug 18 09:09:45 isc.bind.test.com named[15245]: queries: client 10.224.46.112#61927: query: e5053.c.akamaiedge.net IN AAAA + (170.140.1.1)
<182>Aug 18 09:09:45 isc.bind.test.com named[16954]: queries: client 170.140.152.181#55023: query: configuration.apple.com IN A + (170.140.2.1)
<182>Aug 18 09:09:45 isc.bind.test.com named[3479]: queries: client 170.140.19.231#60836: query: apis.google.com IN AAAA + (170.140.2.1)
<182>Aug 18 09:09:45 isc.bind.test.com named[16954]: queries: client 170.140.152.181#50365: query: 181.152.140.170.in-addr.arpa IN PTR + (170.140.2.1)
<182>Aug 18 09:09:45 isc.bind.test.com named[15245]: queries: client 170.140.14.233#61896: query: _ldap._tcp.145bece2-f2df-4d68-a983-e75d3a8c8a99.domains._msdcs.Emory.Edu IN SRV + (170.140.1.1)
<182>Aug 18 09:09:45 isc.bind.test.com named[16954]: queries: client 170.140.223.211#60003: query: dns.msftncsi.com IN A + (170.140.2.1)
<182>Aug 18 09:09:45 isc.bind.test.com named[16954]: queries: client 170.140.240.212#61123: query: www.theweatherchannelkids.com IN A + (170.140.2.1)
<182>Aug 18 09:09:45 isc.bind.test.com named[9023]: queries: client 10.231.8.141#48159: query: 39.202.140.170.in-addr.arpa IN PTR + (170.140.1.1)
<182>Aug 18 09:09:45 isc.bind.test.com named[15245]: queries: client 10.224.46.112#56603: query: cdn.stumble-upon.com IN A + (170.140.1.1)
<182>Aug 18 09:09:45 isc.bind.test.com named[16954]: queries: client 170.140.240.212#56609: query: www.webmd.com IN A + (170.140.2.1)
<182>Aug 18 09:09:45 isc.bind.test.com named[3479]: queries: client 170.140.19.120#62744: query: ad.doubleclick.net IN A + (170.140.2.1)
<182>Aug 18 09:09:45 isc.bind.test.com named[15245]: queries: client 170.140.207.157#53307: query: client.dict.cn IN A + (170.140.1.1)
<182>Aug 18 09:09:45 isc.bind.test.com named[3479]: queries: client 170.140.18.194#59972: query: www.googletagservices.com IN A + (170.140.2.1)
<182>Aug 18 09:09:45 isc.bind.test.com named[23597]: queries: client 170.140.174.118#58223: query: www.pdfforge.org IN A + (170.140.2.1)
<182>Aug 18 09:09:45 isc.bind.test.com named[15245]: queries: client 10.224.46.112#49193: query: a1001.c.akamai.net IN A + (170.140.1.1)
<182>Aug 18 09:09:45 isc.bind.test.com named[3479]: queries: client 170.140.18.194#61709: query: www.googletagservices.com IN AAAA + (170.140.2.1)
<182>Aug 18 09:09:45 isc.bind.test.com named[3479]: queries: client 170.140.19.120#51834: query: ads1.msads.net IN AAAA + (170.140.2.1)
<182>Aug 18 09:09:45 isc.bind.test.com named[3479]: queries: client 170.140.19.231#60005: query: api-public.addthis.com IN A + (170.140.2.1)
<182>Aug 18 09:09:45 isc.bind.test.com named[23597]: queries: client 170.140.156.15#63698: query: d.agkn.com IN A + (170.140.1.1)
<182>Aug 18 09:09:45 isc.bind.test.com named[16954]: queries: client 10.40.17.0#62537: query: www.huffingtonpost.com IN A + (170.140.2.1)
<182>Aug 18 09:09:45 isc.bind.test.com named[23597]: queries: client 170.140.156.15#49446: query: a1189.g.akamai.net IN A + (170.140.1.1)
<182>Aug 18 09:09:45 isc.bind.test.com named[23597]: queries: client 170.140.174.20#54992: query: 244.72.40.10.in-addr.arpa IN PTR + (170.140.2.1)
<182>Aug 18 09:09:45 isc.bind.test.com named[15245]: queries: client 170.140.11.61#57808: query: e.yimg.com IN A + (170.140.1.1)
<182>Aug 18 09:09:45 isc.bind.test.com named[21326]: queries: client 170.140.52.92#50059: query: lycos.com IN AAAA + (170.140.2.1)
<182>Aug 18 09:09:45 isc.bind.test.com named[3479]: queries: client 170.140.19.231#49478: query: msnbc.jump-time.net IN A + (170.140.2.1)
<182>Aug 18 09:09:45 isc.bind.test.com named[15245]: queries: client 170.140.11.61#54890: query: cheetah.vizu.com IN A + (170.140.1.1)
<182>Aug 18 09:09:45 isc.bind.test.com named[15245]: queries: client 170.140.11.61#62064: query: upcoming.yahoo.com IN A + (170.140.1.1)
<182>Aug 18 09:09:45 isc.bind.test.com named[16954]: queries: client 170.140.240.212#49997: query: twcmediakit.com IN A + (170.140.2.1)
<182>Aug 18 09:09:45 isc.bind.test.com named[31715]: queries: client 163.246.227.19#63851: query: d.chango.com IN A + (170.140.2.1)
<182>Aug 18 09:09:45 isc.bind.test.com named[15245]: queries: client 170.140.212.24#54104: query: cdn.turn.com IN A + (170.140.1.1)
<182>Aug 18 09:09:45 isc.bind.test.com named[15245]: queries: client 10.110.61.15#38436: query: pac.kcc.com IN A + (170.140.1.1)
<182>Aug 18 09:09:45 isc.bind.test.com named[3479]: queries: client 170.140.35.189#52439: query: ad.yieldmanager.com IN A + (170.140.2.1)
<182>Aug 18 09:09:45 isc.bind.test.com named[15245]: queries: client 170.140.212.24#55413: query: ad.turn.com IN AAAA + (170.140.1.1)
<182>Aug 18 09:09:45 isc.bind.test.com named[23597]: queries: client 170.140.38.135#62311: query: _nfsv4idmapdomain.cc.emory.edu IN TXT + (170.140.1.1)
<182>Aug 18 09:09:45 isc.bind.test.com named[23597]: queries: client 170.140.38.135#62313: query: _nfsv4idmapdomain.service.emory.edu IN TXT + (170.140.1.1)
<182>Aug 18 09:09:45 isc.bind.test.com named[15245]: queries: client 170.140.222.200#64593: query: www.msnbc.msn.com IN AAAA + (170.140.1.1)
<182>Aug 18 09:09:46 isc.bind.test.com named[3479]: queries: client 170.140.19.231#53866: query: wpad.Eu.Emory.Edu IN A + (170.140.2.1)
<182>Aug 18 09:09:46 isc.bind.test.com named[3479]: queries: client 170.140.19.231#49497: query: urs.microsoft.com IN AAAA + (170.140.2.1)
<182>Aug 18 09:09:46 isc.bind.test.com named[16954]: queries: client 170.140.152.181#65262: query: time.apple.com IN AAAA + (170.140.2.1)
<182>Aug 18 09:09:46 isc.bind.test.com named[16954]: queries: client 170.140.236.183#65227: query: googleads.g.doubleclick.net IN A + (170.140.2.1)
<182>Aug 18 09:09:46 isc.bind.test.com named[23597]: queries: client 170.140.156.15#49229: query: a.dlqm.net IN A + (170.140.1.1)
<182>Aug 18 09:09:46 isc.bind.test.com named[16954]: queries: client 170.140.194.120#52958: query: ce.lijit.com IN A + (170.140.2.1)
<182>Aug 18 09:09:46 isc.bind.test.com named[16954]: queries: client 170.140.194.120#54771: query: sync.adap.tv IN A + (170.140.2.1)
<182>Aug 18 09:09:46 isc.bind.test.com named[15245]: queries: client 170.140.11.122#63574: query: emory.edu IN A + (170.140.1.1)
<182>Aug 18 09:09:46 isc.bind.test.com named[16954]: queries: client 170.140.194.120#53636: query: r.openx.net IN A + (170.140.2.1)
<182>Aug 18 09:09:46 isc.bind.test.com named[9023]: queries: client 10.231.8.146#59277: query: euclsp02-scan.cc.emory.edu.cc.emory.edu IN AAAA + (170.140.1.1)
<182>Aug 18 09:09:46 isc.bind.test.com named[9023]: queries: client 10.231.8.146#40086: query: euclsp02-scan.cc.emory.edu IN A + (170.140.1.1)
<182>Aug 18 09:09:46 isc.bind.test.com named[23597]: queries: client 10.224.60.138#63924: query: ad.doubleclick.net IN A + (170.140.2.1)
<182>Aug 18 09:09:46 isc.bind.test.com named[9023]: queries: client 10.231.8.146#36306: query: euclsp02-scan.cc.emory.edu IN A + (170.140.1.1)
<182>Aug 18 09:09:46 isc.bind.test.com named[15245]: queries: client 170.140.246.148#58772: query: a.www.trumba.com IN A + (170.140.1.1)
<182>Aug 18 09:09:46 isc.bind.test.com named[15245]: queries: client 170.140.230.174#50653: query: _ldap._tcp.dc._msdcs.genetics.emory.edu IN SRV + (170.140.1.1)
<182>Aug 18 09:09:46 isc.bind.test.com named[3479]: queries: client 170.140.19.231#53209: query: track.pubmatic.com IN AAAA + (170.140.2.1)
<182>Aug 18 09:09:46 isc.bind.test.com named[16954]: queries: client 170.140.230.174#51630: query: _ldap._tcp.dc._msdcs.genetics.emory.edu IN SRV + (170.140.2.1)
<182>Aug 18 09:09:46 isc.bind.test.com named[16954]: queries: client 170.140.230.174#51630: query: _ldap._tcp.dc._msdcs.genetics.emory.edu IN SRV + (170.140.2.1)
<182>Aug 18 09:09:46 isc.bind.test.com named[23597]: queries: client 10.224.60.246#49571: query: ib.adnxs.com IN A + (170.140.2.1)
<182>Aug 18 09:09:46 isc.bind.test.com named[23597]: queries: client 170.140.156.15#49442: query: a568.d.akamai.net IN A + (170.140.1.1)
<182>Aug 18 09:09:46 isc.bind.test.com named[3479]: queries: client 170.140.107.189#53894: query: wpad.Eu.Emory.Edu IN A + (170.140.2.1)
<182>Aug 18 09:09:46 isc.bind.test.com named[3479]: queries: client 170.140.19.120#62837: query: urs.microsoft.com IN A + (170.140.2.1)
<182>Aug 18 09:09:46 isc.bind.test.com named[9023]: queries: client 10.231.8.146#35357: query: euclsp02-scan.cc.emory.edu.cc.emory.edu IN AAAA + (170.140.1.1)
<182>Aug 18 09:09:46 isc.bind.test.com named[16954]: queries: client 10.224.44.25#57387: query: connect.facebook.net IN A + (170.140.2.1)
<182>Aug 18 09:09:46 isc.bind.test.com named[3479]: queries: client 170.140.107.189#54617: query: wpad.Emory.Edu IN A + (170.140.2.1)
<182>Aug 18 09:09:46 isc.bind.test.com named[15245]: queries: client 170.140.207.206#42673: query: files.web.emory.edu IN A + (170.140.1.1)
<171>Aug 18 09:09:46 isc.bind.test.com named[21311]: update-security: error: client 170.140.51.204#55276: update forwarding 'wireless.emory.edu/IN' denied
<182>Aug 18 09:09:46 isc.bind.test.com named[3479]: queries: client 170.140.19.231#61195: query: view.atdmt.com IN AAAA + (170.140.2.1)
<182>Aug 18 09:09:46 isc.bind.test.com named[31573]: queries: client 10.128.128.22#13729: query: eurac10-vip.cc.emory.edu IN A + (170.140.9.118)
<182>Aug 18 09:09:46 isc.bind.test.com named[16954]: queries: client 170.140.223.201#60989: query: mediacdn.disqus.com IN AAAA + (170.140.2.1)
<182>Aug 18 09:09:46 isc.bind.test.com named[16954]: queries: client 170.140.235.225#64023: query: c.msn.com IN A + (170.140.2.1)
<182>Aug 18 09:09:46 isc.bind.test.com named[15245]: queries: client 170.140.222.200#49461: query: www.politico.com IN AAAA + (170.140.1.1)
<182>Aug 18 09:09:46 isc.bind.test.com named[15245]: queries: client 170.140.219.143#63112: query: feeds.wired.com IN A + (170.140.1.1)
<182>Aug 18 09:09:46 isc.bind.test.com named[15245]: queries: client 170.140.222.200#56374: query: www.joplinglobe.com IN AAAA + (170.140.1.1)
<182>Aug 18 09:09:46 isc.bind.test.com named[15245]: queries: client 170.140.119.69#35459: query: 111.1.165.137.in-addr.arpa IN PTR + (170.140.1.1)
<182>Aug 18 09:09:46 isc.bind.test.com named[15245]: queries: client 170.140.120.21#30773: query: 166.1.1.10.IN-ADDR.ARPA IN PTR + (170.140.1.1)
<182>Aug 18 09:09:46 isc.bind.test.com named[16954]: queries: client 170.140.181.56#56736: query: www.google.com IN AAAA + (170.140.2.1)
<182>Aug 18 09:09:46 isc.bind.test.com named[3479]: queries: client 170.140.19.231#54090: query: cf.addthis.com IN A + (170.140.2.1)
<182>Aug 18 09:09:46 isc.bind.test.com named[23597]: queries: client 170.140.100.114#50389: query: nbs.genetics.emory.edu IN A + (170.140.2.1)
<182>Aug 18 09:09:46 isc.bind.test.com named[3479]: queries: client 170.140.19.231#65081: query: l.addthiscdn.com IN A + (170.140.2.1)
<182>Aug 18 09:09:46 isc.bind.test.com named[15245]: queries: client 170.140.65.11#61884: query: rd.a9.com IN A + (170.140.1.1)
<182>Aug 18 09:09:46 isc.bind.test.com named[15245]: queries: client 170.140.120.21#60687: query: 143.183.58.69.IN-ADDR.ARPA IN PTR + (170.140.1.1)
<182>Aug 18 09:09:46 isc.bind.test.com named[31715]: queries: client 163.246.243.49#49663: query: c.statcounter.com.eushc.org IN AAAA + (170.140.2.1)
<182>Aug 18 09:09:46 isc.bind.test.com named[16954]: queries: client 10.224.33.233#56221: query: medadmin.emory.edu IN NS + (170.140.2.1)
<182>Aug 18 09:09:46 isc.bind.test.com named[9023]: queries: client 10.231.10.20#36704: query: 37.202.140.170.in-addr.arpa IN PTR + (170.140.1.1)
<182>Aug 18 09:09:46 isc.bind.test.com named[15245]: queries: client 170.140.222.200#52024: query: www.usatoday.com IN A + (170.140.1.1)
<182>Aug 18 09:09:46 isc.bind.test.com named[15245]: queries: client 170.140.119.69#51163: query: planet1.scs.cs.nyu.edu IN A + (170.140.1.1)
<182>Aug 18 09:09:46 isc.bind.test.com named[3479]: queries: client 170.140.35.189#64758: query: puma.vizu.com IN A + (170.140.2.1)
<182>Aug 18 09:09:46 isc.bind.test.com named[16954]: queries: client 10.224.33.233#64617: query: 233.33.224.10.in-addr.arpa IN SOA + (170.140.2.1)
<182>Aug 18 09:09:46 isc.bind.test.com named[15245]: queries: client 170.140.119.69#48939: query: planet1.scs.cs.nyu.edu IN A + (170.140.1.1)
<182>Aug 18 09:09:46 isc.bind.test.com named[31573]: queries: client 170.140.137.123#32770: query: 0.0.0.0.in-addr.arpa IN PTR + (170.140.1.1)
<182>Aug 18 09:09:46 isc.bind.test.com named[31573]: queries: client 170.140.137.123#32770: query: 0.0.0.0.in-addr.arpa IN PTR + (170.140.1.1)
<182>Aug 18 09:09:46 isc.bind.test.com named[15245]: queries: client 170.140.207.206#58121: query: files.web.emory.edu IN A + (170.140.1.1)
<182>Aug 18 09:09:46 isc.bind.test.com named[31573]: queries: client 170.140.137.123#32770: query: 0.0.0.0.in-addr.arpa IN PTR + (170.140.1.1)
<182>Aug 18 09:09:46 isc.bind.test.com named[15245]: queries: client 170.140.119.69#47108: query: 178.92.52.72.in-addr.arpa IN PTR + (170.140.1.1)
<182>Aug 18 09:09:46 isc.bind.test.com named[15245]: queries: client 170.140.14.234#50460: query: NAFEPNCSEBE05.ad.newellco.com IN A + (170.140.1.1)
<182>Aug 18 09:09:46 isc.bind.test.com named[16954]: queries: client 170.140.237.168#55100: query: E14MBXPF1N.Enterprise.emory.net IN A + (170.140.2.1)
<182>Aug 18 09:09:46 isc.bind.test.com named[16954]: queries: client 170.140.194.120#58917: query: sync.mathtag.com IN A + (170.140.2.1)
<182>Aug 18 09:09:46 isc.bind.test.com named[16954]: queries: client 170.140.223.214#55279: query: photos-c.ak.fbcdn.net IN A + (170.140.2.1)
<182>Aug 18 09:09:46 isc.bind.test.com named[16954]: queries: client 10.224.41.100#1056: query: 100.41.224.10.ddns.in-addr.arpa IN PTR + (170.140.2.1)
<182>Aug 18 09:09:46 isc.bind.test.com named[25614]: queries: client 170.140.183.74#54934: query: vlad.service.emory.edu IN AAAA + (170.140.1.1)
<182>Aug 18 09:09:46 isc.bind.test.com named[15245]: queries: client 170.140.222.200#65356: query: www.daytondailynews.com IN A + (170.140.1.1)
<182>Aug 18 09:09:46 isc.bind.test.com named[15245]: queries: client 170.140.245.101#52918: query: a.www.trumba.com IN A + (170.140.1.1)
<182>Aug 18 09:09:46 isc.bind.test.com named[16954]: queries: client 170.140.236.231#51536: query: addcacvm2.Eu.Emory.Edu IN A + (170.140.2.1)
<182>Aug 18 09:09:46 isc.bind.test.com named[3479]: queries: client 170.140.177.183#59340: query: clients1.google.com IN AAAA + (170.140.2.1)
<182>Aug 18 09:09:46 isc.bind.test.com named[31573]: queries: client 170.140.52.78#60654: query: marketingwhitepaperlibrary.com IN AAAA + (170.140.1.1)
<182>Aug 18 09:09:46 isc.bind.test.com named[15245]: queries: client 170.140.25.100#33281: query: ProvisionServer IN A + (170.140.1.1)
<182>Aug 18 09:09:46 isc.bind.test.com named[23597]: queries: client 10.40.73.211#26384: query: 198.52.140.170.in-addr.arpa IN PTR + (170.140.2.1)
<171>Aug 18 09:09:47 isc.bind.test.com named[13749]: general: error: malformed transaction: ddb.device.eushc.org.jnl last serial 2011096993 != transaction first serial 2013113643
<182>Aug 18 09:09:47 isc.bind.test.com named[15245]: queries: client 206.57.78.4#32834: query: 1.42.16.10.in-addr.arpa IN PTR + (170.140.1.1)
<182>Aug 18 09:09:47 isc.bind.test.com named[16954]: queries: client 170.140.195.100#57361: query: THE-RSTAIB-01A.emory.edu IN A + (170.140.2.1)
<182>Aug 18 09:09:47 isc.bind.test.com named[15245]: queries: client 170.140.14.231#50312: query: www.apple.com IN A + (170.140.1.1)
<171>Aug 18 09:09:47 isc.bind.test.com named[13749]: general: error: dumping master file: tmp-jC3DFajTNP: open: permission denied
<182>Aug 18 09:09:48 isc.bind.test.com named[3086]: queries: client 170.140.2.1#37591: query: hostname.bind CH TXT + (170.140.2.1)
<182>Aug 18 09:09:48 isc.bind.test.com named[15245]: queries: client 170.140.222.200#61712: query: weblogs.marylandweather.com IN AAAA + (170.140.1.1)
<182>Aug 18 09:09:48 isc.bind.test.com named[23597]: queries: client 10.40.68.187#62192: query: el.wikipedia.org IN A + (170.140.2.1)
<182>Aug 18 09:09:49 isc.bind.test.com named[15245]: queries: client 170.140.8.90#52101: query: www.amazon.com IN A + (170.140.1.1)
<182>Aug 18 09:09:49 isc.bind.test.com named[16954]: queries: client 10.40.17.0#60093: query: js.adsonar.com IN A + (170.140.2.1)
<182>Aug 18 09:09:49 isc.bind.test.com named[21326]: queries: client 170.140.52.92#50021: query: ITManagerNews.com IN AAAA + (170.140.2.1)
<182>Aug 18 09:09:49 isc.bind.test.com named[15245]: queries: client 170.140.14.230#51770: query: cam.xu.edu IN A + (170.140.1.1)
<182>Aug 18 09:09:49 isc.bind.test.com named[9023]: queries: client 170.140.18.251#52986: query: dr._dns-sd._udp.0.10.40.10.in-addr.arpa IN PTR + (170.140.1.1)
<182>Aug 18 09:09:50 isc.bind.test.com named[15245]: queries: client 170.140.212.24#52748: query: www.myfitnesspal.com IN AAAA + (170.140.1.1)
<182>Aug 18 09:09:50 isc.bind.test.com named[15245]: queries: client 170.140.14.231#62261: query: 8RTPPD1.na.ikon.net IN SOA + (170.140.1.1)
<182>Aug 18 09:09:50 isc.bind.test.com named[15245]: queries: client 170.140.11.61#57758: query: googleads.g.doubleclick.net IN A + (170.140.1.1)
<182>Aug 18 09:09:51 isc.bind.test.com named[15245]: queries: client 170.140.120.2#57461: query: www.turnerstoreonline.com IN A + (170.140.1.1)
<182>Aug 18 09:09:51 isc.bind.test.com named[31715]: queries: client 163.246.213.37#38367: query: loadus.exelator.com IN A + (170.140.2.1)
<182>Aug 18 09:09:51 isc.bind.test.com named[9023]: queries: client 10.231.10.156#46354: query: redcpdbdev1.cc.emory.edu IN A + (170.140.1.1)
<182>Aug 18 09:09:51 isc.bind.test.com named[9023]: queries: client 170.140.203.101#64869: query: _ldap._tcp.pdc._msdcs.Eu.Emory.Edu IN SRV + (170.140.200.20)
<182>Aug 18 09:09:51 isc.bind.test.com named[15245]: queries: client 170.140.234.72#25519: query: adun.v3lite.com IN A + (170.140.1.1)
<182>Aug 18 09:09:51 isc.bind.test.com named[3479]: queries: client 170.140.107.191#56151: query: isatap.medadmin.emory.edu IN A + (170.140.2.1)
<182>Aug 18 09:09:51 isc.bind.test.com named[23597]: queries: client 10.40.93.161#49695: query: www.learnlink.emory.edu IN A + (170.140.2.1)
<182>Aug 18 09:09:51 isc.bind.test.com named[16954]: queries: client 170.140.230.87#37599: query: l1.yimg.com IN A + (170.140.2.1)
<182>Aug 18 09:09:52 isc.bind.test.com named[21326]: queries: client 170.140.52.92#50088: query: emorylb2dmz.cc.emory.edu IN A + (170.140.2.1)
<182>Aug 18 09:09:52 isc.bind.test.com named[16954]: queries: client 170.140.189.114#56359: query: addcad2.Eu.Emory.Edu IN A + (170.140.2.1)
<182>Aug 18 09:09:52 isc.bind.test.com named[15245]: queries: client 170.140.120.2#57053: query: theguardiansecurity.com IN A + (170.140.1.1)
<182>Aug 18 09:09:52 isc.bind.test.com named[31573]: queries: client 170.140.53.61#58837: query: oranamesrvr0.cc.emory.edu IN A + (170.140.9.118)
<182>Aug 18 09:09:52 isc.bind.test.com named[16954]: queries: client 170.140.153.200#49531: query: 200.153.140.170.in-addr.arpa IN PTR + (170.140.2.1)
<182>Aug 18 09:09:52 isc.bind.test.com named[9023]: queries: client 170.140.139.200#56662: query: emory.service-now.com IN A + (170.140.1.1)
<182>Aug 18 09:09:52 isc.bind.test.com named[23597]: queries: client 10.40.87.226#57210: query: isatap.hsd1.ga.comcast.net IN A + (170.140.2.1)
<182>Aug 18 09:09:52 isc.bind.test.com named[15245]: queries: client 170.140.119.69#39935: query: 85.167.151.146.in-addr.arpa IN PTR + (170.140.1.1)
<182>Aug 18 09:09:52 isc.bind.test.com named[21326]: queries: client 170.140.52.92#50088: query: emory.edu IN AAAA + (170.140.2.1)
<182>Aug 18 09:09:52 isc.bind.test.com named[21326]: queries: client 170.140.52.92#50088: query: ldapsm0.cc.emory.edu IN AAAA + (170.140.2.1)
<182>Aug 18 09:09:52 isc.bind.test.com named[15245]: queries: client 170.140.207.206#48122: query: files.web.emory.edu IN A + (170.140.1.1)
<182>Aug 18 09:09:52 isc.bind.test.com named[15245]: queries: client 170.140.211.223#59500: query: wpad.genlibad.library.emory.edu IN A + (170.140.1.1)
<182>Aug 18 09:09:52 isc.bind.test.com named[15245]: queries: client 170.140.211.223#56296: query: wpad.library.emory.edu IN A + (170.140.1.1)
<182>Aug 18 09:09:52 isc.bind.test.com named[16954]: queries: client 10.224.40.181#51377: query: content.yieldmanager.com IN A + (170.140.2.1)
<182>Aug 18 09:09:52 isc.bind.test.com named[15245]: queries: client 170.140.211.223#54847: query: wpad.library.emory.edu IN A + (170.140.1.1)
<182>Aug 18 09:09:52 isc.bind.test.com named[16954]: queries: client 170.140.6.131#64478: query: c.amazon-cornerstone.com IN A + (170.140.2.1)
<182>Aug 18 09:09:52 isc.bind.test.com named[15245]: queries: client 170.140.119.69#54572: query: 121.6.54.154.in-addr.arpa IN PTR + (170.140.1.1)
<182>Aug 18 09:09:52 isc.bind.test.com named[15245]: queries: client 170.140.98.240#49359: query: www.microsoft.com IN A + (170.140.1.1)
<182>Aug 18 09:09:52 isc.bind.test.com named[15245]: queries: client 170.140.45.107#52575: query: img-cdn.mediaplex.com IN A + (170.140.1.1)
<182>Aug 18 09:09:52 isc.bind.test.com named[23597]: queries: client 10.40.87.226#57384: query: _ldap._tcp.dc._msdcs.wireless.emory.edu IN SRV + (170.140.2.1)
<182>Aug 18 09:09:52 isc.bind.test.com named[15245]: queries: client 170.140.243.212#60791: query: a1444.g.akamai.net IN A + (170.140.1.1)
<182>Aug 18 09:09:52 isc.bind.test.com named[16954]: queries: client 10.40.17.0#56608: query: reddit.com IN A + (170.140.2.1)
<182>Aug 18 09:09:52 isc.bind.test.com named[15245]: queries: client 170.140.119.69#38227: query: 86.29.54.154.in-addr.arpa IN PTR + (170.140.1.1)
<182>Aug 18 09:09:52 isc.bind.test.com named[15245]: queries: client 170.140.120.2#64577: query: a1362.b.akamai.net IN A + (170.140.1.1)
<182>Aug 18 09:09:52 isc.bind.test.com named[21326]: queries: client 170.140.52.92#50088: query: na3sys009amx214.postini.com IN A + (170.140.2.1)
<182>Aug 18 09:09:52 isc.bind.test.com named[31573]: queries: client 170.140.137.164#51250: query: _ldap._tcp.pdc._msdcs.Eu.Emory.Edu IN SRV + (170.140.1.1)
<171>Aug 18 09:09:52 isc.bind.test.com named[31715]: security: error: client 172.30.8.4#26439: request has invalid signature: TSIG blaze.eushc.org: tsig verify failure (BADKEY)
<174>Aug 18 09:09:52 isc.bind.test.com named[29076]: xfer-in: info: transfer of 'device.eushc.org/IN' from 163.246.8.8#53: Transfer completed: 1 messages, 5 records, 322 bytes, 0.041 secs (7853 bytes/sec)
<182>Aug 18 09:09:52 isc.bind.test.com named[25614]: queries: client 170.140.30.71#63108: query: eu-oms.service.emory.edu.emory.edu IN AAAA + (170.140.200.38)
<182>Aug 18 09:09:52 isc.bind.test.com named[23597]: queries: client 10.40.65.40#55677: query: www.adobe.com IN A + (170.140.2.1)
<182>Aug 18 09:09:52 isc.bind.test.com named[16954]: queries: client 10.40.17.0#57782: query: www.mapquest.com IN A + (170.140.2.1)
<182>Aug 18 09:09:52 isc.bind.test.com named[15245]: queries: client 170.140.45.107#60887: query: www.facebook.com IN A + (170.140.1.1)
<182>Aug 18 09:09:52 isc.bind.test.com named[15245]: queries: client 170.140.119.69#45762: query: 14.3.54.154.in-addr.arpa IN PTR + (170.140.1.1)
<182>Aug 18 09:09:52 isc.bind.test.com named[15245]: queries: client 170.140.119.69#52151: query: 90.40.54.154.in-addr.arpa IN PTR + (170.140.1.1)
<182>Aug 18 09:09:52 isc.bind.test.com named[16954]: queries: client 170.140.189.91#50924: query: c.betrad.com IN AAAA + (170.140.2.1)
<182>Aug 18 09:09:52 isc.bind.test.com named[9023]: queries: client 170.140.19.211#62752: query: s.ytimg.com IN AAAA + (170.140.1.1)
<182>Aug 18 09:09:52 isc.bind.test.com named[9023]: queries: client 170.140.19.225#50410: query: www.wunderground.com IN A + (170.140.1.1)
<182>Aug 18 09:09:52 isc.bind.test.com named[15245]: queries: client 170.140.187.192#61639: query: time.apple.com IN AAAA + (170.140.1.1)
<182>Aug 18 09:09:52 isc.bind.test.com named[9023]: queries: client 10.231.8.149#45677: query: euclsp02-scan.cc.emory.edu IN A + (170.140.1.1)
<182>Aug 18 09:09:52 isc.bind.test.com named[9023]: queries: client 10.231.8.149#56016: query: euclsp02-scan.cc.emory.edu IN AAAA + (170.140.1.1)
<182>Aug 18 09:09:52 isc.bind.test.com named[9023]: queries: client 170.140.24.92#48118: query: PSEMHUB.emory.edu IN AAAA + (170.140.1.1)
<182>Aug 18 09:09:52 isc.bind.test.com named[16954]: queries: client 170.140.180.109#58129: query: ADDCACVM1.Eu.Emory.Edu IN AAAA + (170.140.2.1)
<182>Aug 18 09:09:52 isc.bind.test.com named[15245]: queries: client 170.140.241.151#56198: query: fls.doubleclick.net IN A + (170.140.1.1)
<182>Aug 18 09:09:52 isc.bind.test.com named[29325]: queries: client 163.246.224.244#60379: query: 21-courier.push.apple.com IN A + (170.140.2.1)
<182>Aug 18 09:09:52 isc.bind.test.com named[9023]: queries: client 10.231.8.149#35751: query: euclsp02-scan.cc.emory.edu.cc.emory.edu IN AAAA + (170.140.1.1)
<182>Aug 18 09:09:52 isc.bind.test.com named[23597]: queries: client 10.40.81.35#54364: query: bank30.mi.ads.mp.mydas.mobi IN A + (170.140.2.1)
<182>Aug 18 09:09:52 isc.bind.test.com named[15245]: queries: client 170.140.205.31#64213: query: _ldap._tcp.Academic._sites.dc._msdcs.sph.emory.edu IN SRV + (170.140.1.1)
<182>Aug 18 09:09:52 isc.bind.test.com named[15245]: queries: client 170.140.120.21#47433: query: 238.0.1.10.IN-ADDR.ARPA IN PTR + (170.140.1.1)
<182>Aug 18 09:09:52 isc.bind.test.com named[15245]: queries: client 10.40.76.245#50153: query: ec5.images-amazon.com IN A + (170.140.1.1)
<182>Aug 18 09:09:52 isc.bind.test.com named[16954]: queries: client 170.140.195.100#63315: query: _ldap._tcp.emory.edu IN SRV + (170.140.2.1)
<182>Aug 18 09:09:52 isc.bind.test.com named[15245]: queries: client 10.224.32.114#51645: query: cf._dns-sd._udp.som.emory.edu IN TXT + (170.140.1.1)
<182>Aug 18 09:09:53 isc.bind.test.com named[16954]: queries: client 10.224.40.181#56502: query: y-34o18jd72oc65-1313673001986.v4.bc.ipv6.yahoo.com IN A + (170.140.2.1)
<182>Aug 18 09:09:53 isc.bind.test.com named[16954]: queries: client 10.224.40.181#56339: query: y-34o18jd72oc65-1313673001986.v46.bc.ipv6.yahoo.com IN A + (170.140.2.1)
<182>Aug 18 09:09:53 isc.bind.test.com named[15245]: queries: client 170.140.60.30#65464: query: ATH3NV9TK1.cc.emory.edu IN A + (170.140.1.1)
<182>Aug 18 09:09:53 isc.bind.test.com named[16954]: queries: client 10.224.40.181#59133: query: y-34o18jd72oc65-1313673001986.wc.s1.b.yahoo.com IN A + (170.140.2.1)
<182>Aug 18 09:09:53 isc.bind.test.com named[15245]: queries: client 170.140.169.21#55128: query: bid.openx.net IN A + (170.140.2.1)
<182>Aug 18 09:09:53 isc.bind.test.com named[15245]: queries: client 170.140.98.168#50859: query: addcwsvm1.eu.emory.edu IN A + (170.140.1.1)
<182>Aug 18 09:09:53 isc.bind.test.com named[15245]: queries: client 170.140.169.21#50469: query: bid.openx.net IN AAAA + (170.140.2.1)
<182>Aug 18 09:09:53 isc.bind.test.com named[15245]: queries: client 170.140.22.110#49360: query: safebrowsing.cache.l.google.com IN A + (170.140.1.1)
<182>Aug 18 09:09:53 isc.bind.test.com named[3479]: queries: client 170.140.35.189#49490: query: adserver.adtechus.com IN AAAA + (170.140.2.1)
<182>Aug 18 09:09:53 isc.bind.test.com named[23597]: queries: client 170.140.100.114#54116: query: nbsdev.genetics.emory.edu IN A + (170.140.2.1)
<182>Aug 18 09:09:53 isc.bind.test.com named[16954]: queries: client 10.40.29.251#52589: query: dmzdcvm2.Eu.Emory.Edu IN A + (170.140.2.1)
<182>Aug 18 09:09:53 isc.bind.test.com named[15245]: queries: client 170.140.119.70#57403: query: 14.178.29.194.in-addr.arpa IN PTR + (170.140.1.1)
<182>Aug 18 09:09:53 isc.bind.test.com named[15245]: queries: client 170.140.119.70#56335: query: 25.191.136.193.in-addr.arpa IN PTR + (170.140.1.1)
<182>Aug 18 09:09:53 isc.bind.test.com named[23597]: queries: client 10.40.92.160#65381: query: www.facebook.com IN A + (170.140.2.1)
<182>Aug 18 09:09:53 isc.bind.test.com named[15245]: queries: client 170.140.119.70#54173: query: 5.35.98.155.in-addr.arpa IN PTR + (170.140.1.1)
<182>Aug 18 09:09:53 isc.bind.test.com named[16954]: queries: client 10.40.29.251#57782: query: dmzdcvm2.Eu.Emory.Edu IN AAAA + (170.140.2.1)
<182>Aug 18 09:09:53 isc.bind.test.com named[15245]: queries: client 170.140.229.72#62835: query: webcache.googleusercontent.com IN A + (170.140.1.1)
<182>Aug 18 09:09:54 isc.bind.test.com named[23597]: queries: client 10.40.126.212#20555: query: 106.67.125.74.in-addr.arpa IN PTR + (170.140.2.1)
<182>Aug 18 09:09:54 isc.bind.test.com named[3479]: queries: client 170.140.177.5#51595: query: privacy-policy.truste.com IN A + (170.140.2.1)
<182>Aug 18 09:09:53 isc.bind.test.com named[16954]: queries: client 10.40.30.235#61189: query: cabinet.bjcadm.emory.edu IN A + (170.140.2.1)
<182>Aug 18 09:09:54 isc.bind.test.com named[16954]: queries: client 170.140.208.39#64497: query: www.techfresh.net IN A + (170.140.2.1)
<182>Aug 18 09:09:54 isc.bind.test.com named[15316]: queries: client 163.246.218.147#61276: query: 18.6.40.10.in-addr.arpa IN PTR + (170.140.1.1)
<182>Aug 18 09:09:54 isc.bind.test.com named[31573]: queries: client 170.140.53.61#58839: query: eurac04-vip.cc.emory.edu IN A + (170.140.9.118)
<182>Aug 18 09:09:54 isc.bind.test.com named[16954]: queries: client 10.224.62.236#1024: query: 236.62.224.10.in-addr.arpa IN PTR + (170.140.2.1)
<182>Aug 18 09:09:54 isc.bind.test.com named[16954]: queries: client 170.140.235.96#64778: query: feeds.bbci.co.uk IN A + (170.140.2.1)
<182>Aug 18 09:09:54 isc.bind.test.com named[16954]: queries: client 170.140.235.215#52682: query: teredo.ipv6.microsoft.com IN A + (170.140.2.1)
<182>Aug 18 09:09:54 isc.bind.test.com named[15245]: queries: client 170.140.8.85#52191: query: tools.google.com IN A + (170.140.1.1)
<182>Aug 18 09:09:53 isc.bind.test.com named[15245]: queries: client 170.140.229.238#49454: query: media.cmgdigital.com IN AAAA + (170.140.1.1)
<182>Aug 18 09:09:54 isc.bind.test.com named[15245]: queries: client 10.224.46.118#51623: query: googlemail.l.google.com IN A + (170.140.1.1)
<182>Aug 18 09:09:54 isc.bind.test.com named[15245]: queries: client 170.140.45.107#56272: query: ssl.gstatic.com IN AAAA + (170.140.1.1)
<182>Aug 18 09:09:54 isc.bind.test.com named[15245]: queries: client 170.140.45.107#54921: query: ssl.gstatic.com IN A + (170.140.1.1)
<182>Aug 18 09:09:54 isc.bind.test.com named[15316]: queries: client 163.246.218.147#60194: query: 153.7.16.10.in-addr.arpa IN PTR + (170.140.1.1)
<182>Aug 18 09:09:53 isc.bind.test.com named[3479]: queries: client 170.140.64.166#59576: query: www.google.com IN A + (170.140.2.1)
<182>Aug 18 09:09:54 isc.bind.test.com named[3479]: queries: client 170.140.177.5#57781: query: icon-load-balancer-1412247675.us-east-1.elb.amazonaws.com IN A + (170.140.2.1)
<182>Aug 18 09:09:54 isc.bind.test.com named[16954]: queries: client 170.140.152.118#65503: query: cf._dns-sd._udp.0.152.140.170.in-addr.arpa IN TXT + (170.140.2.1)
<182>Aug 18 09:09:54 isc.bind.test.com named[15245]: queries: client 170.140.1.1#54998: query: hostname.bind CH TXT + (170.140.1.1)
<182>Aug 18 09:09:54 isc.bind.test.com named[8184]: queries: client 170.140.113.125#53820: query: mrd.mail.yahoo.com IN A + (170.140.2.1)
<182>Aug 18 09:09:54 isc.bind.test.com named[15245]: queries: client 170.140.229.72#57454: query: www.rollingstone.com IN A + (170.140.1.1)
<182>Aug 18 09:09:54 isc.bind.test.com named[15245]: queries: client 170.140.119.69#38363: query: s10.roxcdn.com IN A + (170.140.1.1)
<182>Aug 18 09:09:54 isc.bind.test.com named[31573]: queries: client 170.140.137.164#58787: query: _ldap._tcp.pdc._msdcs.Eu.Emory.Edu IN SRV + (170.140.1.1)
<182>Aug 18 09:09:54 isc.bind.test.com named[15245]: queries: client 170.140.11.24#51801: query: www.googleadservices.com IN A + (170.140.1.1)
<182>Aug 18 09:09:54 isc.bind.test.com named[8184]: queries: client 170.140.113.125#51706: query: spe.atdmt.com IN AAAA + (170.140.2.1)
<182>Aug 18 09:09:54 isc.bind.test.com named[8184]: queries: client 170.140.113.125#58337: query: search.yahoo.com IN AAAA + (170.140.2.1)
<182>Aug 18 09:09:54 isc.bind.test.com named[15245]: queries: client 170.140.229.247#62058: query: m.adnxs.com IN AAAA + (170.140.1.1)
<182>Aug 18 09:09:54 isc.bind.test.com named[15245]: queries: client 170.140.120.21#13903: query: 193.0.1.10.IN-ADDR.ARPA IN PTR + (170.140.1.1)
<182>Aug 18 09:09:54 isc.bind.test.com named[15245]: queries: client 170.140.229.238#56787: query: ad.yieldmanager.com IN A + (170.140.1.1)
<182>Aug 18 09:09:54 isc.bind.test.com named[15245]: queries: client 170.140.207.211#54095: query: s0.2mdn.net IN A + (170.140.1.1)
<182>Aug 18 09:09:54 isc.bind.test.com named[15245]: queries: client 170.140.45.107#51127: query: script.crsspxl.com IN AAAA + (170.140.1.1)
<182>Aug 18 09:09:54 isc.bind.test.com named[15245]: queries: client 170.140.174.153#51974: query: www.babygotbooks.com IN A + (170.140.1.1)
<182>Aug 18 09:09:54 isc.bind.test.com named[15245]: queries: client 170.140.16.43#57108: query: db._dns-sd._udp.cc.emory.edu IN PTR + (170.140.1.1)
<182>Aug 18 09:09:54 isc.bind.test.com named[15316]: queries: client 163.246.180.109#61264: query: _kerberos._tcp.Default-First-Site-Name._sites.dc._msdcs.PED.EMORY.EDU IN SRV + (170.140.1.1)
