<30>May 31 11:33:20 isc.bind.test.com named[5208]: client 194.11.53.133#54105: updating zone 'latam.panorg.com/IN': adding an RR at 'SCLTC040.latam.panorg.com' A
<30>May 31 11:33:20 isc.bind.test.com named[5208]: client 194.11.53.133#54105: updating zone '198.168.157.in-addr.arpa/IN': adding an RR at '73.198.168.157.in-addr.arpa' PTR
<30>May 31 11:33:20 isc.bind.test.com named[5208]: client 194.11.53.133#54105: updating zone '198.168.157.in-addr.arpa/IN': deleting rrset at '73.198.168.157.in-addr.arpa' PTR
<30>May 31 11:33:21 isc.bind.test.com named[896]: client 157.168.169.21#56114: updating zone '169.168.157.in-addr.arpa/IN': adding an RR at '74.169.168.157.in-addr.arpa' PTR
<30>May 31 11:33:21 isc.bind.test.com named[23281]: client 194.11.53.165#33757: updating zone 'asia.panorg.com/IN': deleting an RR at SEP44E4D945E5BE.asia.panorg.com A
<30>May 31 11:33:21 isc.bind.test.com named[23281]: client 194.11.53.165#33757: updating zone '66.10.in-addr.arpa/IN': deleting rrset at '201.42.66.10.in-addr.arpa' PTR
<30>May 31 11:33:23 isc.bind.test.com named[23281]: client 194.11.53.69#45168: updating zone 'asia.panorg.com/IN': adding an RR at 'HP78E7D1B3303E.asia.panorg.com' A
<30>May 31 11:33:23 isc.bind.test.com named[23281]: client 194.11.53.69#45168: updating zone 'asia.panorg.com/IN': deleting rrset at 'HP78E7D1B3303E.asia.panorg.com' A
<30>May 31 11:33:23 isc.bind.test.com named[895]: client 194.11.53.69#59545: updating zone '156.168.157.in-addr.arpa/IN': deleting rrset at '229.156.168.157.in-addr.arpa' PTR
<30>May 31 11:33:23 isc.bind.test.com named[895]: client 194.11.53.69#59545: updating zone '156.168.157.in-addr.arpa/IN': adding an RR at '229.156.168.157.in-addr.arpa' PTR
<30>May 31 11:33:23 isc.bind.test.com named[23280]: client 10.64.0.13#4172: updating zone 'asia.panorg.com/IN': update failed: not authoritative for update zone (NOTAUTH)
<30>May 31 11:33:23 isc.bind.test.com named[896]: client 157.168.70.41#53412: updating zone 'europe.panorg.com/IN': adding an RR at 'iwbchns000.europe.panorg.com' A
<30>May 31 11:33:23 isc.bind.test.com named[896]: client 157.168.70.41#53412: updating zone 'europe.panorg.com/IN': Update rejected because TTL differs from existing unmodifiable entry: Use TTL 950
<30>May 31 11:33:23 isc.bind.test.com named[23281]: client 194.11.53.69#45174: updating zone 'asia.panorg.com/IN': adding an RR at 'HP00237DCB5796.asia.panorg.com' A
<30>May 31 11:33:23 isc.bind.test.com named[23281]: client 194.11.53.69#45174: updating zone 'asia.panorg.com/IN': deleting rrset at 'HP00237DCB5796.asia.panorg.com' A
<30>May 31 11:33:23 isc.bind.test.com named[896]: client 194.11.53.69#60505: updating zone '156.168.157.in-addr.arpa/IN': deleting rrset at '172.156.168.157.in-addr.arpa' PTR
<30>May 31 11:33:23 isc.bind.test.com named[896]: client 194.11.53.69#60505: updating zone '156.168.157.in-addr.arpa/IN': adding an RR at '172.156.168.157.in-addr.arpa' PTR
<30>May 31 11:33:23 isc.bind.test.com named[5208]: client 194.11.53.37#33903: updating zone 'noram.panorg.com/IN': deleting rrset at 'NEO-47032B.noram.panorg.com' A
<30>May 31 11:33:23 isc.bind.test.com named[5208]: client 194.11.53.37#33903: updating zone 'noram.panorg.com/IN': adding an RR at 'NEO-47032B.noram.panorg.com' A
<30>May 31 11:33:23 isc.bind.test.com named[5208]: client 194.11.53.37#33903: updating zone '231.168.157.in-addr.arpa/IN': deleting rrset at '157.231.168.157.in-addr.arpa' PTR
<30>May 31 11:33:23 isc.bind.test.com named[5208]: client 194.11.53.37#33903: updating zone '231.168.157.in-addr.arpa/IN': adding an RR at '157.231.168.157.in-addr.arpa' PTR
<30>May 31 11:33:23 isc.bind.test.com named[5208]: client 194.11.53.37#50128: updating zone 'noram.panorg.com/IN': adding an RR at 'NEO-6A92F6.noram.panorg.com' A
<30>May 31 11:33:23 isc.bind.test.com named[5208]: client 194.11.53.37#50128: updating zone 'noram.panorg.com/IN': deleting rrset at 'NEO-6A92F6.noram.panorg.com' A
<30>May 31 11:33:23 isc.bind.test.com named[5208]: client 194.11.53.37#50128: updating zone '231.168.157.in-addr.arpa/IN': deleting rrset at '91.231.168.157.in-addr.arpa' PTR
<30>May 31 11:33:23 isc.bind.test.com named[5208]: client 194.11.53.37#50128: updating zone '231.168.157.in-addr.arpa/IN': adding an RR at '91.231.168.157.in-addr.arpa' PTR
<30>May 31 11:33:24 isc.bind.test.com named[23281]: client 194.11.53.165#52687: updating zone 'asia.panorg.com/IN': deleting an RR at SEPE84040A3B3F4.asia.panorg.com A
<30>May 31 11:33:24 isc.bind.test.com named[896]: client 194.11.53.101#35417: updating zone 'europe.panorg.com/IN': deleting rrset at 'frahs320.europe.panorg.com' A
<30>May 31 11:33:24 isc.bind.test.com named[896]: client 194.11.53.101#35417: updating zone 'europe.panorg.com/IN': adding an RR at 'frahs320.europe.panorg.com' A
<30>May 31 11:33:24 isc.bind.test.com named[896]: client 194.11.53.101#35417: updating zone '0.13.10.in-addr.arpa/IN': deleting rrset at '144.0.13.10.in-addr.arpa' PTR
<30>May 31 11:33:24 isc.bind.test.com named[896]: client 194.11.53.101#35417: updating zone '0.13.10.in-addr.arpa/IN': adding an RR at '144.0.13.10.in-addr.arpa' PTR
<30>May 31 11:33:24 isc.bind.test.com named[23281]: client 194.11.53.165#52687: updating zone '66.10.in-addr.arpa/IN': deleting rrset at '205.42.66.10.in-addr.arpa' PTR
<30>May 31 11:33:24 isc.bind.test.com named[895]: client 157.168.3.158#32956: updating zone 'europe.panorg.com/IN': deleting rrset at 'VIEPD020.europe.panorg.com' A
<30>May 31 11:33:24 isc.bind.test.com named[5208]: client 194.11.53.37#42718: updating zone 'noram.panorg.com/IN': adding an RR at 'HP00226428CCFD.noram.panorg.com' A
<30>May 31 11:33:24 isc.bind.test.com named[5208]: client 194.11.53.37#42718: updating zone 'noram.panorg.com/IN': deleting rrset at 'HP00226428CCFD.noram.panorg.com' A
<30>May 31 11:33:24 isc.bind.test.com named[5208]: client 194.11.53.37#42718: updating zone '231.168.157.in-addr.arpa/IN': deleting rrset at '249.231.168.157.in-addr.arpa' PTR
<30>May 31 11:33:24 isc.bind.test.com named[5208]: client 194.11.53.37#42718: updating zone '231.168.157.in-addr.arpa/IN': adding an RR at '249.231.168.157.in-addr.arpa' PTR
<30>May 31 11:33:25 isc.bind.test.com named[895]: client 194.11.53.101#36990: updating zone 'europe.panorg.com/IN': deleting rrset at 'hamhs013.europe.panorg.com' A
<30>May 31 11:33:25 isc.bind.test.com named[895]: client 194.11.53.101#36990: updating zone 'europe.panorg.com/IN': adding an RR at 'hamhs013.europe.panorg.com' A
<30>May 31 11:33:25 isc.bind.test.com named[895]: client 194.11.53.101#36990: updating zone '1.13.10.in-addr.arpa/IN': deleting rrset at '86.1.13.10.in-addr.arpa' PTR
<30>May 31 11:33:25 isc.bind.test.com named[895]: client 194.11.53.101#36990: updating zone '1.13.10.in-addr.arpa/IN': adding an RR at '86.1.13.10.in-addr.arpa' PTR
<30>May 31 11:33:25 isc.bind.test.com named[23281]: client 194.11.53.165#57784: updating zone '66.10.in-addr.arpa/IN': deleting rrset at '201.42.66.10.in-addr.arpa' PTR
<30>May 31 11:33:25 isc.bind.test.com named[23281]: client 194.11.53.165#57784: updating zone 'asia.panorg.com/IN': adding an RR at 'SEP44E4D945E5BE.asia.panorg.com' A
<30>May 31 11:33:25 isc.bind.test.com named[23281]: client 194.11.53.165#57784: updating zone 'asia.panorg.com/IN': deleting rrset at 'SEP44E4D945E5BE.asia.panorg.com' A
<30>May 31 11:33:25 isc.bind.test.com named[23281]: client 194.11.53.165#57784: updating zone '66.10.in-addr.arpa/IN': adding an RR at '201.42.66.10.in-addr.arpa' PTR
<30>May 31 11:33:25 isc.bind.test.com named[23281]: client 194.11.53.165#46575: updating zone 'asia.panorg.com/IN': deleting rrset at 'SEPA8B1D41F2F2B.asia.panorg.com' A
<30>May 31 11:33:25 isc.bind.test.com named[23281]: client 194.11.53.165#46575: updating zone 'asia.panorg.com/IN': adding an RR at 'SEPA8B1D41F2F2B.asia.panorg.com' A
<30>May 31 11:33:25 isc.bind.test.com named[23281]: client 194.11.53.165#46575: updating zone '66.10.in-addr.arpa/IN': deleting rrset at '215.42.66.10.in-addr.arpa' PTR
<30>May 31 11:33:25 isc.bind.test.com named[23281]: client 194.11.53.165#46575: updating zone '66.10.in-addr.arpa/IN': adding an RR at '215.42.66.10.in-addr.arpa' PTR
<30>May 31 11:33:26 isc.bind.test.com named[20238]: client 157.168.48.43#57584: updating zone 'ameca.panorg.com/IN': deleting rrset at 'LAD3K018.ameca.panorg.com' AAAA
<30>May 31 11:33:26 isc.bind.test.com named[20238]: client 157.168.48.43#57584: updating zone 'ameca.panorg.com/IN': deleting rrset at 'LAD3K018.ameca.panorg.com' A
<30>May 31 11:33:27 isc.bind.test.com named[5209]: client 194.11.53.133#38411: updating zone 'latam.panorg.com/IN': deleting rrset at 'SEP0004f2e5451a.latam.panorg.com' A
<30>May 31 11:33:27 isc.bind.test.com named[5209]: client 194.11.53.133#38411: updating zone 'latam.panorg.com/IN': adding an RR at 'SEP0004f2e5451a.latam.panorg.com' A
<30>May 31 11:33:27 isc.bind.test.com named[5209]: client 194.11.53.133#38411: updating zone '218.168.157.in-addr.arpa/IN': deleting rrset at '74.218.168.157.in-addr.arpa' PTR
<30>May 31 11:33:27 isc.bind.test.com named[5209]: client 194.11.53.133#38411: updating zone '218.168.157.in-addr.arpa/IN': adding an RR at '74.218.168.157.in-addr.arpa' PTR
<30>May 31 11:33:28 isc.bind.test.com named[23280]: client 194.11.53.165#37372: updating zone 'asia.panorg.com/IN': deleting rrset at 'SEPE84040A3B3F4.asia.panorg.com' A
<30>May 31 11:33:28 isc.bind.test.com named[23280]: client 194.11.53.165#37372: updating zone 'asia.panorg.com/IN': adding an RR at 'SEPE84040A3B3F4.asia.panorg.com' A
<30>May 31 11:33:28 isc.bind.test.com named[23280]: client 194.11.53.165#37372: updating zone '66.10.in-addr.arpa/IN': deleting rrset at '205.42.66.10.in-addr.arpa' PTR
<30>May 31 11:33:28 isc.bind.test.com named[20238]: client 157.168.169.21#57248: updating zone 'ameca.panorg.com/IN': deleting rrset at 'ALALT060.ameca.panorg.com' A
<30>May 31 11:33:28 isc.bind.test.com named[23280]: client 194.11.53.165#37372: updating zone '66.10.in-addr.arpa/IN': adding an RR at '205.42.66.10.in-addr.arpa' PTR
<30>May 31 11:33:28 isc.bind.test.com named[20238]: client 157.168.169.21#57248: updating zone 'ameca.panorg.com/IN': adding an RR at 'ALALT060.ameca.panorg.com' A
<30>May 31 11:33:28 isc.bind.test.com named[896]: client 157.168.169.21#60464: updating zone '169.168.157.in-addr.arpa/IN': adding an RR at '59.169.168.157.in-addr.arpa' PTR
<30>May 31 11:33:28 isc.bind.test.com named[20237]: client 157.168.48.43#62154: updating zone 'ameca.panorg.com/IN': deleting rrset at 'LAD3K018.ameca.panorg.com' AAAA
<30>May 31 11:33:28 isc.bind.test.com named[20237]: client 157.168.48.43#62154: updating zone 'ameca.panorg.com/IN': deleting rrset at 'LAD3K018.ameca.panorg.com' A
<30>May 31 11:33:28 isc.bind.test.com named[23280]: client 157.168.138.78#50728: updating zone 'asia.panorg.com/IN': deleting rrset at 'hkg2k820.asia.panorg.com' A
<30>May 31 11:33:29 isc.bind.test.com named[23280]: client 194.11.53.165#34617: updating zone 'asia.panorg.com/IN': deleting an RR at SEP44E4D945E5BE.asia.panorg.com A
<30>May 31 11:33:29 isc.bind.test.com named[23280]: client 194.11.53.165#34617: updating zone '66.10.in-addr.arpa/IN': deleting rrset at '201.42.66.10.in-addr.arpa' PTR
<30>May 31 11:33:30 isc.bind.test.com named[5208]: client 194.11.53.133#56763: updating zone 'latam.panorg.com/IN': deleting rrset at 'sclap000.latam.panorg.com' A
<30>May 31 11:33:30 isc.bind.test.com named[5208]: client 194.11.53.133#56763: updating zone 'latam.panorg.com/IN': adding an RR at 'sclap000.latam.panorg.com' A
<30>May 31 11:33:30 isc.bind.test.com named[5208]: client 194.11.53.133#56763: updating zone '198.168.157.in-addr.arpa/IN': deleting rrset at '99.198.168.157.in-addr.arpa' PTR
<30>May 31 11:33:30 isc.bind.test.com named[5208]: client 194.11.53.133#56763: updating zone '198.168.157.in-addr.arpa/IN': adding an RR at '99.198.168.157.in-addr.arpa' PTR
<30>May 31 11:33:32 isc.bind.test.com named[896]: client 194.11.53.101#36994: updating zone 'europe.panorg.com/IN': deleting rrset at 'oslpc500.europe.panorg.com' A
<30>May 31 11:33:32 isc.bind.test.com named[896]: client 194.11.53.101#36994: updating zone 'europe.panorg.com/IN': adding an RR at 'oslpc500.europe.panorg.com' A
<30>May 31 11:33:32 isc.bind.test.com named[896]: client 194.11.53.101#36994: updating zone '11.168.157.in-addr.arpa/IN': deleting rrset at '44.11.168.157.in-addr.arpa' PTR
<30>May 31 11:33:32 isc.bind.test.com named[896]: client 194.11.53.101#36994: updating zone '11.168.157.in-addr.arpa/IN': adding an RR at '44.11.168.157.in-addr.arpa' PTR
<30>May 31 11:33:33 isc.bind.test.com named[20238]: client 194.11.53.101#56217: updating zone '5.168.157.in-addr.arpa/IN': deleting rrset at '135.5.168.157.in-addr.arpa' PTR
<30>May 31 11:33:33 isc.bind.test.com named[20238]: client 194.11.53.101#56217: updating zone '5.168.157.in-addr.arpa/IN': adding an RR at '135.5.168.157.in-addr.arpa' PTR
<30>May 31 11:33:32 isc.bind.test.com named[896]: client 194.11.53.101#51505: updating zone 'europe.panorg.com/IN': deleting rrset at 'CLJTC001-01E0FD.europe.panorg.com' A
<30>May 31 11:33:32 isc.bind.test.com named[896]: client 194.11.53.101#51505: updating zone 'europe.panorg.com/IN': adding an RR at 'CLJTC001-01E0FD.europe.panorg.com' A
<30>May 31 11:33:33 isc.bind.test.com named[23281]: client 194.11.53.165#33714: updating zone 'asia.panorg.com/IN': deleting rrset at 'SEP44E4D945E5BE.asia.panorg.com' A
<30>May 31 11:33:33 isc.bind.test.com named[23281]: client 194.11.53.165#33714: updating zone 'asia.panorg.com/IN': adding an RR at 'SEP44E4D945E5BE.asia.panorg.com' A
<30>May 31 11:33:33 isc.bind.test.com named[23281]: client 194.11.53.165#33714: updating zone '66.10.in-addr.arpa/IN': deleting rrset at '201.42.66.10.in-addr.arpa' PTR
<30>May 31 11:33:33 isc.bind.test.com named[23281]: client 194.11.53.165#33714: updating zone '66.10.in-addr.arpa/IN': adding an RR at '201.42.66.10.in-addr.arpa' PTR
<30>May 31 11:33:33 isc.bind.test.com named[23280]: client 10.64.1.21#32786: updating zone 'asia.panorg.com/IN': update failed: not authoritative for update zone (NOTAUTH)
<30>May 31 11:33:33 isc.bind.test.com named[20238]: client 157.168.48.33#54852: updating zone 'ameca.panorg.com/IN': adding an RR at 'lobpc020.ameca.panorg.com' A
<30>May 31 11:33:33 isc.bind.test.com named[20238]: client 157.168.48.33#54852: updating zone 'ameca.panorg.com/IN': deleting rrset at 'lobpc020.ameca.panorg.com' A
<30>May 31 11:33:33 isc.bind.test.com named[20237]: client 194.11.52.78#65063: updating zone 'ameca.panorg.com/IN': adding an RR at 'DXBPC600.ameca.panorg.com' A
<30>May 31 11:33:33 isc.bind.test.com named[20237]: client 194.11.52.78#65063: updating zone 'ameca.panorg.com/IN': deleting rrset at 'DXBPC600.ameca.panorg.com' A
<30>May 31 11:33:33 isc.bind.test.com named[20237]: client 194.11.52.78#65063: updating zone 'ameca.panorg.com/IN': adding an RR at 'DXBPC600.ameca.panorg.com' A
<30>May 31 11:33:33 isc.bind.test.com named[895]: client 194.11.53.101#56127: updating zone 'europe.panorg.com/IN': deleting rrset at 'hamhs031.europe.panorg.com' A
<30>May 31 11:33:33 isc.bind.test.com named[895]: client 194.11.53.101#56127: updating zone '0.13.10.in-addr.arpa/IN': deleting rrset at '123.0.13.10.in-addr.arpa' PTR
<30>May 31 11:33:33 isc.bind.test.com named[895]: client 194.11.53.101#56127: updating zone 'europe.panorg.com/IN': adding an RR at 'hamhs031.europe.panorg.com' A
<30>May 31 11:33:33 isc.bind.test.com named[895]: client 194.11.53.101#56127: updating zone '0.13.10.in-addr.arpa/IN': adding an RR at '123.0.13.10.in-addr.arpa' PTR
<30>May 31 11:33:33 isc.bind.test.com named[23280]: client 10.64.1.21#32786: updating zone '64.10.in-addr.arpa/IN': adding an RR at '21.1.64.10.in-addr.arpa' PTR
<30>May 31 11:33:34 isc.bind.test.com named[5209]: client 194.11.53.133#39341: updating zone 'latam.panorg.com/IN': deleting rrset at 'saopc061.latam.panorg.com' A
<30>May 31 11:33:34 isc.bind.test.com named[5209]: client 194.11.53.133#39341: updating zone 'latam.panorg.com/IN': adding an RR at 'saopc061.latam.panorg.com' A
<30>May 31 11:33:34 isc.bind.test.com named[5209]: client 194.11.53.133#39341: updating zone '200.168.157.in-addr.arpa/IN': deleting rrset at '203.200.168.157.in-addr.arpa' PTR
<30>May 31 11:33:34 isc.bind.test.com named[5209]: client 194.11.53.133#39341: updating zone '200.168.157.in-addr.arpa/IN': adding an RR at '203.200.168.157.in-addr.arpa' PTR
<30>May 31 11:33:34 isc.bind.test.com named[895]: client 157.168.169.21#58146: updating zone '169.168.157.in-addr.arpa/IN': adding an RR at '53.169.168.157.in-addr.arpa' PTR
<30>May 31 11:33:34 isc.bind.test.com named[20237]: client 157.168.48.33#58757: updating zone '8.10.in-addr.arpa/IN': adding an RR at '52.5.8.10.in-addr.arpa' PTR
<30>May 31 11:33:35 isc.bind.test.com named[20237]: client 194.11.53.10#56939: updating zone 'corp.panorg.com/IN': deleting rrset at 'FASPC040.corp.panorg.com' A
<30>May 31 11:33:35 isc.bind.test.com named[20237]: client 194.11.53.10#56939: updating zone 'corp.panorg.com/IN': adding an RR at 'FASPC040.corp.panorg.com' A
<30>May 31 11:33:35 isc.bind.test.com named[20237]: client 194.11.53.10#56939: updating zone '52.11.194.in-addr.arpa/IN': deleting rrset at '209.52.11.194.in-addr.arpa' PTR
<30>May 31 11:33:35 isc.bind.test.com named[20237]: client 194.11.53.10#56939: updating zone '52.11.194.in-addr.arpa/IN': adding an RR at '209.52.11.194.in-addr.arpa' PTR
<30>May 31 11:33:34 isc.bind.test.com named[23281]: client 194.11.53.165#47884: updating zone 'asia.panorg.com/IN': adding an RR at 'SEP001AA27AFE75.asia.panorg.com' A
<30>May 31 11:33:34 isc.bind.test.com named[23281]: client 194.11.53.165#47884: updating zone '66.10.in-addr.arpa/IN': deleting rrset at '250.45.66.10.in-addr.arpa' PTR
<30>May 31 11:33:34 isc.bind.test.com named[23281]: client 194.11.53.165#47884: updating zone 'asia.panorg.com/IN': deleting rrset at 'SEP001AA27AFE75.asia.panorg.com' A
<30>May 31 11:33:34 isc.bind.test.com named[23281]: client 194.11.53.165#47884: updating zone '66.10.in-addr.arpa/IN': adding an RR at '250.45.66.10.in-addr.arpa' PTR
<30>May 31 11:33:35 isc.bind.test.com named[896]: client 157.168.99.235#54380: updating zone 'europe.panorg.com/IN': deleting rrset at 'de1lu3k001.europe.panorg.com' A
<30>May 31 11:33:35 isc.bind.test.com named[23281]: client 194.11.53.165#33409: updating zone '66.10.in-addr.arpa/IN': deleting rrset at '205.42.66.10.in-addr.arpa' PTR
<30>May 31 11:33:35 isc.bind.test.com named[23281]: client 194.11.53.165#33409: updating zone 'asia.panorg.com/IN': deleting an RR at SEPE84040A3B3F4.asia.panorg.com A
<30>May 31 11:33:36 isc.bind.test.com named[20237]: client 157.168.54.137#62220: updating zone 'ameca.panorg.com/IN': deleting rrset at 'GUWTC001-04F68A.ameca.panorg.com' A
<30>May 31 11:33:36 isc.bind.test.com named[20237]: client 157.168.54.137#62220: updating zone 'ameca.panorg.com/IN': adding an RR at 'GUWTC001-04F68A.ameca.panorg.com' A
<30>May 31 11:33:36 isc.bind.test.com named[20238]: client 157.168.54.137#56477: updating zone '54.168.157.in-addr.arpa/IN': adding an RR at '163.54.168.157.in-addr.arpa' PTR
<30>May 31 11:33:36 isc.bind.test.com named[896]: client 10.23.19.10#32769: updating zone 'europe.panorg.com/IN': deleting rrset at 'wropd020.europe.panorg.com' A
<30>May 31 11:33:37 isc.bind.test.com named[5208]: client 194.11.53.133#51172: updating zone 'latam.panorg.com/IN': deleting rrset at 'SAOWT222.latam.panorg.com' A
<30>May 31 11:33:37 isc.bind.test.com named[5208]: client 194.11.53.133#51172: updating zone 'latam.panorg.com/IN': adding an RR at 'SAOWT222.latam.panorg.com' A
<30>May 31 11:33:37 isc.bind.test.com named[5208]: client 194.11.53.133#51172: updating zone '200.168.157.in-addr.arpa/IN': deleting rrset at '244.200.168.157.in-addr.arpa' PTR
<30>May 31 11:33:37 isc.bind.test.com named[5208]: client 194.11.53.133#51172: updating zone '200.168.157.in-addr.arpa/IN': adding an RR at '244.200.168.157.in-addr.arpa' PTR
<30>May 31 11:33:37 isc.bind.test.com named[896]: client 194.11.53.101#48769: updating zone 'europe.panorg.com/IN': deleting rrset at 'kehhs390.europe.panorg.com' A
<30>May 31 11:33:37 isc.bind.test.com named[896]: client 194.11.53.101#48769: updating zone 'europe.panorg.com/IN': adding an RR at 'kehhs390.europe.panorg.com' A
<30>May 31 11:33:37 isc.bind.test.com named[896]: client 194.11.53.101#48769: updating zone '1.13.10.in-addr.arpa/IN': deleting rrset at '85.1.13.10.in-addr.arpa' PTR
<30>May 31 11:33:37 isc.bind.test.com named[896]: client 194.11.53.101#48769: updating zone '1.13.10.in-addr.arpa/IN': adding an RR at '85.1.13.10.in-addr.arpa' PTR
<30>May 31 11:33:37 isc.bind.test.com named[20237]: client 157.168.124.57#55652: updating zone 'ameca.panorg.com/IN': deleting rrset at 'DWCLT090.ameca.panorg.com' A
<30>May 31 11:33:37 isc.bind.test.com named[20237]: client 157.168.124.57#55652: updating zone 'ameca.panorg.com/IN': adding an RR at 'DWCLT090.ameca.panorg.com' A
<30>May 31 11:33:37 isc.bind.test.com named[896]: client 157.168.124.57#54444: updating zone '17.10.in-addr.arpa/IN': adding an RR at '70.2.17.10.in-addr.arpa' PTR
<30>May 31 11:33:37 isc.bind.test.com named[23281]: client 194.11.53.165#53356: updating zone '66.10.in-addr.arpa/IN': deleting rrset at '201.42.66.10.in-addr.arpa' PTR
<30>May 31 11:33:37 isc.bind.test.com named[23281]: client 194.11.53.165#53356: updating zone 'asia.panorg.com/IN': deleting an RR at SEP44E4D945E5BE.asia.panorg.com A
<30>May 31 11:33:38 isc.bind.test.com named[5208]: client 194.11.53.133#57265: updating zone 'latam.panorg.com/IN': deleting rrset at 'SCLTC007.latam.panorg.com' A
<30>May 31 11:33:38 isc.bind.test.com named[5208]: client 194.11.53.133#57265: updating zone 'latam.panorg.com/IN': adding an RR at 'SCLTC007.latam.panorg.com' A
<30>May 31 11:33:38 isc.bind.test.com named[5208]: client 194.11.53.133#57265: updating zone '198.168.157.in-addr.arpa/IN': deleting rrset at '204.198.168.157.in-addr.arpa' PTR
<30>May 31 11:33:38 isc.bind.test.com named[5208]: client 194.11.53.133#57265: updating zone '198.168.157.in-addr.arpa/IN': adding an RR at '204.198.168.157.in-addr.arpa' PTR
<30>May 31 11:33:39 isc.bind.test.com named[23280]: client 194.11.53.165#35535: updating zone 'asia.panorg.com/IN': adding an RR at 'SEPE84040A3B3F4.asia.panorg.com' A
<30>May 31 11:33:39 isc.bind.test.com named[23280]: client 194.11.53.165#35535: updating zone 'asia.panorg.com/IN': deleting rrset at 'SEPE84040A3B3F4.asia.panorg.com' A
<30>May 31 11:33:39 isc.bind.test.com named[23280]: client 194.11.53.165#35535: updating zone '66.10.in-addr.arpa/IN': deleting rrset at '205.42.66.10.in-addr.arpa' PTR
<30>May 31 11:33:39 isc.bind.test.com named[23280]: client 194.11.53.165#35535: updating zone '66.10.in-addr.arpa/IN': adding an RR at '205.42.66.10.in-addr.arpa' PTR
<30>May 31 11:33:40 isc.bind.test.com named[20238]: client 157.168.124.57#52413: updating zone 'ameca.panorg.com/IN': deleting rrset at 'DWCLT090.ameca.panorg.com' A
<30>May 31 11:33:40 isc.bind.test.com named[20238]: client 157.168.124.57#52413: updating zone 'ameca.panorg.com/IN': adding an RR at 'DWCLT090.ameca.panorg.com' A
<30>May 31 11:33:40 isc.bind.test.com named[895]: client 157.168.1.207#32796: updating zone 'europe.panorg.com/IN': deleting rrset at 'VIEPD010.europe.panorg.com' A
<30>May 31 11:33:40 isc.bind.test.com named[896]: client 157.168.124.57#64865: updating zone '17.10.in-addr.arpa/IN': adding an RR at '70.2.17.10.in-addr.arpa' PTR
<30>May 31 11:33:41 isc.bind.test.com named[896]: client 194.11.53.101#54205: updating zone 'europe.panorg.com/IN': deleting rrset at 'STRTC001-0559F3.europe.panorg.com' A
<30>May 31 11:33:41 isc.bind.test.com named[896]: client 194.11.53.101#54205: updating zone 'europe.panorg.com/IN': adding an RR at 'STRTC001-0559F3.europe.panorg.com' A
<30>May 31 11:33:41 isc.bind.test.com named[896]: client 194.11.53.101#54205: updating zone '109.168.157.in-addr.arpa/IN': deleting rrset at '233.109.168.157.in-addr.arpa' PTR
<30>May 31 11:33:41 isc.bind.test.com named[896]: client 194.11.53.101#54205: updating zone '109.168.157.in-addr.arpa/IN': adding an RR at '233.109.168.157.in-addr.arpa' PTR
<30>May 31 11:33:41 isc.bind.test.com named[896]: client 194.11.53.101#59793: updating zone 'europe.panorg.com/IN': deleting rrset at 'HAMTC001-037922.europe.panorg.com' A
<30>May 31 11:33:41 isc.bind.test.com named[896]: client 194.11.53.101#59793: updating zone 'europe.panorg.com/IN': adding an RR at 'HAMTC001-037922.europe.panorg.com' A
<30>May 31 11:33:41 isc.bind.test.com named[896]: client 194.11.53.101#59793: updating zone '106.168.157.in-addr.arpa/IN': deleting rrset at '132.106.168.157.in-addr.arpa' PTR
<30>May 31 11:33:41 isc.bind.test.com named[896]: client 194.11.53.101#59793: updating zone '106.168.157.in-addr.arpa/IN': adding an RR at '132.106.168.157.in-addr.arpa' PTR
<30>May 31 11:33:41 isc.bind.test.com named[23281]: client 194.11.53.165#49179: updating zone 'asia.panorg.com/IN': adding an RR at 'SEP44E4D945E5BE.asia.panorg.com' A
<30>May 31 11:33:41 isc.bind.test.com named[23281]: client 194.11.53.165#49179: updating zone 'asia.panorg.com/IN': deleting rrset at 'SEP44E4D945E5BE.asia.panorg.com' A
<30>May 31 11:33:41 isc.bind.test.com named[23281]: client 194.11.53.165#49179: updating zone '66.10.in-addr.arpa/IN': adding an RR at '201.42.66.10.in-addr.arpa' PTR
<30>May 31 11:33:41 isc.bind.test.com named[23281]: client 194.11.53.165#49179: updating zone '66.10.in-addr.arpa/IN': deleting rrset at '201.42.66.10.in-addr.arpa' PTR
<30>May 31 11:33:42 isc.bind.test.com named[20237]: client 157.168.48.33#53225: updating zone 'ameca.panorg.com/IN': deleting rrset at 'LOBPC070.ameca.panorg.com' A
<30>May 31 11:33:42 isc.bind.test.com named[20237]: client 157.168.48.33#53225: updating zone 'ameca.panorg.com/IN': adding an RR at 'LOBPC070.ameca.panorg.com' A
<30>May 31 11:33:43 isc.bind.test.com named[23281]: client 10.66.21.22#54549: updating zone 'asia.panorg.com/IN': deleting rrset at '_mssms_mp_pe2._tcp.asia.panorg.com' SRV
<30>May 31 11:33:43 isc.bind.test.com named[23281]: client 10.66.21.22#54549: updating zone 'asia.panorg.com/IN': adding an RR at '_mssms_mp_pe2._tcp.asia.panorg.com' SRV
<30>May 31 11:33:43 isc.bind.test.com named[23281]: client 10.66.21.22#54549: updating zone 'asia.panorg.com/IN': deleting rrset at '_mssms_mp_pe2._tcp.asia.panorg.com' SRV
<30>May 31 11:33:43 isc.bind.test.com named[23281]: client 10.66.21.22#54549: updating zone 'asia.panorg.com/IN': adding an RR at '_mssms_mp_pe2._tcp.asia.panorg.com' SRV
<30>May 31 11:33:43 isc.bind.test.com named[23281]: client 10.66.21.22#54549: updating zone 'asia.panorg.com/IN': deleting rrset at '_mssms_mp_pe2._tcp.asia.panorg.com' SRV
<30>May 31 11:33:43 isc.bind.test.com named[23281]: client 10.66.21.22#54549: updating zone 'asia.panorg.com/IN': adding an RR at '_mssms_mp_pe2._tcp.asia.panorg.com' SRV
<30>May 31 11:33:43 isc.bind.test.com named[20237]: client 157.168.48.33#54684: updating zone '8.10.in-addr.arpa/IN': adding an RR at '53.5.8.10.in-addr.arpa' PTR
<30>May 31 11:33:43 isc.bind.test.com named[895]: client 194.11.53.101#60319: updating zone '25.13.10.in-addr.arpa/IN': deleting rrset at '152.25.13.10.in-addr.arpa' PTR
<30>May 31 11:33:43 isc.bind.test.com named[895]: client 194.11.53.101#60319: updating zone 'europe.panorg.com/IN': deleting rrset at 'NUETC001-02B420.europe.panorg.com' A
<30>May 31 11:33:43 isc.bind.test.com named[895]: client 194.11.53.101#60319: updating zone 'europe.panorg.com/IN': adding an RR at 'NUETC001-02B420.europe.panorg.com' A
<30>May 31 11:33:43 isc.bind.test.com named[895]: client 194.11.53.101#60319: updating zone '25.13.10.in-addr.arpa/IN': adding an RR at '152.25.13.10.in-addr.arpa' PTR
<30>May 31 11:33:44 isc.bind.test.com named[23281]: client 194.11.53.69#55760: updating zone 'asia.panorg.com/IN': deleting rrset at 'BKKPC996.asia.panorg.com' A
<30>May 31 11:33:44 isc.bind.test.com named[23281]: client 194.11.53.69#55760: updating zone 'asia.panorg.com/IN': adding an RR at 'BKKPC996.asia.panorg.com' A
<30>May 31 11:33:44 isc.bind.test.com named[895]: client 194.11.53.69#49466: updating zone '156.168.157.in-addr.arpa/IN': deleting rrset at '157.156.168.157.in-addr.arpa' PTR
<30>May 31 11:33:44 isc.bind.test.com named[895]: client 194.11.53.69#49466: updating zone '156.168.157.in-addr.arpa/IN': adding an RR at '157.156.168.157.in-addr.arpa' PTR
<30>May 31 11:33:44 isc.bind.test.com named[896]: client 157.168.81.15#4735: updating zone 'europe.panorg.com/IN': deleting rrset at 'CDGPD330.europe.panorg.com' A
<30>May 31 11:33:44 isc.bind.test.com named[896]: client 157.168.81.15#4745: updating zone 'europe.panorg.com/IN': adding an RR at 'CDGPD330.europe.panorg.com' A
<30>May 31 11:33:44 isc.bind.test.com named[896]: client 157.168.81.15#4745: updating zone 'europe.panorg.com/IN': Update rejected because TTL differs from existing unmodifiable entry: Use TTL 950
<30>May 31 11:33:44 isc.bind.test.com named[896]: client 157.168.81.15#4748: updating zone '81.168.157.in-addr.arpa/IN': adding an RR at '15.81.168.157.in-addr.arpa' PTR
<30>May 31 11:33:44 isc.bind.test.com named[896]: client 157.168.81.15#4748: updating zone '81.168.157.in-addr.arpa/IN': Update rejected because TTL differs from existing unmodifiable entry: Use TTL 950
<30>May 31 11:33:45 isc.bind.test.com named[23280]: client 194.11.53.165#52805: updating zone 'asia.panorg.com/IN': deleting rrset at 'SEPE84040A3AA43.asia.panorg.com' A
<30>May 31 11:33:45 isc.bind.test.com named[23280]: client 194.11.53.165#52805: updating zone 'asia.panorg.com/IN': adding an RR at 'SEPE84040A3AA43.asia.panorg.com' A
<30>May 31 11:33:45 isc.bind.test.com named[895]: client 157.168.1.23#60096: updating zone 'europe.panorg.com/IN': deleting rrset at 'VIE2K320.europe.panorg.com' A
<30>May 31 11:33:45 isc.bind.test.com named[23280]: client 194.11.53.165#52805: updating zone '66.10.in-addr.arpa/IN': deleting rrset at '204.42.66.10.in-addr.arpa' PTR
<30>May 31 11:33:45 isc.bind.test.com named[23280]: client 194.11.53.165#52805: updating zone '66.10.in-addr.arpa/IN': adding an RR at '204.42.66.10.in-addr.arpa' PTR
<30>May 31 11:33:45 isc.bind.test.com named[23280]: client 194.11.53.165#57641: updating zone 'asia.panorg.com/IN': deleting an RR at SEP44E4D945E5BE.asia.panorg.com A
<30>May 31 11:33:45 isc.bind.test.com named[23280]: client 194.11.53.165#57641: updating zone '66.10.in-addr.arpa/IN': deleting rrset at '201.42.66.10.in-addr.arpa' PTR
<30>May 31 11:33:46 isc.bind.test.com named[5209]: client 194.11.53.133#45553: updating zone 'latam.panorg.com/IN': deleting rrset at 'saoap100.latam.panorg.com' A
<30>May 31 11:33:46 isc.bind.test.com named[5209]: client 194.11.53.133#45553: updating zone 'latam.panorg.com/IN': adding an RR at 'saoap100.latam.panorg.com' A
<30>May 31 11:33:46 isc.bind.test.com named[5209]: client 194.11.53.133#45553: updating zone '200.168.157.in-addr.arpa/IN': deleting rrset at '102.200.168.157.in-addr.arpa' PTR
<30>May 31 11:33:46 isc.bind.test.com named[5209]: client 194.11.53.133#45553: updating zone '200.168.157.in-addr.arpa/IN': adding an RR at '102.200.168.157.in-addr.arpa' PTR
<30>May 31 11:33:46 isc.bind.test.com named[20237]: client 157.168.124.57#55268: updating zone 'ameca.panorg.com/IN': deleting rrset at 'DWCLT090.ameca.panorg.com' A
<30>May 31 11:33:46 isc.bind.test.com named[20237]: client 157.168.124.57#55268: updating zone 'ameca.panorg.com/IN': adding an RR at 'DWCLT090.ameca.panorg.com' A
<30>May 31 11:33:46 isc.bind.test.com named[895]: client 157.168.124.57#53214: updating zone '17.10.in-addr.arpa/IN': adding an RR at '121.2.17.10.in-addr.arpa' PTR
<30>May 31 11:33:46 isc.bind.test.com named[896]: client 157.168.105.197#32807: updating zone 'europe.panorg.com/IN': deleting rrset at 'duspd150.europe.panorg.com' A
<30>May 31 11:33:47 isc.bind.test.com named[23280]: client 194.11.53.165#41126: updating zone 'asia.panorg.com/IN': deleting an RR at SEPE84040A3B3F4.asia.panorg.com A
<30>May 31 11:33:47 isc.bind.test.com named[23280]: client 194.11.53.165#41126: updating zone '66.10.in-addr.arpa/IN': deleting rrset at '205.42.66.10.in-addr.arpa' PTR
<30>May 31 11:33:48 isc.bind.test.com named[896]: client 194.11.53.101#59606: updating zone 'europe.panorg.com/IN': deleting rrset at 'STRPCS81.europe.panorg.com' A
<30>May 31 11:33:48 isc.bind.test.com named[896]: client 194.11.53.101#59606: updating zone 'europe.panorg.com/IN': adding an RR at 'STRPCS81.europe.panorg.com' A
<30>May 31 11:33:48 isc.bind.test.com named[896]: client 194.11.53.101#59606: updating zone '30.168.157.in-addr.arpa/IN': deleting rrset at '217.30.168.157.in-addr.arpa' PTR
<30>May 31 11:33:48 isc.bind.test.com named[896]: client 194.11.53.101#59606: updating zone '30.168.157.in-addr.arpa/IN': adding an RR at '217.30.168.157.in-addr.arpa' PTR
<30>May 31 11:33:49 isc.bind.test.com named[23280]: client 194.11.53.165#55220: updating zone 'asia.panorg.com/IN': deleting rrset at 'SEP44E4D945E5BE.asia.panorg.com' A
<30>May 31 11:33:49 isc.bind.test.com named[23280]: client 194.11.53.165#55220: updating zone 'asia.panorg.com/IN': adding an RR at 'SEP44E4D945E5BE.asia.panorg.com' A
<30>May 31 11:33:49 isc.bind.test.com named[23280]: client 194.11.53.165#55220: updating zone '66.10.in-addr.arpa/IN': deleting rrset at '201.42.66.10.in-addr.arpa' PTR
<30>May 31 11:33:49 isc.bind.test.com named[23280]: client 194.11.53.165#55220: updating zone '66.10.in-addr.arpa/IN': adding an RR at '201.42.66.10.in-addr.arpa' PTR
<30>May 31 11:33:50 isc.bind.test.com named[20238]: client 157.168.56.8#54230: updating zone 'ameca.panorg.com/IN': deleting rrset at 'svxpc110.ameca.panorg.com' A
<30>May 31 11:33:50 isc.bind.test.com named[20238]: client 157.168.56.8#54230: updating zone 'ameca.panorg.com/IN': adding an RR at 'svxpc110.ameca.panorg.com' A
<30>May 31 11:33:50 isc.bind.test.com named[896]: client 157.168.56.8#49545: updating zone '172.168.157.in-addr.arpa/IN': adding an RR at '137.172.168.157.in-addr.arpa' PTR
<30>May 31 11:33:51 isc.bind.test.com named[895]: client 194.11.53.69#37885: updating zone '148.168.157.in-addr.arpa/IN': deleting rrset at '154.148.168.157.in-addr.arpa' PTR
<30>May 31 11:33:51 isc.bind.test.com named[895]: client 194.11.53.69#37885: updating zone '148.168.157.in-addr.arpa/IN': adding an RR at '154.148.168.157.in-addr.arpa' PTR
<30>May 31 11:33:51 isc.bind.test.com named[896]: client 194.11.53.101#60594: updating zone 'europe.panorg.com/IN': deleting rrset at 'madhs010.europe.panorg.com' A
<30>May 31 11:33:51 isc.bind.test.com named[896]: client 194.11.53.101#60594: updating zone '1.13.10.in-addr.arpa/IN': deleting rrset at '197.1.13.10.in-addr.arpa' PTR
<30>May 31 11:33:51 isc.bind.test.com named[896]: client 194.11.53.101#60594: updating zone 'europe.panorg.com/IN': adding an RR at 'madhs010.europe.panorg.com' A
<30>May 31 11:33:51 isc.bind.test.com named[896]: client 194.11.53.101#60594: updating zone '1.13.10.in-addr.arpa/IN': adding an RR at '197.1.13.10.in-addr.arpa' PTR
<30>May 31 11:33:51 isc.bind.test.com named[895]: client 194.11.53.101#47789: updating zone 'europe.panorg.com/IN': adding an RR at 'STRTC001-05594E.europe.panorg.com' A
<30>May 31 11:33:51 isc.bind.test.com named[895]: client 194.11.53.101#47789: updating zone '109.168.157.in-addr.arpa/IN': adding an RR at '40.109.168.157.in-addr.arpa' PTR
<30>May 31 11:33:51 isc.bind.test.com named[895]: client 194.11.53.101#47789: updating zone 'europe.panorg.com/IN': deleting rrset at 'STRTC001-05594E.europe.panorg.com' A
<30>May 31 11:33:51 isc.bind.test.com named[895]: client 194.11.53.101#47789: updating zone '109.168.157.in-addr.arpa/IN': deleting rrset at '40.109.168.157.in-addr.arpa' PTR
<30>May 31 11:33:51 isc.bind.test.com named[896]: client 194.11.53.101#38612: updating zone 'europe.panorg.com/IN': deleting rrset at 'hamhs026.europe.panorg.com' A
<30>May 31 11:33:51 isc.bind.test.com named[896]: client 194.11.53.101#38612: updating zone '0.13.10.in-addr.arpa/IN': deleting rrset at '37.0.13.10.in-addr.arpa' PTR
<30>May 31 11:33:51 isc.bind.test.com named[896]: client 194.11.53.101#38612: updating zone 'europe.panorg.com/IN': adding an RR at 'hamhs026.europe.panorg.com' A
<30>May 31 11:33:51 isc.bind.test.com named[23281]: client 194.11.53.69#48505: updating zone 'asia.panorg.com/IN': adding an RR at 'SYDPC011.asia.panorg.com' A
<30>May 31 11:33:51 isc.bind.test.com named[23281]: client 194.11.53.69#48505: updating zone 'asia.panorg.com/IN': deleting rrset at 'SYDPC011.asia.panorg.com' A
<30>May 31 11:33:51 isc.bind.test.com named[23281]: client 194.11.53.165#43812: updating zone 'asia.panorg.com/IN': deleting rrset at 'SEPE84040A3B3F4.asia.panorg.com' A
<30>May 31 11:33:51 isc.bind.test.com named[23281]: client 194.11.53.165#43812: updating zone '66.10.in-addr.arpa/IN': deleting rrset at '205.42.66.10.in-addr.arpa' PTR
<30>May 31 11:33:51 isc.bind.test.com named[23281]: client 194.11.53.165#43812: updating zone 'asia.panorg.com/IN': adding an RR at 'SEPE84040A3B3F4.asia.panorg.com' A
<30>May 31 11:33:51 isc.bind.test.com named[23281]: client 194.11.53.165#43812: updating zone '66.10.in-addr.arpa/IN': adding an RR at '205.42.66.10.in-addr.arpa' PTR
<30>May 31 11:33:51 isc.bind.test.com named[896]: client 194.11.53.101#38612: updating zone '0.13.10.in-addr.arpa/IN': adding an RR at '37.0.13.10.in-addr.arpa' PTR
<30>May 31 11:33:51 isc.bind.test.com named[895]: client 194.11.53.101#35802: updating zone 'europe.panorg.com/IN': adding an RR at 'SEP0025841763D1.europe.panorg.com' A
<30>May 31 11:33:51 isc.bind.test.com named[895]: client 194.11.53.101#35802: updating zone 'europe.panorg.com/IN': deleting rrset at 'SEP0025841763D1.europe.panorg.com' A
<30>May 31 11:33:51 isc.bind.test.com named[895]: client 194.11.53.101#35802: updating zone '28.10.in-addr.arpa/IN': deleting rrset at '245.1.28.10.in-addr.arpa' PTR
<30>May 31 11:33:51 isc.bind.test.com named[895]: client 194.11.53.101#35802: updating zone '28.10.in-addr.arpa/IN': adding an RR at '245.1.28.10.in-addr.arpa' PTR
<30>May 31 11:33:52 isc.bind.test.com named[23281]: client 194.11.53.165#38305: updating zone 'asia.panorg.com/IN': deleting an RR at SEP44E4D945E5BE.asia.panorg.com A
<30>May 31 11:33:52 isc.bind.test.com named[23281]: client 194.11.53.165#38305: updating zone '66.10.in-addr.arpa/IN': deleting rrset at '201.42.66.10.in-addr.arpa' PTR
<30>May 31 11:33:53 isc.bind.test.com named[23281]: client 194.11.53.69#45225: updating zone 'asia.panorg.com/IN': deleting rrset at 'HP78E7D1B2B259.asia.panorg.com' A
<30>May 31 11:33:53 isc.bind.test.com named[23281]: client 194.11.53.69#45225: updating zone 'asia.panorg.com/IN': adding an RR at 'HP78E7D1B2B259.asia.panorg.com' A
<30>May 31 11:33:53 isc.bind.test.com named[896]: client 194.11.53.69#54915: updating zone '156.168.157.in-addr.arpa/IN': deleting rrset at '169.156.168.157.in-addr.arpa' PTR
<30>May 31 11:33:53 isc.bind.test.com named[896]: client 194.11.53.69#54915: updating zone '156.168.157.in-addr.arpa/IN': adding an RR at '169.156.168.157.in-addr.arpa' PTR
<30>May 31 11:33:53 isc.bind.test.com named[23281]: client 10.64.0.13#4180: updating zone 'asia.panorg.com/IN': update failed: not authoritative for update zone (NOTAUTH)
<30>May 31 11:33:54 isc.bind.test.com named[896]: client 194.11.53.101#46690: updating zone 'europe.panorg.com/IN': deleting rrset at 'ANRHS807.europe.panorg.com' A
<30>May 31 11:33:54 isc.bind.test.com named[896]: client 194.11.53.101#46690: updating zone 'europe.panorg.com/IN': adding an RR at 'ANRHS807.europe.panorg.com' A
<30>May 31 11:33:54 isc.bind.test.com named[896]: client 194.11.53.101#46690: updating zone '0.13.10.in-addr.arpa/IN': deleting rrset at '89.0.13.10.in-addr.arpa' PTR
<30>May 31 11:33:54 isc.bind.test.com named[896]: client 194.11.53.101#46690: updating zone '0.13.10.in-addr.arpa/IN': adding an RR at '89.0.13.10.in-addr.arpa' PTR
<30>May 31 11:33:54 isc.bind.test.com named[5208]: client 157.168.240.107#61940: updating zone 'noram.panorg.com/IN': deleting rrset at 'HOU2K806.noram.panorg.com' A
<30>May 31 11:33:54 isc.bind.test.com named[5208]: client 157.168.240.107#61940: updating zone 'noram.panorg.com/IN': adding an RR at 'HOU2K806.noram.panorg.com' A
<30>May 31 11:33:54 isc.bind.test.com named[5209]: client 157.168.240.107#51280: updating zone '240.168.157.in-addr.arpa/IN': adding an RR at '107.240.168.157.in-addr.arpa' PTR
<30>May 31 11:33:54 isc.bind.test.com named[5209]: client 157.168.240.107#51280: updating zone '240.168.157.in-addr.arpa/IN': deleting rrset at '107.240.168.157.in-addr.arpa' PTR
<30>May 31 11:33:54 isc.bind.test.com named[23280]: client 194.11.53.69#40087: updating zone 'asia.panorg.com/IN': deleting rrset at 'bompc016.asia.panorg.com' A
<30>May 31 11:33:54 isc.bind.test.com named[23280]: client 194.11.53.69#40087: updating zone 'asia.panorg.com/IN': adding an RR at 'bompc016.asia.panorg.com' A
<30>May 31 11:33:54 isc.bind.test.com named[23280]: client 194.11.53.69#40087: updating zone '0.67.10.in-addr.arpa/IN': deleting rrset at '245.0.67.10.in-addr.arpa' PTR
<30>May 31 11:33:55 isc.bind.test.com named[23280]: client 194.11.53.69#40087: updating zone '0.67.10.in-addr.arpa/IN': adding an RR at '245.0.67.10.in-addr.arpa' PTR
<30>May 31 11:33:55 isc.bind.test.com named[5209]: client 194.11.53.133#53824: updating zone '200.168.157.in-addr.arpa/IN': deleting rrset at '102.200.168.157.in-addr.arpa' PTR
<30>May 31 11:33:55 isc.bind.test.com named[5209]: client 194.11.53.133#53824: updating zone 'latam.panorg.com/IN': deleting an RR at saoap100.latam.panorg.com A
<30>May 31 11:33:55 isc.bind.test.com named[895]: client 157.168.3.158#32956: updating zone 'europe.panorg.com/IN': deleting rrset at 'VIEPD020.europe.panorg.com' A
<30>May 31 11:33:56 isc.bind.test.com named[20238]: client 157.168.189.20#61698: updating zone 'corp.panorg.com/IN': deleting rrset at 'ch23k030.corp.panorg.com' A
<30>May 31 11:33:56 isc.bind.test.com named[895]: client 194.11.53.101#41095: updating zone 'europe.panorg.com/IN': deleting rrset at 'TLBHS019.europe.panorg.com' A
<30>May 31 11:33:57 isc.bind.test.com named[895]: client 194.11.53.101#39859: updating zone 'europe.panorg.com/IN': deleting rrset at 'ZBR3131887.europe.panorg.com' A
<30>May 31 11:33:57 isc.bind.test.com named[895]: client 194.11.53.101#39859: updating zone 'europe.panorg.com/IN': adding an RR at 'ZBR3131887.europe.panorg.com' A
<30>May 31 11:33:57 isc.bind.test.com named[895]: client 194.11.53.101#39859: updating zone '47.168.157.in-addr.arpa/IN': deleting rrset at '189.47.168.157.in-addr.arpa' PTR
<30>May 31 11:33:56 isc.bind.test.com named[23281]: client 194.11.53.165#41795: updating zone 'asia.panorg.com/IN': deleting rrset at 'SEP44E4D945E5BE.asia.panorg.com' A
<30>May 31 11:33:56 isc.bind.test.com named[23281]: client 194.11.53.165#41795: updating zone 'asia.panorg.com/IN': adding an RR at 'SEP44E4D945E5BE.asia.panorg.com' A
<30>May 31 11:33:56 isc.bind.test.com named[23281]: client 194.11.53.165#41795: updating zone '66.10.in-addr.arpa/IN': deleting rrset at '201.42.66.10.in-addr.arpa' PTR
<30>May 31 11:33:56 isc.bind.test.com named[23281]: client 194.11.53.165#41795: updating zone '66.10.in-addr.arpa/IN': adding an RR at '201.42.66.10.in-addr.arpa' PTR
<30>May 31 11:33:57 isc.bind.test.com named[20238]: client 157.168.169.21#60841: updating zone 'ameca.panorg.com/IN': deleting rrset at 'alalt020.ameca.panorg.com' A
<30>May 31 11:33:57 isc.bind.test.com named[20238]: client 157.168.169.21#60841: updating zone 'ameca.panorg.com/IN': adding an RR at 'alalt020.ameca.panorg.com' A
<30>May 31 11:33:57 isc.bind.test.com named[895]: client 157.168.169.21#57183: updating zone '169.168.157.in-addr.arpa/IN': adding an RR at '61.169.168.157.in-addr.arpa' PTR
<30>May 31 11:33:58 isc.bind.test.com named[23281]: client 194.11.53.69#55557: updating zone 'asia.panorg.com/IN': deleting rrset at 'sydtc043.asia.panorg.com' A
<30>May 31 11:33:58 isc.bind.test.com named[23281]: client 194.11.53.69#55557: updating zone 'asia.panorg.com/IN': adding an RR at 'sydtc043.asia.panorg.com' A
<30>May 31 11:33:58 isc.bind.test.com named[895]: client 194.11.53.69#35752: updating zone '148.168.157.in-addr.arpa/IN': deleting rrset at '176.148.168.157.in-addr.arpa' PTR
<30>May 31 11:33:58 isc.bind.test.com named[895]: client 194.11.53.69#35752: updating zone '148.168.157.in-addr.arpa/IN': adding an RR at '176.148.168.157.in-addr.arpa' PTR
<30>May 31 11:33:58 isc.bind.test.com named[23280]: client 194.11.53.165#58552: updating zone 'asia.panorg.com/IN': deleting an RR at SEPE84040A3B3F4.asia.panorg.com A
<30>May 31 11:33:58 isc.bind.test.com named[23280]: client 194.11.53.165#58552: updating zone '66.10.in-addr.arpa/IN': deleting rrset at '205.42.66.10.in-addr.arpa' PTR
<30>May 31 11:33:59 isc.bind.test.com named[895]: client 194.11.53.69#37940: updating zone '148.168.157.in-addr.arpa/IN': deleting rrset at '120.148.168.157.in-addr.arpa' PTR
<30>May 31 11:33:59 isc.bind.test.com named[895]: client 194.11.53.69#37940: updating zone '148.168.157.in-addr.arpa/IN': adding an RR at '120.148.168.157.in-addr.arpa' PTR
<30>May 31 11:33:59 isc.bind.test.com named[5209]: client 157.168.217.29#64951: updating zone '217.168.157.in-addr.arpa/IN': deleting rrset at '29.217.168.157.in-addr.arpa' PTR
<30>May 31 11:33:59 isc.bind.test.com named[23280]: client 194.11.53.69#50893: updating zone 'asia.panorg.com/IN': deleting rrset at 'sydtc075.asia.panorg.com' A
<30>May 31 11:33:59 isc.bind.test.com named[23280]: client 194.11.53.69#50893: updating zone 'asia.panorg.com/IN': adding an RR at 'sydtc075.asia.panorg.com' A
<30>May 31 11:34:00 isc.bind.test.com named[23280]: client 194.11.53.165#33972: updating zone 'asia.panorg.com/IN': deleting an RR at SEP44E4D945E5BE.asia.panorg.com A
<30>May 31 11:34:00 isc.bind.test.com named[23280]: client 194.11.53.165#33972: updating zone '66.10.in-addr.arpa/IN': deleting rrset at '201.42.66.10.in-addr.arpa' PTR
<30>May 31 11:34:00 isc.bind.test.com named[896]: client 194.11.53.101#45356: updating zone 'europe.panorg.com/IN': deleting rrset at 'wropca50.europe.panorg.com' A
<30>May 31 11:34:00 isc.bind.test.com named[896]: client 194.11.53.101#45356: updating zone '0.13.10.in-addr.arpa/IN': deleting rrset at '132.0.13.10.in-addr.arpa' PTR
<30>May 31 11:34:00 isc.bind.test.com named[896]: client 194.11.53.101#45356: updating zone 'europe.panorg.com/IN': adding an RR at 'wropca50.europe.panorg.com' A
<30>May 31 11:34:00 isc.bind.test.com named[896]: client 194.11.53.101#45356: updating zone '0.13.10.in-addr.arpa/IN': adding an RR at '132.0.13.10.in-addr.arpa' PTR
<30>May 31 11:34:02 isc.bind.test.com named[23281]: client 194.11.53.69#44715: updating zone 'asia.panorg.com/IN': deleting rrset at 'jkttc000-3806ab.asia.panorg.com' A
<30>May 31 11:34:02 isc.bind.test.com named[23281]: client 194.11.53.69#44715: updating zone 'asia.panorg.com/IN': adding an RR at 'jkttc000-3806ab.asia.panorg.com' A
<30>May 31 11:34:02 isc.bind.test.com named[23281]: client 194.11.53.69#44715: updating zone '2.68.10.in-addr.arpa/IN': deleting rrset at '254.2.68.10.in-addr.arpa' PTR
<30>May 31 11:34:02 isc.bind.test.com named[23281]: client 194.11.53.69#44715: updating zone '2.68.10.in-addr.arpa/IN': adding an RR at '254.2.68.10.in-addr.arpa' PTR
<30>May 31 11:34:02 isc.bind.test.com named[23281]: client 194.11.53.165#46757: updating zone 'asia.panorg.com/IN': deleting rrset at 'SEPE84040A3B3F4.asia.panorg.com' A
<30>May 31 11:34:02 isc.bind.test.com named[23281]: client 194.11.53.165#46757: updating zone 'asia.panorg.com/IN': adding an RR at 'SEPE84040A3B3F4.asia.panorg.com' A
<30>May 31 11:34:02 isc.bind.test.com named[23281]: client 194.11.53.165#46757: updating zone '66.10.in-addr.arpa/IN': deleting rrset at '205.42.66.10.in-addr.arpa' PTR
<30>May 31 11:34:02 isc.bind.test.com named[23281]: client 194.11.53.165#46757: updating zone '66.10.in-addr.arpa/IN': adding an RR at '205.42.66.10.in-addr.arpa' PTR
<30>May 31 11:34:02 isc.bind.test.com named[20237]: client 157.168.69.189#52536: updating zone 'ameca.panorg.com/IN': adding an RR at '_ldap._tcp.DomainDnsZones.ameca.panorg.com' SRV
<30>May 31 11:34:02 isc.bind.test.com named[20237]: client 157.168.69.189#64700: updating zone 'ameca.panorg.com/IN': adding an RR at 'DomainDnsZones.ameca.panorg.com' A
<30>May 31 11:34:02 isc.bind.test.com named[20238]: client 157.168.69.189#64194: updating zone 'ameca.panorg.com/IN': adding an RR at '_ldap._tcp.BOGSite._sites.DomainDnsZones.ameca.panorg.com' SRV
<30>May 31 11:34:02 isc.bind.test.com named[20238]: client 157.168.69.189#64194: updating zone 'ameca.panorg.com/IN': adding an RR at '_ldap._tcp.BUESite._sites.DomainDnsZones.ameca.panorg.com' SRV
<30>May 31 11:34:02 isc.bind.test.com named[20237]: client 157.168.69.189#49482: updating zone 'ameca.panorg.com/IN': adding an RR at '_ldap._tcp.CCAPSite._sites.DomainDnsZones.ameca.panorg.com' SRV
<30>May 31 11:34:02 isc.bind.test.com named[20238]: client 157.168.69.189#60336: updating zone 'ameca.panorg.com/IN': adding an RR at '_ldap._tcp.CCSSite._sites.DomainDnsZones.ameca.panorg.com' SRV
<30>May 31 11:34:02 isc.bind.test.com named[20237]: client 157.168.69.189#52534: updating zone 'ameca.panorg.com/IN': adding an RR at '_ldap._tcp.HOUSite._sites.DomainDnsZones.ameca.panorg.com' SRV
<30>May 31 11:34:02 isc.bind.test.com named[20237]: client 157.168.69.189#64542: updating zone 'ameca.panorg.com/IN': adding an RR at '_ldap._tcp.MEXSite._sites.DomainDnsZones.ameca.panorg.com' SRV
<30>May 31 11:34:02 isc.bind.test.com named[20237]: client 157.168.69.189#54170: updating zone 'ameca.panorg.com/IN': adding an RR at '_ldap._tcp.LIMSite._sites.DomainDnsZones.ameca.panorg.com' SRV
<30>May 31 11:34:02 isc.bind.test.com named[20238]: client 157.168.69.189#64611: updating zone 'ameca.panorg.com/IN': adding an RR at '_ldap._tcp.HKGSite._sites.DomainDnsZones.ameca.panorg.com' SRV
