<30>May 31 11:31:38 isc.bind.test.com named[20238]: client 157.168.169.21#56964: updating zone 'ameca.panorg.com/IN': adding an RR at 'alapc040.ameca.panorg.com' A
<30>May 31 11:31:38 isc.bind.test.com named[895]: client 194.11.53.101#38141: updating zone 'europe.panorg.com/IN': deleting rrset at 'CDGTC001-0258C9.europe.panorg.com' A
<30>May 31 11:31:38 isc.bind.test.com named[895]: client 194.11.53.101#38141: updating zone 'europe.panorg.com/IN': adding an RR at 'CDGTC001-0258C9.europe.panorg.com' A
<30>May 31 11:31:38 isc.bind.test.com named[895]: client 194.11.53.101#38141: updating zone '82.168.157.in-addr.arpa/IN': deleting rrset at '247.82.168.157.in-addr.arpa' PTR
<30>May 31 11:31:38 isc.bind.test.com named[895]: client 194.11.53.101#38141: updating zone '82.168.157.in-addr.arpa/IN': adding an RR at '247.82.168.157.in-addr.arpa' PTR
<30>May 31 11:31:38 isc.bind.test.com named[23280]: client 194.11.53.165#39927: updating zone 'asia.panorg.com/IN': deleting rrset at 'SEP0026CBBE139F.asia.panorg.com' A
<30>May 31 11:31:38 isc.bind.test.com named[23280]: client 194.11.53.165#39927: updating zone 'asia.panorg.com/IN': adding an RR at 'SEP0026CBBE139F.asia.panorg.com' A
<30>May 31 11:31:38 isc.bind.test.com named[23280]: client 194.11.53.165#39927: updating zone '66.10.in-addr.arpa/IN': deleting rrset at '247.34.66.10.in-addr.arpa' PTR
<30>May 31 11:31:38 isc.bind.test.com named[23280]: client 194.11.53.165#39927: updating zone '66.10.in-addr.arpa/IN': adding an RR at '247.34.66.10.in-addr.arpa' PTR
<30>May 31 11:31:38 isc.bind.test.com named[896]: client 157.168.169.21#65496: updating zone '169.168.157.in-addr.arpa/IN': adding an RR at '57.169.168.157.in-addr.arpa' PTR
<30>May 31 11:31:39 isc.bind.test.com named[20237]: client 194.11.53.10#58610: updating zone 'corp.panorg.com/IN': deleting rrset at 'HAMLT900.corp.panorg.com' A
<30>May 31 11:31:39 isc.bind.test.com named[20237]: client 194.11.53.10#58610: updating zone '52.11.194.in-addr.arpa/IN': deleting rrset at '119.52.11.194.in-addr.arpa' PTR
<30>May 31 11:31:39 isc.bind.test.com named[20237]: client 194.11.53.10#58610: updating zone 'corp.panorg.com/IN': adding an RR at 'HAMLT900.corp.panorg.com' A
<30>May 31 11:31:39 isc.bind.test.com named[20237]: client 194.11.53.10#58610: updating zone '52.11.194.in-addr.arpa/IN': adding an RR at '119.52.11.194.in-addr.arpa' PTR
<30>May 31 11:31:38 isc.bind.test.com named[23280]: client 194.11.53.165#44651: updating zone 'asia.panorg.com/IN': deleting rrset at 'SEPE84040A3B3F4.asia.panorg.com' A
<30>May 31 11:31:38 isc.bind.test.com named[23280]: client 194.11.53.165#44651: updating zone '66.10.in-addr.arpa/IN': adding an RR at '205.42.66.10.in-addr.arpa' PTR
<30>May 31 11:31:38 isc.bind.test.com named[23280]: client 194.11.53.165#44651: updating zone 'asia.panorg.com/IN': adding an RR at 'SEPE84040A3B3F4.asia.panorg.com' A
<30>May 31 11:31:38 isc.bind.test.com named[23280]: client 194.11.53.165#44651: updating zone '66.10.in-addr.arpa/IN': deleting rrset at '205.42.66.10.in-addr.arpa' PTR
<30>May 31 11:31:39 isc.bind.test.com named[20238]: client 157.168.169.21#52521: updating zone 'ameca.panorg.com/IN': deleting rrset at 'ALADS010.ameca.panorg.com' A
<30>May 31 11:31:39 isc.bind.test.com named[20238]: client 157.168.169.21#52521: updating zone 'ameca.panorg.com/IN': adding an RR at 'ALADS010.ameca.panorg.com' A
<30>May 31 11:31:39 isc.bind.test.com named[896]: client 157.168.169.21#65224: updating zone '169.168.157.in-addr.arpa/IN': adding an RR at '52.169.168.157.in-addr.arpa' PTR
<30>May 31 11:31:39 isc.bind.test.com named[896]: client 157.168.1.207#32796: updating zone 'europe.panorg.com/IN': deleting rrset at 'VIEPD010.europe.panorg.com' A
<30>May 31 11:31:40 isc.bind.test.com named[5208]: client 194.11.53.37#50791: updating zone 'noram.panorg.com/IN': adding an RR at 'DMMLT080.noram.panorg.com' A
<30>May 31 11:31:40 isc.bind.test.com named[5208]: client 194.11.53.37#50791: updating zone 'noram.panorg.com/IN': deleting rrset at 'DMMLT080.noram.panorg.com' A
<30>May 31 11:31:40 isc.bind.test.com named[895]: client 194.11.53.37#33767: updating zone '129.10.in-addr.arpa/IN': deleting rrset at '148.31.129.10.in-addr.arpa' PTR
<30>May 31 11:31:40 isc.bind.test.com named[895]: client 194.11.53.37#33767: updating zone '129.10.in-addr.arpa/IN': adding an RR at '148.31.129.10.in-addr.arpa' PTR
<30>May 31 11:31:39 isc.bind.test.com named[23281]: client 194.11.53.165#55607: updating zone 'asia.panorg.com/IN': deleting rrset at 'SEP44E4D945E5BE.asia.panorg.com' A
<30>May 31 11:31:39 isc.bind.test.com named[23281]: client 194.11.53.165#55607: updating zone 'asia.panorg.com/IN': adding an RR at 'SEP44E4D945E5BE.asia.panorg.com' A
<30>May 31 11:31:39 isc.bind.test.com named[23281]: client 194.11.53.165#55607: updating zone '66.10.in-addr.arpa/IN': adding an RR at '201.42.66.10.in-addr.arpa' PTR
<30>May 31 11:31:39 isc.bind.test.com named[23281]: client 194.11.53.165#55607: updating zone '66.10.in-addr.arpa/IN': deleting rrset at '201.42.66.10.in-addr.arpa' PTR
<30>May 31 11:31:41 isc.bind.test.com named[5208]: client 194.11.53.37#48943: updating zone 'noram.panorg.com/IN': deleting rrset at 'HPD8D3859D01E8.noram.panorg.com' A
<30>May 31 11:31:41 isc.bind.test.com named[5208]: client 194.11.53.37#48943: updating zone 'noram.panorg.com/IN': adding an RR at 'HPD8D3859D01E8.noram.panorg.com' A
<30>May 31 11:31:41 isc.bind.test.com named[5208]: client 194.11.53.37#48943: updating zone '242.168.157.in-addr.arpa/IN': deleting rrset at '79.242.168.157.in-addr.arpa' PTR
<30>May 31 11:31:41 isc.bind.test.com named[5208]: client 194.11.53.37#48943: updating zone '242.168.157.in-addr.arpa/IN': adding an RR at '79.242.168.157.in-addr.arpa' PTR
<30>May 31 11:31:41 isc.bind.test.com named[895]: client 194.11.53.101#46649: updating zone 'europe.panorg.com/IN': deleting rrset at 'madhs010.europe.panorg.com' A
<30>May 31 11:31:41 isc.bind.test.com named[895]: client 194.11.53.101#46649: updating zone 'europe.panorg.com/IN': adding an RR at 'madhs010.europe.panorg.com' A
<30>May 31 11:31:41 isc.bind.test.com named[895]: client 194.11.53.101#46649: updating zone '1.13.10.in-addr.arpa/IN': deleting rrset at '197.1.13.10.in-addr.arpa' PTR
<30>May 31 11:31:41 isc.bind.test.com named[895]: client 194.11.53.101#46649: updating zone '1.13.10.in-addr.arpa/IN': adding an RR at '197.1.13.10.in-addr.arpa' PTR
<30>May 31 11:31:42 isc.bind.test.com named[20237]: client 157.168.169.21#53739: updating zone 'ameca.panorg.com/IN': deleting rrset at 'alapc010.ameca.panorg.com' A
<30>May 31 11:31:42 isc.bind.test.com named[20237]: client 157.168.169.21#53739: updating zone 'ameca.panorg.com/IN': adding an RR at 'alapc010.ameca.panorg.com' A
<30>May 31 11:31:42 isc.bind.test.com named[896]: client 157.168.81.15#4643: updating zone 'europe.panorg.com/IN': deleting rrset at 'CDGPD330.europe.panorg.com' A
<30>May 31 11:31:42 isc.bind.test.com named[896]: client 157.168.169.21#57666: updating zone '169.168.157.in-addr.arpa/IN': adding an RR at '85.169.168.157.in-addr.arpa' PTR
<30>May 31 11:31:42 isc.bind.test.com named[896]: client 157.168.81.15#4653: updating zone 'europe.panorg.com/IN': adding an RR at 'CDGPD330.europe.panorg.com' A
<30>May 31 11:31:42 isc.bind.test.com named[896]: client 157.168.81.15#4653: updating zone 'europe.panorg.com/IN': Update rejected because TTL differs from existing unmodifiable entry: Use TTL 950
<30>May 31 11:31:42 isc.bind.test.com named[896]: client 157.168.81.15#4656: updating zone '81.168.157.in-addr.arpa/IN': adding an RR at '15.81.168.157.in-addr.arpa' PTR
<30>May 31 11:31:42 isc.bind.test.com named[896]: client 157.168.81.15#4656: updating zone '81.168.157.in-addr.arpa/IN': Update rejected because TTL differs from existing unmodifiable entry: Use TTL 950
<30>May 31 11:31:42 isc.bind.test.com named[5208]: client 194.11.53.133#43597: updating zone 'latam.panorg.com/IN': adding an RR at 'BUETC390.latam.panorg.com' A
<30>May 31 11:31:42 isc.bind.test.com named[5208]: client 194.11.53.133#43597: updating zone 'latam.panorg.com/IN': deleting rrset at 'BUETC390.latam.panorg.com' A
<30>May 31 11:31:42 isc.bind.test.com named[5208]: client 194.11.53.133#43597: updating zone '196.168.157.in-addr.arpa/IN': adding an RR at '97.196.168.157.in-addr.arpa' PTR
<30>May 31 11:31:42 isc.bind.test.com named[5208]: client 194.11.53.133#43597: updating zone '196.168.157.in-addr.arpa/IN': deleting rrset at '97.196.168.157.in-addr.arpa' PTR
<30>May 31 11:31:43 isc.bind.test.com named[896]: client 194.11.53.101#41937: updating zone 'europe.panorg.com/IN': deleting rrset at 'LaCie-d2.europe.panorg.com' A
<30>May 31 11:31:43 isc.bind.test.com named[896]: client 194.11.53.101#41937: updating zone 'europe.panorg.com/IN': adding an RR at 'LaCie-d2.europe.panorg.com' A
<30>May 31 11:31:43 isc.bind.test.com named[896]: client 194.11.53.101#41937: updating zone '120.168.157.in-addr.arpa/IN': deleting rrset at '136.120.168.157.in-addr.arpa' PTR
<30>May 31 11:31:43 isc.bind.test.com named[23280]: client 194.11.53.165#49044: updating zone 'asia.panorg.com/IN': deleting an RR at SEP44E4D945E5BE.asia.panorg.com A
<30>May 31 11:31:43 isc.bind.test.com named[23280]: client 194.11.53.165#49044: updating zone '66.10.in-addr.arpa/IN': deleting rrset at '201.42.66.10.in-addr.arpa' PTR
<30>May 31 11:31:43 isc.bind.test.com named[896]: client 194.11.53.101#55949: updating zone 'europe.panorg.com/IN': deleting rrset at 'hamhs001.europe.panorg.com' A
<30>May 31 11:31:43 isc.bind.test.com named[896]: client 194.11.53.101#55949: updating zone '1.13.10.in-addr.arpa/IN': deleting rrset at '87.1.13.10.in-addr.arpa' PTR
<30>May 31 11:31:43 isc.bind.test.com named[896]: client 194.11.53.101#55949: updating zone 'europe.panorg.com/IN': adding an RR at 'hamhs001.europe.panorg.com' A
<30>May 31 11:31:43 isc.bind.test.com named[896]: client 194.11.53.101#55949: updating zone '1.13.10.in-addr.arpa/IN': adding an RR at '87.1.13.10.in-addr.arpa' PTR
<30>May 31 11:31:43 isc.bind.test.com named[896]: client 194.11.53.101#50243: updating zone 'europe.panorg.com/IN': adding an RR at 'hamhs030.europe.panorg.com' A
<30>May 31 11:31:43 isc.bind.test.com named[896]: client 194.11.53.101#50243: updating zone 'europe.panorg.com/IN': deleting rrset at 'hamhs030.europe.panorg.com' A
<30>May 31 11:31:43 isc.bind.test.com named[896]: client 194.11.53.101#50243: updating zone '0.13.10.in-addr.arpa/IN': adding an RR at '233.0.13.10.in-addr.arpa' PTR
<30>May 31 11:31:43 isc.bind.test.com named[896]: client 194.11.53.101#50243: updating zone '0.13.10.in-addr.arpa/IN': deleting rrset at '233.0.13.10.in-addr.arpa' PTR
<30>May 31 11:31:44 isc.bind.test.com named[20237]: client 194.11.53.10#50551: updating zone 'corp.panorg.com/IN': deleting an RR at PLZLT002.corp.panorg.com A
<30>May 31 11:31:44 isc.bind.test.com named[20237]: client 194.11.53.10#50551: updating zone '52.11.194.in-addr.arpa/IN': deleting rrset at '212.52.11.194.in-addr.arpa' PTR
<30>May 31 11:31:44 isc.bind.test.com named[20237]: client 157.168.94.50#50650: updating zone 'corp.panorg.com/IN': deleting rrset at 'CH12K710.corp.panorg.com' AAAA
<30>May 31 11:31:44 isc.bind.test.com named[20237]: client 157.168.94.50#50650: updating zone 'corp.panorg.com/IN': deleting rrset at 'CH12K710.corp.panorg.com' A
<30>May 31 11:31:44 isc.bind.test.com named[20238]: client 157.168.56.8#62064: updating zone 'ameca.panorg.com/IN': deleting rrset at 'svxpc600.ameca.panorg.com' A
<30>May 31 11:31:44 isc.bind.test.com named[20238]: client 157.168.56.8#62064: updating zone 'ameca.panorg.com/IN': adding an RR at 'svxpc600.ameca.panorg.com' A
<30>May 31 11:31:44 isc.bind.test.com named[895]: client 157.168.56.8#53625: updating zone '172.168.157.in-addr.arpa/IN': adding an RR at '134.172.168.157.in-addr.arpa' PTR
<30>May 31 11:31:45 isc.bind.test.com named[23281]: client 194.11.53.165#37684: updating zone 'asia.panorg.com/IN': deleting rrset at 'SEPE84040A3AA43.asia.panorg.com' A
<30>May 31 11:31:45 isc.bind.test.com named[20238]: client 157.168.169.21#55502: updating zone 'ameca.panorg.com/IN': deleting rrset at 'ALATC001-04F5CB.ameca.panorg.com' A
<30>May 31 11:31:45 isc.bind.test.com named[5208]: client 194.11.53.37#51128: updating zone 'noram.panorg.com/IN': deleting rrset at 'chipc036.noram.panorg.com' A
<30>May 31 11:31:45 isc.bind.test.com named[5208]: client 194.11.53.37#51128: updating zone 'noram.panorg.com/IN': adding an RR at 'chipc036.noram.panorg.com' A
<30>May 31 11:31:45 isc.bind.test.com named[5208]: client 194.11.53.37#51128: updating zone '231.168.157.in-addr.arpa/IN': deleting rrset at '229.231.168.157.in-addr.arpa' PTR
<30>May 31 11:31:45 isc.bind.test.com named[5208]: client 194.11.53.37#51128: updating zone '231.168.157.in-addr.arpa/IN': adding an RR at '229.231.168.157.in-addr.arpa' PTR
<30>May 31 11:31:45 isc.bind.test.com named[20238]: client 157.168.169.21#55502: updating zone 'ameca.panorg.com/IN': adding an RR at 'ALATC001-04F5CB.ameca.panorg.com' A
<30>May 31 11:31:45 isc.bind.test.com named[896]: client 194.11.53.101#57037: updating zone 'europe.panorg.com/IN': deleting rrset at 'LYSTC001-04653F.europe.panorg.com' A
<30>May 31 11:31:45 isc.bind.test.com named[896]: client 194.11.53.101#57037: updating zone 'europe.panorg.com/IN': adding an RR at 'LYSTC001-04653F.europe.panorg.com' A
<30>May 31 11:31:45 isc.bind.test.com named[896]: client 194.11.53.101#57037: updating zone '12.10.in-addr.arpa/IN': deleting rrset at '194.4.12.10.in-addr.arpa' PTR
<30>May 31 11:31:45 isc.bind.test.com named[896]: client 194.11.53.101#57037: updating zone '12.10.in-addr.arpa/IN': adding an RR at '194.4.12.10.in-addr.arpa' PTR
<30>May 31 11:31:45 isc.bind.test.com named[895]: client 157.168.169.21#65227: updating zone '169.168.157.in-addr.arpa/IN': adding an RR at '51.169.168.157.in-addr.arpa' PTR
<30>May 31 11:31:45 isc.bind.test.com named[23281]: client 194.11.53.165#37684: updating zone 'asia.panorg.com/IN': adding an RR at 'SEPE84040A3AA43.asia.panorg.com' A
<30>May 31 11:31:45 isc.bind.test.com named[23281]: client 194.11.53.165#37684: updating zone '66.10.in-addr.arpa/IN': deleting rrset at '204.42.66.10.in-addr.arpa' PTR
<30>May 31 11:31:45 isc.bind.test.com named[23281]: client 194.11.53.165#37684: updating zone '66.10.in-addr.arpa/IN': adding an RR at '204.42.66.10.in-addr.arpa' PTR
<30>May 31 11:31:46 isc.bind.test.com named[895]: client 157.168.105.197#32807: updating zone 'europe.panorg.com/IN': deleting rrset at 'duspd150.europe.panorg.com' A
<30>May 31 11:31:46 isc.bind.test.com named[896]: client 157.168.1.19#58506: updating zone 'europe.panorg.com/IN': deleting rrset at 'vie2k090.europe.panorg.com' A
<30>May 31 11:31:47 isc.bind.test.com named[895]: client 194.11.53.101#33798: updating zone 'europe.panorg.com/IN': deleting rrset at 'LYSTC001-046744.europe.panorg.com' A
<30>May 31 11:31:47 isc.bind.test.com named[895]: client 194.11.53.101#33798: updating zone 'europe.panorg.com/IN': adding an RR at 'LYSTC001-046744.europe.panorg.com' A
<30>May 31 11:31:47 isc.bind.test.com named[895]: client 194.11.53.101#33798: updating zone '12.10.in-addr.arpa/IN': deleting rrset at '206.4.12.10.in-addr.arpa' PTR
<30>May 31 11:31:47 isc.bind.test.com named[895]: client 194.11.53.101#33798: updating zone '12.10.in-addr.arpa/IN': adding an RR at '206.4.12.10.in-addr.arpa' PTR
<30>May 31 11:31:46 isc.bind.test.com named[23280]: client 10.78.2.9#63688: updating zone 'asia.panorg.com/IN': deleting rrset at 'SGN3K601.asia.panorg.com' A
<30>May 31 11:31:47 isc.bind.test.com named[23280]: client 194.11.53.165#44955: updating zone 'asia.panorg.com/IN': deleting rrset at 'SEP44E4D945E5BE.asia.panorg.com' A
<30>May 31 11:31:47 isc.bind.test.com named[23280]: client 194.11.53.165#44955: updating zone 'asia.panorg.com/IN': adding an RR at 'SEP44E4D945E5BE.asia.panorg.com' A
<30>May 31 11:31:47 isc.bind.test.com named[23280]: client 194.11.53.165#44955: updating zone '66.10.in-addr.arpa/IN': deleting rrset at '201.42.66.10.in-addr.arpa' PTR
<30>May 31 11:31:47 isc.bind.test.com named[23280]: client 194.11.53.165#44955: updating zone '66.10.in-addr.arpa/IN': adding an RR at '201.42.66.10.in-addr.arpa' PTR
<30>May 31 11:31:47 isc.bind.test.com named[896]: client 157.168.105.254#56638: updating zone 'europe.panorg.com/IN': deleting rrset at 'duslt000.europe.panorg.com' AAAA
<30>May 31 11:31:47 isc.bind.test.com named[896]: client 157.168.105.254#56638: updating zone 'europe.panorg.com/IN': deleting rrset at 'duslt000.europe.panorg.com' A
<30>May 31 11:31:47 isc.bind.test.com named[896]: client 157.168.105.254#56638: updating zone 'europe.panorg.com/IN': deleting rrset at 'duslt000.europe.panorg.com' AAAA
<30>May 31 11:31:47 isc.bind.test.com named[896]: client 157.168.105.254#56638: updating zone 'europe.panorg.com/IN': deleting rrset at 'duslt000.europe.panorg.com' A
<30>May 31 11:31:47 isc.bind.test.com named[895]: client 157.168.105.254#56638: updating zone 'europe.panorg.com/IN': deleting rrset at 'duslt000.europe.panorg.com' AAAA
<30>May 31 11:31:47 isc.bind.test.com named[895]: client 157.168.105.254#56638: updating zone 'europe.panorg.com/IN': deleting rrset at 'duslt000.europe.panorg.com' A
<30>May 31 11:31:47 isc.bind.test.com named[896]: client 157.168.103.185#64203: updating zone 'europe.panorg.com/IN': deleting rrset at 'de12k002.europe.panorg.com' A
<30>May 31 11:31:47 isc.bind.test.com named[23280]: client 194.11.53.165#40753: updating zone 'asia.panorg.com/IN': deleting an RR at SEPE84040A3B3F4.asia.panorg.com A
<30>May 31 11:31:47 isc.bind.test.com named[23280]: client 194.11.53.165#40753: updating zone '66.10.in-addr.arpa/IN': deleting rrset at '205.42.66.10.in-addr.arpa' PTR
<30>May 31 11:31:48 isc.bind.test.com named[895]: client 157.168.105.254#62692: updating zone 'europe.panorg.com/IN': deleting rrset at 'duslt000.europe.panorg.com' AAAA
<30>May 31 11:31:48 isc.bind.test.com named[895]: client 157.168.105.254#62692: updating zone 'europe.panorg.com/IN': deleting rrset at 'duslt000.europe.panorg.com' A
<30>May 31 11:31:48 isc.bind.test.com named[896]: client 157.168.105.254#62692: updating zone 'europe.panorg.com/IN': deleting rrset at 'duslt000.europe.panorg.com' AAAA
<30>May 31 11:31:48 isc.bind.test.com named[896]: client 157.168.105.254#62692: updating zone 'europe.panorg.com/IN': deleting rrset at 'duslt000.europe.panorg.com' A
<30>May 31 11:31:48 isc.bind.test.com named[895]: client 157.168.105.254#62692: updating zone 'europe.panorg.com/IN': deleting rrset at 'duslt000.europe.panorg.com' AAAA
<30>May 31 11:31:48 isc.bind.test.com named[895]: client 157.168.105.254#62692: updating zone 'europe.panorg.com/IN': deleting rrset at 'duslt000.europe.panorg.com' A
<30>May 31 11:31:49 isc.bind.test.com named[895]: client 157.168.3.158#32955: updating zone 'europe.panorg.com/IN': deleting rrset at 'VIEPD020.europe.panorg.com' A
<30>May 31 11:31:49 isc.bind.test.com named[5209]: client 194.11.53.37#34841: updating zone 'noram.panorg.com/IN': deleting rrset at 'NYCPC017.noram.panorg.com' A
<30>May 31 11:31:49 isc.bind.test.com named[5209]: client 194.11.53.37#34841: updating zone 'noram.panorg.com/IN': adding an RR at 'NYCPC017.noram.panorg.com' A
<30>May 31 11:31:49 isc.bind.test.com named[5209]: client 194.11.53.37#34841: updating zone '233.168.157.in-addr.arpa/IN': deleting rrset at '158.233.168.157.in-addr.arpa' PTR
<30>May 31 11:31:49 isc.bind.test.com named[5209]: client 194.11.53.37#34841: updating zone '233.168.157.in-addr.arpa/IN': adding an RR at '158.233.168.157.in-addr.arpa' PTR
<30>May 31 11:31:50 isc.bind.test.com named[896]: client 194.11.53.69#49548: updating zone '156.168.157.in-addr.arpa/IN': deleting rrset at '142.156.168.157.in-addr.arpa' PTR
<30>May 31 11:31:50 isc.bind.test.com named[896]: client 194.11.53.69#49548: updating zone '156.168.157.in-addr.arpa/IN': adding an RR at '142.156.168.157.in-addr.arpa' PTR
<30>May 31 11:31:49 isc.bind.test.com named[23280]: client 194.11.53.69#59734: updating zone 'asia.panorg.com/IN': deleting rrset at 'HP001E0B39D1C3.asia.panorg.com' A
<30>May 31 11:31:49 isc.bind.test.com named[23280]: client 194.11.53.69#59734: updating zone 'asia.panorg.com/IN': adding an RR at 'HP001E0B39D1C3.asia.panorg.com' A
<30>May 31 11:31:51 isc.bind.test.com named[5209]: client 194.11.53.37#54988: updating zone 'noram.panorg.com/IN': deleting rrset at 'HP00226428CCF7.noram.panorg.com' A
<30>May 31 11:31:51 isc.bind.test.com named[5209]: client 194.11.53.37#54988: updating zone 'noram.panorg.com/IN': adding an RR at 'HP00226428CCF7.noram.panorg.com' A
<30>May 31 11:31:51 isc.bind.test.com named[5209]: client 194.11.53.37#54988: updating zone '231.168.157.in-addr.arpa/IN': deleting rrset at '89.231.168.157.in-addr.arpa' PTR
<30>May 31 11:31:51 isc.bind.test.com named[5209]: client 194.11.53.37#54988: updating zone '231.168.157.in-addr.arpa/IN': adding an RR at '89.231.168.157.in-addr.arpa' PTR
<30>May 31 11:31:51 isc.bind.test.com named[895]: client 194.11.53.101#43930: updating zone 'europe.panorg.com/IN': deleting rrset at 'SEP68BDABA57162.europe.panorg.com' A
<30>May 31 11:31:52 isc.bind.test.com named[895]: client 194.11.53.101#43930: updating zone 'europe.panorg.com/IN': adding an RR at 'SEP68BDABA57162.europe.panorg.com' A
<30>May 31 11:31:52 isc.bind.test.com named[895]: client 194.11.53.101#43930: updating zone '13.10.in-addr.arpa/IN': deleting rrset at '205.47.13.10.in-addr.arpa' PTR
<30>May 31 11:31:52 isc.bind.test.com named[895]: client 194.11.53.101#43930: updating zone '13.10.in-addr.arpa/IN': adding an RR at '205.47.13.10.in-addr.arpa' PTR
<30>May 31 11:31:51 isc.bind.test.com named[23280]: client 194.11.53.165#36050: updating zone '66.10.in-addr.arpa/IN': deleting rrset at '201.42.66.10.in-addr.arpa' PTR
<30>May 31 11:31:51 isc.bind.test.com named[23280]: client 194.11.53.165#36050: updating zone 'asia.panorg.com/IN': deleting an RR at SEP44E4D945E5BE.asia.panorg.com A
<30>May 31 11:31:51 isc.bind.test.com named[23281]: client 194.11.53.165#53493: updating zone 'asia.panorg.com/IN': deleting rrset at 'SEPE84040A3B3F4.asia.panorg.com' A
<30>May 31 11:31:51 isc.bind.test.com named[23281]: client 194.11.53.165#53493: updating zone 'asia.panorg.com/IN': adding an RR at 'SEPE84040A3B3F4.asia.panorg.com' A
<30>May 31 11:31:51 isc.bind.test.com named[23281]: client 194.11.53.165#53493: updating zone '66.10.in-addr.arpa/IN': adding an RR at '205.42.66.10.in-addr.arpa' PTR
<30>May 31 11:31:51 isc.bind.test.com named[23281]: client 194.11.53.165#53493: updating zone '66.10.in-addr.arpa/IN': deleting rrset at '205.42.66.10.in-addr.arpa' PTR
<30>May 31 11:31:51 isc.bind.test.com named[23280]: client 10.64.0.13#4148: updating zone 'asia.panorg.com/IN': update failed: not authoritative for update zone (NOTAUTH)
<30>May 31 11:31:52 isc.bind.test.com named[896]: client 194.11.53.101#40501: updating zone 'europe.panorg.com/IN': deleting rrset at 'BUH-CITY-Pr02.europe.panorg.com' A
<30>May 31 11:31:52 isc.bind.test.com named[896]: client 194.11.53.101#40501: updating zone 'europe.panorg.com/IN': adding an RR at 'BUH-CITY-Pr02.europe.panorg.com' A
<30>May 31 11:31:52 isc.bind.test.com named[20237]: client 194.11.53.101#44286: updating zone '5.168.157.in-addr.arpa/IN': deleting rrset at '28.5.168.157.in-addr.arpa' PTR
<30>May 31 11:31:53 isc.bind.test.com named[20237]: client 194.11.53.10#47212: updating zone 'corp.panorg.com/IN': deleting an RR at TWKK01.corp.panorg.com A
<30>May 31 11:31:53 isc.bind.test.com named[20237]: client 194.11.53.10#47212: updating zone '52.11.194.in-addr.arpa/IN': deleting rrset at '133.52.11.194.in-addr.arpa' PTR
<30>May 31 11:31:53 isc.bind.test.com named[20237]: client 194.11.48.6#65124: updating zone 'corp.panorg.com/IN': deleting rrset at 'CH13K500.corp.panorg.com' A
<30>May 31 11:31:53 isc.bind.test.com named[20237]: client 194.11.48.6#65124: updating zone 'corp.panorg.com/IN': deleting rrset at 'CH13K500.corp.panorg.com' AAAA
<30>May 31 11:31:53 isc.bind.test.com named[5208]: client 157.168.176.114#58913: updating zone 'noram.panorg.com/IN': deleting rrset at 'us12k017.noram.panorg.com' AAAA
<30>May 31 11:31:53 isc.bind.test.com named[5208]: client 157.168.176.114#58913: updating zone 'noram.panorg.com/IN': deleting rrset at 'us12k017.noram.panorg.com' A
<30>May 31 11:31:53 isc.bind.test.com named[896]: client 157.168.176.114#50386: updating zone '176.168.157.in-addr.arpa/IN': deleting rrset at '114.176.168.157.in-addr.arpa' PTR
<30>May 31 11:31:53 isc.bind.test.com named[895]: client 157.168.176.114#52103: updating zone '176.168.157.in-addr.arpa/IN': deleting rrset at '114.176.168.157.in-addr.arpa' PTR
<30>May 31 11:31:53 isc.bind.test.com named[5209]: client 157.168.176.114#57245: updating zone 'noram.panorg.com/IN': deleting rrset at 'us12k017.noram.panorg.com' A
<30>May 31 11:31:53 isc.bind.test.com named[5209]: client 157.168.176.114#57245: updating zone 'noram.panorg.com/IN': deleting rrset at 'us12k017.noram.panorg.com' AAAA
<30>May 31 11:31:54 isc.bind.test.com named[895]: client 194.11.53.101#35519: updating zone 'europe.panorg.com/IN': deleting rrset at 'dushs250.europe.panorg.com' A
<30>May 31 11:31:54 isc.bind.test.com named[895]: client 194.11.53.101#35519: updating zone 'europe.panorg.com/IN': adding an RR at 'dushs250.europe.panorg.com' A
<30>May 31 11:31:54 isc.bind.test.com named[895]: client 194.11.53.101#35519: updating zone '1.13.10.in-addr.arpa/IN': deleting rrset at '184.1.13.10.in-addr.arpa' PTR
<30>May 31 11:31:54 isc.bind.test.com named[895]: client 194.11.53.101#35519: updating zone '1.13.10.in-addr.arpa/IN': adding an RR at '184.1.13.10.in-addr.arpa' PTR
<30>May 31 11:31:54 isc.bind.test.com named[23281]: client 194.11.53.165#44007: updating zone 'asia.panorg.com/IN': deleting rrset at 'SEP44E4D945E5BE.asia.panorg.com' A
<30>May 31 11:31:54 isc.bind.test.com named[23281]: client 194.11.53.165#44007: updating zone 'asia.panorg.com/IN': adding an RR at 'SEP44E4D945E5BE.asia.panorg.com' A
<30>May 31 11:31:54 isc.bind.test.com named[23281]: client 194.11.53.165#44007: updating zone '66.10.in-addr.arpa/IN': deleting rrset at '201.42.66.10.in-addr.arpa' PTR
<30>May 31 11:31:54 isc.bind.test.com named[23281]: client 194.11.53.165#44007: updating zone '66.10.in-addr.arpa/IN': adding an RR at '201.42.66.10.in-addr.arpa' PTR
<30>May 31 11:31:55 isc.bind.test.com named[20238]: client 157.168.169.21#55204: updating zone 'ameca.panorg.com/IN': deleting rrset at 'alalt100.ameca.panorg.com' A
<30>May 31 11:31:55 isc.bind.test.com named[20238]: client 157.168.169.21#55204: updating zone 'ameca.panorg.com/IN': adding an RR at 'alalt100.ameca.panorg.com' A
<30>May 31 11:31:55 isc.bind.test.com named[895]: client 194.11.53.101#55801: updating zone 'europe.panorg.com/IN': deleting rrset at 'MILTC001-0606FC.europe.panorg.com' A
<30>May 31 11:31:55 isc.bind.test.com named[895]: client 194.11.53.101#55801: updating zone 'europe.panorg.com/IN': adding an RR at 'MILTC001-0606FC.europe.panorg.com' A
<30>May 31 11:31:55 isc.bind.test.com named[895]: client 194.11.53.101#55801: updating zone '17.168.157.in-addr.arpa/IN': deleting rrset at '8.17.168.157.in-addr.arpa' PTR
<30>May 31 11:31:55 isc.bind.test.com named[895]: client 194.11.53.101#55801: updating zone '17.168.157.in-addr.arpa/IN': adding an RR at '8.17.168.157.in-addr.arpa' PTR
<30>May 31 11:31:55 isc.bind.test.com named[896]: client 157.168.169.21#59138: updating zone '169.168.157.in-addr.arpa/IN': adding an RR at '69.169.168.157.in-addr.arpa' PTR
<30>May 31 11:31:56 isc.bind.test.com named[896]: client 194.11.53.101#50667: updating zone 'europe.panorg.com/IN': deleting rrset at 'amspc300.europe.panorg.com' A
<30>May 31 11:31:56 isc.bind.test.com named[896]: client 194.11.53.101#50667: updating zone 'europe.panorg.com/IN': adding an RR at 'amspc300.europe.panorg.com' A
<30>May 31 11:31:56 isc.bind.test.com named[896]: client 194.11.53.101#50667: updating zone '73.168.157.in-addr.arpa/IN': deleting rrset at '245.73.168.157.in-addr.arpa' PTR
<30>May 31 11:31:56 isc.bind.test.com named[896]: client 194.11.53.101#50667: updating zone '73.168.157.in-addr.arpa/IN': adding an RR at '245.73.168.157.in-addr.arpa' PTR
<30>May 31 11:31:56 isc.bind.test.com named[23281]: client 157.168.138.175#61412: updating zone 'asia.panorg.com/IN': deleting rrset at 'CN13K661.asia.panorg.com' A
<30>May 31 11:31:56 isc.bind.test.com named[23281]: client 157.168.138.175#61412: updating zone 'asia.panorg.com/IN': deleting rrset at 'CN13K661.asia.panorg.com' AAAA
<30>May 31 11:31:56 isc.bind.test.com named[23280]: client 157.168.138.175#61412: updating zone 'asia.panorg.com/IN': deleting rrset at 'CN13K661.asia.panorg.com' AAAA
<30>May 31 11:31:56 isc.bind.test.com named[23281]: client 157.168.138.175#61412: updating zone 'asia.panorg.com/IN': deleting rrset at 'CN13K661.asia.panorg.com' AAAA
<30>May 31 11:31:56 isc.bind.test.com named[23280]: client 157.168.138.175#61412: updating zone 'asia.panorg.com/IN': deleting rrset at 'CN13K661.asia.panorg.com' A
<30>May 31 11:31:56 isc.bind.test.com named[23281]: client 157.168.138.175#61412: updating zone 'asia.panorg.com/IN': deleting rrset at 'CN13K661.asia.panorg.com' A
<30>May 31 11:31:57 isc.bind.test.com named[895]: client 194.11.53.101#42526: updating zone 'europe.panorg.com/IN': deleting rrset at 'FRATC001-0546F6.europe.panorg.com' A
<30>May 31 11:31:57 isc.bind.test.com named[895]: client 194.11.53.101#42526: updating zone 'europe.panorg.com/IN': adding an RR at 'FRATC001-0546F6.europe.panorg.com' A
<30>May 31 11:31:57 isc.bind.test.com named[895]: client 194.11.53.101#42526: updating zone '28.168.157.in-addr.arpa/IN': deleting rrset at '179.28.168.157.in-addr.arpa' PTR
<30>May 31 11:31:57 isc.bind.test.com named[895]: client 194.11.53.101#42526: updating zone '28.168.157.in-addr.arpa/IN': adding an RR at '179.28.168.157.in-addr.arpa' PTR
<30>May 31 11:31:57 isc.bind.test.com named[896]: client 194.11.53.37#46479: updating zone '129.10.in-addr.arpa/IN': deleting rrset at '34.29.129.10.in-addr.arpa' PTR
<30>May 31 11:31:57 isc.bind.test.com named[896]: client 194.11.53.37#46479: updating zone '129.10.in-addr.arpa/IN': adding an RR at '34.29.129.10.in-addr.arpa' PTR
<30>May 31 11:31:58 isc.bind.test.com named[895]: client 194.11.53.69#34397: updating zone '148.168.157.in-addr.arpa/IN': deleting rrset at '233.148.168.157.in-addr.arpa' PTR
<30>May 31 11:31:58 isc.bind.test.com named[895]: client 194.11.53.69#34397: updating zone '148.168.157.in-addr.arpa/IN': adding an RR at '233.148.168.157.in-addr.arpa' PTR
<30>May 31 11:31:57 isc.bind.test.com named[5209]: client 194.11.53.37#58678: updating zone 'noram.panorg.com/IN': deleting rrset at 'akxpc020.noram.panorg.com' A
<30>May 31 11:31:57 isc.bind.test.com named[5209]: client 194.11.53.37#58678: updating zone 'noram.panorg.com/IN': adding an RR at 'akxpc020.noram.panorg.com' A
<30>May 31 11:31:57 isc.bind.test.com named[23280]: client 194.11.53.165#59461: updating zone '66.10.in-addr.arpa/IN': deleting rrset at '201.42.66.10.in-addr.arpa' PTR
<30>May 31 11:31:57 isc.bind.test.com named[23280]: client 194.11.53.165#59461: updating zone 'asia.panorg.com/IN': deleting an RR at SEP44E4D945E5BE.asia.panorg.com A
<30>May 31 11:31:57 isc.bind.test.com named[23280]: client 194.11.53.69#41079: updating zone 'asia.panorg.com/IN': deleting rrset at 'sydtc046.asia.panorg.com' A
<30>May 31 11:31:57 isc.bind.test.com named[23280]: client 194.11.53.69#41079: updating zone 'asia.panorg.com/IN': adding an RR at 'sydtc046.asia.panorg.com' A
<30>May 31 11:31:59 isc.bind.test.com named[5209]: client 194.11.53.37#38285: updating zone 'noram.panorg.com/IN': deleting rrset at 'HP0025B3D58E4C.noram.panorg.com' A
<30>May 31 11:31:59 isc.bind.test.com named[5209]: client 194.11.53.37#38285: updating zone 'noram.panorg.com/IN': adding an RR at 'HP0025B3D58E4C.noram.panorg.com' A
<30>May 31 11:31:59 isc.bind.test.com named[5209]: client 194.11.53.37#38285: updating zone '251.168.157.in-addr.arpa/IN': deleting rrset at '58.251.168.157.in-addr.arpa' PTR
<30>May 31 11:31:59 isc.bind.test.com named[5209]: client 194.11.53.37#38285: updating zone '251.168.157.in-addr.arpa/IN': adding an RR at '58.251.168.157.in-addr.arpa' PTR
<30>May 31 11:31:59 isc.bind.test.com named[23280]: client 194.11.53.165#36250: updating zone 'asia.panorg.com/IN': deleting an RR at SEPE84040A3B3F4.asia.panorg.com A
<30>May 31 11:31:59 isc.bind.test.com named[23280]: client 194.11.53.165#36250: updating zone '66.10.in-addr.arpa/IN': deleting rrset at '205.42.66.10.in-addr.arpa' PTR
<30>May 31 11:31:59 isc.bind.test.com named[896]: client 194.11.53.101#45988: updating zone 'europe.panorg.com/IN': deleting rrset at 'TLBHS028.europe.panorg.com' A
<30>May 31 11:31:59 isc.bind.test.com named[23281]: client 10.64.1.21#32786: updating zone 'asia.panorg.com/IN': update failed: not authoritative for update zone (NOTAUTH)
<30>May 31 11:32:00 isc.bind.test.com named[23281]: client 10.64.1.21#32786: updating zone '64.10.in-addr.arpa/IN': adding an RR at '21.1.64.10.in-addr.arpa' PTR
<30>May 31 11:32:00 isc.bind.test.com named[20238]: client 157.168.49.46#54570: updating zone 'ameca.panorg.com/IN': deleting rrset at 'POG3K019.ameca.panorg.com' A
<30>May 31 11:32:00 isc.bind.test.com named[20238]: client 157.168.49.46#54570: updating zone 'ameca.panorg.com/IN': deleting rrset at 'POG3K019.ameca.panorg.com' AAAA
<30>May 31 11:32:01 isc.bind.test.com named[895]: client 194.11.53.101#52052: updating zone 'europe.panorg.com/IN': deleting rrset at 'FRATC001-052D86.europe.panorg.com' A
<30>May 31 11:32:01 isc.bind.test.com named[895]: client 194.11.53.101#52052: updating zone 'europe.panorg.com/IN': adding an RR at 'FRATC001-052D86.europe.panorg.com' A
<30>May 31 11:32:01 isc.bind.test.com named[895]: client 194.11.53.101#52052: updating zone '28.168.157.in-addr.arpa/IN': deleting rrset at '169.28.168.157.in-addr.arpa' PTR
<30>May 31 11:32:01 isc.bind.test.com named[895]: client 194.11.53.101#52052: updating zone '28.168.157.in-addr.arpa/IN': adding an RR at '169.28.168.157.in-addr.arpa' PTR
<30>May 31 11:32:01 isc.bind.test.com named[20237]: client 157.168.49.46#54570: updating zone 'ameca.panorg.com/IN': deleting rrset at 'POG3K019.ameca.panorg.com' AAAA
<30>May 31 11:32:01 isc.bind.test.com named[20237]: client 157.168.49.46#54570: updating zone 'ameca.panorg.com/IN': deleting rrset at 'POG3K019.ameca.panorg.com' A
<30>May 31 11:32:01 isc.bind.test.com named[895]: client 157.168.103.210#55637: updating zone 'europe.panorg.com/IN': deleting rrset at 'DE22K022.europe.panorg.com' AAAA
<30>May 31 11:32:01 isc.bind.test.com named[895]: client 157.168.103.210#55637: updating zone 'europe.panorg.com/IN': deleting rrset at 'DE22K022.europe.panorg.com' A
<30>May 31 11:32:02 isc.bind.test.com named[20238]: client 157.168.49.46#54570: updating zone 'ameca.panorg.com/IN': deleting rrset at 'POG3K019.ameca.panorg.com' AAAA
<30>May 31 11:32:02 isc.bind.test.com named[20238]: client 157.168.49.46#54570: updating zone 'ameca.panorg.com/IN': deleting rrset at 'POG3K019.ameca.panorg.com' A
<30>May 31 11:32:01 isc.bind.test.com named[23280]: client 194.11.53.165#51454: updating zone 'asia.panorg.com/IN': adding an RR at 'SEP44E4D945E5BE.asia.panorg.com' A
<30>May 31 11:32:01 isc.bind.test.com named[23280]: client 194.11.53.165#51454: updating zone 'asia.panorg.com/IN': deleting rrset at 'SEP44E4D945E5BE.asia.panorg.com' A
<30>May 31 11:32:01 isc.bind.test.com named[23280]: client 194.11.53.165#51454: updating zone '66.10.in-addr.arpa/IN': deleting rrset at '201.42.66.10.in-addr.arpa' PTR
<30>May 31 11:32:01 isc.bind.test.com named[23280]: client 194.11.53.165#51454: updating zone '66.10.in-addr.arpa/IN': adding an RR at '201.42.66.10.in-addr.arpa' PTR
<30>May 31 11:32:02 isc.bind.test.com named[895]: client 157.168.120.73#63638: updating zone '120.168.157.in-addr.arpa/IN': deleting rrset at '73.120.168.157.in-addr.arpa' PTR
<30>May 31 11:32:03 isc.bind.test.com named[5208]: client 194.11.53.37#48524: updating zone 'noram.panorg.com/IN': adding an RR at 'HP0022642818F0.noram.panorg.com' A
<30>May 31 11:32:03 isc.bind.test.com named[5208]: client 194.11.53.37#48524: updating zone 'noram.panorg.com/IN': deleting rrset at 'HP0022642818F0.noram.panorg.com' A
<30>May 31 11:32:03 isc.bind.test.com named[5208]: client 194.11.53.37#48524: updating zone '242.168.157.in-addr.arpa/IN': deleting rrset at '21.242.168.157.in-addr.arpa' PTR
<30>May 31 11:32:03 isc.bind.test.com named[5208]: client 194.11.53.37#48524: updating zone '242.168.157.in-addr.arpa/IN': adding an RR at '21.242.168.157.in-addr.arpa' PTR
<30>May 31 11:32:03 isc.bind.test.com named[5209]: client 194.11.53.37#56123: updating zone 'noram.panorg.com/IN': deleting rrset at 'HP00226428CCF5.noram.panorg.com' A
<30>May 31 11:32:03 isc.bind.test.com named[5209]: client 194.11.53.37#56123: updating zone 'noram.panorg.com/IN': adding an RR at 'HP00226428CCF5.noram.panorg.com' A
<30>May 31 11:32:03 isc.bind.test.com named[5209]: client 194.11.53.37#56123: updating zone '231.168.157.in-addr.arpa/IN': deleting rrset at '148.231.168.157.in-addr.arpa' PTR
<30>May 31 11:32:03 isc.bind.test.com named[23281]: client 194.11.53.165#40237: updating zone 'asia.panorg.com/IN': deleting rrset at 'SEPE84040A3B3F4.asia.panorg.com' A
<30>May 31 11:32:03 isc.bind.test.com named[5209]: client 194.11.53.37#56123: updating zone '231.168.157.in-addr.arpa/IN': adding an RR at '148.231.168.157.in-addr.arpa' PTR
<30>May 31 11:32:03 isc.bind.test.com named[23281]: client 194.11.53.165#40237: updating zone 'asia.panorg.com/IN': adding an RR at 'SEPE84040A3B3F4.asia.panorg.com' A
<30>May 31 11:32:03 isc.bind.test.com named[23281]: client 194.11.53.165#40237: updating zone '66.10.in-addr.arpa/IN': deleting rrset at '205.42.66.10.in-addr.arpa' PTR
<30>May 31 11:32:03 isc.bind.test.com named[23281]: client 194.11.53.165#40237: updating zone '66.10.in-addr.arpa/IN': adding an RR at '205.42.66.10.in-addr.arpa' PTR
<30>May 31 11:32:03 isc.bind.test.com named[895]: client 10.23.19.10#32769: updating zone 'europe.panorg.com/IN': deleting rrset at 'wropd020.europe.panorg.com' A
<30>May 31 11:32:04 isc.bind.test.com named[896]: client 194.11.53.101#36900: updating zone 'europe.panorg.com/IN': deleting rrset at 'CEETC002-6C9487.europe.panorg.com' A
<30>May 31 11:32:04 isc.bind.test.com named[896]: client 194.11.53.101#36900: updating zone 'europe.panorg.com/IN': adding an RR at 'CEETC002-6C9487.europe.panorg.com' A
<30>May 31 11:32:04 isc.bind.test.com named[896]: client 194.11.53.101#36900: updating zone '43.168.157.in-addr.arpa/IN': deleting rrset at '30.43.168.157.in-addr.arpa' PTR
<30>May 31 11:32:04 isc.bind.test.com named[896]: client 194.11.53.101#36900: updating zone '43.168.157.in-addr.arpa/IN': adding an RR at '30.43.168.157.in-addr.arpa' PTR
<30>May 31 11:32:05 isc.bind.test.com named[23281]: client 194.11.53.165#38942: updating zone 'asia.panorg.com/IN': deleting an RR at SEP44E4D945E5BE.asia.panorg.com A
<30>May 31 11:32:05 isc.bind.test.com named[23281]: client 194.11.53.165#38942: updating zone '66.10.in-addr.arpa/IN': deleting rrset at '201.42.66.10.in-addr.arpa' PTR
<30>May 31 11:32:05 isc.bind.test.com named[895]: client 194.11.53.165#43043: updating zone '137.168.157.in-addr.arpa/IN': deleting rrset at '175.137.168.157.in-addr.arpa' PTR
<30>May 31 11:32:05 isc.bind.test.com named[20237]: client 157.168.48.33#57841: updating zone 'ameca.panorg.com/IN': adding an RR at 'LOBLT000.ameca.panorg.com' A
<30>May 31 11:32:05 isc.bind.test.com named[20237]: client 157.168.48.33#57841: updating zone 'ameca.panorg.com/IN': deleting rrset at 'LOBLT000.ameca.panorg.com' A
<30>May 31 11:32:05 isc.bind.test.com named[896]: client 194.11.53.101#59544: updating zone 'europe.panorg.com/IN': deleting rrset at 'hamhs009.europe.panorg.com' A
<30>May 31 11:32:05 isc.bind.test.com named[896]: client 194.11.53.101#59544: updating zone 'europe.panorg.com/IN': adding an RR at 'hamhs009.europe.panorg.com' A
<30>May 31 11:32:05 isc.bind.test.com named[896]: client 194.11.53.101#59544: updating zone '0.13.10.in-addr.arpa/IN': deleting rrset at '218.0.13.10.in-addr.arpa' PTR
<30>May 31 11:32:05 isc.bind.test.com named[896]: client 194.11.53.101#59544: updating zone '0.13.10.in-addr.arpa/IN': adding an RR at '218.0.13.10.in-addr.arpa' PTR
<30>May 31 11:32:05 isc.bind.test.com named[23280]: client 194.11.53.165#54924: updating zone 'asia.panorg.com/IN': deleting rrset at 'hkgps1d0.asia.panorg.com' A
<30>May 31 11:32:05 isc.bind.test.com named[23280]: client 194.11.53.165#54924: updating zone 'asia.panorg.com/IN': attempt to add non-CNAME alongside CNAME ignored
<30>May 31 11:32:06 isc.bind.test.com named[20237]: client 157.168.48.33#50527: updating zone '8.10.in-addr.arpa/IN': adding an RR at '51.5.8.10.in-addr.arpa' PTR
<30>May 31 11:32:06 isc.bind.test.com named[20238]: client 194.11.53.10#51531: updating zone 'corp.panorg.com/IN': deleting rrset at 'MADLT700.corp.panorg.com' A
<30>May 31 11:32:06 isc.bind.test.com named[20238]: client 194.11.53.10#51531: updating zone 'corp.panorg.com/IN': adding an RR at 'MADLT700.corp.panorg.com' A
<30>May 31 11:32:06 isc.bind.test.com named[20238]: client 194.11.53.10#51531: updating zone '52.11.194.in-addr.arpa/IN': adding an RR at '88.52.11.194.in-addr.arpa' PTR
<30>May 31 11:32:06 isc.bind.test.com named[20238]: client 194.11.53.10#51531: updating zone '52.11.194.in-addr.arpa/IN': deleting rrset at '88.52.11.194.in-addr.arpa' PTR
<30>May 31 11:32:08 isc.bind.test.com named[23280]: client 157.168.138.116#49937: updating zone 'asia.panorg.com/IN': deleting rrset at 'hkgdcpc030.asia.panorg.com' A
<30>May 31 11:32:08 isc.bind.test.com named[23280]: client 157.168.138.116#49937: updating zone 'asia.panorg.com/IN': deleting rrset at 'hkgdcpc030.asia.panorg.com' AAAA
<30>May 31 11:32:08 isc.bind.test.com named[23280]: client 157.168.138.116#49937: updating zone 'asia.panorg.com/IN': adding an RR at 'hkgdcpc030.asia.panorg.com' A
<30>May 31 11:32:08 isc.bind.test.com named[23281]: client 157.168.138.116#49937: updating zone 'asia.panorg.com/IN': deleting rrset at 'hkgdcpc030.asia.panorg.com' A
<30>May 31 11:32:08 isc.bind.test.com named[23281]: client 157.168.138.116#49937: updating zone 'asia.panorg.com/IN': deleting rrset at 'hkgdcpc030.asia.panorg.com' AAAA
<30>May 31 11:32:08 isc.bind.test.com named[23281]: client 157.168.138.116#49937: updating zone 'asia.panorg.com/IN': adding an RR at 'hkgdcpc030.asia.panorg.com' A
<30>May 31 11:32:08 isc.bind.test.com named[23280]: client 157.168.138.116#49937: updating zone 'asia.panorg.com/IN': deleting rrset at 'hkgdcpc030.asia.panorg.com' AAAA
<30>May 31 11:32:08 isc.bind.test.com named[23280]: client 157.168.138.116#49937: updating zone 'asia.panorg.com/IN': deleting rrset at 'hkgdcpc030.asia.panorg.com' A
<30>May 31 11:32:08 isc.bind.test.com named[23280]: client 157.168.138.116#49937: updating zone 'asia.panorg.com/IN': adding an RR at 'hkgdcpc030.asia.panorg.com' A
<30>May 31 11:32:09 isc.bind.test.com named[23280]: client 194.11.53.165#34198: updating zone 'asia.panorg.com/IN': deleting rrset at 'TSNPD020.asia.panorg.com' A
<30>May 31 11:32:09 isc.bind.test.com named[23281]: client 194.11.53.165#51631: updating zone 'asia.panorg.com/IN': deleting rrset at 'SEP44E4D945E5BE.asia.panorg.com' A
<30>May 31 11:32:09 isc.bind.test.com named[23281]: client 194.11.53.165#51631: updating zone '66.10.in-addr.arpa/IN': deleting rrset at '201.42.66.10.in-addr.arpa' PTR
<30>May 31 11:32:09 isc.bind.test.com named[23281]: client 194.11.53.165#51631: updating zone 'asia.panorg.com/IN': adding an RR at 'SEP44E4D945E5BE.asia.panorg.com' A
<30>May 31 11:32:09 isc.bind.test.com named[23281]: client 194.11.53.165#51631: updating zone '66.10.in-addr.arpa/IN': adding an RR at '201.42.66.10.in-addr.arpa' PTR
<30>May 31 11:32:09 isc.bind.test.com named[896]: client 157.168.1.207#32796: updating zone 'europe.panorg.com/IN': deleting rrset at 'VIEPD010.europe.panorg.com' A
<30>May 31 11:32:10 isc.bind.test.com named[23281]: client 194.11.53.165#46567: updating zone 'asia.panorg.com/IN': deleting an RR at SEPE84040A3B3F4.asia.panorg.com A
<30>May 31 11:32:10 isc.bind.test.com named[23281]: client 194.11.53.165#46567: updating zone '66.10.in-addr.arpa/IN': deleting rrset at '205.42.66.10.in-addr.arpa' PTR
<30>May 31 11:32:11 isc.bind.test.com named[5209]: client 194.11.53.133#43262: updating zone 'latam.panorg.com/IN': deleting rrset at 'saoap100.latam.panorg.com' A
<30>May 31 11:32:11 isc.bind.test.com named[5209]: client 194.11.53.133#43262: updating zone 'latam.panorg.com/IN': adding an RR at 'saoap100.latam.panorg.com' A
<30>May 31 11:32:11 isc.bind.test.com named[5209]: client 194.11.53.133#43262: updating zone '200.168.157.in-addr.arpa/IN': deleting rrset at '102.200.168.157.in-addr.arpa' PTR
<30>May 31 11:32:11 isc.bind.test.com named[5209]: client 194.11.53.133#43262: updating zone '200.168.157.in-addr.arpa/IN': adding an RR at '102.200.168.157.in-addr.arpa' PTR
<30>May 31 11:32:11 isc.bind.test.com named[5208]: client 194.11.53.133#38646: updating zone 'latam.panorg.com/IN': deleting rrset at 'BUETC282.latam.panorg.com' A
<30>May 31 11:32:11 isc.bind.test.com named[5208]: client 194.11.53.133#38646: updating zone 'latam.panorg.com/IN': adding an RR at 'BUETC282.latam.panorg.com' A
<30>May 31 11:32:11 isc.bind.test.com named[5208]: client 194.11.53.133#38646: updating zone '196.168.157.in-addr.arpa/IN': deleting rrset at '116.196.168.157.in-addr.arpa' PTR
<30>May 31 11:32:11 isc.bind.test.com named[23281]: client 194.11.53.165#32836: updating zone 'asia.panorg.com/IN': deleting rrset at 'SEPE84040A32D4F.asia.panorg.com' A
<30>May 31 11:32:11 isc.bind.test.com named[23281]: client 194.11.53.165#32836: updating zone 'asia.panorg.com/IN': adding an RR at 'SEPE84040A32D4F.asia.panorg.com' A
<30>May 31 11:32:11 isc.bind.test.com named[5208]: client 194.11.53.133#38646: updating zone '196.168.157.in-addr.arpa/IN': adding an RR at '116.196.168.157.in-addr.arpa' PTR
<30>May 31 11:32:11 isc.bind.test.com named[23281]: client 194.11.53.165#32836: updating zone '66.10.in-addr.arpa/IN': deleting rrset at '200.42.66.10.in-addr.arpa' PTR
<30>May 31 11:32:11 isc.bind.test.com named[23281]: client 194.11.53.165#32836: updating zone '66.10.in-addr.arpa/IN': adding an RR at '200.42.66.10.in-addr.arpa' PTR
<30>May 31 11:32:12 isc.bind.test.com named[895]: client 157.168.81.15#4666: updating zone 'europe.panorg.com/IN': deleting rrset at 'CDGPD330.europe.panorg.com' A
<30>May 31 11:32:12 isc.bind.test.com named[896]: client 194.11.53.37#47186: updating zone '129.10.in-addr.arpa/IN': deleting rrset at '34.30.129.10.in-addr.arpa' PTR
<30>May 31 11:32:12 isc.bind.test.com named[896]: client 194.11.53.37#47186: updating zone '129.10.in-addr.arpa/IN': adding an RR at '34.30.129.10.in-addr.arpa' PTR
<30>May 31 11:32:13 isc.bind.test.com named[20238]: client 157.168.50.11#49778: updating zone 'ameca.panorg.com/IN': deleting rrset at 'tma2k070.ameca.panorg.com' A
<30>May 31 11:32:12 isc.bind.test.com named[895]: client 157.168.1.35#63074: updating zone 'europe.panorg.com/IN': deleting rrset at 'vie2k350.europe.panorg.com' A
<30>May 31 11:32:12 isc.bind.test.com named[896]: client 157.168.81.15#4676: updating zone 'europe.panorg.com/IN': adding an RR at 'CDGPD330.europe.panorg.com' A
<30>May 31 11:32:12 isc.bind.test.com named[896]: client 157.168.81.15#4676: updating zone 'europe.panorg.com/IN': Update rejected because TTL differs from existing unmodifiable entry: Use TTL 950
<30>May 31 11:32:12 isc.bind.test.com named[5209]: client 194.11.53.37#54665: updating zone 'noram.panorg.com/IN': deleting rrset at 'YYZLT012.noram.panorg.com' A
<30>May 31 11:32:12 isc.bind.test.com named[5209]: client 194.11.53.37#54665: updating zone 'noram.panorg.com/IN': adding an RR at 'YYZLT012.noram.panorg.com' A
<30>May 31 11:32:13 isc.bind.test.com named[896]: client 157.168.81.15#4679: updating zone '81.168.157.in-addr.arpa/IN': adding an RR at '15.81.168.157.in-addr.arpa' PTR
<30>May 31 11:32:13 isc.bind.test.com named[896]: client 157.168.81.15#4679: updating zone '81.168.157.in-addr.arpa/IN': Update rejected because TTL differs from existing unmodifiable entry: Use TTL 950
<30>May 31 11:32:12 isc.bind.test.com named[23280]: client 194.11.53.165#50530: updating zone 'asia.panorg.com/IN': deleting an RR at SEP44E4D945E5BE.asia.panorg.com A
<30>May 31 11:32:12 isc.bind.test.com named[23280]: client 194.11.53.165#50530: updating zone '66.10.in-addr.arpa/IN': deleting rrset at '201.42.66.10.in-addr.arpa' PTR
<30>May 31 11:32:13 isc.bind.test.com named[20237]: client 194.11.53.10#56084: updating zone 'corp.panorg.com/IN': deleting an RR at hbm-THINK.corp.panorg.com A
<30>May 31 11:32:13 isc.bind.test.com named[20237]: client 194.11.53.10#56084: updating zone '52.11.194.in-addr.arpa/IN': deleting rrset at '58.52.11.194.in-addr.arpa' PTR
<30>May 31 11:32:13 isc.bind.test.com named[896]: client 157.168.103.213#63700: updating zone 'europe.panorg.com/IN': deleting rrset at 'DE12K023.europe.panorg.com' AAAA
<30>May 31 11:32:13 isc.bind.test.com named[896]: client 157.168.103.213#63700: updating zone 'europe.panorg.com/IN': deleting rrset at 'DE12K023.europe.panorg.com' A
<30>May 31 11:32:13 isc.bind.test.com named[23281]: client 194.11.53.69#32910: updating zone 'asia.panorg.com/IN': adding an RR at 'LCBTC001.asia.panorg.com' A
<30>May 31 11:32:13 isc.bind.test.com named[23281]: client 194.11.53.69#32910: updating zone 'asia.panorg.com/IN': deleting rrset at 'LCBTC001.asia.panorg.com' A
<30>May 31 11:32:13 isc.bind.test.com named[23281]: client 194.11.53.69#32910: updating zone '77.10.in-addr.arpa/IN': deleting rrset at '234.1.77.10.in-addr.arpa' PTR
<30>May 31 11:32:13 isc.bind.test.com named[23281]: client 194.11.53.69#32910: updating zone '77.10.in-addr.arpa/IN': adding an RR at '234.1.77.10.in-addr.arpa' PTR
