<30>May 31 11:34:38 isc.bind.test.com named[5208]: client 157.168.201.124#53486: updating zone 'latam.panorg.com/IN': deleting rrset at 'SAOBR2K602.latam.panorg.com' AAAA
<30>May 31 11:34:38 isc.bind.test.com named[5209]: client 157.168.201.124#53486: updating zone 'latam.panorg.com/IN': deleting rrset at 'SAOBR2K602.latam.panorg.com' AAAA
<30>May 31 11:34:38 isc.bind.test.com named[5209]: client 157.168.201.124#53486: updating zone 'latam.panorg.com/IN': deleting rrset at 'SAOBR2K602.latam.panorg.com' A
<30>May 31 11:34:38 isc.bind.test.com named[5209]: client 157.168.201.124#53486: updating zone 'latam.panorg.com/IN': adding an RR at 'SAOBR2K602.latam.panorg.com' A
<30>May 31 11:34:39 isc.bind.test.com named[23281]: client 157.168.157.25#62125: updating zone 'asia.panorg.com/IN': deleting rrset at 'MNL3K710.asia.panorg.com' AAAA
<30>May 31 11:34:39 isc.bind.test.com named[23281]: client 157.168.157.25#62125: updating zone 'asia.panorg.com/IN': deleting rrset at 'MNL3K710.asia.panorg.com' A
<30>May 31 11:34:39 isc.bind.test.com named[23281]: client 157.168.157.25#62125: updating zone 'asia.panorg.com/IN': deleting rrset at 'MNL3K710.asia.panorg.com' AAAA
<30>May 31 11:34:39 isc.bind.test.com named[23281]: client 157.168.157.25#62125: updating zone 'asia.panorg.com/IN': deleting rrset at 'MNL3K710.asia.panorg.com' A
<30>May 31 11:34:39 isc.bind.test.com named[23281]: client 157.168.157.25#62125: updating zone 'asia.panorg.com/IN': deleting rrset at 'MNL3K710.asia.panorg.com' AAAA
<30>May 31 11:34:39 isc.bind.test.com named[23281]: client 157.168.157.25#62125: updating zone 'asia.panorg.com/IN': deleting rrset at 'MNL3K710.asia.panorg.com' A
<30>May 31 11:34:40 isc.bind.test.com named[20238]: client 157.168.153.51#52763: updating zone 'panorg.com/IN': adding an RR at '_gc._tcp.panorg.com' SRV
<30>May 31 11:34:40 isc.bind.test.com named[20238]: client 157.168.69.11#54104: updating zone 'corp.panorg.com/IN': deleting rrset at 'CH23K510.corp.panorg.com' AAAA
<30>May 31 11:34:40 isc.bind.test.com named[20238]: client 157.168.69.11#54104: updating zone 'corp.panorg.com/IN': deleting rrset at 'CH23K510.corp.panorg.com' A
<30>May 31 11:34:40 isc.bind.test.com named[20237]: client 157.168.153.51#61994: updating zone 'panorg.com/IN': adding an RR at '_gc._tcp.SGNSite._sites.panorg.com' SRV
<30>May 31 11:34:40 isc.bind.test.com named[23280]: client 194.11.53.165#41032: updating zone 'asia.panorg.com/IN': deleting an RR at SEP44E4D945E5BE.asia.panorg.com A
<30>May 31 11:34:40 isc.bind.test.com named[23280]: client 194.11.53.165#41032: updating zone '66.10.in-addr.arpa/IN': deleting rrset at '201.42.66.10.in-addr.arpa' PTR
<30>May 31 11:34:40 isc.bind.test.com named[23281]: client 157.168.153.51#61539: updating zone 'asia.panorg.com/IN': adding an RR at '_kerberos._udp.asia.panorg.com' SRV
<30>May 31 11:34:41 isc.bind.test.com named[895]: client 157.168.1.207#32796: updating zone 'europe.panorg.com/IN': deleting rrset at 'VIEPD010.europe.panorg.com' A
<30>May 31 11:34:41 isc.bind.test.com named[895]: client 194.11.53.69#40326: updating zone '131.168.157.in-addr.arpa/IN': deleting rrset at '238.131.168.157.in-addr.arpa' PTR
<30>May 31 11:34:41 isc.bind.test.com named[895]: client 194.11.53.69#40326: updating zone '131.168.157.in-addr.arpa/IN': adding an RR at '238.131.168.157.in-addr.arpa' PTR
<30>May 31 11:34:41 isc.bind.test.com named[23281]: client 194.11.53.69#56697: updating zone 'asia.panorg.com/IN': adding an RR at 'DELPC150.asia.panorg.com' A
<30>May 31 11:34:41 isc.bind.test.com named[23281]: client 194.11.53.69#56697: updating zone 'asia.panorg.com/IN': deleting rrset at 'DELPC150.asia.panorg.com' A
<30>May 31 11:34:43 isc.bind.test.com named[5209]: client 157.168.180.143#61320: updating zone 'latam.panorg.com/IN': deleting rrset at 'SAOPC516.latam.panorg.com' AAAA
<30>May 31 11:34:43 isc.bind.test.com named[5209]: client 157.168.180.143#61320: updating zone 'latam.panorg.com/IN': deleting rrset at 'SAOPC516.latam.panorg.com' A
<30>May 31 11:34:43 isc.bind.test.com named[5209]: client 157.168.180.143#61320: updating zone 'latam.panorg.com/IN': adding an RR at 'SAOPC516.latam.panorg.com' AAAA
<30>May 31 11:34:44 isc.bind.test.com named[5209]: client 157.168.180.143#61320: updating zone 'latam.panorg.com/IN': deleting rrset at 'SAOPC516.latam.panorg.com' AAAA
<30>May 31 11:34:44 isc.bind.test.com named[5209]: client 157.168.180.143#61320: updating zone 'latam.panorg.com/IN': deleting rrset at 'SAOPC516.latam.panorg.com' A
<30>May 31 11:34:44 isc.bind.test.com named[5209]: client 157.168.180.143#61320: updating zone 'latam.panorg.com/IN': adding an RR at 'SAOPC516.latam.panorg.com' AAAA
<30>May 31 11:34:44 isc.bind.test.com named[5209]: client 157.168.180.143#61320: updating zone 'latam.panorg.com/IN': deleting rrset at 'SAOPC516.latam.panorg.com' A
<30>May 31 11:34:44 isc.bind.test.com named[5209]: client 157.168.180.143#61320: updating zone 'latam.panorg.com/IN': deleting rrset at 'SAOPC516.latam.panorg.com' AAAA
<30>May 31 11:34:44 isc.bind.test.com named[5209]: client 157.168.180.143#61320: updating zone 'latam.panorg.com/IN': adding an RR at 'SAOPC516.latam.panorg.com' AAAA
<30>May 31 11:34:44 isc.bind.test.com named[23281]: client 194.11.53.165#49182: updating zone 'asia.panorg.com/IN': adding an RR at 'SEP44E4D945E5BE.asia.panorg.com' A
<30>May 31 11:34:44 isc.bind.test.com named[23281]: client 194.11.53.165#49182: updating zone 'asia.panorg.com/IN': deleting rrset at 'SEP44E4D945E5BE.asia.panorg.com' A
<30>May 31 11:34:44 isc.bind.test.com named[23281]: client 194.11.53.165#49182: updating zone '66.10.in-addr.arpa/IN': deleting rrset at '201.42.66.10.in-addr.arpa' PTR
<30>May 31 11:34:44 isc.bind.test.com named[23281]: client 157.168.153.51#52752: updating zone 'asia.panorg.com/IN': adding an RR at '_kpasswd._tcp.asia.panorg.com' SRV
<30>May 31 11:34:44 isc.bind.test.com named[23281]: client 194.11.53.165#49182: updating zone '66.10.in-addr.arpa/IN': adding an RR at '201.42.66.10.in-addr.arpa' PTR
<30>May 31 11:34:45 isc.bind.test.com named[23280]: client 157.168.153.51#62420: updating zone 'asia.panorg.com/IN': adding an RR at '_kpasswd._udp.asia.panorg.com' SRV
<30>May 31 11:34:45 isc.bind.test.com named[20237]: client 157.168.153.51#51468: updating zone 'panorg.com/IN': adding an RR at 'ForestDnsZones.panorg.com' A
<30>May 31 11:34:45 isc.bind.test.com named[895]: client 157.168.81.15#4781: updating zone 'europe.panorg.com/IN': deleting rrset at 'CDGPD330.europe.panorg.com' A
<30>May 31 11:34:45 isc.bind.test.com named[896]: client 194.11.53.101#43200: updating zone 'europe.panorg.com/IN': deleting rrset at 'SEP00258417747E.europe.panorg.com' A
<30>May 31 11:34:45 isc.bind.test.com named[896]: client 194.11.53.101#43200: updating zone 'europe.panorg.com/IN': adding an RR at 'SEP00258417747E.europe.panorg.com' A
<30>May 31 11:34:45 isc.bind.test.com named[896]: client 194.11.53.101#43200: updating zone '28.10.in-addr.arpa/IN': deleting rrset at '243.1.28.10.in-addr.arpa' PTR
<30>May 31 11:34:45 isc.bind.test.com named[896]: client 194.11.53.101#43200: updating zone '28.10.in-addr.arpa/IN': adding an RR at '243.1.28.10.in-addr.arpa' PTR
<30>May 31 11:34:45 isc.bind.test.com named[896]: client 157.168.81.15#4791: updating zone 'europe.panorg.com/IN': adding an RR at 'CDGPD330.europe.panorg.com' A
<30>May 31 11:34:45 isc.bind.test.com named[896]: client 157.168.81.15#4791: updating zone 'europe.panorg.com/IN': Update rejected because TTL differs from existing unmodifiable entry: Use TTL 950
<30>May 31 11:34:45 isc.bind.test.com named[895]: client 157.168.81.15#4794: updating zone '81.168.157.in-addr.arpa/IN': adding an RR at '15.81.168.157.in-addr.arpa' PTR
<30>May 31 11:34:45 isc.bind.test.com named[895]: client 157.168.81.15#4794: updating zone '81.168.157.in-addr.arpa/IN': Update rejected because TTL differs from existing unmodifiable entry: Use TTL 950
<30>May 31 11:34:45 isc.bind.test.com named[895]: client 194.11.53.10#42505: updating zone '187.168.157.in-addr.arpa/IN': deleting rrset at '129.187.168.157.in-addr.arpa' PTR
<30>May 31 11:34:45 isc.bind.test.com named[895]: client 194.11.53.10#42505: updating zone '187.168.157.in-addr.arpa/IN': adding an RR at '129.187.168.157.in-addr.arpa' PTR
<30>May 31 11:34:45 isc.bind.test.com named[20238]: client 194.11.53.10#34745: updating zone 'corp.panorg.com/IN': deleting rrset at 'PACLT049.corp.panorg.com' A
<30>May 31 11:34:45 isc.bind.test.com named[20238]: client 194.11.53.10#34745: updating zone 'corp.panorg.com/IN': adding an RR at 'PACLT049.corp.panorg.com' A
<30>May 31 11:34:46 isc.bind.test.com named[23281]: client 194.11.53.165#46012: updating zone 'asia.panorg.com/IN': deleting an RR at SEPE84040A3B3F4.asia.panorg.com A
<30>May 31 11:34:46 isc.bind.test.com named[23281]: client 194.11.53.165#46012: updating zone '66.10.in-addr.arpa/IN': deleting rrset at '205.42.66.10.in-addr.arpa' PTR
<30>May 31 11:34:46 isc.bind.test.com named[23280]: client 157.168.139.40#61329: updating zone 'asia.panorg.com/IN': deleting rrset at 'cn13k630.asia.panorg.com' A
<30>May 31 11:34:46 isc.bind.test.com named[20238]: client 157.168.153.51#56811: updating zone 'panorg.com/IN': adding an RR at '_ldap._tcp.ForestDnsZones.panorg.com' SRV
<30>May 31 11:34:46 isc.bind.test.com named[5208]: client 157.168.176.61#49670: updating zone 'noram.panorg.com/IN': deleting rrset at 'nyc2k311.noram.panorg.com' A
<30>May 31 11:34:46 isc.bind.test.com named[5208]: client 194.11.53.133#59658: updating zone 'latam.panorg.com/IN': deleting rrset at 'BUETC210.latam.panorg.com' A
<30>May 31 11:34:46 isc.bind.test.com named[5208]: client 194.11.53.133#59658: updating zone 'latam.panorg.com/IN': adding an RR at 'BUETC210.latam.panorg.com' A
<30>May 31 11:34:46 isc.bind.test.com named[5208]: client 194.11.53.133#59658: updating zone '196.168.157.in-addr.arpa/IN': deleting rrset at '210.196.168.157.in-addr.arpa' PTR
<30>May 31 11:34:46 isc.bind.test.com named[5208]: client 194.11.53.133#59658: updating zone '196.168.157.in-addr.arpa/IN': adding an RR at '210.196.168.157.in-addr.arpa' PTR
<30>May 31 11:34:47 isc.bind.test.com named[896]: client 157.168.105.197#32807: updating zone 'europe.panorg.com/IN': deleting rrset at 'duspd150.europe.panorg.com' A
<30>May 31 11:34:47 isc.bind.test.com named[895]: client 194.11.53.133#40465: updating zone '181.168.157.in-addr.arpa/IN': adding an RR at '235.181.168.157.in-addr.arpa' PTR
<30>May 31 11:34:47 isc.bind.test.com named[895]: client 194.11.53.133#40465: updating zone '181.168.157.in-addr.arpa/IN': deleting rrset at '235.181.168.157.in-addr.arpa' PTR
<30>May 31 11:34:47 isc.bind.test.com named[5208]: client 194.11.53.133#47843: updating zone 'latam.panorg.com/IN': adding an RR at 'limpc107.latam.panorg.com' A
<30>May 31 11:34:47 isc.bind.test.com named[5208]: client 194.11.53.133#47843: updating zone 'latam.panorg.com/IN': deleting rrset at 'limpc107.latam.panorg.com' A
<30>May 31 11:34:48 isc.bind.test.com named[23280]: client 194.11.53.165#43194: updating zone 'asia.panorg.com/IN': deleting an RR at SEP44E4D945E5BE.asia.panorg.com A
<30>May 31 11:34:48 isc.bind.test.com named[23280]: client 194.11.53.165#43194: updating zone '66.10.in-addr.arpa/IN': deleting rrset at '201.42.66.10.in-addr.arpa' PTR
<30>May 31 11:34:48 isc.bind.test.com named[895]: client 194.11.53.101#33426: updating zone 'europe.panorg.com/IN': deleting rrset at 'GOTTC001-056299.europe.panorg.com' A
<30>May 31 11:34:48 isc.bind.test.com named[895]: client 194.11.53.101#33426: updating zone 'europe.panorg.com/IN': adding an RR at 'GOTTC001-056299.europe.panorg.com' A
<30>May 31 11:34:48 isc.bind.test.com named[895]: client 194.11.53.101#33426: updating zone '27.10.in-addr.arpa/IN': deleting rrset at '231.0.27.10.in-addr.arpa' PTR
<30>May 31 11:34:48 isc.bind.test.com named[895]: client 194.11.53.101#33426: updating zone '27.10.in-addr.arpa/IN': adding an RR at '231.0.27.10.in-addr.arpa' PTR
<30>May 31 11:34:48 isc.bind.test.com named[20238]: client 157.168.153.51#56811: updating zone 'panorg.com/IN': adding an RR at '_ldap._tcp.SGNSite._sites.ForestDnsZones.panorg.com' SRV
<30>May 31 11:34:48 isc.bind.test.com named[895]: client 194.11.53.101#51754: updating zone 'europe.panorg.com/IN': adding an RR at 'LHRLT039.europe.panorg.com' A
<30>May 31 11:34:48 isc.bind.test.com named[895]: client 194.11.53.101#51754: updating zone 'europe.panorg.com/IN': deleting rrset at 'LHRLT039.europe.panorg.com' A
<30>May 31 11:34:48 isc.bind.test.com named[895]: client 194.11.53.101#51754: updating zone '113.168.157.in-addr.arpa/IN': deleting rrset at '7.113.168.157.in-addr.arpa' PTR
<30>May 31 11:34:48 isc.bind.test.com named[895]: client 194.11.53.101#51754: updating zone '113.168.157.in-addr.arpa/IN': adding an RR at '7.113.168.157.in-addr.arpa' PTR
<30>May 31 11:34:49 isc.bind.test.com named[23281]: client 157.168.153.51#54190: updating zone 'asia.panorg.com/IN': adding an RR at 'DomainDnsZones.asia.panorg.com' A
<30>May 31 11:34:49 isc.bind.test.com named[23280]: client 157.168.153.51#51980: updating zone 'asia.panorg.com/IN': adding an RR at '_ldap._tcp.DomainDnsZones.asia.panorg.com' SRV
<30>May 31 11:34:49 isc.bind.test.com named[23280]: client 157.168.153.51#53125: updating zone 'asia.panorg.com/IN': adding an RR at '_ldap._tcp.SGNSite._sites.DomainDnsZones.asia.panorg.com' SRV
<30>May 31 11:34:49 isc.bind.test.com named[23281]: client 194.11.53.165#48553: updating zone 'asia.panorg.com/IN': deleting rrset at 'SEPE84040A3B3F4.asia.panorg.com' A
<30>May 31 11:34:49 isc.bind.test.com named[23281]: client 194.11.53.165#48553: updating zone 'asia.panorg.com/IN': adding an RR at 'SEPE84040A3B3F4.asia.panorg.com' A
<30>May 31 11:34:49 isc.bind.test.com named[23281]: client 194.11.53.165#48553: updating zone '66.10.in-addr.arpa/IN': deleting rrset at '205.42.66.10.in-addr.arpa' PTR
<30>May 31 11:34:49 isc.bind.test.com named[23281]: client 194.11.53.165#48553: updating zone '66.10.in-addr.arpa/IN': adding an RR at '205.42.66.10.in-addr.arpa' PTR
<30>May 31 11:34:50 isc.bind.test.com named[20238]: client 194.11.53.10#39792: updating zone 'corp.panorg.com/IN': deleting rrset at 'Ladpc970.corp.panorg.com' A
<30>May 31 11:34:50 isc.bind.test.com named[20238]: client 194.11.53.10#39792: updating zone 'corp.panorg.com/IN': adding an RR at 'Ladpc970.corp.panorg.com' A
<30>May 31 11:34:50 isc.bind.test.com named[20238]: client 194.11.53.10#39792: updating zone '52.11.194.in-addr.arpa/IN': deleting rrset at '247.52.11.194.in-addr.arpa' PTR
<30>May 31 11:34:50 isc.bind.test.com named[20238]: client 194.11.53.10#39792: updating zone '52.11.194.in-addr.arpa/IN': adding an RR at '247.52.11.194.in-addr.arpa' PTR
<30>May 31 11:34:49 isc.bind.test.com named[23281]: client 194.11.53.165#60548: updating zone '66.10.in-addr.arpa/IN': deleting rrset at '239.34.66.10.in-addr.arpa' PTR
<30>May 31 11:34:49 isc.bind.test.com named[23281]: client 194.11.53.165#60548: updating zone 'asia.panorg.com/IN': deleting an RR at SEP0026CBBEF955.asia.panorg.com A
<30>May 31 11:34:50 isc.bind.test.com named[896]: client 194.11.53.101#53374: updating zone 'europe.panorg.com/IN': deleting rrset at 'NUETC001-02E1C1.europe.panorg.com' A
<30>May 31 11:34:50 isc.bind.test.com named[896]: client 194.11.53.101#53374: updating zone 'europe.panorg.com/IN': adding an RR at 'NUETC001-02E1C1.europe.panorg.com' A
<30>May 31 11:34:50 isc.bind.test.com named[896]: client 194.11.53.101#53374: updating zone '25.13.10.in-addr.arpa/IN': deleting rrset at '241.25.13.10.in-addr.arpa' PTR
<30>May 31 11:34:50 isc.bind.test.com named[896]: client 194.11.53.101#53374: updating zone '25.13.10.in-addr.arpa/IN': adding an RR at '241.25.13.10.in-addr.arpa' PTR
<30>May 31 11:34:51 isc.bind.test.com named[896]: client 157.168.120.99#64540: updating zone '120.168.157.in-addr.arpa/IN': deleting rrset at '99.120.168.157.in-addr.arpa' PTR
<30>May 31 11:34:51 isc.bind.test.com named[896]: client 194.11.53.101#51642: updating zone 'europe.panorg.com/IN': deleting rrset at 'STRPC750.europe.panorg.com' A
<30>May 31 11:34:51 isc.bind.test.com named[896]: client 194.11.53.101#51642: updating zone 'europe.panorg.com/IN': adding an RR at 'STRPC750.europe.panorg.com' A
<30>May 31 11:34:51 isc.bind.test.com named[896]: client 194.11.53.101#51642: updating zone '109.168.157.in-addr.arpa/IN': deleting rrset at '145.109.168.157.in-addr.arpa' PTR
<30>May 31 11:34:51 isc.bind.test.com named[896]: client 194.11.53.101#51642: updating zone '109.168.157.in-addr.arpa/IN': adding an RR at '145.109.168.157.in-addr.arpa' PTR
<30>May 31 11:34:51 isc.bind.test.com named[895]: client 194.11.53.69#41929: updating zone '148.168.157.in-addr.arpa/IN': deleting rrset at '163.148.168.157.in-addr.arpa' PTR
<30>May 31 11:34:51 isc.bind.test.com named[895]: client 194.11.53.69#41929: updating zone '148.168.157.in-addr.arpa/IN': adding an RR at '163.148.168.157.in-addr.arpa' PTR
<30>May 31 11:34:51 isc.bind.test.com named[23280]: client 194.11.53.69#58466: updating zone 'asia.panorg.com/IN': deleting rrset at 'sydtc082.asia.panorg.com' A
<30>May 31 11:34:51 isc.bind.test.com named[23280]: client 194.11.53.69#58466: updating zone 'asia.panorg.com/IN': adding an RR at 'sydtc082.asia.panorg.com' A
<30>May 31 11:34:51 isc.bind.test.com named[23281]: client 194.11.53.165#40015: updating zone 'asia.panorg.com/IN': deleting rrset at 'SEP0026CBBEF955.asia.panorg.com' A
<30>May 31 11:34:51 isc.bind.test.com named[23281]: client 194.11.53.165#40015: updating zone 'asia.panorg.com/IN': adding an RR at 'SEP0026CBBEF955.asia.panorg.com' A
<30>May 31 11:34:51 isc.bind.test.com named[23281]: client 194.11.53.165#40015: updating zone '66.10.in-addr.arpa/IN': deleting rrset at '161.9.66.10.in-addr.arpa' PTR
<30>May 31 11:34:51 isc.bind.test.com named[23281]: client 194.11.53.165#40015: updating zone '66.10.in-addr.arpa/IN': adding an RR at '161.9.66.10.in-addr.arpa' PTR
<30>May 31 11:34:52 isc.bind.test.com named[23281]: client 194.11.53.69#50639: updating zone 'asia.panorg.com/IN': deleting rrset at 'sydtc038.asia.panorg.com' A
<30>May 31 11:34:52 isc.bind.test.com named[23281]: client 194.11.53.69#50639: updating zone 'asia.panorg.com/IN': adding an RR at 'sydtc038.asia.panorg.com' A
<30>May 31 11:34:52 isc.bind.test.com named[23281]: client 194.11.53.165#39823: updating zone 'asia.panorg.com/IN': deleting rrset at 'SEP44E4D945E5BE.asia.panorg.com' A
<30>May 31 11:34:52 isc.bind.test.com named[23281]: client 194.11.53.165#39823: updating zone 'asia.panorg.com/IN': adding an RR at 'SEP44E4D945E5BE.asia.panorg.com' A
<30>May 31 11:34:52 isc.bind.test.com named[23281]: client 194.11.53.165#39823: updating zone '66.10.in-addr.arpa/IN': deleting rrset at '201.42.66.10.in-addr.arpa' PTR
<30>May 31 11:34:52 isc.bind.test.com named[23281]: client 194.11.53.165#39823: updating zone '66.10.in-addr.arpa/IN': adding an RR at '201.42.66.10.in-addr.arpa' PTR
<30>May 31 11:34:52 isc.bind.test.com named[895]: client 194.11.53.69#42607: updating zone '148.168.157.in-addr.arpa/IN': deleting rrset at '206.148.168.157.in-addr.arpa' PTR
<30>May 31 11:34:52 isc.bind.test.com named[895]: client 194.11.53.69#42607: updating zone '148.168.157.in-addr.arpa/IN': adding an RR at '206.148.168.157.in-addr.arpa' PTR
<30>May 31 11:34:52 isc.bind.test.com named[5209]: client 194.11.53.37#34092: updating zone 'noram.panorg.com/IN': deleting rrset at 'chipc020.noram.panorg.com' A
<30>May 31 11:34:52 isc.bind.test.com named[5209]: client 194.11.53.37#34092: updating zone 'noram.panorg.com/IN': adding an RR at 'chipc020.noram.panorg.com' A
<30>May 31 11:34:52 isc.bind.test.com named[5209]: client 194.11.53.37#34092: updating zone '231.168.157.in-addr.arpa/IN': deleting rrset at '253.231.168.157.in-addr.arpa' PTR
<30>May 31 11:34:52 isc.bind.test.com named[5209]: client 194.11.53.37#34092: updating zone '231.168.157.in-addr.arpa/IN': adding an RR at '253.231.168.157.in-addr.arpa' PTR
<30>May 31 11:34:52 isc.bind.test.com named[23280]: client 194.11.53.69#59975: updating zone 'asia.panorg.com/IN': adding an RR at 'HPD8D3859D5C0F.asia.panorg.com' A
<30>May 31 11:34:52 isc.bind.test.com named[23280]: client 194.11.53.69#59975: updating zone 'asia.panorg.com/IN': deleting rrset at 'HPD8D3859D5C0F.asia.panorg.com' A
<30>May 31 11:34:52 isc.bind.test.com named[895]: client 194.11.53.69#34592: updating zone '156.168.157.in-addr.arpa/IN': deleting rrset at '184.156.168.157.in-addr.arpa' PTR
<30>May 31 11:34:52 isc.bind.test.com named[895]: client 194.11.53.69#34592: updating zone '156.168.157.in-addr.arpa/IN': adding an RR at '184.156.168.157.in-addr.arpa' PTR
<30>May 31 11:34:52 isc.bind.test.com named[23280]: client 194.11.53.69#47937: updating zone 'asia.panorg.com/IN': deleting rrset at 'HP18A905341E15.asia.panorg.com' A
<30>May 31 11:34:52 isc.bind.test.com named[895]: client 194.11.53.69#51116: updating zone '144.168.157.in-addr.arpa/IN': adding an RR at '161.144.168.157.in-addr.arpa' PTR
<30>May 31 11:34:52 isc.bind.test.com named[895]: client 194.11.53.69#51116: updating zone '144.168.157.in-addr.arpa/IN': deleting rrset at '161.144.168.157.in-addr.arpa' PTR
<30>May 31 11:34:52 isc.bind.test.com named[895]: client 194.11.53.69#33737: updating zone '148.168.157.in-addr.arpa/IN': deleting rrset at '206.148.168.157.in-addr.arpa' PTR
<30>May 31 11:34:52 isc.bind.test.com named[895]: client 194.11.53.69#33737: updating zone '148.168.157.in-addr.arpa/IN': adding an RR at '206.148.168.157.in-addr.arpa' PTR
<30>May 31 11:34:52 isc.bind.test.com named[23280]: client 194.11.53.69#47937: updating zone 'asia.panorg.com/IN': adding an RR at 'HP18A905341E15.asia.panorg.com' A
<30>May 31 11:34:52 isc.bind.test.com named[23281]: client 194.11.53.69#55807: updating zone '77.10.in-addr.arpa/IN': deleting rrset at '177.0.77.10.in-addr.arpa' PTR
<30>May 31 11:34:52 isc.bind.test.com named[23281]: client 194.11.53.69#55807: updating zone '77.10.in-addr.arpa/IN': adding an RR at '177.0.77.10.in-addr.arpa' PTR
<30>May 31 11:34:52 isc.bind.test.com named[23280]: client 194.11.53.69#48697: updating zone 'asia.panorg.com/IN': deleting rrset at 'TYOTC137.asia.panorg.com' A
<30>May 31 11:34:52 isc.bind.test.com named[23280]: client 194.11.53.69#48697: updating zone 'asia.panorg.com/IN': adding an RR at 'TYOTC137.asia.panorg.com' A
<30>May 31 11:34:52 isc.bind.test.com named[23280]: client 194.11.53.165#58642: updating zone 'asia.panorg.com/IN': deleting an RR at ZUHPC020.asia.panorg.com A
<30>May 31 11:34:52 isc.bind.test.com named[23280]: client 194.11.53.165#58642: updating zone '66.10.in-addr.arpa/IN': deleting rrset at '253.10.66.10.in-addr.arpa' PTR
<30>May 31 11:34:52 isc.bind.test.com named[23281]: client 194.11.53.69#41054: updating zone 'asia.panorg.com/IN': deleting rrset at 'sydtc038.asia.panorg.com' A
<30>May 31 11:34:52 isc.bind.test.com named[23281]: client 194.11.53.69#41054: updating zone 'asia.panorg.com/IN': adding an RR at 'sydtc038.asia.panorg.com' A
<30>May 31 11:34:54 isc.bind.test.com named[896]: client 194.11.53.69#53659: updating zone '156.168.157.in-addr.arpa/IN': adding an RR at '202.156.168.157.in-addr.arpa' PTR
<30>May 31 11:34:54 isc.bind.test.com named[896]: client 194.11.53.69#53659: updating zone '156.168.157.in-addr.arpa/IN': deleting rrset at '202.156.168.157.in-addr.arpa' PTR
<30>May 31 11:34:54 isc.bind.test.com named[895]: client 194.11.53.101#57854: updating zone 'europe.panorg.com/IN': adding an RR at 'hamhs002.europe.panorg.com' A
<30>May 31 11:34:54 isc.bind.test.com named[895]: client 194.11.53.101#57854: updating zone 'europe.panorg.com/IN': deleting rrset at 'hamhs002.europe.panorg.com' A
<30>May 31 11:34:54 isc.bind.test.com named[895]: client 194.11.53.101#57854: updating zone '0.13.10.in-addr.arpa/IN': deleting rrset at '114.0.13.10.in-addr.arpa' PTR
<30>May 31 11:34:54 isc.bind.test.com named[895]: client 194.11.53.101#57854: updating zone '0.13.10.in-addr.arpa/IN': adding an RR at '114.0.13.10.in-addr.arpa' PTR
<30>May 31 11:34:54 isc.bind.test.com named[23281]: client 10.64.0.13#4196: updating zone 'asia.panorg.com/IN': update failed: not authoritative for update zone (NOTAUTH)
<30>May 31 11:34:54 isc.bind.test.com named[23280]: client 194.11.53.69#58096: updating zone 'asia.panorg.com/IN': deleting rrset at 'HPD8D3859D0420.asia.panorg.com' A
<30>May 31 11:34:54 isc.bind.test.com named[23280]: client 194.11.53.69#58096: updating zone 'asia.panorg.com/IN': adding an RR at 'HPD8D3859D0420.asia.panorg.com' A
<30>May 31 11:34:55 isc.bind.test.com named[23281]: client 194.11.53.165#52471: updating zone 'asia.panorg.com/IN': deleting an RR at SEP44E4D945E5BE.asia.panorg.com A
<30>May 31 11:34:55 isc.bind.test.com named[23281]: client 194.11.53.165#52471: updating zone '66.10.in-addr.arpa/IN': deleting rrset at '201.42.66.10.in-addr.arpa' PTR
<30>May 31 11:34:55 isc.bind.test.com named[895]: client 157.168.3.158#32956: updating zone 'europe.panorg.com/IN': deleting rrset at 'VIEPD020.europe.panorg.com' A
<30>May 31 11:34:55 isc.bind.test.com named[896]: client 194.11.53.69#55340: updating zone '156.168.157.in-addr.arpa/IN': deleting rrset at '195.156.168.157.in-addr.arpa' PTR
<30>May 31 11:34:55 isc.bind.test.com named[896]: client 194.11.53.69#55340: updating zone '156.168.157.in-addr.arpa/IN': adding an RR at '195.156.168.157.in-addr.arpa' PTR
<30>May 31 11:34:55 isc.bind.test.com named[23281]: client 194.11.53.69#37789: updating zone 'asia.panorg.com/IN': deleting rrset at 'HPD485646E201E.asia.panorg.com' A
<30>May 31 11:34:55 isc.bind.test.com named[23281]: client 194.11.53.69#37789: updating zone 'asia.panorg.com/IN': adding an RR at 'HPD485646E201E.asia.panorg.com' A
<30>May 31 11:34:56 isc.bind.test.com named[896]: client 194.11.53.101#40350: updating zone 'europe.panorg.com/IN': deleting rrset at 'strpce50.europe.panorg.com' A
<30>May 31 11:34:56 isc.bind.test.com named[896]: client 194.11.53.101#40350: updating zone 'europe.panorg.com/IN': adding an RR at 'strpce50.europe.panorg.com' A
<30>May 31 11:34:56 isc.bind.test.com named[896]: client 194.11.53.101#40350: updating zone '109.168.157.in-addr.arpa/IN': deleting rrset at '216.109.168.157.in-addr.arpa' PTR
<30>May 31 11:34:56 isc.bind.test.com named[896]: client 194.11.53.101#40350: updating zone '109.168.157.in-addr.arpa/IN': adding an RR at '216.109.168.157.in-addr.arpa' PTR
<30>May 31 11:34:56 isc.bind.test.com named[23281]: client 157.168.48.33#59990: updating zone 'asia.panorg.com/IN': adding an RR at 'SELLT207.asia.panorg.com' A
<30>May 31 11:34:56 isc.bind.test.com named[23281]: client 157.168.48.33#59990: updating zone 'asia.panorg.com/IN': deleting rrset at 'SELLT207.asia.panorg.com' A
<30>May 31 11:34:57 isc.bind.test.com named[20237]: client 157.168.48.33#57261: updating zone '8.10.in-addr.arpa/IN': adding an RR at '63.4.8.10.in-addr.arpa' PTR
<30>May 31 11:34:57 isc.bind.test.com named[20238]: client 157.168.56.8#62358: updating zone 'ameca.panorg.com/IN': deleting rrset at 'MOWTC001-054BC4.ameca.panorg.com' A
<30>May 31 11:34:57 isc.bind.test.com named[20238]: client 157.168.56.8#62358: updating zone 'ameca.panorg.com/IN': adding an RR at 'MOWTC001-054BC4.ameca.panorg.com' A
<30>May 31 11:34:57 isc.bind.test.com named[20238]: client 157.168.56.8#64815: updating zone '24.10.in-addr.arpa/IN': adding an RR at '240.2.24.10.in-addr.arpa' PTR
<30>May 31 11:34:57 isc.bind.test.com named[23280]: client 194.11.53.165#51453: updating zone 'asia.panorg.com/IN': deleting an RR at SEPE84040A3B3F4.asia.panorg.com A
<30>May 31 11:34:57 isc.bind.test.com named[23280]: client 194.11.53.165#51453: updating zone '66.10.in-addr.arpa/IN': deleting rrset at '205.42.66.10.in-addr.arpa' PTR
<30>May 31 11:34:58 isc.bind.test.com named[23281]: client 194.11.53.69#36488: updating zone 'asia.panorg.com/IN': adding an RR at 'HP78E7D1B3738E.asia.panorg.com' A
<30>May 31 11:34:58 isc.bind.test.com named[23281]: client 194.11.53.69#36488: updating zone 'asia.panorg.com/IN': deleting rrset at 'HP78E7D1B3738E.asia.panorg.com' A
<30>May 31 11:34:58 isc.bind.test.com named[896]: client 194.11.53.69#49021: updating zone '156.168.157.in-addr.arpa/IN': deleting rrset at '188.156.168.157.in-addr.arpa' PTR
<30>May 31 11:34:58 isc.bind.test.com named[896]: client 194.11.53.69#49021: updating zone '156.168.157.in-addr.arpa/IN': adding an RR at '188.156.168.157.in-addr.arpa' PTR
<30>May 31 11:34:58 isc.bind.test.com named[23281]: client 157.168.48.33#59443: updating zone 'asia.panorg.com/IN': deleting rrset at 'SELLT207.asia.panorg.com' A
<30>May 31 11:34:58 isc.bind.test.com named[23281]: client 157.168.48.33#59443: updating zone 'asia.panorg.com/IN': adding an RR at 'SELLT207.asia.panorg.com' A
<30>May 31 11:34:59 isc.bind.test.com named[20238]: client 157.168.48.33#65121: updating zone '8.10.in-addr.arpa/IN': adding an RR at '63.4.8.10.in-addr.arpa' PTR
<30>May 31 11:34:59 isc.bind.test.com named[23281]: client 194.11.53.165#49840: updating zone 'asia.panorg.com/IN': deleting rrset at 'SEP44E4D945E5BE.asia.panorg.com' A
<30>May 31 11:34:59 isc.bind.test.com named[23281]: client 194.11.53.165#49840: updating zone '66.10.in-addr.arpa/IN': deleting rrset at '201.42.66.10.in-addr.arpa' PTR
<30>May 31 11:34:59 isc.bind.test.com named[23281]: client 194.11.53.165#49840: updating zone 'asia.panorg.com/IN': adding an RR at 'SEP44E4D945E5BE.asia.panorg.com' A
<30>May 31 11:34:59 isc.bind.test.com named[23281]: client 194.11.53.165#49840: updating zone '66.10.in-addr.arpa/IN': adding an RR at '201.42.66.10.in-addr.arpa' PTR
<30>May 31 11:35:00 isc.bind.test.com named[895]: client 194.11.53.101#47273: updating zone 'europe.panorg.com/IN': deleting rrset at 'hamhs030.europe.panorg.com' A
<30>May 31 11:35:00 isc.bind.test.com named[895]: client 194.11.53.101#47273: updating zone 'europe.panorg.com/IN': adding an RR at 'hamhs030.europe.panorg.com' A
<30>May 31 11:35:00 isc.bind.test.com named[895]: client 194.11.53.101#47273: updating zone '0.13.10.in-addr.arpa/IN': deleting rrset at '233.0.13.10.in-addr.arpa' PTR
<30>May 31 11:35:00 isc.bind.test.com named[895]: client 194.11.53.101#47273: updating zone '0.13.10.in-addr.arpa/IN': adding an RR at '233.0.13.10.in-addr.arpa' PTR
<30>May 31 11:35:01 isc.bind.test.com named[896]: client 194.11.53.69#58998: updating zone '156.168.157.in-addr.arpa/IN': adding an RR at '131.156.168.157.in-addr.arpa' PTR
<30>May 31 11:35:01 isc.bind.test.com named[896]: client 194.11.53.69#58998: updating zone '156.168.157.in-addr.arpa/IN': deleting rrset at '131.156.168.157.in-addr.arpa' PTR
<30>May 31 11:35:01 isc.bind.test.com named[23280]: client 194.11.53.69#42732: updating zone 'asia.panorg.com/IN': adding an RR at 'BKKPC980.asia.panorg.com' A
<30>May 31 11:35:01 isc.bind.test.com named[23280]: client 194.11.53.69#42732: updating zone 'asia.panorg.com/IN': deleting rrset at 'BKKPC980.asia.panorg.com' A
<30>May 31 11:35:01 isc.bind.test.com named[23281]: client 194.11.53.165#51384: updating zone 'asia.panorg.com/IN': deleting rrset at 'SEPE84040A3B3F4.asia.panorg.com' A
<30>May 31 11:35:01 isc.bind.test.com named[23281]: client 194.11.53.165#51384: updating zone '66.10.in-addr.arpa/IN': deleting rrset at '205.42.66.10.in-addr.arpa' PTR
<30>May 31 11:35:01 isc.bind.test.com named[23281]: client 194.11.53.165#51384: updating zone 'asia.panorg.com/IN': adding an RR at 'SEPE84040A3B3F4.asia.panorg.com' A
<30>May 31 11:35:01 isc.bind.test.com named[23281]: client 194.11.53.165#51384: updating zone '66.10.in-addr.arpa/IN': adding an RR at '205.42.66.10.in-addr.arpa' PTR
<30>May 31 11:35:02 isc.bind.test.com named[895]: client 194.11.53.101#45760: updating zone 'europe.panorg.com/IN': adding an RR at 'hamhs008.europe.panorg.com' A
<30>May 31 11:35:02 isc.bind.test.com named[895]: client 194.11.53.101#45760: updating zone '1.13.10.in-addr.arpa/IN': adding an RR at '61.1.13.10.in-addr.arpa' PTR
<30>May 31 11:35:02 isc.bind.test.com named[895]: client 194.11.53.101#45760: updating zone '1.13.10.in-addr.arpa/IN': deleting rrset at '61.1.13.10.in-addr.arpa' PTR
<30>May 31 11:35:02 isc.bind.test.com named[895]: client 194.11.53.101#45760: updating zone 'europe.panorg.com/IN': deleting rrset at 'hamhs008.europe.panorg.com' A
<30>May 31 11:35:03 isc.bind.test.com named[895]: client 194.11.53.101#55527: updating zone 'europe.panorg.com/IN': deleting rrset at 'LNZ-AIR-Printer27.europe.panorg.com' A
<30>May 31 11:35:02 isc.bind.test.com named[23281]: client 194.11.53.165#48664: updating zone 'asia.panorg.com/IN': deleting an RR at SEP44E4D945E5BE.asia.panorg.com A
<30>May 31 11:35:02 isc.bind.test.com named[23281]: client 194.11.53.165#48664: updating zone '66.10.in-addr.arpa/IN': deleting rrset at '201.42.66.10.in-addr.arpa' PTR
<30>May 31 11:35:03 isc.bind.test.com named[895]: client 194.11.53.101#39102: updating zone 'europe.panorg.com/IN': deleting rrset at 'BSLHM000.europe.panorg.com' A
<30>May 31 11:35:03 isc.bind.test.com named[895]: client 194.11.53.101#39102: updating zone 'europe.panorg.com/IN': adding an RR at 'BSLHM000.europe.panorg.com' A
<30>May 31 11:35:03 isc.bind.test.com named[895]: client 194.11.53.101#39102: updating zone '39.168.157.in-addr.arpa/IN': deleting rrset at '122.39.168.157.in-addr.arpa' PTR
<30>May 31 11:35:03 isc.bind.test.com named[895]: client 194.11.53.101#39102: updating zone '39.168.157.in-addr.arpa/IN': adding an RR at '122.39.168.157.in-addr.arpa' PTR
<30>May 31 11:35:06 isc.bind.test.com named[23280]: client 10.64.1.21#32786: updating zone '64.10.in-addr.arpa/IN': adding an RR at '21.1.64.10.in-addr.arpa' PTR
<30>May 31 11:35:06 isc.bind.test.com named[23281]: client 194.11.53.165#60243: updating zone 'asia.panorg.com/IN': deleting rrset at 'SEP44E4D945E5BE.asia.panorg.com' A
<30>May 31 11:35:06 isc.bind.test.com named[23281]: client 194.11.53.165#60243: updating zone '66.10.in-addr.arpa/IN': deleting rrset at '201.42.66.10.in-addr.arpa' PTR
<30>May 31 11:35:06 isc.bind.test.com named[23281]: client 194.11.53.165#60243: updating zone 'asia.panorg.com/IN': adding an RR at 'SEP44E4D945E5BE.asia.panorg.com' A
<30>May 31 11:35:06 isc.bind.test.com named[23281]: client 194.11.53.165#60243: updating zone '66.10.in-addr.arpa/IN': adding an RR at '201.42.66.10.in-addr.arpa' PTR
<30>May 31 11:35:07 isc.bind.test.com named[896]: client 10.23.19.10#32769: updating zone 'europe.panorg.com/IN': deleting rrset at 'wropd020.europe.panorg.com' A
<30>May 31 11:35:08 isc.bind.test.com named[896]: client 194.11.53.101#60192: updating zone 'europe.panorg.com/IN': deleting rrset at 'STRTC001-052D96.europe.panorg.com' A
<30>May 31 11:35:08 isc.bind.test.com named[896]: client 194.11.53.101#60192: updating zone 'europe.panorg.com/IN': adding an RR at 'STRTC001-052D96.europe.panorg.com' A
<30>May 31 11:35:08 isc.bind.test.com named[896]: client 194.11.53.101#60192: updating zone '109.168.157.in-addr.arpa/IN': deleting rrset at '241.109.168.157.in-addr.arpa' PTR
<30>May 31 11:35:08 isc.bind.test.com named[896]: client 194.11.53.101#60192: updating zone '109.168.157.in-addr.arpa/IN': adding an RR at '241.109.168.157.in-addr.arpa' PTR
<30>May 31 11:35:08 isc.bind.test.com named[895]: client 194.11.53.101#60622: updating zone 'europe.panorg.com/IN': deleting rrset at 'madhs080.europe.panorg.com' A
<30>May 31 11:35:08 isc.bind.test.com named[895]: client 194.11.53.101#60622: updating zone 'europe.panorg.com/IN': adding an RR at 'madhs080.europe.panorg.com' A
<30>May 31 11:35:08 isc.bind.test.com named[895]: client 194.11.53.101#60622: updating zone '1.13.10.in-addr.arpa/IN': deleting rrset at '229.1.13.10.in-addr.arpa' PTR
<30>May 31 11:35:08 isc.bind.test.com named[895]: client 194.11.53.101#60622: updating zone '1.13.10.in-addr.arpa/IN': adding an RR at '229.1.13.10.in-addr.arpa' PTR
<30>May 31 11:35:09 isc.bind.test.com named[23281]: client 194.11.53.165#56657: updating zone 'asia.panorg.com/IN': deleting rrset at 'SEP0026CBBEF955.asia.panorg.com' A
<30>May 31 11:35:09 isc.bind.test.com named[23281]: client 194.11.53.165#56657: updating zone 'asia.panorg.com/IN': adding an RR at 'SEP0026CBBEF955.asia.panorg.com' A
<30>May 31 11:35:09 isc.bind.test.com named[23281]: client 194.11.53.165#56657: updating zone '66.10.in-addr.arpa/IN': deleting rrset at '239.34.66.10.in-addr.arpa' PTR
<30>May 31 11:35:09 isc.bind.test.com named[23281]: client 194.11.53.165#56657: updating zone '66.10.in-addr.arpa/IN': adding an RR at '239.34.66.10.in-addr.arpa' PTR
<30>May 31 11:35:09 isc.bind.test.com named[23281]: client 157.168.133.218#57532: updating zone 'asia.panorg.com/IN': deleting rrset at 'SG1JP3K540.asia.panorg.com' A
<30>May 31 11:35:09 isc.bind.test.com named[23281]: client 194.11.53.165#47501: updating zone 'asia.panorg.com/IN': deleting an RR at SEPE84040A3B3F4.asia.panorg.com A
<30>May 31 11:35:09 isc.bind.test.com named[23281]: client 194.11.53.165#47501: updating zone '66.10.in-addr.arpa/IN': deleting rrset at '205.42.66.10.in-addr.arpa' PTR
<30>May 31 11:35:09 isc.bind.test.com named[23281]: client 157.168.133.172#53979: updating zone 'asia.panorg.com/IN': deleting rrset at 'SG1CC3K520.asia.panorg.com' A
<30>May 31 11:35:10 isc.bind.test.com named[20238]: client 194.11.53.10#32838: updating zone 'corp.panorg.com/IN': adding an RR at 'PACLT002.corp.panorg.com' A
<30>May 31 11:35:10 isc.bind.test.com named[20238]: client 194.11.53.10#32838: updating zone 'corp.panorg.com/IN': deleting rrset at 'PACLT002.corp.panorg.com' A
<30>May 31 11:35:10 isc.bind.test.com named[896]: client 194.11.53.10#57282: updating zone '187.168.157.in-addr.arpa/IN': deleting rrset at '74.187.168.157.in-addr.arpa' PTR
<30>May 31 11:35:10 isc.bind.test.com named[896]: client 194.11.53.10#57282: updating zone '187.168.157.in-addr.arpa/IN': adding an RR at '74.187.168.157.in-addr.arpa' PTR
<30>May 31 11:35:10 isc.bind.test.com named[895]: client 194.11.53.101#57219: updating zone 'europe.panorg.com/IN': deleting rrset at 'STRTC001-0562C6.europe.panorg.com' A
<30>May 31 11:35:10 isc.bind.test.com named[895]: client 194.11.53.101#57219: updating zone 'europe.panorg.com/IN': adding an RR at 'STRTC001-0562C6.europe.panorg.com' A
<30>May 31 11:35:10 isc.bind.test.com named[895]: client 194.11.53.101#57219: updating zone '109.168.157.in-addr.arpa/IN': deleting rrset at '144.109.168.157.in-addr.arpa' PTR
<30>May 31 11:35:10 isc.bind.test.com named[895]: client 194.11.53.101#57219: updating zone '109.168.157.in-addr.arpa/IN': adding an RR at '144.109.168.157.in-addr.arpa' PTR
<30>May 31 11:35:11 isc.bind.test.com named[23281]: client 194.11.53.165#57465: updating zone 'asia.panorg.com/IN': deleting an RR at SEP44E4D945E5BE.asia.panorg.com A
<30>May 31 11:35:11 isc.bind.test.com named[23281]: client 194.11.53.165#57465: updating zone '66.10.in-addr.arpa/IN': deleting rrset at '201.42.66.10.in-addr.arpa' PTR
<30>May 31 11:35:11 isc.bind.test.com named[896]: client 157.168.1.207#32796: updating zone 'europe.panorg.com/IN': deleting rrset at 'VIEPD010.europe.panorg.com' A
<30>May 31 11:35:11 isc.bind.test.com named[895]: client 194.11.53.101#33197: updating zone 'europe.panorg.com/IN': deleting rrset at 'milds100.europe.panorg.com' A
<30>May 31 11:35:11 isc.bind.test.com named[896]: client 157.168.103.39#57080: updating zone 'europe.panorg.com/IN': deleting rrset at 'CCEUAT2K002.europe.panorg.com' A
<30>May 31 11:35:12 isc.bind.test.com named[20238]: client 194.11.53.10#54076: updating zone 'ameca.panorg.com/IN': deleting rrset at 'BSLLT640.ameca.panorg.com' A
<30>May 31 11:35:12 isc.bind.test.com named[20238]: client 194.11.53.10#54076: updating zone 'ameca.panorg.com/IN': adding an RR at 'BSLLT640.ameca.panorg.com' A
<30>May 31 11:35:12 isc.bind.test.com named[20238]: client 157.168.169.21#65243: updating zone 'ameca.panorg.com/IN': deleting rrset at 'ALALT080.ameca.panorg.com' A
<30>May 31 11:35:12 isc.bind.test.com named[20238]: client 157.168.169.21#65243: updating zone 'ameca.panorg.com/IN': adding an RR at 'ALALT080.ameca.panorg.com' A
<30>May 31 11:35:12 isc.bind.test.com named[895]: client 194.11.53.10#59953: updating zone '184.168.157.in-addr.arpa/IN': deleting rrset at '121.184.168.157.in-addr.arpa' PTR
<30>May 31 11:35:12 isc.bind.test.com named[895]: client 194.11.53.10#59953: updating zone '184.168.157.in-addr.arpa/IN': adding an RR at '121.184.168.157.in-addr.arpa' PTR
<30>May 31 11:35:12 isc.bind.test.com named[895]: client 157.168.169.21#60125: updating zone '169.168.157.in-addr.arpa/IN': adding an RR at '64.169.168.157.in-addr.arpa' PTR
<30>May 31 11:35:12 isc.bind.test.com named[896]: client 194.11.53.101#49577: updating zone 'europe.panorg.com/IN': deleting rrset at 'STRPC401.europe.panorg.com' A
<30>May 31 11:35:12 isc.bind.test.com named[896]: client 194.11.53.101#49577: updating zone 'europe.panorg.com/IN': adding an RR at 'STRPC401.europe.panorg.com' A
<30>May 31 11:35:12 isc.bind.test.com named[896]: client 194.11.53.101#49577: updating zone '109.168.157.in-addr.arpa/IN': adding an RR at '4.109.168.157.in-addr.arpa' PTR
<30>May 31 11:35:12 isc.bind.test.com named[896]: client 194.11.53.101#49577: updating zone '109.168.157.in-addr.arpa/IN': deleting rrset at '4.109.168.157.in-addr.arpa' PTR
<30>May 31 11:35:13 isc.bind.test.com named[895]: client 157.168.106.244#50287: updating zone 'europe.panorg.com/IN': deleting rrset at 'HAM-TK_OMNIVIST.europe.panorg.com' A
<30>May 31 11:35:13 isc.bind.test.com named[895]: client 194.11.53.101#36980: updating zone 'europe.panorg.com/IN': deleting rrset at 'TLBHS004.europe.panorg.com' A
<30>May 31 11:35:13 isc.bind.test.com named[23281]: client 194.11.53.165#32920: updating zone 'asia.panorg.com/IN': deleting rrset at 'SEPE84040A3B3F4.asia.panorg.com' A
<30>May 31 11:35:13 isc.bind.test.com named[23281]: client 194.11.53.165#32920: updating zone '66.10.in-addr.arpa/IN': adding an RR at '205.42.66.10.in-addr.arpa' PTR
<30>May 31 11:35:13 isc.bind.test.com named[23281]: client 194.11.53.165#32920: updating zone '66.10.in-addr.arpa/IN': deleting rrset at '205.42.66.10.in-addr.arpa' PTR
<30>May 31 11:35:13 isc.bind.test.com named[23281]: client 194.11.53.165#32920: updating zone 'asia.panorg.com/IN': adding an RR at 'SEPE84040A3B3F4.asia.panorg.com' A
<30>May 31 11:35:14 isc.bind.test.com named[5209]: client 194.11.53.37#35831: updating zone 'noram.panorg.com/IN': deleting rrset at 'HOUPC131.noram.panorg.com' A
<30>May 31 11:35:14 isc.bind.test.com named[5209]: client 194.11.53.37#35831: updating zone 'noram.panorg.com/IN': adding an RR at 'HOUPC131.noram.panorg.com' A
<30>May 31 11:35:14 isc.bind.test.com named[896]: client 194.11.53.37#46328: updating zone '129.10.in-addr.arpa/IN': deleting rrset at '17.30.129.10.in-addr.arpa' PTR
<30>May 31 11:35:14 isc.bind.test.com named[896]: client 194.11.53.37#46328: updating zone '129.10.in-addr.arpa/IN': adding an RR at '17.30.129.10.in-addr.arpa' PTR
<30>May 31 11:35:14 isc.bind.test.com named[23280]: client 194.11.53.165#36248: updating zone 'asia.panorg.com/IN': adding an RR at 'SEP44E4D945E5BE.asia.panorg.com' A
<30>May 31 11:35:14 isc.bind.test.com named[23280]: client 194.11.53.165#36248: updating zone 'asia.panorg.com/IN': deleting rrset at 'SEP44E4D945E5BE.asia.panorg.com' A
<30>May 31 11:35:14 isc.bind.test.com named[23280]: client 194.11.53.165#36248: updating zone '66.10.in-addr.arpa/IN': deleting rrset at '201.42.66.10.in-addr.arpa' PTR
<30>May 31 11:35:14 isc.bind.test.com named[23280]: client 194.11.53.165#36248: updating zone '66.10.in-addr.arpa/IN': adding an RR at '201.42.66.10.in-addr.arpa' PTR
<30>May 31 11:35:15 isc.bind.test.com named[895]: client 157.168.81.15#4804: updating zone 'europe.panorg.com/IN': deleting rrset at 'CDGPD330.europe.panorg.com' A
<30>May 31 11:35:16 isc.bind.test.com named[895]: client 194.11.53.69#48095: updating zone '156.168.157.in-addr.arpa/IN': deleting rrset at '150.156.168.157.in-addr.arpa' PTR
<30>May 31 11:35:16 isc.bind.test.com named[895]: client 194.11.53.69#48095: updating zone '156.168.157.in-addr.arpa/IN': adding an RR at '150.156.168.157.in-addr.arpa' PTR
<30>May 31 11:35:16 isc.bind.test.com named[896]: client 157.168.81.15#4814: updating zone 'europe.panorg.com/IN': adding an RR at 'CDGPD330.europe.panorg.com' A
<30>May 31 11:35:16 isc.bind.test.com named[896]: client 157.168.81.15#4814: updating zone 'europe.panorg.com/IN': Update rejected because TTL differs from existing unmodifiable entry: Use TTL 950
<30>May 31 11:35:15 isc.bind.test.com named[23281]: client 194.11.53.69#53373: updating zone 'asia.panorg.com/IN': adding an RR at 'HP002264286AF6.asia.panorg.com' A
<30>May 31 11:35:15 isc.bind.test.com named[23281]: client 194.11.53.69#53373: updating zone 'asia.panorg.com/IN': deleting rrset at 'HP002264286AF6.asia.panorg.com' A
<30>May 31 11:35:16 isc.bind.test.com named[895]: client 157.168.81.15#4817: updating zone '81.168.157.in-addr.arpa/IN': adding an RR at '15.81.168.157.in-addr.arpa' PTR
<30>May 31 11:35:16 isc.bind.test.com named[895]: client 157.168.81.15#4817: updating zone '81.168.157.in-addr.arpa/IN': Update rejected because TTL differs from existing unmodifiable entry: Use TTL 950
<30>May 31 11:35:16 isc.bind.test.com named[895]: client 157.168.99.53#50008: updating zone 'europe.panorg.com/IN': adding an RR at '_ldap._tcp.europe.panorg.com' SRV
<30>May 31 11:35:16 isc.bind.test.com named[895]: client 157.168.99.53#49601: updating zone 'europe.panorg.com/IN': adding an RR at '_ldap._tcp.NUESite._sites.europe.panorg.com' SRV
<30>May 31 11:35:16 isc.bind.test.com named[20238]: client 157.168.99.53#53565: updating zone 'panorg.com/IN': adding an RR at '_ldap._tcp.gc._msdcs.panorg.com' SRV
<30>May 31 11:35:16 isc.bind.test.com named[20238]: client 157.168.99.53#62393: updating zone 'panorg.com/IN': adding an RR at '_ldap._tcp.NUESite._sites.gc._msdcs.panorg.com' SRV
<30>May 31 11:35:16 isc.bind.test.com named[20237]: client 157.168.99.53#49919: updating zone 'panorg.com/IN': adding an RR at '_ldap._tcp.a8777f69-71f6-491b-abc1-1bb2bba63832.domains._msdcs.panorg.com' SRV
<30>May 31 11:35:16 isc.bind.test.com named[20238]: client 157.168.99.53#53565: updating zone 'panorg.com/IN': deleting rrset at '0639b7d2-0296-4c0e-9c6e-68f0b9cfb6b1._msdcs.panorg.com' CNAME
<30>May 31 11:35:16 isc.bind.test.com named[20238]: client 157.168.99.53#53565: updating zone 'panorg.com/IN': adding an RR at '0639b7d2-0296-4c0e-9c6e-68f0b9cfb6b1._msdcs.panorg.com' CNAME
<30>May 31 11:35:16 isc.bind.test.com named[895]: client 157.168.99.53#49957: updating zone 'europe.panorg.com/IN': adding an RR at '_kerberos._tcp.dc._msdcs.europe.panorg.com' SRV
<30>May 31 11:35:16 isc.bind.test.com named[896]: client 157.168.99.53#62495: updating zone 'europe.panorg.com/IN': adding an RR at '_kerberos._tcp.NUESite._sites.dc._msdcs.europe.panorg.com' SRV
<30>May 31 11:35:16 isc.bind.test.com named[895]: client 157.168.99.53#50927: updating zone 'europe.panorg.com/IN': adding an RR at '_ldap._tcp.dc._msdcs.europe.panorg.com' SRV
<30>May 31 11:35:16 isc.bind.test.com named[896]: client 157.168.99.53#61922: updating zone 'europe.panorg.com/IN': adding an RR at '_ldap._tcp.NUESite._sites.dc._msdcs.europe.panorg.com' SRV
<30>May 31 11:35:16 isc.bind.test.com named[896]: client 157.168.99.53#57917: updating zone 'europe.panorg.com/IN': adding an RR at '_kerberos._tcp.europe.panorg.com' SRV
<30>May 31 11:35:16 isc.bind.test.com named[895]: client 157.168.99.53#57523: updating zone 'europe.panorg.com/IN': adding an RR at '_kerberos._tcp.NUESite._sites.europe.panorg.com' SRV
<30>May 31 11:35:16 isc.bind.test.com named[20237]: client 157.168.99.53#56191: updating zone 'panorg.com/IN': adding an RR at '_gc._tcp.panorg.com' SRV
<30>May 31 11:35:16 isc.bind.test.com named[20238]: client 157.168.99.53#53565: updating zone 'panorg.com/IN': adding an RR at '_gc._tcp.NUESite._sites.panorg.com' SRV
<30>May 31 11:35:16 isc.bind.test.com named[20237]: client 157.168.99.53#49397: updating zone 'panorg.com/IN': adding an RR at '_ldap._tcp.ForestDnsZones.panorg.com' SRV
<30>May 31 11:35:16 isc.bind.test.com named[20238]: client 157.168.99.53#60394: updating zone 'panorg.com/IN': adding an RR at '_ldap._tcp.NUESite._sites.ForestDnsZones.panorg.com' SRV
<30>May 31 11:35:16 isc.bind.test.com named[20237]: client 157.168.99.53#49614: updating zone 'panorg.com/IN': adding an RR at 'gc._msdcs.panorg.com' A
<30>May 31 11:35:16 isc.bind.test.com named[896]: client 157.168.99.53#53565: updating zone 'europe.panorg.com/IN': adding an RR at '_kerberos._udp.europe.panorg.com' SRV
<30>May 31 11:35:16 isc.bind.test.com named[895]: client 157.168.99.53#61175: updating zone 'europe.panorg.com/IN': adding an RR at '_kpasswd._tcp.europe.panorg.com' SRV
<30>May 31 11:35:16 isc.bind.test.com named[895]: client 157.168.99.53#49908: updating zone 'europe.panorg.com/IN': adding an RR at '_kpasswd._udp.europe.panorg.com' SRV
<30>May 31 11:35:16 isc.bind.test.com named[896]: client 157.168.99.53#62371: updating zone 'europe.panorg.com/IN': adding an RR at '_ldap._tcp.DomainDnsZones.europe.panorg.com' SRV
<30>May 31 11:35:16 isc.bind.test.com named[896]: client 157.168.99.53#57732: updating zone 'europe.panorg.com/IN': adding an RR at '_ldap._tcp.NUESite._sites.DomainDnsZones.europe.panorg.com' SRV
<30>May 31 11:35:16 isc.bind.test.com named[896]: client 157.168.99.53#50457: updating zone 'europe.panorg.com/IN': adding an RR at 'europe.panorg.com' A
<30>May 31 11:35:16 isc.bind.test.com named[20237]: client 157.168.99.53#53565: updating zone 'panorg.com/IN': adding an RR at 'ForestDnsZones.panorg.com' A
<30>May 31 11:35:16 isc.bind.test.com named[896]: client 157.168.99.53#62249: updating zone 'europe.panorg.com/IN': adding an RR at 'DomainDnsZones.europe.panorg.com' A
<30>May 31 11:35:17 isc.bind.test.com named[895]: client 157.168.99.79#1026: updating zone 'europe.panorg.com/IN': deleting rrset at 'CCEUNLTS003.europe.panorg.com' A
<30>May 31 11:35:17 isc.bind.test.com named[896]: client 157.168.105.197#32807: updating zone 'europe.panorg.com/IN': deleting rrset at 'duspd150.europe.panorg.com' A
